Archive member included to satisfy reference by file (symbol)

c:/progra~2/gnuarm~1/102020~1/bin/../lib/gcc/arm-none-eabi/10.2.1/thumb/v6-m/nofp\libgcc.a(_dvmd_tls.o)
                              CMakeFiles/Pico_Game_Controller.dir/C_/Users/ngadj/Documents/pico-sdk/src/rp2_common/pico_divider/divider.S.obj (__aeabi_idiv0)
c:/progra~2/gnuarm~1/102020~1/bin/../lib/gcc/arm-none-eabi/10.2.1/../../../../arm-none-eabi/lib/thumb/v6-m/nofp\libg.a(lib_a-calloc.o)
                              CMakeFiles/Pico_Game_Controller.dir/C_/Users/ngadj/Documents/pico-sdk/src/rp2_common/pico_malloc/pico_malloc.c.obj (calloc)
c:/progra~2/gnuarm~1/102020~1/bin/../lib/gcc/arm-none-eabi/10.2.1/../../../../arm-none-eabi/lib/thumb/v6-m/nofp\libg.a(lib_a-callocr.o)
                              c:/progra~2/gnuarm~1/102020~1/bin/../lib/gcc/arm-none-eabi/10.2.1/../../../../arm-none-eabi/lib/thumb/v6-m/nofp\libg.a(lib_a-calloc.o) (_calloc_r)
c:/progra~2/gnuarm~1/102020~1/bin/../lib/gcc/arm-none-eabi/10.2.1/../../../../arm-none-eabi/lib/thumb/v6-m/nofp\libg.a(lib_a-ctype_.o)
                              CMakeFiles/Pico_Game_Controller.dir/C_/Users/ngadj/Documents/pico-sdk/lib/tinyusb/src/tusb.c.obj (_ctype_)
c:/progra~2/gnuarm~1/102020~1/bin/../lib/gcc/arm-none-eabi/10.2.1/../../../../arm-none-eabi/lib/thumb/v6-m/nofp\libg.a(lib_a-impure.o)
                              c:/progra~2/gnuarm~1/102020~1/bin/../lib/gcc/arm-none-eabi/10.2.1/../../../../arm-none-eabi/lib/thumb/v6-m/nofp\libg.a(lib_a-calloc.o) (_impure_ptr)
c:/progra~2/gnuarm~1/102020~1/bin/../lib/gcc/arm-none-eabi/10.2.1/../../../../arm-none-eabi/lib/thumb/v6-m/nofp\libg.a(lib_a-init.o)
                              c:/progra~2/gnuarm~1/102020~1/bin/../lib/gcc/arm-none-eabi/10.2.1/../../../../arm-none-eabi/lib/thumb/v6-m/nofp/crt0.o (__libc_init_array)
c:/progra~2/gnuarm~1/102020~1/bin/../lib/gcc/arm-none-eabi/10.2.1/../../../../arm-none-eabi/lib/thumb/v6-m/nofp\libg.a(lib_a-malloc.o)
                              CMakeFiles/Pico_Game_Controller.dir/C_/Users/ngadj/Documents/pico-sdk/src/rp2_common/pico_malloc/pico_malloc.c.obj (malloc)
c:/progra~2/gnuarm~1/102020~1/bin/../lib/gcc/arm-none-eabi/10.2.1/../../../../arm-none-eabi/lib/thumb/v6-m/nofp\libg.a(lib_a-mallocr.o)
                              c:/progra~2/gnuarm~1/102020~1/bin/../lib/gcc/arm-none-eabi/10.2.1/../../../../arm-none-eabi/lib/thumb/v6-m/nofp\libg.a(lib_a-callocr.o) (_malloc_r)
c:/progra~2/gnuarm~1/102020~1/bin/../lib/gcc/arm-none-eabi/10.2.1/../../../../arm-none-eabi/lib/thumb/v6-m/nofp\libg.a(lib_a-mlock.o)
                              c:/progra~2/gnuarm~1/102020~1/bin/../lib/gcc/arm-none-eabi/10.2.1/../../../../arm-none-eabi/lib/thumb/v6-m/nofp\libg.a(lib_a-mallocr.o) (__malloc_lock)
c:/progra~2/gnuarm~1/102020~1/bin/../lib/gcc/arm-none-eabi/10.2.1/../../../../arm-none-eabi/lib/thumb/v6-m/nofp\libg.a(lib_a-sbrkr.o)
                              c:/progra~2/gnuarm~1/102020~1/bin/../lib/gcc/arm-none-eabi/10.2.1/../../../../arm-none-eabi/lib/thumb/v6-m/nofp\libg.a(lib_a-mallocr.o) (_sbrk_r)
c:/progra~2/gnuarm~1/102020~1/bin/../lib/gcc/arm-none-eabi/10.2.1/../../../../arm-none-eabi/lib/thumb/v6-m/nofp\libg.a(lib_a-strlen-stub.o)
                              CMakeFiles/Pico_Game_Controller.dir/usb_descriptors.c.obj (strlen)
c:/progra~2/gnuarm~1/102020~1/bin/../lib/gcc/arm-none-eabi/10.2.1/../../../../arm-none-eabi/lib/thumb/v6-m/nofp\libg.a(lib_a-freer.o)
                              c:/progra~2/gnuarm~1/102020~1/bin/../lib/gcc/arm-none-eabi/10.2.1/../../../../arm-none-eabi/lib/thumb/v6-m/nofp\libg.a(lib_a-malloc.o) (_free_r)
c:/progra~2/gnuarm~1/102020~1/bin/../lib/gcc/arm-none-eabi/10.2.1/../../../../arm-none-eabi/lib/thumb/v6-m/nofp\libg.a(lib_a-lock.o)
                              c:/progra~2/gnuarm~1/102020~1/bin/../lib/gcc/arm-none-eabi/10.2.1/../../../../arm-none-eabi/lib/thumb/v6-m/nofp\libg.a(lib_a-mlock.o) (__retarget_lock_acquire_recursive)
c:/progra~2/gnuarm~1/102020~1/bin/../lib/gcc/arm-none-eabi/10.2.1/../../../../arm-none-eabi/lib/thumb/v6-m/nofp\libg.a(lib_a-reent.o)
                              c:/progra~2/gnuarm~1/102020~1/bin/../lib/gcc/arm-none-eabi/10.2.1/../../../../arm-none-eabi/lib/thumb/v6-m/nofp\libg.a(lib_a-sbrkr.o) (errno)

Discarded input sections

 .text          0x00000000        0x0 c:/progra~2/gnuarm~1/102020~1/bin/../lib/gcc/arm-none-eabi/10.2.1/thumb/v6-m/nofp/crti.o
 .data          0x00000000        0x0 c:/progra~2/gnuarm~1/102020~1/bin/../lib/gcc/arm-none-eabi/10.2.1/thumb/v6-m/nofp/crti.o
 .bss           0x00000000        0x0 c:/progra~2/gnuarm~1/102020~1/bin/../lib/gcc/arm-none-eabi/10.2.1/thumb/v6-m/nofp/crti.o
 .data          0x00000000        0x4 c:/progra~2/gnuarm~1/102020~1/bin/../lib/gcc/arm-none-eabi/10.2.1/thumb/v6-m/nofp/crtbegin.o
 .rodata        0x00000000       0x24 c:/progra~2/gnuarm~1/102020~1/bin/../lib/gcc/arm-none-eabi/10.2.1/thumb/v6-m/nofp/crtbegin.o
[...]
Memory Configuration

Name             Origin             Length             Attributes
FLASH            0x10000000         0x00200000         xr
RAM              0x20000000         0x00040000         xrw
SCRATCH_X        0x20040000         0x00001000         xrw
SCRATCH_Y        0x20041000         0x00001000         xrw
*default*        0x00000000         0xffffffff

Linker script and memory map

LOAD c:/progra~2/gnuarm~1/102020~1/bin/../lib/gcc/arm-none-eabi/10.2.1/thumb/v6-m/nofp/crti.o
LOAD c:/progra~2/gnuarm~1/102020~1/bin/../lib/gcc/arm-none-eabi/10.2.1/thumb/v6-m/nofp/crtbegin.o
LOAD c:/progra~2/gnuarm~1/102020~1/bin/../lib/gcc/arm-none-eabi/10.2.1/../../../../arm-none-eabi/lib/thumb/v6-m/nofp/crt0.o

.flash_begin    0x10000000        0x0
                0x10000000                __flash_binary_start = .

.boot2          0x10000000      0x100
                0x10000000                __boot2_start__ = .
 *(.boot2)
 .boot2         0x10000000      0x100 C:\Users\ngadj\AppData\Local\Temp\ccdcDqkk.o
                0x10000100                __boot2_end__ = .
                0x00000001                ASSERT (((__boot2_end__ - __boot2_start__) == 0x100), ERROR: Pico second stage bootloader must be 256 bytes in size)

.text           0x10000100     0x6a78
                0x10000100                __logical_binary_start = .
 *(.vectors)
 .vectors       0x10000100       0xd4 CMakeFiles/Pico_Game_Controller.dir/C_/Users/ngadj/Documents/pico-sdk/src/rp2_common/pico_standard_link/crt0.S.obj
                0x10000100                __vectors
                0x100001c0                isr_invalid
                0x100001c2                isr_nmi
                0x100001c4                isr_hardfault
                0x100001c6                isr_svcall
                0x100001c8                isr_pendsv
                0x100001ca                isr_systick
                0x100001cc                isr_irq11
                0x100001cc                isr_irq5
                0x100001cc                isr_irq23
                0x100001cc                isr_irq18
                0x100001cc                isr_irq31
                0x100001cc                isr_irq28
                0x100001cc                isr_irq19
                0x100001cc                isr_irq0
                0x100001cc                isr_irq6
                0x100001cc                isr_irq27
                0x100001cc                isr_irq12
                0x100001cc                isr_irq22
                0x100001cc                isr_irq13
                0x100001cc                isr_irq17
                0x100001cc                isr_irq14
                0x100001cc                isr_irq2
                0x100001cc                isr_irq10
                0x100001cc                isr_irq8
                0x100001cc                isr_irq24
                0x100001cc                isr_irq1
                0x100001cc                isr_irq7
                0x100001cc                isr_irq21
                0x100001cc                isr_irq20
                0x100001cc                isr_irq15
                0x100001cc                isr_irq25
                0x100001cc                __unhandled_user_irq
                0x100001cc                isr_irq4
                0x100001cc                isr_irq16
                0x100001cc                isr_irq29
                0x100001cc                isr_irq26
                0x100001cc                isr_irq3
                0x100001cc                isr_irq30
                0x100001cc                isr_irq9
                0x100001d2                unhandled_user_irq_num_in_r0
 *(.binary_info_header)
 .binary_info_header
                0x100001d4       0x14 CMakeFiles/Pico_Game_Controller.dir/C_/Users/ngadj/Documents/pico-sdk/src/rp2_common/pico_standard_link/crt0.S.obj
                0x100001e8                __binary_info_header_end = .
 *(.reset)
 .reset         0x100001e8       0xa8 CMakeFiles/Pico_Game_Controller.dir/C_/Users/ngadj/Documents/pico-sdk/src/rp2_common/pico_standard_link/crt0.S.obj
                0x100001e8                _entry_point
                0x10000266                __get_current_exception
 .reset         0x10000290       0x30 CMakeFiles/Pico_Game_Controller.dir/C_/Users/ngadj/Documents/pico-sdk/src/rp2_common/pico_standard_link/binary_info.c.obj
 *(.init)
 .init          0x100002c0        0x4 c:/progra~2/gnuarm~1/102020~1/bin/../lib/gcc/arm-none-eabi/10.2.1/thumb/v6-m/nofp/crti.o
                0x100002c0                _init
 *(EXCLUDE_FILE(*libm.a: *libc.a:*lib_a-mem*.o *libgcc.a:) .text*)
 .text          0x100002c4       0x48 c:/progra~2/gnuarm~1/102020~1/bin/../lib/gcc/arm-none-eabi/10.2.1/thumb/v6-m/nofp/crtbegin.o
 .text.dma_handler
                0x1000030c       0x40 CMakeFiles/Pico_Game_Controller.dir/pico_game_controller.c.obj
                0x1000030c                dma_handler
 .text.encoders_program_init
                0x1000034c      0x10c CMakeFiles/Pico_Game_Controller.dir/pico_game_controller.c.obj
 .text.init     0x10000458      0x1c0 CMakeFiles/Pico_Game_Controller.dir/pico_game_controller.c.obj
                0x10000458                init
 .text.update_inputs
                0x10000618       0x80 CMakeFiles/Pico_Game_Controller.dir/pico_game_controller.c.obj
                0x10000618                update_inputs
 .text.key_mode
                0x10000698      0x174 CMakeFiles/Pico_Game_Controller.dir/pico_game_controller.c.obj
                0x10000698                key_mode
 .text.main     0x1000080c       0x1c CMakeFiles/Pico_Game_Controller.dir/pico_game_controller.c.obj
                0x1000080c                main
 .text.tud_hid_get_report_cb
                0x10000828        0x4 CMakeFiles/Pico_Game_Controller.dir/pico_game_controller.c.obj
                0x10000828                tud_hid_get_report_cb
 .text.tud_hid_set_report_cb
                0x1000082c        0x2 CMakeFiles/Pico_Game_Controller.dir/pico_game_controller.c.obj
                0x1000082c                tud_hid_set_report_cb
 *fill*         0x1000082e        0x2 
 .text.tud_descriptor_device_cb
                0x10000830        0x8 CMakeFiles/Pico_Game_Controller.dir/usb_descriptors.c.obj
                0x10000830                tud_descriptor_device_cb
 .text.tud_hid_descriptor_report_cb
                0x10000838        0x8 CMakeFiles/Pico_Game_Controller.dir/usb_descriptors.c.obj
                0x10000838                tud_hid_descriptor_report_cb
 .text.tud_descriptor_configuration_cb
                0x10000840        0x8 CMakeFiles/Pico_Game_Controller.dir/usb_descriptors.c.obj
                0x10000840                tud_descriptor_configuration_cb
 .text.tud_descriptor_string_cb
                0x10000848       0x60 CMakeFiles/Pico_Game_Controller.dir/usb_descriptors.c.obj
                0x10000848                tud_descriptor_string_cb
 .text.setup_default_uart
                0x100008a8        0x8 CMakeFiles/Pico_Game_Controller.dir/C_/Users/ngadj/Documents/pico-sdk/src/rp2_common/pico_stdlib/stdlib.c.obj
                0x100008a8                setup_default_uart
 .text.gpio_set_function
                0x100008b0       0x30 CMakeFiles/Pico_Game_Controller.dir/C_/Users/ngadj/Documents/pico-sdk/src/rp2_common/hardware_gpio/gpio.c.obj
                0x100008b0                gpio_set_function
 .text.gpio_set_pulls
                0x100008e0       0x34 CMakeFiles/Pico_Game_Controller.dir/C_/Users/ngadj/Documents/pico-sdk/src/rp2_common/hardware_gpio/gpio.c.obj
                0x100008e0                gpio_set_pulls
 .text.gpio_init
                0x10000914       0x16 CMakeFiles/Pico_Game_Controller.dir/C_/Users/ngadj/Documents/pico-sdk/src/rp2_common/hardware_gpio/gpio.c.obj
                0x10000914                gpio_init
 *fill*         0x1000092a        0x2 
 .text.hw_claim_lock
                0x1000092c       0x18 CMakeFiles/Pico_Game_Controller.dir/C_/Users/ngadj/Documents/pico-sdk/src/rp2_common/hardware_claim/claim.c.obj
                0x1000092c                hw_claim_lock
 .text.hw_claim_unlock
                0x10000944       0x14 CMakeFiles/Pico_Game_Controller.dir/C_/Users/ngadj/Documents/pico-sdk/src/rp2_common/hardware_claim/claim.c.obj
                0x10000944                hw_claim_unlock
 .text.hw_claim_or_assert
                0x10000958       0x36 CMakeFiles/Pico_Game_Controller.dir/C_/Users/ngadj/Documents/pico-sdk/src/rp2_common/hardware_claim/claim.c.obj
                0x10000958                hw_claim_or_assert
 .text.hw_claim_unused_from_range
                0x1000098e       0x58 CMakeFiles/Pico_Game_Controller.dir/C_/Users/ngadj/Documents/pico-sdk/src/rp2_common/hardware_claim/claim.c.obj
                0x1000098e                hw_claim_unused_from_range
 *fill*         0x100009e6        0x2 
 .text.spin_locks_reset
                0x100009e8       0x20 CMakeFiles/Pico_Game_Controller.dir/C_/Users/ngadj/Documents/pico-sdk/src/rp2_common/hardware_sync/sync.c.obj
                0x100009e8                spin_locks_reset
 .text.next_striped_spin_lock_num
                0x10000a08       0x1c CMakeFiles/Pico_Game_Controller.dir/C_/Users/ngadj/Documents/pico-sdk/src/rp2_common/hardware_sync/sync.c.obj
                0x10000a08                next_striped_spin_lock_num
 .text.spin_lock_claim_unused
                0x10000a24       0x20 CMakeFiles/Pico_Game_Controller.dir/C_/Users/ngadj/Documents/pico-sdk/src/rp2_common/hardware_sync/sync.c.obj
                0x10000a24                spin_lock_claim_unused
 .text.running_on_fpga
                0x10000a44       0x14 CMakeFiles/Pico_Game_Controller.dir/C_/Users/ngadj/Documents/pico-sdk/src/rp2_common/pico_platform/platform.c.obj
                0x10000a44                running_on_fpga
 .text.uart_set_baudrate
                0x10000a58       0x64 CMakeFiles/Pico_Game_Controller.dir/C_/Users/ngadj/Documents/pico-sdk/src/rp2_common/hardware_uart/uart.c.obj
                0x10000a58                uart_set_baudrate
 .text.uart_set_translate_crlf
                0x10000abc       0x28 CMakeFiles/Pico_Game_Controller.dir/C_/Users/ngadj/Documents/pico-sdk/src/rp2_common/hardware_uart/uart.c.obj
                0x10000abc                uart_set_translate_crlf
 .text.uart_init
                0x10000ae4       0x80 CMakeFiles/Pico_Game_Controller.dir/C_/Users/ngadj/Documents/pico-sdk/src/rp2_common/hardware_uart/uart.c.obj
                0x10000ae4                uart_init
 .text.sev_callback
                0x10000b64        0x8 CMakeFiles/Pico_Game_Controller.dir/C_/Users/ngadj/Documents/pico-sdk/src/common/pico_time/time.c.obj
 .text.alarm_pool_post_alloc_init
                0x10000b6c       0x40 CMakeFiles/Pico_Game_Controller.dir/C_/Users/ngadj/Documents/pico-sdk/src/common/pico_time/time.c.obj
 .text.timer_pool_entry_comparator
                0x10000bac       0x7c CMakeFiles/Pico_Game_Controller.dir/C_/Users/ngadj/Documents/pico-sdk/src/common/pico_time/time.c.obj
                0x10000bac                timer_pool_entry_comparator
 .text.ph_add_child_node
                0x10000c28       0xa4 CMakeFiles/Pico_Game_Controller.dir/C_/Users/ngadj/Documents/pico-sdk/src/common/pico_time/time.c.obj
 .text.ph_merge_nodes
                0x10000ccc       0x3e CMakeFiles/Pico_Game_Controller.dir/C_/Users/ngadj/Documents/pico-sdk/src/common/pico_time/time.c.obj
 *fill*         0x10000d0a        0x2 
 .text.add_alarm_under_lock
                0x10000d0c      0x174 CMakeFiles/Pico_Game_Controller.dir/C_/Users/ngadj/Documents/pico-sdk/src/common/pico_time/time.c.obj
 .text.alarm_pool_alarm_callback
                0x10000e80      0x328 CMakeFiles/Pico_Game_Controller.dir/C_/Users/ngadj/Documents/pico-sdk/src/common/pico_time/time.c.obj
 .text.alarm_pool_init_default
                0x100011a8       0x2c CMakeFiles/Pico_Game_Controller.dir/C_/Users/ngadj/Documents/pico-sdk/src/common/pico_time/time.c.obj
                0x100011a8                alarm_pool_init_default
 .text.alarm_pool_get_default
                0x100011d4       0x2c CMakeFiles/Pico_Game_Controller.dir/C_/Users/ngadj/Documents/pico-sdk/src/common/pico_time/time.c.obj
                0x100011d4                alarm_pool_get_default
 .text.alarm_pool_add_alarm_at
                0x10001200      0x170 CMakeFiles/Pico_Game_Controller.dir/C_/Users/ngadj/Documents/pico-sdk/src/common/pico_time/time.c.obj
                0x10001200                alarm_pool_add_alarm_at
 .text.alarm_pool_cancel_alarm
                0x10001370       0xec CMakeFiles/Pico_Game_Controller.dir/C_/Users/ngadj/Documents/pico-sdk/src/common/pico_time/time.c.obj
                0x10001370                alarm_pool_cancel_alarm
 .text.best_effort_wfe_or_timeout
                0x1000145c       0x80 CMakeFiles/Pico_Game_Controller.dir/C_/Users/ngadj/Documents/pico-sdk/src/common/pico_time/time.c.obj
                0x1000145c                best_effort_wfe_or_timeout
 .text.hardware_alarm_irq_handler
                0x100014dc       0x8c CMakeFiles/Pico_Game_Controller.dir/C_/Users/ngadj/Documents/pico-sdk/src/rp2_common/hardware_timer/timer.c.obj
 .text.hardware_alarm_claim
                0x10001568       0x18 CMakeFiles/Pico_Game_Controller.dir/C_/Users/ngadj/Documents/pico-sdk/src/rp2_common/hardware_timer/timer.c.obj
                0x10001568                hardware_alarm_claim
 .text.time_us_64
                0x10001580       0x18 CMakeFiles/Pico_Game_Controller.dir/C_/Users/ngadj/Documents/pico-sdk/src/rp2_common/hardware_timer/timer.c.obj
                0x10001580                time_us_64
 .text.hardware_alarm_set_callback
                0x10001598       0x90 CMakeFiles/Pico_Game_Controller.dir/C_/Users/ngadj/Documents/pico-sdk/src/rp2_common/hardware_timer/timer.c.obj
                0x10001598                hardware_alarm_set_callback
 .text.hardware_alarm_set_target
                0x10001628       0xe8 CMakeFiles/Pico_Game_Controller.dir/C_/Users/ngadj/Documents/pico-sdk/src/rp2_common/hardware_timer/timer.c.obj
                0x10001628                hardware_alarm_set_target
 .text.hardware_alarm_cancel
                0x10001710       0x40 CMakeFiles/Pico_Game_Controller.dir/C_/Users/ngadj/Documents/pico-sdk/src/rp2_common/hardware_timer/timer.c.obj
                0x10001710                hardware_alarm_cancel
 .text.lock_init
                0x10001750       0x10 CMakeFiles/Pico_Game_Controller.dir/C_/Users/ngadj/Documents/pico-sdk/src/common/pico_sync/lock_core.c.obj
                0x10001750                lock_init
 .text.mutex_init
                0x10001760       0x1a CMakeFiles/Pico_Game_Controller.dir/C_/Users/ngadj/Documents/pico-sdk/src/common/pico_sync/mutex.c.obj
                0x10001760                mutex_init
 .text.critical_section_init_with_lock_num
                0x1000177a        0xc CMakeFiles/Pico_Game_Controller.dir/C_/Users/ngadj/Documents/pico-sdk/src/common/pico_sync/critical_section.c.obj
                0x1000177a                critical_section_init_with_lock_num
 .text.critical_section_init
                0x10001786       0x14 CMakeFiles/Pico_Game_Controller.dir/C_/Users/ngadj/Documents/pico-sdk/src/common/pico_sync/critical_section.c.obj
                0x10001786                critical_section_init
 *fill*         0x1000179a        0x2 
 .text.ph_add_child_node
                0x1000179c       0xa4 CMakeFiles/Pico_Game_Controller.dir/C_/Users/ngadj/Documents/pico-sdk/src/common/pico_util/pheap.c.obj
 .text.ph_merge_nodes
                0x10001840       0x3e CMakeFiles/Pico_Game_Controller.dir/C_/Users/ngadj/Documents/pico-sdk/src/common/pico_util/pheap.c.obj
 *fill*         0x1000187e        0x2 
 .text.ph_clear
                0x10001880       0x70 CMakeFiles/Pico_Game_Controller.dir/C_/Users/ngadj/Documents/pico-sdk/src/common/pico_util/pheap.c.obj
                0x10001880                ph_clear
 .text.ph_post_alloc_init
                0x100018f0        0xe CMakeFiles/Pico_Game_Controller.dir/C_/Users/ngadj/Documents/pico-sdk/src/common/pico_util/pheap.c.obj
                0x100018f0                ph_post_alloc_init
 *fill*         0x100018fe        0x2 
 .text.ph_merge_two_pass
                0x10001900       0xa8 CMakeFiles/Pico_Game_Controller.dir/C_/Users/ngadj/Documents/pico-sdk/src/common/pico_util/pheap.c.obj
                0x10001900                ph_merge_two_pass
 .text.ph_remove_any_head
                0x100019a8      0x108 CMakeFiles/Pico_Game_Controller.dir/C_/Users/ngadj/Documents/pico-sdk/src/common/pico_util/pheap.c.obj
 .text.ph_remove_head
                0x10001ab0       0x14 CMakeFiles/Pico_Game_Controller.dir/C_/Users/ngadj/Documents/pico-sdk/src/common/pico_util/pheap.c.obj
                0x10001ab0                ph_remove_head
 .text.ph_remove_and_free_node
                0x10001ac4       0xf8 CMakeFiles/Pico_Game_Controller.dir/C_/Users/ngadj/Documents/pico-sdk/src/common/pico_util/pheap.c.obj
                0x10001ac4                ph_remove_and_free_node
 .text.runtime_init
                0x10001bbc       0xcc CMakeFiles/Pico_Game_Controller.dir/C_/Users/ngadj/Documents/pico-sdk/src/rp2_common/pico_runtime/runtime.c.obj
                0x10001bbc                runtime_init
 .text._exit    0x10001c88        0x4 CMakeFiles/Pico_Game_Controller.dir/C_/Users/ngadj/Documents/pico-sdk/src/rp2_common/pico_runtime/runtime.c.obj
                0x10001c88                _exit
 .text.exit     0x10001c8c        0x6 CMakeFiles/Pico_Game_Controller.dir/C_/Users/ngadj/Documents/pico-sdk/src/rp2_common/pico_runtime/runtime.c.obj
                0x10001c8c                exit
 *fill*         0x10001c92        0x2 
 .text.__assert_func
                0x10001c94       0x3c CMakeFiles/Pico_Game_Controller.dir/C_/Users/ngadj/Documents/pico-sdk/src/rp2_common/pico_runtime/runtime.c.obj
                0x10001c94                __assert_func
 .text.panic    0x10001cd0       0x30 CMakeFiles/Pico_Game_Controller.dir/C_/Users/ngadj/Documents/pico-sdk/src/rp2_common/pico_runtime/runtime.c.obj
                0x10001cd0                panic
 .text.clock_configure
                0x10001d00       0xe8 CMakeFiles/Pico_Game_Controller.dir/C_/Users/ngadj/Documents/pico-sdk/src/rp2_common/hardware_clocks/clocks.c.obj
                0x10001d00                clock_configure
 .text.clocks_init
                0x10001de8      0x124 CMakeFiles/Pico_Game_Controller.dir/C_/Users/ngadj/Documents/pico-sdk/src/rp2_common/hardware_clocks/clocks.c.obj
                0x10001de8                clocks_init
 .text.clock_get_hz
                0x10001f0c        0xc CMakeFiles/Pico_Game_Controller.dir/C_/Users/ngadj/Documents/pico-sdk/src/rp2_common/hardware_clocks/clocks.c.obj
                0x10001f0c                clock_get_hz
 .text.watchdog_start_tick
                0x10001f18       0x10 CMakeFiles/Pico_Game_Controller.dir/C_/Users/ngadj/Documents/pico-sdk/src/rp2_common/hardware_watchdog/watchdog.c.obj
                0x10001f18                watchdog_start_tick
 .text.xosc_init
                0x10001f28       0x28 CMakeFiles/Pico_Game_Controller.dir/C_/Users/ngadj/Documents/pico-sdk/src/rp2_common/hardware_xosc/xosc.c.obj
                0x10001f28                xosc_init
 .text.pll_init
                0x10001f50       0xd0 CMakeFiles/Pico_Game_Controller.dir/C_/Users/ngadj/Documents/pico-sdk/src/rp2_common/hardware_pll/pll.c.obj
                0x10001f50                pll_init
 .text.set_raw_irq_handler_and_unlock
                0x10002020       0x28 CMakeFiles/Pico_Game_Controller.dir/C_/Users/ngadj/Documents/pico-sdk/src/rp2_common/hardware_irq/irq.c.obj
 .text.make_branch
                0x10002048       0x34 CMakeFiles/Pico_Game_Controller.dir/C_/Users/ngadj/Documents/pico-sdk/src/rp2_common/hardware_irq/irq.c.obj
 .text.insert_branch_and_link
                0x1000207c       0x40 CMakeFiles/Pico_Game_Controller.dir/C_/Users/ngadj/Documents/pico-sdk/src/rp2_common/hardware_irq/irq.c.obj
 .text.irq_is_enabled
                0x100020bc       0x18 CMakeFiles/Pico_Game_Controller.dir/C_/Users/ngadj/Documents/pico-sdk/src/rp2_common/hardware_irq/irq.c.obj
                0x100020bc                irq_is_enabled
 .text.irq_set_mask_enabled
                0x100020d4       0x20 CMakeFiles/Pico_Game_Controller.dir/C_/Users/ngadj/Documents/pico-sdk/src/rp2_common/hardware_irq/irq.c.obj
                0x100020d4                irq_set_mask_enabled
 .text.irq_set_enabled
                0x100020f4        0xe CMakeFiles/Pico_Game_Controller.dir/C_/Users/ngadj/Documents/pico-sdk/src/rp2_common/hardware_irq/irq.c.obj
                0x100020f4                irq_set_enabled
 *fill*         0x10002102        0x2 
 .text.irq_get_vtable_handler
                0x10002104       0x10 CMakeFiles/Pico_Game_Controller.dir/C_/Users/ngadj/Documents/pico-sdk/src/rp2_common/hardware_irq/irq.c.obj
                0x10002104                irq_get_vtable_handler
 .text.irq_set_exclusive_handler
                0x10002114       0x54 CMakeFiles/Pico_Game_Controller.dir/C_/Users/ngadj/Documents/pico-sdk/src/rp2_common/hardware_irq/irq.c.obj
                0x10002114                irq_set_exclusive_handler
 .text.irq_remove_handler
                0x10002168      0x1ac CMakeFiles/Pico_Game_Controller.dir/C_/Users/ngadj/Documents/pico-sdk/src/rp2_common/hardware_irq/irq.c.obj
                0x10002168                irq_remove_handler
 .text.irq_set_priority
                0x10002314       0x28 CMakeFiles/Pico_Game_Controller.dir/C_/Users/ngadj/Documents/pico-sdk/src/rp2_common/hardware_irq/irq.c.obj
                0x10002314                irq_set_priority
 .text.irq_add_tail_to_free_list
                0x1000233c       0xf0 CMakeFiles/Pico_Game_Controller.dir/C_/Users/ngadj/Documents/pico-sdk/src/rp2_common/hardware_irq/irq.c.obj
                0x1000233c                irq_add_tail_to_free_list
 .text.irq_init_priorities
                0x1000242c       0x16 CMakeFiles/Pico_Game_Controller.dir/C_/Users/ngadj/Documents/pico-sdk/src/rp2_common/hardware_irq/irq.c.obj
                0x1000242c                irq_init_priorities
 .text._out_null
                0x10002442        0x2 CMakeFiles/Pico_Game_Controller.dir/C_/Users/ngadj/Documents/pico-sdk/src/rp2_common/pico_printf/printf.c.obj
 .text._out_fct
                0x10002444        0xe CMakeFiles/Pico_Game_Controller.dir/C_/Users/ngadj/Documents/pico-sdk/src/rp2_common/pico_printf/printf.c.obj
 .text._atoi    0x10002452       0x24 CMakeFiles/Pico_Game_Controller.dir/C_/Users/ngadj/Documents/pico-sdk/src/rp2_common/pico_printf/printf.c.obj
 .text._out_rev
                0x10002476       0xae CMakeFiles/Pico_Game_Controller.dir/C_/Users/ngadj/Documents/pico-sdk/src/rp2_common/pico_printf/printf.c.obj
 .text._ntoa_format
                0x10002524      0x112 CMakeFiles/Pico_Game_Controller.dir/C_/Users/ngadj/Documents/pico-sdk/src/rp2_common/pico_printf/printf.c.obj
 .text._ntoa_long
                0x10002636       0xbc CMakeFiles/Pico_Game_Controller.dir/C_/Users/ngadj/Documents/pico-sdk/src/rp2_common/pico_printf/printf.c.obj
 .text._ntoa_long_long
                0x100026f2       0xe2 CMakeFiles/Pico_Game_Controller.dir/C_/Users/ngadj/Documents/pico-sdk/src/rp2_common/pico_printf/printf.c.obj
 .text._etoa    0x100027d4      0x414 CMakeFiles/Pico_Game_Controller.dir/C_/Users/ngadj/Documents/pico-sdk/src/rp2_common/pico_printf/printf.c.obj
 .text._ftoa    0x10002be8      0x354 CMakeFiles/Pico_Game_Controller.dir/C_/Users/ngadj/Documents/pico-sdk/src/rp2_common/pico_printf/printf.c.obj
 .text._vsnprintf
                0x10002f3c      0x624 CMakeFiles/Pico_Game_Controller.dir/C_/Users/ngadj/Documents/pico-sdk/src/rp2_common/pico_printf/printf.c.obj
 .text.vfctprintf
                0x10003560       0x20 CMakeFiles/Pico_Game_Controller.dir/C_/Users/ngadj/Documents/pico-sdk/src/rp2_common/pico_printf/printf.c.obj
                0x10003560                vfctprintf
 .text          0x10003580       0x10 CMakeFiles/Pico_Game_Controller.dir/C_/Users/ngadj/Documents/pico-sdk/src/rp2_common/pico_bit_ops/bit_ops_aeabi.S.obj
 .text.rom_func_lookup
                0x10003590       0x10 CMakeFiles/Pico_Game_Controller.dir/C_/Users/ngadj/Documents/pico-sdk/src/rp2_common/pico_bootrom/bootrom.c.obj
                0x10003590                rom_func_lookup
 .text.rom_data_lookup
                0x100035a0       0x10 CMakeFiles/Pico_Game_Controller.dir/C_/Users/ngadj/Documents/pico-sdk/src/rp2_common/pico_bootrom/bootrom.c.obj
                0x100035a0                rom_data_lookup
 .text.rom_funcs_lookup
                0x100035b0       0x36 CMakeFiles/Pico_Game_Controller.dir/C_/Users/ngadj/Documents/pico-sdk/src/rp2_common/pico_bootrom/bootrom.c.obj
                0x100035b0                rom_funcs_lookup
 *fill*         0x100035e6        0x2 
 .text.__wrap___aeabi_idiv
                0x100035e8       0x58 CMakeFiles/Pico_Game_Controller.dir/C_/Users/ngadj/Documents/pico-sdk/src/rp2_common/pico_divider/divider.S.obj
                0x100035e8                __wrap___aeabi_idivmod
                0x100035e8                divmod_s32s32
                0x100035e8                div_s32s32
                0x100035e8                __wrap___aeabi_idiv
                0x100035f0                divmod_s32s32_unsafe
                0x1000361c                divmod_s32s32_savestate
 .text.__wrap___aeabi_uidiv
                0x10003640       0x54 CMakeFiles/Pico_Game_Controller.dir/C_/Users/ngadj/Documents/pico-sdk/src/rp2_common/pico_divider/divider.S.obj
                0x10003640                __wrap___aeabi_uidiv
                0x10003640                __wrap___aeabi_uidivmod
                0x10003640                div_u32u32
                0x10003640                divmod_u32u32
                0x10003648                divmod_u32u32_unsafe
                0x10003670                divmod_u32u32_savestate
 .text.__wrap___aeabi_ldiv
                0x10003694      0x430 CMakeFiles/Pico_Game_Controller.dir/C_/Users/ngadj/Documents/pico-sdk/src/rp2_common/pico_divider/divider.S.obj
                0x10003694                div_s64s64
                0x10003694                divmod_s64s64
                0x10003694                __wrap___aeabi_ldivmod
                0x100036cc                divmod_u64u64
                0x100036cc                div_u64u64
                0x100036cc                __wrap___aeabi_uldivmod
                0x100036dc                divmod_u64u64_savestate
                0x10003704                divmod_s64s64_unsafe
                0x1000378c                divmod_u64u64_unsafe
 .text.__wrap___aeabi_darithmetic
                0x10003ac4       0x54 CMakeFiles/Pico_Game_Controller.dir/C_/Users/ngadj/Documents/pico-sdk/src/rp2_common/pico_double/double_aeabi.S.obj
                0x10003ac4                __wrap___aeabi_drsub
                0x10003aca                __wrap___aeabi_dsub
                0x10003adc                __wrap___aeabi_dadd
                0x10003aee                __wrap___aeabi_ddiv
                0x10003b00                __wrap___aeabi_dmul
 .text.__wrap___aeabi_cdcmple
                0x10003b18       0x6c CMakeFiles/Pico_Game_Controller.dir/C_/Users/ngadj/Documents/pico-sdk/src/rp2_common/pico_double/double_aeabi.S.obj
                0x10003b18                __wrap___aeabi_cdrcmple
                0x10003b28                __wrap___aeabi_cdcmpeq
                0x10003b28                __wrap___aeabi_cdcmple
 .text.__wrap___aeabi_dcmplt
                0x10003b84        0xc CMakeFiles/Pico_Game_Controller.dir/C_/Users/ngadj/Documents/pico-sdk/src/rp2_common/pico_double/double_aeabi.S.obj
                0x10003b84                __wrap___aeabi_dcmplt
 .text.__wrap___aeabi_dcmple
                0x10003b90       0x10 CMakeFiles/Pico_Game_Controller.dir/C_/Users/ngadj/Documents/pico-sdk/src/rp2_common/pico_double/double_aeabi.S.obj
                0x10003b90                __wrap___aeabi_dcmple
 .text.__wrap___aeabi_dcmpge
                0x10003ba0       0x10 CMakeFiles/Pico_Game_Controller.dir/C_/Users/ngadj/Documents/pico-sdk/src/rp2_common/pico_double/double_aeabi.S.obj
                0x10003ba0                __wrap___aeabi_dcmpge
 .text.__wrap___aeabi_dcmpgt
                0x10003bb0        0xa CMakeFiles/Pico_Game_Controller.dir/C_/Users/ngadj/Documents/pico-sdk/src/rp2_common/pico_double/double_aeabi.S.obj
                0x10003bb0                __wrap___aeabi_dcmpgt
 .text.__wrap___aeabi_dcmpun
                0x10003bba       0x1c CMakeFiles/Pico_Game_Controller.dir/C_/Users/ngadj/Documents/pico-sdk/src/rp2_common/pico_double/double_aeabi.S.obj
                0x10003bba                __wrap___aeabi_dcmpun
 *fill*         0x10003bd6        0x2 
 .text.__wrap___aeabi_i2d
                0x10003bd8       0x38 CMakeFiles/Pico_Game_Controller.dir/C_/Users/ngadj/Documents/pico-sdk/src/rp2_common/pico_double/double_aeabi.S.obj
                0x10003bd8                __wrap___aeabi_ui2d
                0x10003be0                __wrap___aeabi_i2d
 .text.__wrap___aeabi_d2iz
                0x10003c10       0x48 CMakeFiles/Pico_Game_Controller.dir/C_/Users/ngadj/Documents/pico-sdk/src/rp2_common/pico_double/double_aeabi.S.obj
                0x10003c10                double2int_z
                0x10003c10                __wrap___aeabi_d2iz
 .text.__wrap___aeabi_d2uiz
                0x10003c58       0x18 CMakeFiles/Pico_Game_Controller.dir/C_/Users/ngadj/Documents/pico-sdk/src/rp2_common/pico_double/double_aeabi.S.obj
                0x10003c58                __wrap___aeabi_d2uiz
                0x10003c58                double2uint
 .text.__aeabi_double_init
                0x10003c70       0xb8 CMakeFiles/Pico_Game_Controller.dir/C_/Users/ngadj/Documents/pico-sdk/src/rp2_common/pico_double/double_init_rom.c.obj
                0x10003c70                __aeabi_double_init
 .text.double_table_shim_on_use_helper
                0x10003d28       0x34 CMakeFiles/Pico_Game_Controller.dir/C_/Users/ngadj/Documents/pico-sdk/src/rp2_common/pico_double/double_v1_rom_shim.S.obj
                0x10003d28                double_table_shim_on_use_helper
 .text.__wrap___aeabi_dsub
                0x10003d5c       0x10 CMakeFiles/Pico_Game_Controller.dir/C_/Users/ngadj/Documents/pico-sdk/src/rp2_common/pico_double/double_v1_rom_shim.S.obj
                0x10003d5c                drsub_shim
                0x10003d62                dsub_shim
 .text.dadd_shim
                0x10003d6c      0x15c CMakeFiles/Pico_Game_Controller.dir/C_/Users/ngadj/Documents/pico-sdk/src/rp2_common/pico_double/double_v1_rom_shim.S.obj
                0x10003d6c                dadd_shim
 .text.dmul_shim
                0x10003ec8      0x15c CMakeFiles/Pico_Game_Controller.dir/C_/Users/ngadj/Documents/pico-sdk/src/rp2_common/pico_double/double_v1_rom_shim.S.obj
                0x10003ec8                dmul_shim
 .text.ddiv_shim
                0x10004024      0x1b0 CMakeFiles/Pico_Game_Controller.dir/C_/Users/ngadj/Documents/pico-sdk/src/rp2_common/pico_double/double_v1_rom_shim.S.obj
                0x10004024                ddiv_shim
 .text.dcordic_rot_step
                0x100041d4       0x7c CMakeFiles/Pico_Game_Controller.dir/C_/Users/ngadj/Documents/pico-sdk/src/rp2_common/pico_double/double_v1_rom_shim.S.obj
                0x100041d4                dcordic_rot_step
 .text.double2uint_shim
                0x10004250        0xe CMakeFiles/Pico_Game_Controller.dir/C_/Users/ngadj/Documents/pico-sdk/src/rp2_common/pico_double/double_v1_rom_shim.S.obj
                0x10004250                double2uint_shim
                0x10004252                double2ufix_shim
 *fill*         0x1000425e        0x2 
 .text.double2uint64_shim
                0x10004260       0x6c CMakeFiles/Pico_Game_Controller.dir/C_/Users/ngadj/Documents/pico-sdk/src/rp2_common/pico_double/double_v1_rom_shim.S.obj
                0x10004260                double2uint64_shim
                0x10004262                double2ufix64_shim
                0x1000427c                d2fix_a
 .text.dunpacks
                0x100042cc       0x3c CMakeFiles/Pico_Game_Controller.dir/C_/Users/ngadj/Documents/pico-sdk/src/rp2_common/pico_double/double_v1_rom_shim.S.obj
                0x100042cc                dunpacks
 .text.__aeabi_lmul
                0x10004308       0x32 CMakeFiles/Pico_Game_Controller.dir/C_/Users/ngadj/Documents/pico-sdk/src/rp2_common/pico_int64_ops/pico_int64_ops_aeabi.S.obj
                0x10004308                __wrap___aeabi_lmul
 *fill*         0x1000433a        0x2 
 .text.__aeabi_float_init
                0x1000433c       0xfc CMakeFiles/Pico_Game_Controller.dir/C_/Users/ngadj/Documents/pico-sdk/src/rp2_common/pico_float/float_init_rom.c.obj
                0x1000433c                __aeabi_float_init
 .text.float_table_shim_on_use_helper
                0x10004438       0x34 CMakeFiles/Pico_Game_Controller.dir/C_/Users/ngadj/Documents/pico-sdk/src/rp2_common/pico_float/float_v1_rom_shim.S.obj
                0x10004438                float_table_shim_on_use_helper
 .text          0x1000446c       0x10 CMakeFiles/Pico_Game_Controller.dir/C_/Users/ngadj/Documents/pico-sdk/src/rp2_common/pico_mem_ops/mem_ops_aeabi.S.obj
                0x1000446c                __aeabi_mem_init
 .text.memset   0x1000447c        0xc CMakeFiles/Pico_Game_Controller.dir/C_/Users/ngadj/Documents/pico-sdk/src/rp2_common/pico_mem_ops/mem_ops_aeabi.S.obj
                0x1000447c                __wrap_memset
 .text.memcpy   0x10004488        0xc CMakeFiles/Pico_Game_Controller.dir/C_/Users/ngadj/Documents/pico-sdk/src/rp2_common/pico_mem_ops/mem_ops_aeabi.S.obj
                0x10004488                __wrap_memcpy
                0x10004488                __wrap___aeabi_memcpy
 .text.stdio_out_chars_crlf
                0x10004494       0x80 CMakeFiles/Pico_Game_Controller.dir/C_/Users/ngadj/Documents/pico-sdk/src/rp2_common/pico_stdio/stdio.c.obj
 .text.stdio_stack_buffer_flush
                0x10004514       0x44 CMakeFiles/Pico_Game_Controller.dir/C_/Users/ngadj/Documents/pico-sdk/src/rp2_common/pico_stdio/stdio.c.obj
 .text.stdio_buffered_printer
                0x10004558       0x20 CMakeFiles/Pico_Game_Controller.dir/C_/Users/ngadj/Documents/pico-sdk/src/rp2_common/pico_stdio/stdio.c.obj
 .text.stdout_serialize_begin
                0x10004578       0x2c CMakeFiles/Pico_Game_Controller.dir/C_/Users/ngadj/Documents/pico-sdk/src/rp2_common/pico_stdio/stdio.c.obj
                0x10004578                stdout_serialize_begin
 .text.stdout_serialize_end
                0x100045a4       0x10 CMakeFiles/Pico_Game_Controller.dir/C_/Users/ngadj/Documents/pico-sdk/src/rp2_common/pico_stdio/stdio.c.obj
                0x100045a4                stdout_serialize_end
 .text.stdio_put_string
                0x100045b4       0x84 CMakeFiles/Pico_Game_Controller.dir/C_/Users/ngadj/Documents/pico-sdk/src/rp2_common/pico_stdio/stdio.c.obj
 .text.stdio_set_driver_enabled
                0x10004638       0x38 CMakeFiles/Pico_Game_Controller.dir/C_/Users/ngadj/Documents/pico-sdk/src/rp2_common/pico_stdio/stdio.c.obj
                0x10004638                stdio_set_driver_enabled
 .text.stdio_flush
                0x10004670       0x20 CMakeFiles/Pico_Game_Controller.dir/C_/Users/ngadj/Documents/pico-sdk/src/rp2_common/pico_stdio/stdio.c.obj
                0x10004670                stdio_flush
 .text.__wrap_puts
                0x10004690       0x1c CMakeFiles/Pico_Game_Controller.dir/C_/Users/ngadj/Documents/pico-sdk/src/rp2_common/pico_stdio/stdio.c.obj
                0x10004690                __wrap_puts
 .text.__wrap_vprintf
                0x100046ac       0x44 CMakeFiles/Pico_Game_Controller.dir/C_/Users/ngadj/Documents/pico-sdk/src/rp2_common/pico_stdio/stdio.c.obj
                0x100046ac                __wrap_vprintf
 .text.__wrap_printf
                0x100046f0       0x18 CMakeFiles/Pico_Game_Controller.dir/C_/Users/ngadj/Documents/pico-sdk/src/rp2_common/pico_stdio/stdio.c.obj
                0x100046f0                __wrap_printf
 .text.stdio_uart_out_chars
                0x10004708       0x74 CMakeFiles/Pico_Game_Controller.dir/C_/Users/ngadj/Documents/pico-sdk/src/rp2_common/pico_stdio_uart/stdio_uart.c.obj
 .text.stdio_uart_in_chars
                0x1000477c       0x58 CMakeFiles/Pico_Game_Controller.dir/C_/Users/ngadj/Documents/pico-sdk/src/rp2_common/pico_stdio_uart/stdio_uart.c.obj
                0x1000477c                stdio_uart_in_chars
 .text.stdio_uart_init_full
                0x100047d4       0x3c CMakeFiles/Pico_Game_Controller.dir/C_/Users/ngadj/Documents/pico-sdk/src/rp2_common/pico_stdio_uart/stdio_uart.c.obj
                0x100047d4                stdio_uart_init_full
 .text.stdio_uart_init
                0x10004810       0x28 CMakeFiles/Pico_Game_Controller.dir/C_/Users/ngadj/Documents/pico-sdk/src/rp2_common/pico_stdio_uart/stdio_uart.c.obj
                0x10004810                stdio_uart_init
 .text.hw_endpoint_get_by_addr
                0x10004838       0x1c CMakeFiles/Pico_Game_Controller.dir/C_/Users/ngadj/Documents/pico-sdk/lib/tinyusb/src/portable/raspberrypi/rp2040/dcd_rp2040.c.obj
 .text.reset_ep0
                0x10004854       0x2c CMakeFiles/Pico_Game_Controller.dir/C_/Users/ngadj/Documents/pico-sdk/lib/tinyusb/src/portable/raspberrypi/rp2040/dcd_rp2040.c.obj
 .text._hw_endpoint_alloc
                0x10004880       0x7c CMakeFiles/Pico_Game_Controller.dir/C_/Users/ngadj/Documents/pico-sdk/lib/tinyusb/src/portable/raspberrypi/rp2040/dcd_rp2040.c.obj
 .text._hw_endpoint_init
                0x100048fc       0xbc CMakeFiles/Pico_Game_Controller.dir/C_/Users/ngadj/Documents/pico-sdk/lib/tinyusb/src/portable/raspberrypi/rp2040/dcd_rp2040.c.obj
 .text.hw_endpoint_init
                0x100049b8       0x18 CMakeFiles/Pico_Game_Controller.dir/C_/Users/ngadj/Documents/pico-sdk/lib/tinyusb/src/portable/raspberrypi/rp2040/dcd_rp2040.c.obj
 .text.hw_handle_buff_status
                0x100049d0       0xb8 CMakeFiles/Pico_Game_Controller.dir/C_/Users/ngadj/Documents/pico-sdk/lib/tinyusb/src/portable/raspberrypi/rp2040/dcd_rp2040.c.obj
 .text.dcd_rp2040_irq
                0x10004a88       0x8c CMakeFiles/Pico_Game_Controller.dir/C_/Users/ngadj/Documents/pico-sdk/lib/tinyusb/src/portable/raspberrypi/rp2040/dcd_rp2040.c.obj
 .text.hw_endpoint_xfer
                0x10004b14       0x18 CMakeFiles/Pico_Game_Controller.dir/C_/Users/ngadj/Documents/pico-sdk/lib/tinyusb/src/portable/raspberrypi/rp2040/dcd_rp2040.c.obj
 .text.ep0_0len_status
                0x10004b2c       0x14 CMakeFiles/Pico_Game_Controller.dir/C_/Users/ngadj/Documents/pico-sdk/lib/tinyusb/src/portable/raspberrypi/rp2040/dcd_rp2040.c.obj
 .text._hw_endpoint_stall
                0x10004b40       0x54 CMakeFiles/Pico_Game_Controller.dir/C_/Users/ngadj/Documents/pico-sdk/lib/tinyusb/src/portable/raspberrypi/rp2040/dcd_rp2040.c.obj
 .text.hw_endpoint_stall
                0x10004b94        0xc CMakeFiles/Pico_Game_Controller.dir/C_/Users/ngadj/Documents/pico-sdk/lib/tinyusb/src/portable/raspberrypi/rp2040/dcd_rp2040.c.obj
 .text._hw_endpoint_clear_stall
                0x10004ba0       0x34 CMakeFiles/Pico_Game_Controller.dir/C_/Users/ngadj/Documents/pico-sdk/lib/tinyusb/src/portable/raspberrypi/rp2040/dcd_rp2040.c.obj
 .text.hw_endpoint_clear_stall
                0x10004bd4        0xc CMakeFiles/Pico_Game_Controller.dir/C_/Users/ngadj/Documents/pico-sdk/lib/tinyusb/src/portable/raspberrypi/rp2040/dcd_rp2040.c.obj
 .text.dcd_int_enable
                0x10004be0       0x2c CMakeFiles/Pico_Game_Controller.dir/C_/Users/ngadj/Documents/pico-sdk/lib/tinyusb/src/portable/raspberrypi/rp2040/dcd_rp2040.c.obj
                0x10004be0                dcd_int_enable
 .text.dcd_set_address
                0x10004c0c       0x30 CMakeFiles/Pico_Game_Controller.dir/C_/Users/ngadj/Documents/pico-sdk/lib/tinyusb/src/portable/raspberrypi/rp2040/dcd_rp2040.c.obj
                0x10004c0c                dcd_set_address
 .text.dcd_connect
                0x10004c3c       0x30 CMakeFiles/Pico_Game_Controller.dir/C_/Users/ngadj/Documents/pico-sdk/lib/tinyusb/src/portable/raspberrypi/rp2040/dcd_rp2040.c.obj
                0x10004c3c                dcd_connect
 .text.dcd_init
                0x10004c6c       0x90 CMakeFiles/Pico_Game_Controller.dir/C_/Users/ngadj/Documents/pico-sdk/lib/tinyusb/src/portable/raspberrypi/rp2040/dcd_rp2040.c.obj
                0x10004c6c                dcd_init
 .text.dcd_edpt0_status_complete
                0x10004cfc       0x44 CMakeFiles/Pico_Game_Controller.dir/C_/Users/ngadj/Documents/pico-sdk/lib/tinyusb/src/portable/raspberrypi/rp2040/dcd_rp2040.c.obj
                0x10004cfc                dcd_edpt0_status_complete
 .text.dcd_edpt_open
                0x10004d40       0x40 CMakeFiles/Pico_Game_Controller.dir/C_/Users/ngadj/Documents/pico-sdk/lib/tinyusb/src/portable/raspberrypi/rp2040/dcd_rp2040.c.obj
                0x10004d40                dcd_edpt_open
 .text.dcd_edpt_xfer
                0x10004d80       0x34 CMakeFiles/Pico_Game_Controller.dir/C_/Users/ngadj/Documents/pico-sdk/lib/tinyusb/src/portable/raspberrypi/rp2040/dcd_rp2040.c.obj
                0x10004d80                dcd_edpt_xfer
 .text.dcd_edpt_stall
                0x10004db4       0x28 CMakeFiles/Pico_Game_Controller.dir/C_/Users/ngadj/Documents/pico-sdk/lib/tinyusb/src/portable/raspberrypi/rp2040/dcd_rp2040.c.obj
                0x10004db4                dcd_edpt_stall
 .text.dcd_edpt_clear_stall
                0x10004ddc       0x28 CMakeFiles/Pico_Game_Controller.dir/C_/Users/ngadj/Documents/pico-sdk/lib/tinyusb/src/portable/raspberrypi/rp2040/dcd_rp2040.c.obj
                0x10004ddc                dcd_edpt_clear_stall
 .text.rp2040_usb_init
                0x10004e04       0x50 CMakeFiles/Pico_Game_Controller.dir/C_/Users/ngadj/Documents/pico-sdk/lib/tinyusb/src/portable/raspberrypi/rp2040/rp2040_usb.c.obj
                0x10004e04                rp2040_usb_init
 .text.hw_endpoint_reset_transfer
                0x10004e54       0x14 CMakeFiles/Pico_Game_Controller.dir/C_/Users/ngadj/Documents/pico-sdk/lib/tinyusb/src/portable/raspberrypi/rp2040/rp2040_usb.c.obj
                0x10004e54                hw_endpoint_reset_transfer
 .text._hw_endpoint_buffer_control_update32
                0x10004e68       0x54 CMakeFiles/Pico_Game_Controller.dir/C_/Users/ngadj/Documents/pico-sdk/lib/tinyusb/src/portable/raspberrypi/rp2040/rp2040_usb.c.obj
                0x10004e68                _hw_endpoint_buffer_control_update32
 .text._hw_endpoint_start_next_buffer
                0x10004ebc       0x5a CMakeFiles/Pico_Game_Controller.dir/C_/Users/ngadj/Documents/pico-sdk/lib/tinyusb/src/portable/raspberrypi/rp2040/rp2040_usb.c.obj
                0x10004ebc                _hw_endpoint_start_next_buffer
 .text._hw_endpoint_xfer_start
                0x10004f16       0x46 CMakeFiles/Pico_Game_Controller.dir/C_/Users/ngadj/Documents/pico-sdk/lib/tinyusb/src/portable/raspberrypi/rp2040/rp2040_usb.c.obj
                0x10004f16                _hw_endpoint_xfer_start
 .text._hw_endpoint_xfer_sync
                0x10004f5c       0x74 CMakeFiles/Pico_Game_Controller.dir/C_/Users/ngadj/Documents/pico-sdk/lib/tinyusb/src/portable/raspberrypi/rp2040/rp2040_usb.c.obj
                0x10004f5c                _hw_endpoint_xfer_sync
 .text._hw_endpoint_xfer_continue
                0x10004fd0       0x58 CMakeFiles/Pico_Game_Controller.dir/C_/Users/ngadj/Documents/pico-sdk/lib/tinyusb/src/portable/raspberrypi/rp2040/rp2040_usb.c.obj
                0x10004fd0                _hw_endpoint_xfer_continue
 .text._hw_endpoint_xfer
                0x10005028       0x34 CMakeFiles/Pico_Game_Controller.dir/C_/Users/ngadj/Documents/pico-sdk/lib/tinyusb/src/portable/raspberrypi/rp2040/rp2040_usb.c.obj
                0x10005028                _hw_endpoint_xfer
 .text.mark_interface_endpoint
                0x1000505c       0x2a CMakeFiles/Pico_Game_Controller.dir/C_/Users/ngadj/Documents/pico-sdk/lib/tinyusb/src/device/usbd.c.obj
 *fill*         0x10005086        0x2 
 .text.usbd_reset
                0x10005088       0x88 CMakeFiles/Pico_Game_Controller.dir/C_/Users/ngadj/Documents/pico-sdk/lib/tinyusb/src/device/usbd.c.obj
 .text.invoke_class_control
                0x10005110       0x18 CMakeFiles/Pico_Game_Controller.dir/C_/Users/ngadj/Documents/pico-sdk/lib/tinyusb/src/device/usbd.c.obj
 .text.process_set_config
                0x10005128      0x1d0 CMakeFiles/Pico_Game_Controller.dir/C_/Users/ngadj/Documents/pico-sdk/lib/tinyusb/src/device/usbd.c.obj
 .text.process_get_descriptor
                0x100052f8       0xf4 CMakeFiles/Pico_Game_Controller.dir/C_/Users/ngadj/Documents/pico-sdk/lib/tinyusb/src/device/usbd.c.obj
 .text.tud_mounted
                0x100053ec       0x10 CMakeFiles/Pico_Game_Controller.dir/C_/Users/ngadj/Documents/pico-sdk/lib/tinyusb/src/device/usbd.c.obj
                0x100053ec                tud_mounted
 .text.tud_suspended
                0x100053fc       0x10 CMakeFiles/Pico_Game_Controller.dir/C_/Users/ngadj/Documents/pico-sdk/lib/tinyusb/src/device/usbd.c.obj
                0x100053fc                tud_suspended
 .text.tud_init
                0x1000540c       0xb8 CMakeFiles/Pico_Game_Controller.dir/C_/Users/ngadj/Documents/pico-sdk/lib/tinyusb/src/device/usbd.c.obj
                0x1000540c                tud_init
 .text.dcd_event_handler
                0x100054c4      0x1c4 CMakeFiles/Pico_Game_Controller.dir/C_/Users/ngadj/Documents/pico-sdk/lib/tinyusb/src/device/usbd.c.obj
                0x100054c4                dcd_event_handler
 .text.dcd_event_bus_signal
                0x10005688       0x26 CMakeFiles/Pico_Game_Controller.dir/C_/Users/ngadj/Documents/pico-sdk/lib/tinyusb/src/device/usbd.c.obj
                0x10005688                dcd_event_bus_signal
 .text.dcd_event_setup_received
                0x100056ae       0x34 CMakeFiles/Pico_Game_Controller.dir/C_/Users/ngadj/Documents/pico-sdk/lib/tinyusb/src/device/usbd.c.obj
                0x100056ae                dcd_event_setup_received
 .text.dcd_event_xfer_complete
                0x100056e2       0x44 CMakeFiles/Pico_Game_Controller.dir/C_/Users/ngadj/Documents/pico-sdk/lib/tinyusb/src/device/usbd.c.obj
                0x100056e2                dcd_event_xfer_complete
 .text.usbd_edpt_open
                0x10005726        0x8 CMakeFiles/Pico_Game_Controller.dir/C_/Users/ngadj/Documents/pico-sdk/lib/tinyusb/src/device/usbd.c.obj
                0x10005726                usbd_edpt_open
 *fill*         0x1000572e        0x2 
 .text.usbd_open_edpt_pair
                0x10005730       0x8c CMakeFiles/Pico_Game_Controller.dir/C_/Users/ngadj/Documents/pico-sdk/lib/tinyusb/src/device/usbd.c.obj
                0x10005730                usbd_open_edpt_pair
 .text.usbd_edpt_claim
                0x100057bc       0x8c CMakeFiles/Pico_Game_Controller.dir/C_/Users/ngadj/Documents/pico-sdk/lib/tinyusb/src/device/usbd.c.obj
                0x100057bc                usbd_edpt_claim
 .text.usbd_edpt_xfer
                0x10005848       0x80 CMakeFiles/Pico_Game_Controller.dir/C_/Users/ngadj/Documents/pico-sdk/lib/tinyusb/src/device/usbd.c.obj
                0x10005848                usbd_edpt_xfer
 .text.usbd_edpt_busy
                0x100058c8       0x1c CMakeFiles/Pico_Game_Controller.dir/C_/Users/ngadj/Documents/pico-sdk/lib/tinyusb/src/device/usbd.c.obj
                0x100058c8                usbd_edpt_busy
 .text.usbd_edpt_stall
                0x100058e4       0x2c CMakeFiles/Pico_Game_Controller.dir/C_/Users/ngadj/Documents/pico-sdk/lib/tinyusb/src/device/usbd.c.obj
                0x100058e4                usbd_edpt_stall
 .text.usbd_edpt_clear_stall
                0x10005910       0x2c CMakeFiles/Pico_Game_Controller.dir/C_/Users/ngadj/Documents/pico-sdk/lib/tinyusb/src/device/usbd.c.obj
                0x10005910                usbd_edpt_clear_stall
 .text.usbd_edpt_stalled
                0x1000593c       0x1c CMakeFiles/Pico_Game_Controller.dir/C_/Users/ngadj/Documents/pico-sdk/lib/tinyusb/src/device/usbd.c.obj
                0x1000593c                usbd_edpt_stalled
 .text.process_control_request
                0x10005958      0x37c CMakeFiles/Pico_Game_Controller.dir/C_/Users/ngadj/Documents/pico-sdk/lib/tinyusb/src/device/usbd.c.obj
 .text.tud_task
                0x10005cd4      0x204 CMakeFiles/Pico_Game_Controller.dir/C_/Users/ngadj/Documents/pico-sdk/lib/tinyusb/src/device/usbd.c.obj
                0x10005cd4                tud_task
 .text._data_stage_xact
                0x10005ed8       0x58 CMakeFiles/Pico_Game_Controller.dir/C_/Users/ngadj/Documents/pico-sdk/lib/tinyusb/src/device/usbd_control.c.obj
 .text.tud_control_status
                0x10005f30       0x38 CMakeFiles/Pico_Game_Controller.dir/C_/Users/ngadj/Documents/pico-sdk/lib/tinyusb/src/device/usbd_control.c.obj
                0x10005f30                tud_control_status
 .text.tud_control_xfer
                0x10005f68       0xa8 CMakeFiles/Pico_Game_Controller.dir/C_/Users/ngadj/Documents/pico-sdk/lib/tinyusb/src/device/usbd_control.c.obj
                0x10005f68                tud_control_xfer
 .text.usbd_control_reset
                0x10006010       0x14 CMakeFiles/Pico_Game_Controller.dir/C_/Users/ngadj/Documents/pico-sdk/lib/tinyusb/src/device/usbd_control.c.obj
                0x10006010                usbd_control_reset
 .text.usbd_control_set_complete_callback
                0x10006024        0xc CMakeFiles/Pico_Game_Controller.dir/C_/Users/ngadj/Documents/pico-sdk/lib/tinyusb/src/device/usbd_control.c.obj
                0x10006024                usbd_control_set_complete_callback
 .text.usbd_control_set_request
                0x10006030       0x1c CMakeFiles/Pico_Game_Controller.dir/C_/Users/ngadj/Documents/pico-sdk/lib/tinyusb/src/device/usbd_control.c.obj
                0x10006030                usbd_control_set_request
 .text.usbd_control_xfer_cb
                0x1000604c       0xe8 CMakeFiles/Pico_Game_Controller.dir/C_/Users/ngadj/Documents/pico-sdk/lib/tinyusb/src/device/usbd_control.c.obj
                0x1000604c                usbd_control_xfer_cb
 .text.tud_hid_n_ready
                0x10006134       0x50 CMakeFiles/Pico_Game_Controller.dir/C_/Users/ngadj/Documents/pico-sdk/lib/tinyusb/src/class/hid/hid_device.c.obj
                0x10006134                tud_hid_n_ready
 .text.tud_hid_n_report
                0x10006184       0x84 CMakeFiles/Pico_Game_Controller.dir/C_/Users/ngadj/Documents/pico-sdk/lib/tinyusb/src/class/hid/hid_device.c.obj
                0x10006184                tud_hid_n_report
 .text.tud_hid_n_keyboard_report
                0x10006208       0x36 CMakeFiles/Pico_Game_Controller.dir/C_/Users/ngadj/Documents/pico-sdk/lib/tinyusb/src/class/hid/hid_device.c.obj
                0x10006208                tud_hid_n_keyboard_report
 .text.tud_hid_n_mouse_report
                0x1000623e       0x2e CMakeFiles/Pico_Game_Controller.dir/C_/Users/ngadj/Documents/pico-sdk/lib/tinyusb/src/class/hid/hid_device.c.obj
                0x1000623e                tud_hid_n_mouse_report
 .text.hidd_reset
                0x1000626c       0x14 CMakeFiles/Pico_Game_Controller.dir/C_/Users/ngadj/Documents/pico-sdk/lib/tinyusb/src/class/hid/hid_device.c.obj
                0x1000626c                hidd_reset
 .text.hidd_init
                0x10006280        0xa CMakeFiles/Pico_Game_Controller.dir/C_/Users/ngadj/Documents/pico-sdk/lib/tinyusb/src/class/hid/hid_device.c.obj
                0x10006280                hidd_init
 *fill*         0x1000628a        0x2 
 .text.hidd_open
                0x1000628c      0x100 CMakeFiles/Pico_Game_Controller.dir/C_/Users/ngadj/Documents/pico-sdk/lib/tinyusb/src/class/hid/hid_device.c.obj
                0x1000628c                hidd_open
 .text.hidd_control_request
                0x1000638c      0x1d0 CMakeFiles/Pico_Game_Controller.dir/C_/Users/ngadj/Documents/pico-sdk/lib/tinyusb/src/class/hid/hid_device.c.obj
                0x1000638c                hidd_control_request
 .text.hidd_control_complete
                0x1000655c       0x64 CMakeFiles/Pico_Game_Controller.dir/C_/Users/ngadj/Documents/pico-sdk/lib/tinyusb/src/class/hid/hid_device.c.obj
                0x1000655c                hidd_control_complete
 .text.hidd_xfer_cb
                0x100065c0       0x5c CMakeFiles/Pico_Game_Controller.dir/C_/Users/ngadj/Documents/pico-sdk/lib/tinyusb/src/class/hid/hid_device.c.obj
                0x100065c0                hidd_xfer_cb
 .text.tusb_init
                0x1000661c       0x38 CMakeFiles/Pico_Game_Controller.dir/C_/Users/ngadj/Documents/pico-sdk/lib/tinyusb/src/tusb.c.obj
                0x1000661c                tusb_init
 .text.tusb_inited
                0x10006654        0xc CMakeFiles/Pico_Game_Controller.dir/C_/Users/ngadj/Documents/pico-sdk/lib/tinyusb/src/tusb.c.obj
                0x10006654                tusb_inited
 .text.advance_pointer
                0x10006660       0x1e CMakeFiles/Pico_Game_Controller.dir/C_/Users/ngadj/Documents/pico-sdk/lib/tinyusb/src/common/tusb_fifo.c.obj
 .text.backward_pointer
                0x1000667e       0x1a CMakeFiles/Pico_Game_Controller.dir/C_/Users/ngadj/Documents/pico-sdk/lib/tinyusb/src/common/tusb_fifo.c.obj
 .text.get_relative_pointer
                0x10006698       0x16 CMakeFiles/Pico_Game_Controller.dir/C_/Users/ngadj/Documents/pico-sdk/lib/tinyusb/src/common/tusb_fifo.c.obj
 .text.tu_fifo_lock
                0x100066ae       0x12 CMakeFiles/Pico_Game_Controller.dir/C_/Users/ngadj/Documents/pico-sdk/lib/tinyusb/src/common/tusb_fifo.c.obj
 .text.tu_fifo_unlock
                0x100066c0        0xe CMakeFiles/Pico_Game_Controller.dir/C_/Users/ngadj/Documents/pico-sdk/lib/tinyusb/src/common/tusb_fifo.c.obj
 .text._tu_fifo_peek_at
                0x100066ce       0x66 CMakeFiles/Pico_Game_Controller.dir/C_/Users/ngadj/Documents/pico-sdk/lib/tinyusb/src/common/tusb_fifo.c.obj
 .text.tu_fifo_read
                0x10006734       0x3a CMakeFiles/Pico_Game_Controller.dir/C_/Users/ngadj/Documents/pico-sdk/lib/tinyusb/src/common/tusb_fifo.c.obj
                0x10006734                tu_fifo_read
 .text.tu_fifo_write
                0x1000676e       0x5c CMakeFiles/Pico_Game_Controller.dir/C_/Users/ngadj/Documents/pico-sdk/lib/tinyusb/src/common/tusb_fifo.c.obj
                0x1000676e                tu_fifo_write
 .text.tu_fifo_clear
                0x100067ca       0x18 CMakeFiles/Pico_Game_Controller.dir/C_/Users/ngadj/Documents/pico-sdk/lib/tinyusb/src/common/tusb_fifo.c.obj
                0x100067ca                tu_fifo_clear
 .text.board_init
                0x100067e2       0x18 CMakeFiles/Pico_Game_Controller.dir/C_/Users/ngadj/Documents/pico-sdk/lib/tinyusb/hw/bsp/raspberry_pi_pico/board_raspberry_pi_pico.c.obj
                0x100067e2                board_init
 *fill*         0x100067fa        0x2 
 .text._pio_can_add_program_at_offset
                0x100067fc       0x3c CMakeFiles/Pico_Game_Controller.dir/C_/Users/ngadj/Documents/pico-sdk/src/rp2_common/hardware_pio/pio.c.obj
 .text._pio_find_offset_for_program
                0x10006838       0x7c CMakeFiles/Pico_Game_Controller.dir/C_/Users/ngadj/Documents/pico-sdk/src/rp2_common/hardware_pio/pio.c.obj
 .text._pio_add_program_at_offset
                0x100068b4       0x78 CMakeFiles/Pico_Game_Controller.dir/C_/Users/ngadj/Documents/pico-sdk/src/rp2_common/hardware_pio/pio.c.obj
 .text.pio_add_program
                0x1000692c       0x38 CMakeFiles/Pico_Game_Controller.dir/C_/Users/ngadj/Documents/pico-sdk/src/rp2_common/hardware_pio/pio.c.obj
                0x1000692c                pio_add_program
 .text.pio_sm_set_consecutive_pindirs
                0x10006964       0x70 CMakeFiles/Pico_Game_Controller.dir/C_/Users/ngadj/Documents/pico-sdk/src/rp2_common/hardware_pio/pio.c.obj
                0x10006964                pio_sm_set_consecutive_pindirs
 .text.pio_sm_init
                0x100069d4       0xe4 CMakeFiles/Pico_Game_Controller.dir/C_/Users/ngadj/Documents/pico-sdk/src/rp2_common/hardware_pio/pio.c.obj
                0x100069d4                pio_sm_init
 .text.strlen   0x10006ab8       0x5c c:/progra~2/gnuarm~1/102020~1/bin/../lib/gcc/arm-none-eabi/10.2.1/../../../../arm-none-eabi/lib/thumb/v6-m/nofp\libg.a(lib_a-strlen-stub.o)
                0x10006ab8                strlen
 *(.fini)
 .fini          0x10006b14        0x4 c:/progra~2/gnuarm~1/102020~1/bin/../lib/gcc/arm-none-eabi/10.2.1/thumb/v6-m/nofp/crti.o
                0x10006b14                _fini
 .fini.__stub   0x10006b18       0x60 linker stubs
 *crtbegin.o(.ctors)
 *crtbegin?.o(.ctors)
 *(EXCLUDE_FILE(*crtend.o *crtend?.o) .ctors)
 *(SORT_BY_NAME(.ctors.*))
 *(.ctors)
 *crtbegin.o(.dtors)
 *crtbegin?.o(.dtors)
 *(EXCLUDE_FILE(*crtend.o *crtend?.o) .dtors)
 *(SORT_BY_NAME(.dtors.*))
 *(.dtors)
 *(.eh_frame*)
 .eh_frame      0x10006b78        0x0 c:/progra~2/gnuarm~1/102020~1/bin/../lib/gcc/arm-none-eabi/10.2.1/thumb/v6-m/nofp/crtbegin.o
                0x10006b78                . = ALIGN (0x4)

.glue_7         0x10006b78        0x0
 .glue_7        0x10006b78        0x0 linker stubs

.glue_7t        0x10006b78        0x0
 .glue_7t       0x10006b78        0x0 linker stubs

.vfp11_veneer   0x10006b78        0x0
 .vfp11_veneer  0x10006b78        0x0 linker stubs

.v4_bx          0x10006b78        0x0
 .v4_bx         0x10006b78        0x0 linker stubs

.iplt           0x10006b78        0x0
 .iplt          0x10006b78        0x0 c:/progra~2/gnuarm~1/102020~1/bin/../lib/gcc/arm-none-eabi/10.2.1/thumb/v6-m/nofp/crtbegin.o

.rodata         0x10006b78     0x16a8
 *(EXCLUDE_FILE(*libm.a: *libc.a:*lib_a-mem*.o *libgcc.a:) .rodata*)
 .rodata.init.str1.4
                0x10006b78       0x8b CMakeFiles/Pico_Game_Controller.dir/pico_game_controller.c.obj
 *fill*         0x10006c03        0x1 
 .rodata.key_mode.str1.4
                0x10006c04       0x68 CMakeFiles/Pico_Game_Controller.dir/pico_game_controller.c.obj
 .rodata.ENC_GPIO
                0x10006c6c        0x2 CMakeFiles/Pico_Game_Controller.dir/pico_game_controller.c.obj
                0x10006c6c                ENC_GPIO
 *fill*         0x10006c6e        0x2 
 .rodata.LED_GPIO
                0x10006c70        0x7 CMakeFiles/Pico_Game_Controller.dir/pico_game_controller.c.obj
                0x10006c70                LED_GPIO
 *fill*         0x10006c77        0x1 
 .rodata.SW_GPIO
                0x10006c78        0x7 CMakeFiles/Pico_Game_Controller.dir/pico_game_controller.c.obj
                0x10006c78                SW_GPIO
 *fill*         0x10006c7f        0x1 
 .rodata.SW_KEYCODE
                0x10006c80        0x7 CMakeFiles/Pico_Game_Controller.dir/pico_game_controller.c.obj
                0x10006c80                SW_KEYCODE
 *fill*         0x10006c87        0x1 
 .rodata.__func__.0
                0x10006c88       0x15 CMakeFiles/Pico_Game_Controller.dir/pico_game_controller.c.obj
 *fill*         0x10006c9d        0x3 
 .rodata.__func__.1
                0x10006ca0       0x18 CMakeFiles/Pico_Game_Controller.dir/pico_game_controller.c.obj
 .rodata.__func__.4
                0x10006cb8       0x1c CMakeFiles/Pico_Game_Controller.dir/pico_game_controller.c.obj
 .rodata.encoders_program
                0x10006cd4        0x6 CMakeFiles/Pico_Game_Controller.dir/pico_game_controller.c.obj
 *fill*         0x10006cda        0x2 
 .rodata.encoders_program_instructions
                0x10006cdc       0x2e CMakeFiles/Pico_Game_Controller.dir/pico_game_controller.c.obj
 *fill*         0x10006d0a        0x2 
 .rodata.str1.4
                0x10006d0c       0x1f CMakeFiles/Pico_Game_Controller.dir/usb_descriptors.c.obj
 *fill*         0x10006d2b        0x1 
 .rodata.__compound_literal.0
                0x10006d2c        0x2 CMakeFiles/Pico_Game_Controller.dir/usb_descriptors.c.obj
 *fill*         0x10006d2e        0x2 
 .rodata.desc_configuration
                0x10006d30       0x22 CMakeFiles/Pico_Game_Controller.dir/usb_descriptors.c.obj
                0x10006d30                desc_configuration
 *fill*         0x10006d52        0x2 
 .rodata.desc_device
                0x10006d54       0x12 CMakeFiles/Pico_Game_Controller.dir/usb_descriptors.c.obj
                0x10006d54                desc_device
 *fill*         0x10006d66        0x2 
 .rodata.desc_hid_report
                0x10006d68       0x90 CMakeFiles/Pico_Game_Controller.dir/usb_descriptors.c.obj
                0x10006d68                desc_hid_report
 .rodata.spin_lock_claim_unused.str1.4
                0x10006df8       0x1b CMakeFiles/Pico_Game_Controller.dir/C_/Users/ngadj/Documents/pico-sdk/src/rp2_common/hardware_sync/sync.c.obj
 *fill*         0x10006e13        0x1 
 .rodata.repeating_timer_callback.str1.4
                0x10006e14       0x52 CMakeFiles/Pico_Game_Controller.dir/C_/Users/ngadj/Documents/pico-sdk/src/common/pico_time/time.c.obj
 *fill*         0x10006e66        0x2 
 .rodata.alarm_pool_dump_key.str1.4
                0x10006e68       0x33 CMakeFiles/Pico_Game_Controller.dir/C_/Users/ngadj/Documents/pico-sdk/src/common/pico_time/time.c.obj
 *fill*         0x10006e9b        0x1 
 .rodata.ph_add_child_node.str1.4
                0x10006e9c       0x9e CMakeFiles/Pico_Game_Controller.dir/C_/Users/ngadj/Documents/pico-sdk/src/common/pico_time/time.c.obj
 *fill*         0x10006f3a        0x2 
 .rodata.add_alarm_under_lock.str1.4
                0x10006f3c       0x28 CMakeFiles/Pico_Game_Controller.dir/C_/Users/ngadj/Documents/pico-sdk/src/common/pico_time/time.c.obj
                                 0x2b (size before relaxing)
 .rodata.alarm_pool_alarm_callback.str1.4
                0x10006f64       0x82 CMakeFiles/Pico_Game_Controller.dir/C_/Users/ngadj/Documents/pico-sdk/src/common/pico_time/time.c.obj
                                 0xea (size before relaxing)
 *fill*         0x10006fe6        0x2 
 .rodata.alarm_pool_get_default.str1.4
                0x10006fe8       0x21 CMakeFiles/Pico_Game_Controller.dir/C_/Users/ngadj/Documents/pico-sdk/src/common/pico_time/time.c.obj
 *fill*         0x10007009        0x3 
 .rodata.alarm_pool_cancel_alarm.str1.4
                0x1000700c       0x27 CMakeFiles/Pico_Game_Controller.dir/C_/Users/ngadj/Documents/pico-sdk/src/common/pico_time/time.c.obj
 *fill*         0x10007033        0x1 
 .rodata.__func__.1
                0x10007034       0x18 CMakeFiles/Pico_Game_Controller.dir/C_/Users/ngadj/Documents/pico-sdk/src/common/pico_time/time.c.obj
 .rodata.__func__.10
                0x1000704c       0x15 CMakeFiles/Pico_Game_Controller.dir/C_/Users/ngadj/Documents/pico-sdk/src/common/pico_time/time.c.obj
 *fill*         0x10007061        0x3 
 .rodata.__func__.11
                0x10007064       0x1a CMakeFiles/Pico_Game_Controller.dir/C_/Users/ngadj/Documents/pico-sdk/src/common/pico_time/time.c.obj
 *fill*         0x1000707e        0x2 
 .rodata.__func__.12
                0x10007080        0xa CMakeFiles/Pico_Game_Controller.dir/C_/Users/ngadj/Documents/pico-sdk/src/common/pico_time/time.c.obj
 *fill*         0x1000708a        0x2 
 .rodata.__func__.3
                0x1000708c       0x17 CMakeFiles/Pico_Game_Controller.dir/C_/Users/ngadj/Documents/pico-sdk/src/common/pico_time/time.c.obj
 *fill*         0x100070a3        0x1 
 .rodata.__func__.4
                0x100070a4       0x12 CMakeFiles/Pico_Game_Controller.dir/C_/Users/ngadj/Documents/pico-sdk/src/common/pico_time/time.c.obj
 *fill*         0x100070b6        0x2 
 .rodata.__func__.5
                0x100070b8        0xd CMakeFiles/Pico_Game_Controller.dir/C_/Users/ngadj/Documents/pico-sdk/src/common/pico_time/time.c.obj
 *fill*         0x100070c5        0x3 
 .rodata.__func__.6
                0x100070c8       0x12 CMakeFiles/Pico_Game_Controller.dir/C_/Users/ngadj/Documents/pico-sdk/src/common/pico_time/time.c.obj
 *fill*         0x100070da        0x2 
 .rodata.__func__.7
                0x100070dc        0xf CMakeFiles/Pico_Game_Controller.dir/C_/Users/ngadj/Documents/pico-sdk/src/common/pico_time/time.c.obj
 *fill*         0x100070eb        0x1 
 .rodata.__func__.8
                0x100070ec        0xc CMakeFiles/Pico_Game_Controller.dir/C_/Users/ngadj/Documents/pico-sdk/src/common/pico_time/time.c.obj
 .rodata.__func__.9
                0x100070f8       0x15 CMakeFiles/Pico_Game_Controller.dir/C_/Users/ngadj/Documents/pico-sdk/src/common/pico_time/time.c.obj
 *fill*         0x1000710d        0x3 
 .rodata.hardware_alarm_claim.str1.4
                0x10007110       0x22 CMakeFiles/Pico_Game_Controller.dir/C_/Users/ngadj/Documents/pico-sdk/src/rp2_common/hardware_timer/timer.c.obj
 *fill*         0x10007132        0x2 
 .rodata.hardware_alarm_set_target.str1.4
                0x10007134       0x6c CMakeFiles/Pico_Game_Controller.dir/C_/Users/ngadj/Documents/pico-sdk/src/rp2_common/hardware_timer/timer.c.obj
 .rodata.__func__.0
                0x100071a0       0x1a CMakeFiles/Pico_Game_Controller.dir/C_/Users/ngadj/Documents/pico-sdk/src/rp2_common/hardware_timer/timer.c.obj
 *fill*         0x100071ba        0x2 
 .rodata.str1.4
                0x100071bc       0x64 CMakeFiles/Pico_Game_Controller.dir/C_/Users/ngadj/Documents/pico-sdk/src/common/pico_sync/mutex.c.obj
                                 0xcc (size before relaxing)
 .rodata.__func__.0
                0x10007220        0xb CMakeFiles/Pico_Game_Controller.dir/C_/Users/ngadj/Documents/pico-sdk/src/common/pico_sync/mutex.c.obj
 *fill*         0x1000722b        0x1 
 .rodata.__func__.1
                0x1000722c       0x18 CMakeFiles/Pico_Game_Controller.dir/C_/Users/ngadj/Documents/pico-sdk/src/common/pico_sync/mutex.c.obj
 .rodata.__func__.2
                0x10007244       0x15 CMakeFiles/Pico_Game_Controller.dir/C_/Users/ngadj/Documents/pico-sdk/src/common/pico_sync/mutex.c.obj
 *fill*         0x10007259        0x3 
 .rodata.__func__.3
                0x1000725c       0x15 CMakeFiles/Pico_Game_Controller.dir/C_/Users/ngadj/Documents/pico-sdk/src/common/pico_sync/mutex.c.obj
 .rodata.ph_add_child_node.str1.4
                0x10007271       0x9e CMakeFiles/Pico_Game_Controller.dir/C_/Users/ngadj/Documents/pico-sdk/src/common/pico_util/pheap.c.obj
 *fill*         0x10007271        0x3 
 .rodata.ph_remove_any_head.str1.4
                0x10007274       0x94 CMakeFiles/Pico_Game_Controller.dir/C_/Users/ngadj/Documents/pico-sdk/src/common/pico_util/pheap.c.obj
 .rodata.ph_remove_and_free_node.str1.4
                0x10007308       0x26 CMakeFiles/Pico_Game_Controller.dir/C_/Users/ngadj/Documents/pico-sdk/src/common/pico_util/pheap.c.obj
 *fill*         0x1000732e        0x2 
 .rodata.__func__.0
                0x10007330       0x18 CMakeFiles/Pico_Game_Controller.dir/C_/Users/ngadj/Documents/pico-sdk/src/common/pico_util/pheap.c.obj
 .rodata.__func__.1
                0x10007348       0x13 CMakeFiles/Pico_Game_Controller.dir/C_/Users/ngadj/Documents/pico-sdk/src/common/pico_util/pheap.c.obj
 *fill*         0x1000735b        0x1 
 .rodata.__func__.2
                0x1000735c       0x12 CMakeFiles/Pico_Game_Controller.dir/C_/Users/ngadj/Documents/pico-sdk/src/common/pico_util/pheap.c.obj
 *fill*         0x1000736e        0x2 
 .rodata.__func__.3
                0x10007370        0xc CMakeFiles/Pico_Game_Controller.dir/C_/Users/ngadj/Documents/pico-sdk/src/common/pico_util/pheap.c.obj
 .rodata.__assert_func.str1.4
                0x1000737c       0x3f CMakeFiles/Pico_Game_Controller.dir/C_/Users/ngadj/Documents/pico-sdk/src/rp2_common/pico_runtime/runtime.c.obj
                                 0x43 (size before relaxing)
 *fill*         0x100073bb        0x1 
 .rodata.panic.str1.4
                0x100073bc       0x12 CMakeFiles/Pico_Game_Controller.dir/C_/Users/ngadj/Documents/pico-sdk/src/rp2_common/pico_runtime/runtime.c.obj
 *fill*         0x100073ce        0x2 
 .rodata.clock_configure.str1.4
                0x100073d0       0x5e CMakeFiles/Pico_Game_Controller.dir/C_/Users/ngadj/Documents/pico-sdk/src/rp2_common/hardware_clocks/clocks.c.obj
 *fill*         0x1000742e        0x2 
 .rodata.__func__.1
                0x10007430       0x10 CMakeFiles/Pico_Game_Controller.dir/C_/Users/ngadj/Documents/pico-sdk/src/rp2_common/hardware_clocks/clocks.c.obj
 .rodata.pll_init.str1.4
                0x10007440       0xdf CMakeFiles/Pico_Game_Controller.dir/C_/Users/ngadj/Documents/pico-sdk/src/rp2_common/hardware_pll/pll.c.obj
 *fill*         0x1000751f        0x1 
 .rodata.__func__.0
                0x10007520        0x9 CMakeFiles/Pico_Game_Controller.dir/C_/Users/ngadj/Documents/pico-sdk/src/rp2_common/hardware_pll/pll.c.obj
 *fill*         0x10007529        0x3 
 .rodata.make_branch.str1.4
                0x1000752c       0x54 CMakeFiles/Pico_Game_Controller.dir/C_/Users/ngadj/Documents/pico-sdk/src/rp2_common/hardware_irq/irq.c.obj
 .rodata.irq_set_exclusive_handler.str1.4
                0x10007580       0x36 CMakeFiles/Pico_Game_Controller.dir/C_/Users/ngadj/Documents/pico-sdk/src/rp2_common/hardware_irq/irq.c.obj
 *fill*         0x100075b6        0x2 
 .rodata.irq_add_shared_handler.str1.4
                0x100075b8       0xd9 CMakeFiles/Pico_Game_Controller.dir/C_/Users/ngadj/Documents/pico-sdk/src/rp2_common/hardware_irq/irq.c.obj
 *fill*         0x10007691        0x3 
 .rodata.irq_remove_handler.str1.4
                0x10007694       0x2a CMakeFiles/Pico_Game_Controller.dir/C_/Users/ngadj/Documents/pico-sdk/src/rp2_common/hardware_irq/irq.c.obj
 *fill*         0x100076be        0x2 
 .rodata.irq_add_tail_to_free_list.str1.4
                0x100076c0       0x32 CMakeFiles/Pico_Game_Controller.dir/C_/Users/ngadj/Documents/pico-sdk/src/rp2_common/hardware_irq/irq.c.obj
                                 0x3a (size before relaxing)
 *fill*         0x100076f2        0x2 
 .rodata.__func__.0
                0x100076f4       0x1a CMakeFiles/Pico_Game_Controller.dir/C_/Users/ngadj/Documents/pico-sdk/src/rp2_common/hardware_irq/irq.c.obj
 *fill*         0x1000770e        0x2 
 .rodata.__func__.1
                0x10007710       0x17 CMakeFiles/Pico_Game_Controller.dir/C_/Users/ngadj/Documents/pico-sdk/src/rp2_common/hardware_irq/irq.c.obj
 *fill*         0x10007727        0x1 
 .rodata.__func__.2
                0x10007728       0x13 CMakeFiles/Pico_Game_Controller.dir/C_/Users/ngadj/Documents/pico-sdk/src/rp2_common/hardware_irq/irq.c.obj
 *fill*         0x1000773b        0x1 
 .rodata.__func__.3
                0x1000773c        0xc CMakeFiles/Pico_Game_Controller.dir/C_/Users/ngadj/Documents/pico-sdk/src/rp2_common/hardware_irq/irq.c.obj
 .rodata.__func__.4
                0x10007748        0xf CMakeFiles/Pico_Game_Controller.dir/C_/Users/ngadj/Documents/pico-sdk/src/rp2_common/hardware_irq/irq.c.obj
 *fill*         0x10007757        0x1 
 .rodata.__func__.6
                0x10007758       0x1a CMakeFiles/Pico_Game_Controller.dir/C_/Users/ngadj/Documents/pico-sdk/src/rp2_common/hardware_irq/irq.c.obj
 *fill*         0x10007772        0x2 
 .rodata._ftoa.str1.4
                0x10007774       0x15 CMakeFiles/Pico_Game_Controller.dir/C_/Users/ngadj/Documents/pico-sdk/src/rp2_common/pico_printf/printf.c.obj
 *fill*         0x10007789        0x3 
 .rodata._vsnprintf
                0x1000778c      0x1e0 CMakeFiles/Pico_Game_Controller.dir/C_/Users/ngadj/Documents/pico-sdk/src/rp2_common/pico_printf/printf.c.obj
 *fill*         0x1000796c        0x4 
 .rodata.pow10.0
                0x10007970       0x50 CMakeFiles/Pico_Game_Controller.dir/C_/Users/ngadj/Documents/pico-sdk/src/rp2_common/pico_printf/printf.c.obj
 .rodata.__aeabi_double_init.str1.4
                0x100079c0       0xaf CMakeFiles/Pico_Game_Controller.dir/C_/Users/ngadj/Documents/pico-sdk/src/rp2_common/pico_double/double_init_rom.c.obj
 *fill*         0x10007a6f        0x1 
 .rodata.__func__.0
                0x10007a70       0x14 CMakeFiles/Pico_Game_Controller.dir/C_/Users/ngadj/Documents/pico-sdk/src/rp2_common/pico_double/double_init_rom.c.obj
 .rodata.__aeabi_float_init.str1.4
                0x10007a84       0x81 CMakeFiles/Pico_Game_Controller.dir/C_/Users/ngadj/Documents/pico-sdk/src/rp2_common/pico_float/float_init_rom.c.obj
                                 0x85 (size before relaxing)
 *fill*         0x10007b05        0x3 
 .rodata.__func__.0
                0x10007b08       0x13 CMakeFiles/Pico_Game_Controller.dir/C_/Users/ngadj/Documents/pico-sdk/src/rp2_common/pico_float/float_init_rom.c.obj
 *fill*         0x10007b1b        0x1 
 .rodata.str1.4
                0x10007b1c       0x4c CMakeFiles/Pico_Game_Controller.dir/C_/Users/ngadj/Documents/pico-sdk/src/rp2_common/pico_standard_link/binary_info.c.obj
 .rodata.__bi_44
                0x10007b68        0xc CMakeFiles/Pico_Game_Controller.dir/C_/Users/ngadj/Documents/pico-sdk/src/rp2_common/pico_standard_link/binary_info.c.obj
 .rodata.__bi_75
                0x10007b74        0xc CMakeFiles/Pico_Game_Controller.dir/C_/Users/ngadj/Documents/pico-sdk/src/rp2_common/pico_standard_link/binary_info.c.obj
 .rodata.__bi_81
                0x10007b80        0xc CMakeFiles/Pico_Game_Controller.dir/C_/Users/ngadj/Documents/pico-sdk/src/rp2_common/pico_standard_link/binary_info.c.obj
 .rodata.crlf_str.2
                0x10007b8c        0x2 CMakeFiles/Pico_Game_Controller.dir/C_/Users/ngadj/Documents/pico-sdk/src/rp2_common/pico_stdio/stdio.c.obj
 *fill*         0x10007b8e        0x2 
 .rodata.str1.4
                0x10007b90       0x2c CMakeFiles/Pico_Game_Controller.dir/C_/Users/ngadj/Documents/pico-sdk/src/rp2_common/pico_stdio_uart/stdio_uart.c.obj
 .rodata.__bi_28.4
                0x10007bbc        0xc CMakeFiles/Pico_Game_Controller.dir/C_/Users/ngadj/Documents/pico-sdk/src/rp2_common/pico_stdio_uart/stdio_uart.c.obj
 .rodata.__bi_29.5
                0x10007bc8        0x8 CMakeFiles/Pico_Game_Controller.dir/C_/Users/ngadj/Documents/pico-sdk/src/rp2_common/pico_stdio_uart/stdio_uart.c.obj
 .rodata._hw_endpoint_alloc.str1.4
                0x10007bd0       0xbd CMakeFiles/Pico_Game_Controller.dir/C_/Users/ngadj/Documents/pico-sdk/lib/tinyusb/src/portable/raspberrypi/rp2040/dcd_rp2040.c.obj
 *fill*         0x10007c8d        0x3 
 .rodata._hw_endpoint_init.str1.4
                0x10007c90       0x28 CMakeFiles/Pico_Game_Controller.dir/C_/Users/ngadj/Documents/pico-sdk/lib/tinyusb/src/portable/raspberrypi/rp2040/dcd_rp2040.c.obj
 .rodata.hw_handle_buff_status.str1.4
                0x10007cb8        0xb CMakeFiles/Pico_Game_Controller.dir/C_/Users/ngadj/Documents/pico-sdk/lib/tinyusb/src/portable/raspberrypi/rp2040/dcd_rp2040.c.obj
 *fill*         0x10007cc3        0x1 
 .rodata.dcd_rp2040_irq.str1.4
                0x10007cc4       0x14 CMakeFiles/Pico_Game_Controller.dir/C_/Users/ngadj/Documents/pico-sdk/lib/tinyusb/src/portable/raspberrypi/rp2040/dcd_rp2040.c.obj
 .rodata._hw_endpoint_stall.str1.4
                0x10007cd8        0xd CMakeFiles/Pico_Game_Controller.dir/C_/Users/ngadj/Documents/pico-sdk/lib/tinyusb/src/portable/raspberrypi/rp2040/dcd_rp2040.c.obj
 *fill*         0x10007ce5        0x3 
 .rodata.dcd_int_enable.str1.4
                0x10007ce8        0xc CMakeFiles/Pico_Game_Controller.dir/C_/Users/ngadj/Documents/pico-sdk/lib/tinyusb/src/portable/raspberrypi/rp2040/dcd_rp2040.c.obj
 .rodata.__func__.0
                0x10007cf4       0x15 CMakeFiles/Pico_Game_Controller.dir/C_/Users/ngadj/Documents/pico-sdk/lib/tinyusb/src/portable/raspberrypi/rp2040/dcd_rp2040.c.obj
 *fill*         0x10007d09        0x3 
 .rodata.__func__.1
                0x10007d0c       0x13 CMakeFiles/Pico_Game_Controller.dir/C_/Users/ngadj/Documents/pico-sdk/lib/tinyusb/src/portable/raspberrypi/rp2040/dcd_rp2040.c.obj
 *fill*         0x10007d1f        0x1 
 .rodata.__func__.10
                0x10007d20        0xf CMakeFiles/Pico_Game_Controller.dir/C_/Users/ngadj/Documents/pico-sdk/lib/tinyusb/src/portable/raspberrypi/rp2040/dcd_rp2040.c.obj
 *fill*         0x10007d2f        0x1 
 .rodata.__func__.11
                0x10007d30       0x13 CMakeFiles/Pico_Game_Controller.dir/C_/Users/ngadj/Documents/pico-sdk/lib/tinyusb/src/portable/raspberrypi/rp2040/dcd_rp2040.c.obj
 *fill*         0x10007d43        0x1 
 .rodata.__func__.12
                0x10007d44       0x16 CMakeFiles/Pico_Game_Controller.dir/C_/Users/ngadj/Documents/pico-sdk/lib/tinyusb/src/portable/raspberrypi/rp2040/dcd_rp2040.c.obj
 *fill*         0x10007d5a        0x2 
 .rodata.__func__.13
                0x10007d5c        0x9 CMakeFiles/Pico_Game_Controller.dir/C_/Users/ngadj/Documents/pico-sdk/lib/tinyusb/src/portable/raspberrypi/rp2040/dcd_rp2040.c.obj
 *fill*         0x10007d65        0x3 
 .rodata.__func__.2
                0x10007d68        0xf CMakeFiles/Pico_Game_Controller.dir/C_/Users/ngadj/Documents/pico-sdk/lib/tinyusb/src/portable/raspberrypi/rp2040/dcd_rp2040.c.obj
 *fill*         0x10007d77        0x1 
 .rodata.__func__.3
                0x10007d78        0xe CMakeFiles/Pico_Game_Controller.dir/C_/Users/ngadj/Documents/pico-sdk/lib/tinyusb/src/portable/raspberrypi/rp2040/dcd_rp2040.c.obj
 *fill*         0x10007d86        0x2 
 .rodata.__func__.4
                0x10007d88        0xe CMakeFiles/Pico_Game_Controller.dir/C_/Users/ngadj/Documents/pico-sdk/lib/tinyusb/src/portable/raspberrypi/rp2040/dcd_rp2040.c.obj
 *fill*         0x10007d96        0x2 
 .rodata.__func__.5
                0x10007d98       0x1a CMakeFiles/Pico_Game_Controller.dir/C_/Users/ngadj/Documents/pico-sdk/lib/tinyusb/src/portable/raspberrypi/rp2040/dcd_rp2040.c.obj
 *fill*         0x10007db2        0x2 
 .rodata.__func__.6
                0x10007db4        0xc CMakeFiles/Pico_Game_Controller.dir/C_/Users/ngadj/Documents/pico-sdk/lib/tinyusb/src/portable/raspberrypi/rp2040/dcd_rp2040.c.obj
 .rodata.__func__.8
                0x10007dc0       0x10 CMakeFiles/Pico_Game_Controller.dir/C_/Users/ngadj/Documents/pico-sdk/lib/tinyusb/src/portable/raspberrypi/rp2040/dcd_rp2040.c.obj
 .rodata._hw_endpoint_buffer_control_update32.str1.4
                0x10007dd0       0x1f CMakeFiles/Pico_Game_Controller.dir/C_/Users/ngadj/Documents/pico-sdk/lib/tinyusb/src/portable/raspberrypi/rp2040/rp2040_usb.c.obj
 *fill*         0x10007def        0x1 
 .rodata._hw_endpoint_xfer_sync.str1.4
                0x10007df0       0x99 CMakeFiles/Pico_Game_Controller.dir/C_/Users/ngadj/Documents/pico-sdk/lib/tinyusb/src/portable/raspberrypi/rp2040/rp2040_usb.c.obj
 *fill*         0x10007e89        0x3 
 .rodata._hw_endpoint_xfer_continue.str1.4
                0x10007e8c       0x50 CMakeFiles/Pico_Game_Controller.dir/C_/Users/ngadj/Documents/pico-sdk/lib/tinyusb/src/portable/raspberrypi/rp2040/rp2040_usb.c.obj
 .rodata._hw_endpoint_xfer.str1.4
                0x10007edc        0xf CMakeFiles/Pico_Game_Controller.dir/C_/Users/ngadj/Documents/pico-sdk/lib/tinyusb/src/portable/raspberrypi/rp2040/rp2040_usb.c.obj
 .rodata.str1.4
                0x10007eeb        0xf CMakeFiles/Pico_Game_Controller.dir/C_/Users/ngadj/Documents/pico-sdk/lib/tinyusb/src/portable/raspberrypi/rp2040/rp2040_usb.c.obj
                                  0x7 (size before relaxing)
 *fill*         0x10007eeb        0x1 
 .rodata.__func__.0
                0x10007eec       0x12 CMakeFiles/Pico_Game_Controller.dir/C_/Users/ngadj/Documents/pico-sdk/lib/tinyusb/src/portable/raspberrypi/rp2040/rp2040_usb.c.obj
 *fill*         0x10007efe        0x2 
 .rodata.__func__.1
                0x10007f00       0x17 CMakeFiles/Pico_Game_Controller.dir/C_/Users/ngadj/Documents/pico-sdk/lib/tinyusb/src/portable/raspberrypi/rp2040/rp2040_usb.c.obj
 *fill*         0x10007f17        0x1 
 .rodata.process_set_config.str1.4
                0x10007f18       0x17 CMakeFiles/Pico_Game_Controller.dir/C_/Users/ngadj/Documents/pico-sdk/lib/tinyusb/src/device/usbd.c.obj
 *fill*         0x10007f2f        0x1 
 .rodata.process_get_descriptor
                0x10007f30       0x40 CMakeFiles/Pico_Game_Controller.dir/C_/Users/ngadj/Documents/pico-sdk/lib/tinyusb/src/device/usbd.c.obj
 .rodata.dcd_event_handler.str1.4
                0x10007f70       0x53 CMakeFiles/Pico_Game_Controller.dir/C_/Users/ngadj/Documents/pico-sdk/lib/tinyusb/src/device/usbd.c.obj
 *fill*         0x10007fc3        0x1 
 .rodata.process_control_request
                0x10007fc4       0x28 CMakeFiles/Pico_Game_Controller.dir/C_/Users/ngadj/Documents/pico-sdk/lib/tinyusb/src/device/usbd.c.obj
 .rodata.tud_task
                0x10007fec       0x24 CMakeFiles/Pico_Game_Controller.dir/C_/Users/ngadj/Documents/pico-sdk/lib/tinyusb/src/device/usbd.c.obj
 .rodata.__func__.1
                0x10008010        0xf CMakeFiles/Pico_Game_Controller.dir/C_/Users/ngadj/Documents/pico-sdk/lib/tinyusb/src/device/usbd.c.obj
 *fill*         0x1000801f        0x1 
 .rodata.__func__.2
                0x10008020       0x14 CMakeFiles/Pico_Game_Controller.dir/C_/Users/ngadj/Documents/pico-sdk/lib/tinyusb/src/device/usbd.c.obj
 .rodata.__func__.3
                0x10008034       0x10 CMakeFiles/Pico_Game_Controller.dir/C_/Users/ngadj/Documents/pico-sdk/lib/tinyusb/src/device/usbd.c.obj
 .rodata.__func__.4
                0x10008044       0x17 CMakeFiles/Pico_Game_Controller.dir/C_/Users/ngadj/Documents/pico-sdk/lib/tinyusb/src/device/usbd.c.obj
 *fill*         0x1000805b        0x1 
 .rodata.__func__.5
                0x1000805c       0x13 CMakeFiles/Pico_Game_Controller.dir/C_/Users/ngadj/Documents/pico-sdk/lib/tinyusb/src/device/usbd.c.obj
 *fill*         0x1000806f        0x1 
 .rodata.__func__.6
                0x10008070       0x18 CMakeFiles/Pico_Game_Controller.dir/C_/Users/ngadj/Documents/pico-sdk/lib/tinyusb/src/device/usbd.c.obj
 .rodata.__func__.7
                0x10008088       0x13 CMakeFiles/Pico_Game_Controller.dir/C_/Users/ngadj/Documents/pico-sdk/lib/tinyusb/src/device/usbd.c.obj
 *fill*         0x1000809b        0x1 
 .rodata.__func__.8
                0x1000809c        0x9 CMakeFiles/Pico_Game_Controller.dir/C_/Users/ngadj/Documents/pico-sdk/lib/tinyusb/src/device/usbd.c.obj
 *fill*         0x100080a5        0x3 
 .rodata._usbd_driver
                0x100080a8       0x1c CMakeFiles/Pico_Game_Controller.dir/C_/Users/ngadj/Documents/pico-sdk/lib/tinyusb/src/device/usbd.c.obj
 .rodata.tud_control_xfer.str1.4
                0x100080c4       0x17 CMakeFiles/Pico_Game_Controller.dir/C_/Users/ngadj/Documents/pico-sdk/lib/tinyusb/src/device/usbd_control.c.obj
 .rodata.__func__.0
                0x100080c4       0x15 CMakeFiles/Pico_Game_Controller.dir/C_/Users/ngadj/Documents/pico-sdk/lib/tinyusb/src/device/usbd_control.c.obj
 *fill*         0x100080d9        0x3 
 .rodata.__func__.1
                0x100080dc       0x11 CMakeFiles/Pico_Game_Controller.dir/C_/Users/ngadj/Documents/pico-sdk/lib/tinyusb/src/device/usbd_control.c.obj
 *fill*         0x100080ed        0x3 
 .rodata.hidd_open.str1.4
                0x100080f0       0x11 CMakeFiles/Pico_Game_Controller.dir/C_/Users/ngadj/Documents/pico-sdk/lib/tinyusb/src/class/hid/hid_device.c.obj
                                 0x29 (size before relaxing)
 *fill*         0x10008101        0x3 
 .rodata.hidd_control_request
                0x10008104       0x30 CMakeFiles/Pico_Game_Controller.dir/C_/Users/ngadj/Documents/pico-sdk/lib/tinyusb/src/class/hid/hid_device.c.obj
 .rodata.__PRETTY_FUNCTION__.2
                0x10008134        0xa CMakeFiles/Pico_Game_Controller.dir/C_/Users/ngadj/Documents/pico-sdk/lib/tinyusb/src/class/hid/hid_device.c.obj
 *fill*         0x1000813e        0x2 
 .rodata.__func__.0
                0x10008140        0xd CMakeFiles/Pico_Game_Controller.dir/C_/Users/ngadj/Documents/pico-sdk/lib/tinyusb/src/class/hid/hid_device.c.obj
 *fill*         0x1000814d        0x3 
 .rodata.__func__.1
                0x10008150       0x15 CMakeFiles/Pico_Game_Controller.dir/C_/Users/ngadj/Documents/pico-sdk/lib/tinyusb/src/class/hid/hid_device.c.obj
 *fill*         0x10008165        0x3 
 .rodata.__func__.3
                0x10008168        0xa CMakeFiles/Pico_Game_Controller.dir/C_/Users/ngadj/Documents/pico-sdk/lib/tinyusb/src/class/hid/hid_device.c.obj
 .rodata.tusb_init.str1.4
                0x10008172       0x17 CMakeFiles/Pico_Game_Controller.dir/C_/Users/ngadj/Documents/pico-sdk/lib/tinyusb/src/tusb.c.obj
 *fill*         0x10008172        0x2 
 .rodata.__func__.0
                0x10008174        0xa CMakeFiles/Pico_Game_Controller.dir/C_/Users/ngadj/Documents/pico-sdk/lib/tinyusb/src/tusb.c.obj
 *fill*         0x1000817e        0x2 
 .rodata._pio_find_offset_for_program.str1.4
                0x10008180       0x6c CMakeFiles/Pico_Game_Controller.dir/C_/Users/ngadj/Documents/pico-sdk/src/rp2_common/hardware_pio/pio.c.obj
 .rodata._pio_add_program_at_offset.str1.4
                0x100081ec       0x11 CMakeFiles/Pico_Game_Controller.dir/C_/Users/ngadj/Documents/pico-sdk/src/rp2_common/hardware_pio/pio.c.obj
 *fill*         0x100081fd        0x3 
 .rodata.__func__.1
                0x10008200       0x1d CMakeFiles/Pico_Game_Controller.dir/C_/Users/ngadj/Documents/pico-sdk/src/rp2_common/hardware_pio/pio.c.obj
                0x10008220                . = ALIGN (0x4)
 *fill*         0x1000821d        0x3 
 *(SORT_BY_ALIGNMENT(SORT_BY_NAME(.flashdata*)))
                0x10008220                . = ALIGN (0x4)

.rel.dyn        0x10008220        0x0
 .rel.iplt      0x10008220        0x0 c:/progra~2/gnuarm~1/102020~1/bin/../lib/gcc/arm-none-eabi/10.2.1/thumb/v6-m/nofp/crtbegin.o

.ARM.extab
 *(.ARM.extab* .gnu.linkonce.armextab.*)
                0x10008220                __exidx_start = .

.ARM.exidx
 *(.ARM.exidx* .gnu.linkonce.armexidx.*)
                0x10008220                __exidx_end = .
                0x10008220                . = ALIGN (0x4)
                0x10008220                __binary_info_start = .

.binary_info    0x10008220       0x24
 *(.binary_info.keep.*)
 .binary_info.keep.__bi_ptr22
                0x10008220        0x4 CMakeFiles/Pico_Game_Controller.dir/C_/Users/ngadj/Documents/pico-sdk/src/rp2_common/pico_standard_link/binary_info.c.obj
 .binary_info.keep.__bi_ptr30
                0x10008224        0x4 CMakeFiles/Pico_Game_Controller.dir/C_/Users/ngadj/Documents/pico-sdk/src/rp2_common/pico_standard_link/binary_info.c.obj
 .binary_info.keep.__bi_ptr38
                0x10008228        0x4 CMakeFiles/Pico_Game_Controller.dir/C_/Users/ngadj/Documents/pico-sdk/src/rp2_common/pico_standard_link/binary_info.c.obj
 .binary_info.keep.__bi_ptr44
                0x1000822c        0x4 CMakeFiles/Pico_Game_Controller.dir/C_/Users/ngadj/Documents/pico-sdk/src/rp2_common/pico_standard_link/binary_info.c.obj
 .binary_info.keep.__bi_ptr50
                0x10008230        0x4 CMakeFiles/Pico_Game_Controller.dir/C_/Users/ngadj/Documents/pico-sdk/src/rp2_common/pico_standard_link/binary_info.c.obj
 .binary_info.keep.__bi_ptr75
                0x10008234        0x4 CMakeFiles/Pico_Game_Controller.dir/C_/Users/ngadj/Documents/pico-sdk/src/rp2_common/pico_standard_link/binary_info.c.obj
 .binary_info.keep.__bi_ptr81
                0x10008238        0x4 CMakeFiles/Pico_Game_Controller.dir/C_/Users/ngadj/Documents/pico-sdk/src/rp2_common/pico_standard_link/binary_info.c.obj
 *(.binary_info.*)
 .binary_info.__bi_ptr28
                0x1000823c        0x4 CMakeFiles/Pico_Game_Controller.dir/C_/Users/ngadj/Documents/pico-sdk/src/rp2_common/pico_stdio_uart/stdio_uart.c.obj
 .binary_info.__bi_ptr29
                0x10008240        0x4 CMakeFiles/Pico_Game_Controller.dir/C_/Users/ngadj/Documents/pico-sdk/src/rp2_common/pico_stdio_uart/stdio_uart.c.obj
                0x10008244                __binary_info_end = .
                0x10008244                . = ALIGN (0x4)
                0x10008244                __etext = .

.ram_vector_table
                0x20000000       0xc0
 *(.ram_vector_table)
 .ram_vector_table
                0x20000000       0xc0 CMakeFiles/Pico_Game_Controller.dir/C_/Users/ngadj/Documents/pico-sdk/src/rp2_common/pico_runtime/runtime.c.obj
                0x20000000                ram_vector_table

.data           0x200000c0      0x338 load address 0x10008244
                0x200000c0                __data_start__ = .
 *(vtable)
 *(.time_critical*)
 .time_critical.mutex_enter_blocking
                0x200000c0       0x64 CMakeFiles/Pico_Game_Controller.dir/C_/Users/ngadj/Documents/pico-sdk/src/common/pico_sync/mutex.c.obj
                0x200000c0                mutex_enter_blocking
 .time_critical.mutex_try_enter
                0x20000124       0x46 CMakeFiles/Pico_Game_Controller.dir/C_/Users/ngadj/Documents/pico-sdk/src/common/pico_sync/mutex.c.obj
                0x20000124                mutex_try_enter
 *fill*         0x2000016a        0x2 
 .time_critical.mutex_enter_block_until
                0x2000016c       0x7c CMakeFiles/Pico_Game_Controller.dir/C_/Users/ngadj/Documents/pico-sdk/src/common/pico_sync/mutex.c.obj
                0x2000016c                mutex_enter_block_until
 .time_critical.mutex_enter_timeout_ms
                0x200001e8       0x74 CMakeFiles/Pico_Game_Controller.dir/C_/Users/ngadj/Documents/pico-sdk/src/common/pico_sync/mutex.c.obj
                0x200001e8                mutex_enter_timeout_ms
 .time_critical.mutex_exit
                0x2000025c       0x4c CMakeFiles/Pico_Game_Controller.dir/C_/Users/ngadj/Documents/pico-sdk/src/common/pico_sync/mutex.c.obj
                0x2000025c                mutex_exit
 *(.text*)
 .text          0x200002a8        0x4 c:/progra~2/gnuarm~1/102020~1/bin/../lib/gcc/arm-none-eabi/10.2.1/thumb/v6-m/nofp\libgcc.a(_dvmd_tls.o)
                0x200002a8                __aeabi_idiv0
                0x200002a8                __aeabi_ldiv0
 *fill*         0x200002ac        0x4 
 .text.__stub   0x200002b0       0x40 linker stubs
                0x200002f0                . = ALIGN (0x4)
 *(.rodata*)
                0x200002f0                . = ALIGN (0x4)
 *(.data*)
 .data.string_desc_arr
                0x200002f0       0x10 CMakeFiles/Pico_Game_Controller.dir/usb_descriptors.c.obj
                0x200002f0                string_desc_arr
 .data.striped_spin_lock_num
                0x20000300        0x1 CMakeFiles/Pico_Game_Controller.dir/C_/Users/ngadj/Documents/pico-sdk/src/rp2_common/hardware_sync/sync.c.obj
 *fill*         0x20000301        0x3 
 .data.default_alarm_pool
                0x20000304       0x18 CMakeFiles/Pico_Game_Controller.dir/C_/Users/ngadj/Documents/pico-sdk/src/common/pico_time/time.c.obj
 .data.default_alarm_pool_heap
                0x2000031c       0x10 CMakeFiles/Pico_Game_Controller.dir/C_/Users/ngadj/Documents/pico-sdk/src/common/pico_time/time.c.obj
 .data          0x2000032c       0x48 CMakeFiles/Pico_Game_Controller.dir/C_/Users/ngadj/Documents/pico-sdk/src/rp2_common/hardware_irq/irq_handler_chain.S.obj
                0x2000032c                irq_handler_chain_slots
                0x2000035c                irq_handler_chain_first_slot
                0x20000366                irq_handler_chain_remove_tail
 *fill*         0x20000374        0xc 
 .data.aeabi_bits_funcs
                0x20000380       0x10 CMakeFiles/Pico_Game_Controller.dir/C_/Users/ngadj/Documents/pico-sdk/src/rp2_common/pico_bit_ops/bit_ops_aeabi.S.obj
                0x20000380                aeabi_bits_funcs
                0x20000390                aeabi_bits_funcs_end
 .data.aeabi_mem_funcs
                0x20000390       0x10 CMakeFiles/Pico_Game_Controller.dir/C_/Users/ngadj/Documents/pico-sdk/src/rp2_common/pico_mem_ops/mem_ops_aeabi.S.obj
                0x20000390                aeabi_mem_funcs
                0x200003a0                aeabi_mem_funcs_end
 .data.stdio_uart
                0x200003a0       0x14 CMakeFiles/Pico_Game_Controller.dir/C_/Users/ngadj/Documents/pico-sdk/src/rp2_common/pico_stdio_uart/stdio_uart.c.obj
                0x200003a0                stdio_uart
 .data.ep_dir_string
                0x200003b4        0x8 CMakeFiles/Pico_Game_Controller.dir/C_/Users/ngadj/Documents/pico-sdk/lib/tinyusb/src/portable/raspberrypi/rp2040/rp2040_usb.c.obj
                0x200003b4                ep_dir_string
 .data._usbd_qdef
                0x200003bc       0x20 CMakeFiles/Pico_Game_Controller.dir/C_/Users/ngadj/Documents/pico-sdk/lib/tinyusb/src/device/usbd.c.obj
                0x200003bc                _usbd_qdef
                0x200003dc                . = ALIGN (0x4)
 *(.after_data.*)
                0x200003dc                . = ALIGN (0x4)
                0x200003dc                PROVIDE (__mutex_array_start = .)
 *(SORT_BY_NAME(.mutex_array.*))
 *(.mutex_array)
 .mutex_array   0x200003dc        0x8 CMakeFiles/Pico_Game_Controller.dir/C_/Users/ngadj/Documents/pico-sdk/src/rp2_common/pico_stdio/stdio.c.obj
                0x200003e4                PROVIDE (__mutex_array_end = .)
                0x200003e4                . = ALIGN (0x4)
                0x200003e4                PROVIDE (__preinit_array_start = .)
 *(SORT_BY_NAME(.preinit_array.*))
 .preinit_array.00001
                0x200003e4        0x4 CMakeFiles/Pico_Game_Controller.dir/C_/Users/ngadj/Documents/pico-sdk/src/rp2_common/pico_mem_ops/mem_ops_aeabi.S.obj
 .preinit_array.00010
                0x200003e8        0x4 CMakeFiles/Pico_Game_Controller.dir/C_/Users/ngadj/Documents/pico-sdk/src/rp2_common/pico_bit_ops/bit_ops_aeabi.S.obj
 .preinit_array.00020
                0x200003ec        0x4 CMakeFiles/Pico_Game_Controller.dir/C_/Users/ngadj/Documents/pico-sdk/src/rp2_common/pico_double/double_aeabi.S.obj
 .preinit_array.00020
                0x200003f0        0x4 CMakeFiles/Pico_Game_Controller.dir/C_/Users/ngadj/Documents/pico-sdk/src/rp2_common/pico_float/float_aeabi.S.obj
 *(.preinit_array)
                0x200003f4                PROVIDE (__preinit_array_end = .)
                0x200003f4                . = ALIGN (0x4)
                0x200003f4                PROVIDE (__init_array_start = .)
 *(SORT_BY_NAME(.init_array.*))
 *(.init_array)
 .init_array    0x200003f4        0x4 c:/progra~2/gnuarm~1/102020~1/bin/../lib/gcc/arm-none-eabi/10.2.1/thumb/v6-m/nofp/crtbegin.o
                0x200003f8                PROVIDE (__init_array_end = .)
                0x200003f8                . = ALIGN (0x4)
                [!provide]                PROVIDE (__fini_array_start = .)
 *(SORT_BY_NAME(.fini_array.*))
 *(.fini_array)
                [!provide]                PROVIDE (__fini_array_end = .)
 *(.jcr)
                0x200003f8                . = ALIGN (0x4)
                0x200003f8                __data_end__ = .

.igot.plt       0x200003f8        0x0 load address 0x1000857c
 .igot.plt      0x200003f8        0x0 c:/progra~2/gnuarm~1/102020~1/bin/../lib/gcc/arm-none-eabi/10.2.1/thumb/v6-m/nofp/crtbegin.o
