Archive member included to satisfy reference by file (symbol)

c:/progra~2/gnuarm~1/102020~1/bin/../lib/gcc/arm-none-eabi/10.2.1/thumb/v6-m/nofp\libgcc.a(_dvmd_tls.o)
                              CMakeFiles/pico_sdvx.dir/C_/Users/ngadj/Documents/pico-sdk/src/rp2_common/pico_divider/divider.S.obj (__aeabi_idiv0)
c:/progra~2/gnuarm~1/102020~1/bin/../lib/gcc/arm-none-eabi/10.2.1/../../../../arm-none-eabi/lib/thumb/v6-m/nofp\libg.a(lib_a-calloc.o)
                              CMakeFiles/pico_sdvx.dir/C_/Users/ngadj/Documents/pico-sdk/src/rp2_common/pico_malloc/pico_malloc.c.obj (calloc)
c:/progra~2/gnuarm~1/102020~1/bin/../lib/gcc/arm-none-eabi/10.2.1/../../../../arm-none-eabi/lib/thumb/v6-m/nofp\libg.a(lib_a-callocr.o)
                              c:/progra~2/gnuarm~1/102020~1/bin/../lib/gcc/arm-none-eabi/10.2.1/../../../../arm-none-eabi/lib/thumb/v6-m/nofp\libg.a(lib_a-calloc.o) (_calloc_r)
c:/progra~2/gnuarm~1/102020~1/bin/../lib/gcc/arm-none-eabi/10.2.1/../../../../arm-none-eabi/lib/thumb/v6-m/nofp\libg.a(lib_a-ctype_.o)
                              CMakeFiles/pico_sdvx.dir/C_/Users/ngadj/Documents/pico-sdk/lib/tinyusb/src/tusb.c.obj (_ctype_)
c:/progra~2/gnuarm~1/102020~1/bin/../lib/gcc/arm-none-eabi/10.2.1/../../../../arm-none-eabi/lib/thumb/v6-m/nofp\libg.a(lib_a-impure.o)
                              c:/progra~2/gnuarm~1/102020~1/bin/../lib/gcc/arm-none-eabi/10.2.1/../../../../arm-none-eabi/lib/thumb/v6-m/nofp\libg.a(lib_a-calloc.o) (_impure_ptr)
c:/progra~2/gnuarm~1/102020~1/bin/../lib/gcc/arm-none-eabi/10.2.1/../../../../arm-none-eabi/lib/thumb/v6-m/nofp\libg.a(lib_a-init.o)
                              c:/progra~2/gnuarm~1/102020~1/bin/../lib/gcc/arm-none-eabi/10.2.1/../../../../arm-none-eabi/lib/thumb/v6-m/nofp/crt0.o (__libc_init_array)
c:/progra~2/gnuarm~1/102020~1/bin/../lib/gcc/arm-none-eabi/10.2.1/../../../../arm-none-eabi/lib/thumb/v6-m/nofp\libg.a(lib_a-malloc.o)
                              CMakeFiles/pico_sdvx.dir/C_/Users/ngadj/Documents/pico-sdk/src/rp2_common/pico_malloc/pico_malloc.c.obj (malloc)
c:/progra~2/gnuarm~1/102020~1/bin/../lib/gcc/arm-none-eabi/10.2.1/../../../../arm-none-eabi/lib/thumb/v6-m/nofp\libg.a(lib_a-mallocr.o)
                              c:/progra~2/gnuarm~1/102020~1/bin/../lib/gcc/arm-none-eabi/10.2.1/../../../../arm-none-eabi/lib/thumb/v6-m/nofp\libg.a(lib_a-callocr.o) (_malloc_r)
c:/progra~2/gnuarm~1/102020~1/bin/../lib/gcc/arm-none-eabi/10.2.1/../../../../arm-none-eabi/lib/thumb/v6-m/nofp\libg.a(lib_a-mlock.o)
                              c:/progra~2/gnuarm~1/102020~1/bin/../lib/gcc/arm-none-eabi/10.2.1/../../../../arm-none-eabi/lib/thumb/v6-m/nofp\libg.a(lib_a-mallocr.o) (__malloc_lock)
c:/progra~2/gnuarm~1/102020~1/bin/../lib/gcc/arm-none-eabi/10.2.1/../../../../arm-none-eabi/lib/thumb/v6-m/nofp\libg.a(lib_a-sbrkr.o)
                              c:/progra~2/gnuarm~1/102020~1/bin/../lib/gcc/arm-none-eabi/10.2.1/../../../../arm-none-eabi/lib/thumb/v6-m/nofp\libg.a(lib_a-mallocr.o) (_sbrk_r)
c:/progra~2/gnuarm~1/102020~1/bin/../lib/gcc/arm-none-eabi/10.2.1/../../../../arm-none-eabi/lib/thumb/v6-m/nofp\libg.a(lib_a-strlen-stub.o)
                              CMakeFiles/pico_sdvx.dir/usb_descriptors.c.obj (strlen)
c:/progra~2/gnuarm~1/102020~1/bin/../lib/gcc/arm-none-eabi/10.2.1/../../../../arm-none-eabi/lib/thumb/v6-m/nofp\libg.a(lib_a-freer.o)
                              c:/progra~2/gnuarm~1/102020~1/bin/../lib/gcc/arm-none-eabi/10.2.1/../../../../arm-none-eabi/lib/thumb/v6-m/nofp\libg.a(lib_a-malloc.o) (_free_r)
c:/progra~2/gnuarm~1/102020~1/bin/../lib/gcc/arm-none-eabi/10.2.1/../../../../arm-none-eabi/lib/thumb/v6-m/nofp\libg.a(lib_a-lock.o)
                              c:/progra~2/gnuarm~1/102020~1/bin/../lib/gcc/arm-none-eabi/10.2.1/../../../../arm-none-eabi/lib/thumb/v6-m/nofp\libg.a(lib_a-mlock.o) (__retarget_lock_acquire_recursive)
c:/progra~2/gnuarm~1/102020~1/bin/../lib/gcc/arm-none-eabi/10.2.1/../../../../arm-none-eabi/lib/thumb/v6-m/nofp\libg.a(lib_a-reent.o)
                              c:/progra~2/gnuarm~1/102020~1/bin/../lib/gcc/arm-none-eabi/10.2.1/../../../../arm-none-eabi/lib/thumb/v6-m/nofp\libg.a(lib_a-sbrkr.o) (errno)

Discarded input sections

 .text          0x00000000        0x0 c:/progra~2/gnuarm~1/102020~1/bin/../lib/gcc/arm-none-eabi/10.2.1/thumb/v6-m/nofp/crti.o
 .data          0x00000000        0x0 c:/progra~2/gnuarm~1/102020~1/bin/../lib/gcc/arm-none-eabi/10.2.1/thumb/v6-m/nofp/crti.o
 .bss           0x00000000        0x0 c:/progra~2/gnuarm~1/102020~1/bin/../lib/gcc/arm-none-eabi/10.2.1/thumb/v6-m/nofp/crti.o
 .data          0x00000000        0x4 c:/progra~2/gnuarm~1/102020~1/bin/../lib/gcc/arm-none-eabi/10.2.1/thumb/v6-m/nofp/crtbegin.o
 .rodata        0x00000000       0x24 c:/progra~2/gnuarm~1/102020~1/bin/../lib/gcc/arm-none-eabi/10.2.1/thumb/v6-m/nofp/crtbegin.o
[...]
Memory Configuration

Name             Origin             Length             Attributes
FLASH            0x10000000         0x00200000         xr
RAM              0x20000000         0x00040000         xrw
SCRATCH_X        0x20040000         0x00001000         xrw
SCRATCH_Y        0x20041000         0x00001000         xrw
*default*        0x00000000         0xffffffff

Linker script and memory map

LOAD c:/progra~2/gnuarm~1/102020~1/bin/../lib/gcc/arm-none-eabi/10.2.1/thumb/v6-m/nofp/crti.o
LOAD c:/progra~2/gnuarm~1/102020~1/bin/../lib/gcc/arm-none-eabi/10.2.1/thumb/v6-m/nofp/crtbegin.o
LOAD c:/progra~2/gnuarm~1/102020~1/bin/../lib/gcc/arm-none-eabi/10.2.1/../../../../arm-none-eabi/lib/thumb/v6-m/nofp/crt0.o

.flash_begin    0x10000000        0x0
                0x10000000                __flash_binary_start = .

.boot2          0x10000000      0x100
                0x10000000                __boot2_start__ = .
 *(.boot2)
 .boot2         0x10000000      0x100 C:\Users\ngadj\AppData\Local\Temp\ccIct9Ni.o
                0x10000100                __boot2_end__ = .
                0x00000001                ASSERT (((__boot2_end__ - __boot2_start__) == 0x100), ERROR: Pico second stage bootloader must be 256 bytes in size)

.text           0x10000100     0x6dc8
                0x10000100                __logical_binary_start = .
 *(.vectors)
 .vectors       0x10000100       0xd4 CMakeFiles/pico_sdvx.dir/C_/Users/ngadj/Documents/pico-sdk/src/rp2_common/pico_standard_link/crt0.S.obj
                0x10000100                __vectors
                0x100001c0                isr_invalid
                0x100001c2                isr_nmi
                0x100001c4                isr_hardfault
                0x100001c6                isr_svcall
                0x100001c8                isr_pendsv
                0x100001ca                isr_systick
                0x100001cc                isr_irq11
                0x100001cc                isr_irq5
                0x100001cc                isr_irq23
                0x100001cc                isr_irq18
                0x100001cc                isr_irq31
                0x100001cc                isr_irq28
                0x100001cc                isr_irq19
                0x100001cc                isr_irq0
                0x100001cc                isr_irq6
                0x100001cc                isr_irq27
                0x100001cc                isr_irq12
                0x100001cc                isr_irq22
                0x100001cc                isr_irq13
                0x100001cc                isr_irq17
                0x100001cc                isr_irq14
                0x100001cc                isr_irq2
                0x100001cc                isr_irq10
                0x100001cc                isr_irq8
                0x100001cc                isr_irq24
                0x100001cc                isr_irq1
                0x100001cc                isr_irq7
                0x100001cc                isr_irq21
                0x100001cc                isr_irq20
                0x100001cc                isr_irq15
                0x100001cc                isr_irq25
                0x100001cc                __unhandled_user_irq
                0x100001cc                isr_irq4
                0x100001cc                isr_irq16
                0x100001cc                isr_irq29
                0x100001cc                isr_irq26
                0x100001cc                isr_irq3
                0x100001cc                isr_irq30
                0x100001cc                isr_irq9
                0x100001d2                unhandled_user_irq_num_in_r0
 *(.binary_info_header)
 .binary_info_header
                0x100001d4       0x14 CMakeFiles/pico_sdvx.dir/C_/Users/ngadj/Documents/pico-sdk/src/rp2_common/pico_standard_link/crt0.S.obj
                0x100001e8                __binary_info_header_end = .
 *(.reset)
 .reset         0x100001e8       0xa8 CMakeFiles/pico_sdvx.dir/C_/Users/ngadj/Documents/pico-sdk/src/rp2_common/pico_standard_link/crt0.S.obj
                0x100001e8                _entry_point
                0x10000266                __get_current_exception
 .reset         0x10000290       0x30 CMakeFiles/pico_sdvx.dir/C_/Users/ngadj/Documents/pico-sdk/src/rp2_common/pico_standard_link/binary_info.c.obj
 *(.init)
 .init          0x100002c0        0x4 c:/progra~2/gnuarm~1/102020~1/bin/../lib/gcc/arm-none-eabi/10.2.1/thumb/v6-m/nofp/crti.o
                0x100002c0                _init
 *(EXCLUDE_FILE(*libm.a: *libc.a:*lib_a-mem*.o *libgcc.a:) .text*)
 .text          0x100002c4       0x48 c:/progra~2/gnuarm~1/102020~1/bin/../lib/gcc/arm-none-eabi/10.2.1/thumb/v6-m/nofp/crtbegin.o
 .text.init     0x1000030c       0xc8 CMakeFiles/pico_sdvx.dir/pico_sdvx.c.obj
                0x1000030c                init
 .text.key_mode
                0x100003d4      0x198 CMakeFiles/pico_sdvx.dir/pico_sdvx.c.obj
                0x100003d4                key_mode
 .text.main     0x1000056c       0x18 CMakeFiles/pico_sdvx.dir/pico_sdvx.c.obj
                0x1000056c                main
 .text.tud_hid_get_report_cb
                0x10000584        0x4 CMakeFiles/pico_sdvx.dir/pico_sdvx.c.obj
                0x10000584                tud_hid_get_report_cb
 .text.tud_hid_set_report_cb
                0x10000588        0x2 CMakeFiles/pico_sdvx.dir/pico_sdvx.c.obj
                0x10000588                tud_hid_set_report_cb
 *fill*         0x1000058a        0x2 
 .text.tud_descriptor_device_cb
                0x1000058c        0x8 CMakeFiles/pico_sdvx.dir/usb_descriptors.c.obj
                0x1000058c                tud_descriptor_device_cb
 .text.tud_hid_descriptor_report_cb
                0x10000594        0x8 CMakeFiles/pico_sdvx.dir/usb_descriptors.c.obj
                0x10000594                tud_hid_descriptor_report_cb
 .text.tud_descriptor_configuration_cb
                0x1000059c        0x8 CMakeFiles/pico_sdvx.dir/usb_descriptors.c.obj
                0x1000059c                tud_descriptor_configuration_cb
 .text.tud_descriptor_string_cb
                0x100005a4       0x60 CMakeFiles/pico_sdvx.dir/usb_descriptors.c.obj
                0x100005a4                tud_descriptor_string_cb
 .text.setup_default_uart
                0x10000604        0x8 CMakeFiles/pico_sdvx.dir/C_/Users/ngadj/Documents/pico-sdk/src/rp2_common/pico_stdlib/stdlib.c.obj
                0x10000604                setup_default_uart
 .text.gpio_set_function
                0x1000060c       0x30 CMakeFiles/pico_sdvx.dir/C_/Users/ngadj/Documents/pico-sdk/src/rp2_common/hardware_gpio/gpio.c.obj
                0x1000060c                gpio_set_function
 .text.gpio_set_pulls
                0x1000063c       0x34 CMakeFiles/pico_sdvx.dir/C_/Users/ngadj/Documents/pico-sdk/src/rp2_common/hardware_gpio/gpio.c.obj
                0x1000063c                gpio_set_pulls
 .text.gpio_init
                0x10000670       0x16 CMakeFiles/pico_sdvx.dir/C_/Users/ngadj/Documents/pico-sdk/src/rp2_common/hardware_gpio/gpio.c.obj
                0x10000670                gpio_init
 *fill*         0x10000686        0x2 
 .text.hw_claim_lock
                0x10000688       0x18 CMakeFiles/pico_sdvx.dir/C_/Users/ngadj/Documents/pico-sdk/src/rp2_common/hardware_claim/claim.c.obj
                0x10000688                hw_claim_lock
 .text.hw_claim_unlock
                0x100006a0       0x14 CMakeFiles/pico_sdvx.dir/C_/Users/ngadj/Documents/pico-sdk/src/rp2_common/hardware_claim/claim.c.obj
                0x100006a0                hw_claim_unlock
 .text.hw_claim_or_assert
                0x100006b4       0x34 CMakeFiles/pico_sdvx.dir/C_/Users/ngadj/Documents/pico-sdk/src/rp2_common/hardware_claim/claim.c.obj
                0x100006b4                hw_claim_or_assert
 .text.hw_claim_unused_from_range
                0x100006e8       0x56 CMakeFiles/pico_sdvx.dir/C_/Users/ngadj/Documents/pico-sdk/src/rp2_common/hardware_claim/claim.c.obj
                0x100006e8                hw_claim_unused_from_range
 *fill*         0x1000073e        0x2 
 .text.spin_locks_reset
                0x10000740       0x20 CMakeFiles/pico_sdvx.dir/C_/Users/ngadj/Documents/pico-sdk/src/rp2_common/hardware_sync/sync.c.obj
                0x10000740                spin_locks_reset
 .text.next_striped_spin_lock_num
                0x10000760       0x1c CMakeFiles/pico_sdvx.dir/C_/Users/ngadj/Documents/pico-sdk/src/rp2_common/hardware_sync/sync.c.obj
                0x10000760                next_striped_spin_lock_num
 .text.spin_lock_claim_unused
                0x1000077c       0x20 CMakeFiles/pico_sdvx.dir/C_/Users/ngadj/Documents/pico-sdk/src/rp2_common/hardware_sync/sync.c.obj
                0x1000077c                spin_lock_claim_unused
 .text.running_on_fpga
                0x1000079c       0x14 CMakeFiles/pico_sdvx.dir/C_/Users/ngadj/Documents/pico-sdk/src/rp2_common/pico_platform/platform.c.obj
                0x1000079c                running_on_fpga
 .text.uart_set_baudrate
                0x100007b0       0x64 CMakeFiles/pico_sdvx.dir/C_/Users/ngadj/Documents/pico-sdk/src/rp2_common/hardware_uart/uart.c.obj
                0x100007b0                uart_set_baudrate
 .text.uart_set_translate_crlf
                0x10000814       0x28 CMakeFiles/pico_sdvx.dir/C_/Users/ngadj/Documents/pico-sdk/src/rp2_common/hardware_uart/uart.c.obj
                0x10000814                uart_set_translate_crlf
 .text.uart_init
                0x1000083c       0x80 CMakeFiles/pico_sdvx.dir/C_/Users/ngadj/Documents/pico-sdk/src/rp2_common/hardware_uart/uart.c.obj
                0x1000083c                uart_init
 .text.sev_callback
                0x100008bc        0x8 CMakeFiles/pico_sdvx.dir/C_/Users/ngadj/Documents/pico-sdk/src/common/pico_time/time.c.obj
 .text.timer_pool_entry_comparator
                0x100008c4       0x7c CMakeFiles/pico_sdvx.dir/C_/Users/ngadj/Documents/pico-sdk/src/common/pico_time/time.c.obj
                0x100008c4                timer_pool_entry_comparator
 .text.ph_add_child_node
                0x10000940       0xa4 CMakeFiles/pico_sdvx.dir/C_/Users/ngadj/Documents/pico-sdk/src/common/pico_time/time.c.obj
 .text.ph_merge_nodes
                0x100009e4       0x3e CMakeFiles/pico_sdvx.dir/C_/Users/ngadj/Documents/pico-sdk/src/common/pico_time/time.c.obj
 *fill*         0x10000a22        0x2 
 .text.add_alarm_under_lock
                0x10000a24      0x178 CMakeFiles/pico_sdvx.dir/C_/Users/ngadj/Documents/pico-sdk/src/common/pico_time/time.c.obj
 .text.alarm_pool_alarm_callback
                0x10000b9c      0x2e4 CMakeFiles/pico_sdvx.dir/C_/Users/ngadj/Documents/pico-sdk/src/common/pico_time/time.c.obj
 .text.alarm_pool_get_default
                0x10000e80       0x28 CMakeFiles/pico_sdvx.dir/C_/Users/ngadj/Documents/pico-sdk/src/common/pico_time/time.c.obj
                0x10000e80                alarm_pool_get_default
 .text.alarm_pool_create
                0x10000ea8       0x6c CMakeFiles/pico_sdvx.dir/C_/Users/ngadj/Documents/pico-sdk/src/common/pico_time/time.c.obj
                0x10000ea8                alarm_pool_create
 .text.alarm_pool_init_default
                0x10000f14       0x20 CMakeFiles/pico_sdvx.dir/C_/Users/ngadj/Documents/pico-sdk/src/common/pico_time/time.c.obj
                0x10000f14                alarm_pool_init_default
 .text.alarm_pool_add_alarm_at
                0x10000f34      0x128 CMakeFiles/pico_sdvx.dir/C_/Users/ngadj/Documents/pico-sdk/src/common/pico_time/time.c.obj
                0x10000f34                alarm_pool_add_alarm_at
 .text.alarm_pool_cancel_alarm
                0x1000105c       0xec CMakeFiles/pico_sdvx.dir/C_/Users/ngadj/Documents/pico-sdk/src/common/pico_time/time.c.obj
                0x1000105c                alarm_pool_cancel_alarm
 .text.best_effort_wfe_or_timeout
                0x10001148       0x80 CMakeFiles/pico_sdvx.dir/C_/Users/ngadj/Documents/pico-sdk/src/common/pico_time/time.c.obj
                0x10001148                best_effort_wfe_or_timeout
 .text.hardware_alarm_irq_handler
                0x100011c8       0x8c CMakeFiles/pico_sdvx.dir/C_/Users/ngadj/Documents/pico-sdk/src/rp2_common/hardware_timer/timer.c.obj
 .text.hardware_alarm_claim
                0x10001254       0x18 CMakeFiles/pico_sdvx.dir/C_/Users/ngadj/Documents/pico-sdk/src/rp2_common/hardware_timer/timer.c.obj
                0x10001254                hardware_alarm_claim
 .text.time_us_64
                0x1000126c       0x18 CMakeFiles/pico_sdvx.dir/C_/Users/ngadj/Documents/pico-sdk/src/rp2_common/hardware_timer/timer.c.obj
                0x1000126c                time_us_64
 .text.hardware_alarm_set_callback
                0x10001284       0x90 CMakeFiles/pico_sdvx.dir/C_/Users/ngadj/Documents/pico-sdk/src/rp2_common/hardware_timer/timer.c.obj
                0x10001284                hardware_alarm_set_callback
 .text.hardware_alarm_set_target
                0x10001314       0xd0 CMakeFiles/pico_sdvx.dir/C_/Users/ngadj/Documents/pico-sdk/src/rp2_common/hardware_timer/timer.c.obj
                0x10001314                hardware_alarm_set_target
 .text.hardware_alarm_cancel
                0x100013e4       0x40 CMakeFiles/pico_sdvx.dir/C_/Users/ngadj/Documents/pico-sdk/src/rp2_common/hardware_timer/timer.c.obj
                0x100013e4                hardware_alarm_cancel
 .text.lock_init
                0x10001424       0x30 CMakeFiles/pico_sdvx.dir/C_/Users/ngadj/Documents/pico-sdk/src/common/pico_sync/lock_core.c.obj
                0x10001424                lock_init
 .text.mutex_init
                0x10001454       0x1a CMakeFiles/pico_sdvx.dir/C_/Users/ngadj/Documents/pico-sdk/src/common/pico_sync/mutex.c.obj
                0x10001454                mutex_init
 .text.critical_section_init_with_lock_num
                0x1000146e        0xc CMakeFiles/pico_sdvx.dir/C_/Users/ngadj/Documents/pico-sdk/src/common/pico_sync/critical_section.c.obj
                0x1000146e                critical_section_init_with_lock_num
 .text.critical_section_init
                0x1000147a       0x14 CMakeFiles/pico_sdvx.dir/C_/Users/ngadj/Documents/pico-sdk/src/common/pico_sync/critical_section.c.obj
                0x1000147a                critical_section_init
 *fill*         0x1000148e        0x2 
 .text.ph_add_child_node
                0x10001490       0xa4 CMakeFiles/pico_sdvx.dir/C_/Users/ngadj/Documents/pico-sdk/src/common/pico_util/pheap.c.obj
 .text.ph_merge_nodes
                0x10001534       0x3e CMakeFiles/pico_sdvx.dir/C_/Users/ngadj/Documents/pico-sdk/src/common/pico_util/pheap.c.obj
 *fill*         0x10001572        0x2 
 .text.ph_clear
                0x10001574       0x74 CMakeFiles/pico_sdvx.dir/C_/Users/ngadj/Documents/pico-sdk/src/common/pico_util/pheap.c.obj
                0x10001574                ph_clear
 .text.ph_create
                0x100015e8       0x2c CMakeFiles/pico_sdvx.dir/C_/Users/ngadj/Documents/pico-sdk/src/common/pico_util/pheap.c.obj
                0x100015e8                ph_create
 .text.ph_merge_two_pass
                0x10001614       0xa8 CMakeFiles/pico_sdvx.dir/C_/Users/ngadj/Documents/pico-sdk/src/common/pico_util/pheap.c.obj
                0x10001614                ph_merge_two_pass
 .text.ph_remove_any_head
                0x100016bc      0x108 CMakeFiles/pico_sdvx.dir/C_/Users/ngadj/Documents/pico-sdk/src/common/pico_util/pheap.c.obj
 .text.ph_remove_head_reserve
                0x100017c4       0x14 CMakeFiles/pico_sdvx.dir/C_/Users/ngadj/Documents/pico-sdk/src/common/pico_util/pheap.c.obj
                0x100017c4                ph_remove_head_reserve
 .text.ph_delete
                0x100017d8       0xf8 CMakeFiles/pico_sdvx.dir/C_/Users/ngadj/Documents/pico-sdk/src/common/pico_util/pheap.c.obj
                0x100017d8                ph_delete
 .text.runtime_init
                0x100018d0       0xcc CMakeFiles/pico_sdvx.dir/C_/Users/ngadj/Documents/pico-sdk/src/rp2_common/pico_runtime/runtime.c.obj
                0x100018d0                runtime_init
 .text._exit    0x1000199c        0x4 CMakeFiles/pico_sdvx.dir/C_/Users/ngadj/Documents/pico-sdk/src/rp2_common/pico_runtime/runtime.c.obj
                0x1000199c                _exit
 .text._sbrk    0x100019a0       0x38 CMakeFiles/pico_sdvx.dir/C_/Users/ngadj/Documents/pico-sdk/src/rp2_common/pico_runtime/runtime.c.obj
                0x100019a0                _sbrk
 .text.exit     0x100019d8        0x6 CMakeFiles/pico_sdvx.dir/C_/Users/ngadj/Documents/pico-sdk/src/rp2_common/pico_runtime/runtime.c.obj
                0x100019d8                exit
 *fill*         0x100019de        0x2 
 .text.__assert_func
                0x100019e0       0x3c CMakeFiles/pico_sdvx.dir/C_/Users/ngadj/Documents/pico-sdk/src/rp2_common/pico_runtime/runtime.c.obj
                0x100019e0                __assert_func
 .text.panic    0x10001a1c       0x30 CMakeFiles/pico_sdvx.dir/C_/Users/ngadj/Documents/pico-sdk/src/rp2_common/pico_runtime/runtime.c.obj
                0x10001a1c                panic
 .text.clock_configure
                0x10001a4c       0xe8 CMakeFiles/pico_sdvx.dir/C_/Users/ngadj/Documents/pico-sdk/src/rp2_common/hardware_clocks/clocks.c.obj
                0x10001a4c                clock_configure
 .text.clocks_init
                0x10001b34      0x124 CMakeFiles/pico_sdvx.dir/C_/Users/ngadj/Documents/pico-sdk/src/rp2_common/hardware_clocks/clocks.c.obj
                0x10001b34                clocks_init
 .text.clock_get_hz
                0x10001c58        0xc CMakeFiles/pico_sdvx.dir/C_/Users/ngadj/Documents/pico-sdk/src/rp2_common/hardware_clocks/clocks.c.obj
                0x10001c58                clock_get_hz
 .text.watchdog_start_tick
                0x10001c64       0x10 CMakeFiles/pico_sdvx.dir/C_/Users/ngadj/Documents/pico-sdk/src/rp2_common/hardware_watchdog/watchdog.c.obj
                0x10001c64                watchdog_start_tick
 .text.xosc_init
                0x10001c74       0x28 CMakeFiles/pico_sdvx.dir/C_/Users/ngadj/Documents/pico-sdk/src/rp2_common/hardware_xosc/xosc.c.obj
                0x10001c74                xosc_init
 .text.pll_init
                0x10001c9c       0xd4 CMakeFiles/pico_sdvx.dir/C_/Users/ngadj/Documents/pico-sdk/src/rp2_common/hardware_pll/pll.c.obj
                0x10001c9c                pll_init
 .text.set_raw_irq_handler_and_unlock
                0x10001d70       0x28 CMakeFiles/pico_sdvx.dir/C_/Users/ngadj/Documents/pico-sdk/src/rp2_common/hardware_irq/irq.c.obj
 .text.make_branch
                0x10001d98       0x34 CMakeFiles/pico_sdvx.dir/C_/Users/ngadj/Documents/pico-sdk/src/rp2_common/hardware_irq/irq.c.obj
 .text.insert_branch_and_link
                0x10001dcc       0x40 CMakeFiles/pico_sdvx.dir/C_/Users/ngadj/Documents/pico-sdk/src/rp2_common/hardware_irq/irq.c.obj
 .text.irq_is_enabled
                0x10001e0c       0x18 CMakeFiles/pico_sdvx.dir/C_/Users/ngadj/Documents/pico-sdk/src/rp2_common/hardware_irq/irq.c.obj
                0x10001e0c                irq_is_enabled
 .text.irq_set_mask_enabled
                0x10001e24       0x20 CMakeFiles/pico_sdvx.dir/C_/Users/ngadj/Documents/pico-sdk/src/rp2_common/hardware_irq/irq.c.obj
                0x10001e24                irq_set_mask_enabled
 .text.irq_set_enabled
                0x10001e44        0xe CMakeFiles/pico_sdvx.dir/C_/Users/ngadj/Documents/pico-sdk/src/rp2_common/hardware_irq/irq.c.obj
                0x10001e44                irq_set_enabled
 *fill*         0x10001e52        0x2 
 .text.irq_get_vtable_handler
                0x10001e54       0x10 CMakeFiles/pico_sdvx.dir/C_/Users/ngadj/Documents/pico-sdk/src/rp2_common/hardware_irq/irq.c.obj
                0x10001e54                irq_get_vtable_handler
 .text.irq_set_exclusive_handler
                0x10001e64       0x54 CMakeFiles/pico_sdvx.dir/C_/Users/ngadj/Documents/pico-sdk/src/rp2_common/hardware_irq/irq.c.obj
                0x10001e64                irq_set_exclusive_handler
 .text.irq_remove_handler
                0x10001eb8      0x1b4 CMakeFiles/pico_sdvx.dir/C_/Users/ngadj/Documents/pico-sdk/src/rp2_common/hardware_irq/irq.c.obj
                0x10001eb8                irq_remove_handler
 .text.irq_set_priority
                0x1000206c       0x28 CMakeFiles/pico_sdvx.dir/C_/Users/ngadj/Documents/pico-sdk/src/rp2_common/hardware_irq/irq.c.obj
                0x1000206c                irq_set_priority
 .text.irq_add_tail_to_free_list
                0x10002094       0xf8 CMakeFiles/pico_sdvx.dir/C_/Users/ngadj/Documents/pico-sdk/src/rp2_common/hardware_irq/irq.c.obj
                0x10002094                irq_add_tail_to_free_list
 .text.irq_init_priorities
                0x1000218c       0x16 CMakeFiles/pico_sdvx.dir/C_/Users/ngadj/Documents/pico-sdk/src/rp2_common/hardware_irq/irq.c.obj
                0x1000218c                irq_init_priorities
 .text._out_null
                0x100021a2        0x2 CMakeFiles/pico_sdvx.dir/C_/Users/ngadj/Documents/pico-sdk/src/rp2_common/pico_printf/printf.c.obj
 .text._out_fct
                0x100021a4        0xe CMakeFiles/pico_sdvx.dir/C_/Users/ngadj/Documents/pico-sdk/src/rp2_common/pico_printf/printf.c.obj
 .text._atoi    0x100021b2       0x24 CMakeFiles/pico_sdvx.dir/C_/Users/ngadj/Documents/pico-sdk/src/rp2_common/pico_printf/printf.c.obj
 .text._out_rev
                0x100021d6       0xae CMakeFiles/pico_sdvx.dir/C_/Users/ngadj/Documents/pico-sdk/src/rp2_common/pico_printf/printf.c.obj
 .text._ntoa_format
                0x10002284      0x112 CMakeFiles/pico_sdvx.dir/C_/Users/ngadj/Documents/pico-sdk/src/rp2_common/pico_printf/printf.c.obj
 .text._ntoa_long
                0x10002396       0xbc CMakeFiles/pico_sdvx.dir/C_/Users/ngadj/Documents/pico-sdk/src/rp2_common/pico_printf/printf.c.obj
 .text._ntoa_long_long
                0x10002452       0xe2 CMakeFiles/pico_sdvx.dir/C_/Users/ngadj/Documents/pico-sdk/src/rp2_common/pico_printf/printf.c.obj
 .text._etoa    0x10002534      0x404 CMakeFiles/pico_sdvx.dir/C_/Users/ngadj/Documents/pico-sdk/src/rp2_common/pico_printf/printf.c.obj
 .text._ftoa    0x10002938      0x354 CMakeFiles/pico_sdvx.dir/C_/Users/ngadj/Documents/pico-sdk/src/rp2_common/pico_printf/printf.c.obj
 .text._vsnprintf
                0x10002c8c      0x624 CMakeFiles/pico_sdvx.dir/C_/Users/ngadj/Documents/pico-sdk/src/rp2_common/pico_printf/printf.c.obj
 .text.vfctprintf
                0x100032b0       0x20 CMakeFiles/pico_sdvx.dir/C_/Users/ngadj/Documents/pico-sdk/src/rp2_common/pico_printf/printf.c.obj
                0x100032b0                vfctprintf
 .text          0x100032d0       0x10 CMakeFiles/pico_sdvx.dir/C_/Users/ngadj/Documents/pico-sdk/src/rp2_common/pico_bit_ops/bit_ops_aeabi.S.obj
 .text.rom_func_lookup
                0x100032e0       0x10 CMakeFiles/pico_sdvx.dir/C_/Users/ngadj/Documents/pico-sdk/src/rp2_common/pico_bootrom/bootrom.c.obj
                0x100032e0                rom_func_lookup
 .text.rom_data_lookup
                0x100032f0       0x10 CMakeFiles/pico_sdvx.dir/C_/Users/ngadj/Documents/pico-sdk/src/rp2_common/pico_bootrom/bootrom.c.obj
                0x100032f0                rom_data_lookup
 .text.rom_funcs_lookup
                0x10003300       0x36 CMakeFiles/pico_sdvx.dir/C_/Users/ngadj/Documents/pico-sdk/src/rp2_common/pico_bootrom/bootrom.c.obj
                0x10003300                rom_funcs_lookup
 *fill*         0x10003336        0x2 
 .text.__wrap___aeabi_idiv
                0x10003338       0x58 CMakeFiles/pico_sdvx.dir/C_/Users/ngadj/Documents/pico-sdk/src/rp2_common/pico_divider/divider.S.obj
                0x10003338                __wrap___aeabi_idivmod
                0x10003338                divmod_s32s32
                0x10003338                div_s32s32
                0x10003338                __wrap___aeabi_idiv
                0x10003340                divmod_s32s32_unsafe
                0x1000336c                divmod_s32s32_savestate
 .text.__wrap___aeabi_uidiv
                0x10003390       0x54 CMakeFiles/pico_sdvx.dir/C_/Users/ngadj/Documents/pico-sdk/src/rp2_common/pico_divider/divider.S.obj
                0x10003390                __wrap___aeabi_uidiv
                0x10003390                __wrap___aeabi_uidivmod
                0x10003390                div_u32u32
                0x10003390                divmod_u32u32
                0x10003398                divmod_u32u32_unsafe
                0x100033c0                divmod_u32u32_savestate
 .text.__wrap___aeabi_ldiv
                0x100033e4      0x430 CMakeFiles/pico_sdvx.dir/C_/Users/ngadj/Documents/pico-sdk/src/rp2_common/pico_divider/divider.S.obj
                0x100033e4                div_s64s64
                0x100033e4                divmod_s64s64
                0x100033e4                __wrap___aeabi_ldivmod
                0x1000341c                divmod_u64u64
                0x1000341c                div_u64u64
                0x1000341c                __wrap___aeabi_uldivmod
                0x1000342c                divmod_u64u64_savestate
                0x10003454                divmod_s64s64_unsafe
                0x100034dc                divmod_u64u64_unsafe
 .text.__wrap___aeabi_darithmetic
                0x10003814       0x54 CMakeFiles/pico_sdvx.dir/C_/Users/ngadj/Documents/pico-sdk/src/rp2_common/pico_double/double_aeabi.S.obj
                0x10003814                __wrap___aeabi_drsub
                0x1000381a                __wrap___aeabi_dsub
                0x1000382c                __wrap___aeabi_dadd
                0x1000383e                __wrap___aeabi_ddiv
                0x10003850                __wrap___aeabi_dmul
 .text.__wrap___aeabi_cdcmple
                0x10003868       0x6c CMakeFiles/pico_sdvx.dir/C_/Users/ngadj/Documents/pico-sdk/src/rp2_common/pico_double/double_aeabi.S.obj
                0x10003868                __wrap___aeabi_cdrcmple
                0x10003878                __wrap___aeabi_cdcmpeq
                0x10003878                __wrap___aeabi_cdcmple
 .text.__wrap___aeabi_dcmplt
                0x100038d4        0xc CMakeFiles/pico_sdvx.dir/C_/Users/ngadj/Documents/pico-sdk/src/rp2_common/pico_double/double_aeabi.S.obj
                0x100038d4                __wrap___aeabi_dcmplt
 .text.__wrap___aeabi_dcmple
                0x100038e0       0x10 CMakeFiles/pico_sdvx.dir/C_/Users/ngadj/Documents/pico-sdk/src/rp2_common/pico_double/double_aeabi.S.obj
                0x100038e0                __wrap___aeabi_dcmple
 .text.__wrap___aeabi_dcmpge
                0x100038f0       0x10 CMakeFiles/pico_sdvx.dir/C_/Users/ngadj/Documents/pico-sdk/src/rp2_common/pico_double/double_aeabi.S.obj
                0x100038f0                __wrap___aeabi_dcmpge
 .text.__wrap___aeabi_dcmpgt
                0x10003900        0xa CMakeFiles/pico_sdvx.dir/C_/Users/ngadj/Documents/pico-sdk/src/rp2_common/pico_double/double_aeabi.S.obj
                0x10003900                __wrap___aeabi_dcmpgt
 .text.__wrap___aeabi_dcmpun
                0x1000390a       0x1c CMakeFiles/pico_sdvx.dir/C_/Users/ngadj/Documents/pico-sdk/src/rp2_common/pico_double/double_aeabi.S.obj
                0x1000390a                __wrap___aeabi_dcmpun
 *fill*         0x10003926        0x2 
 .text.__wrap___aeabi_i2d
                0x10003928       0x38 CMakeFiles/pico_sdvx.dir/C_/Users/ngadj/Documents/pico-sdk/src/rp2_common/pico_double/double_aeabi.S.obj
                0x10003928                __wrap___aeabi_ui2d
                0x10003930                __wrap___aeabi_i2d
 .text.__wrap___aeabi_d2iz
                0x10003960       0x48 CMakeFiles/pico_sdvx.dir/C_/Users/ngadj/Documents/pico-sdk/src/rp2_common/pico_double/double_aeabi.S.obj
                0x10003960                double2int_z
                0x10003960                __wrap___aeabi_d2iz
 .text.__wrap___aeabi_d2uiz
                0x100039a8       0x18 CMakeFiles/pico_sdvx.dir/C_/Users/ngadj/Documents/pico-sdk/src/rp2_common/pico_double/double_aeabi.S.obj
                0x100039a8                __wrap___aeabi_d2uiz
                0x100039a8                double2uint
 .text.__aeabi_double_init
                0x100039c0       0xb8 CMakeFiles/pico_sdvx.dir/C_/Users/ngadj/Documents/pico-sdk/src/rp2_common/pico_double/double_init_rom.c.obj
                0x100039c0                __aeabi_double_init
 .text.double_table_shim_on_use_helper
                0x10003a78       0x34 CMakeFiles/pico_sdvx.dir/C_/Users/ngadj/Documents/pico-sdk/src/rp2_common/pico_double/double_v1_rom_shim.S.obj
                0x10003a78                double_table_shim_on_use_helper
 .text.__wrap___aeabi_dsub
                0x10003aac       0x10 CMakeFiles/pico_sdvx.dir/C_/Users/ngadj/Documents/pico-sdk/src/rp2_common/pico_double/double_v1_rom_shim.S.obj
                0x10003aac                drsub_shim
                0x10003ab2                dsub_shim
 .text.dadd_shim
                0x10003abc      0x15c CMakeFiles/pico_sdvx.dir/C_/Users/ngadj/Documents/pico-sdk/src/rp2_common/pico_double/double_v1_rom_shim.S.obj
                0x10003abc                dadd_shim
 .text.dmul_shim
                0x10003c18      0x15c CMakeFiles/pico_sdvx.dir/C_/Users/ngadj/Documents/pico-sdk/src/rp2_common/pico_double/double_v1_rom_shim.S.obj
                0x10003c18                dmul_shim
 .text.ddiv_shim
                0x10003d74      0x1b0 CMakeFiles/pico_sdvx.dir/C_/Users/ngadj/Documents/pico-sdk/src/rp2_common/pico_double/double_v1_rom_shim.S.obj
                0x10003d74                ddiv_shim
 .text.dcordic_rot_step
                0x10003f24       0x7c CMakeFiles/pico_sdvx.dir/C_/Users/ngadj/Documents/pico-sdk/src/rp2_common/pico_double/double_v1_rom_shim.S.obj
                0x10003f24                dcordic_rot_step
 .text.double2uint_shim
                0x10003fa0        0xe CMakeFiles/pico_sdvx.dir/C_/Users/ngadj/Documents/pico-sdk/src/rp2_common/pico_double/double_v1_rom_shim.S.obj
                0x10003fa0                double2uint_shim
                0x10003fa2                double2ufix_shim
 *fill*         0x10003fae        0x2 
 .text.double2uint64_shim
                0x10003fb0       0x6c CMakeFiles/pico_sdvx.dir/C_/Users/ngadj/Documents/pico-sdk/src/rp2_common/pico_double/double_v1_rom_shim.S.obj
                0x10003fb0                double2uint64_shim
                0x10003fb2                double2ufix64_shim
                0x10003fcc                d2fix_a
 .text.dunpacks
                0x1000401c       0x3c CMakeFiles/pico_sdvx.dir/C_/Users/ngadj/Documents/pico-sdk/src/rp2_common/pico_double/double_v1_rom_shim.S.obj
                0x1000401c                dunpacks
 .text.__aeabi_lmul
                0x10004058       0x32 CMakeFiles/pico_sdvx.dir/C_/Users/ngadj/Documents/pico-sdk/src/rp2_common/pico_int64_ops/pico_int64_ops_aeabi.S.obj
                0x10004058                __wrap___aeabi_lmul
 *fill*         0x1000408a        0x2 
 .text.__aeabi_float_init
                0x1000408c       0xfc CMakeFiles/pico_sdvx.dir/C_/Users/ngadj/Documents/pico-sdk/src/rp2_common/pico_float/float_init_rom.c.obj
                0x1000408c                __aeabi_float_init
 .text.float_table_shim_on_use_helper
                0x10004188       0x34 CMakeFiles/pico_sdvx.dir/C_/Users/ngadj/Documents/pico-sdk/src/rp2_common/pico_float/float_v1_rom_shim.S.obj
                0x10004188                float_table_shim_on_use_helper
 .text.__wrap_malloc
                0x100041bc        0x8 CMakeFiles/pico_sdvx.dir/C_/Users/ngadj/Documents/pico-sdk/src/rp2_common/pico_malloc/pico_malloc.c.obj
                0x100041bc                __wrap_malloc
 .text.__wrap_calloc
                0x100041c4        0x8 CMakeFiles/pico_sdvx.dir/C_/Users/ngadj/Documents/pico-sdk/src/rp2_common/pico_malloc/pico_malloc.c.obj
                0x100041c4                __wrap_calloc
 .text          0x100041cc       0x10 CMakeFiles/pico_sdvx.dir/C_/Users/ngadj/Documents/pico-sdk/src/rp2_common/pico_mem_ops/mem_ops_aeabi.S.obj
                0x100041cc                __aeabi_mem_init
 .text.memset   0x100041dc        0xc CMakeFiles/pico_sdvx.dir/C_/Users/ngadj/Documents/pico-sdk/src/rp2_common/pico_mem_ops/mem_ops_aeabi.S.obj
                0x100041dc                __wrap_memset
 .text.memcpy   0x100041e8        0xc CMakeFiles/pico_sdvx.dir/C_/Users/ngadj/Documents/pico-sdk/src/rp2_common/pico_mem_ops/mem_ops_aeabi.S.obj
                0x100041e8                __wrap_memcpy
                0x100041e8                __wrap___aeabi_memcpy
 .text.stdio_out_chars_crlf
                0x100041f4       0x80 CMakeFiles/pico_sdvx.dir/C_/Users/ngadj/Documents/pico-sdk/src/rp2_common/pico_stdio/stdio.c.obj
 .text.stdio_stack_buffer_flush
                0x10004274       0x44 CMakeFiles/pico_sdvx.dir/C_/Users/ngadj/Documents/pico-sdk/src/rp2_common/pico_stdio/stdio.c.obj
 .text.stdio_buffered_printer
                0x100042b8       0x20 CMakeFiles/pico_sdvx.dir/C_/Users/ngadj/Documents/pico-sdk/src/rp2_common/pico_stdio/stdio.c.obj
 .text.stdout_serialize_begin
                0x100042d8       0x2c CMakeFiles/pico_sdvx.dir/C_/Users/ngadj/Documents/pico-sdk/src/rp2_common/pico_stdio/stdio.c.obj
                0x100042d8                stdout_serialize_begin
 .text.stdout_serialize_end
                0x10004304       0x10 CMakeFiles/pico_sdvx.dir/C_/Users/ngadj/Documents/pico-sdk/src/rp2_common/pico_stdio/stdio.c.obj
                0x10004304                stdout_serialize_end
 .text.stdio_put_string
                0x10004314       0x84 CMakeFiles/pico_sdvx.dir/C_/Users/ngadj/Documents/pico-sdk/src/rp2_common/pico_stdio/stdio.c.obj
 .text.stdio_set_driver_enabled
                0x10004398       0x38 CMakeFiles/pico_sdvx.dir/C_/Users/ngadj/Documents/pico-sdk/src/rp2_common/pico_stdio/stdio.c.obj
                0x10004398                stdio_set_driver_enabled
 .text.stdio_flush
                0x100043d0       0x20 CMakeFiles/pico_sdvx.dir/C_/Users/ngadj/Documents/pico-sdk/src/rp2_common/pico_stdio/stdio.c.obj
                0x100043d0                stdio_flush
 .text.__wrap_puts
                0x100043f0       0x1c CMakeFiles/pico_sdvx.dir/C_/Users/ngadj/Documents/pico-sdk/src/rp2_common/pico_stdio/stdio.c.obj
                0x100043f0                __wrap_puts
 .text.__wrap_vprintf
                0x1000440c       0x44 CMakeFiles/pico_sdvx.dir/C_/Users/ngadj/Documents/pico-sdk/src/rp2_common/pico_stdio/stdio.c.obj
                0x1000440c                __wrap_vprintf
 .text.__wrap_printf
                0x10004450       0x18 CMakeFiles/pico_sdvx.dir/C_/Users/ngadj/Documents/pico-sdk/src/rp2_common/pico_stdio/stdio.c.obj
                0x10004450                __wrap_printf
 .text.stdio_uart_out_chars
                0x10004468       0x6c CMakeFiles/pico_sdvx.dir/C_/Users/ngadj/Documents/pico-sdk/src/rp2_common/pico_stdio_uart/stdio_uart.c.obj
 .text.stdio_uart_in_chars
                0x100044d4       0x58 CMakeFiles/pico_sdvx.dir/C_/Users/ngadj/Documents/pico-sdk/src/rp2_common/pico_stdio_uart/stdio_uart.c.obj
                0x100044d4                stdio_uart_in_chars
 .text.stdio_uart_init_full
                0x1000452c       0x3c CMakeFiles/pico_sdvx.dir/C_/Users/ngadj/Documents/pico-sdk/src/rp2_common/pico_stdio_uart/stdio_uart.c.obj
                0x1000452c                stdio_uart_init_full
 .text.stdio_uart_init
                0x10004568       0x28 CMakeFiles/pico_sdvx.dir/C_/Users/ngadj/Documents/pico-sdk/src/rp2_common/pico_stdio_uart/stdio_uart.c.obj
                0x10004568                stdio_uart_init
 .text.hw_endpoint_get_by_addr
                0x10004590       0x1c CMakeFiles/pico_sdvx.dir/C_/Users/ngadj/Documents/pico-sdk/lib/tinyusb/src/portable/raspberrypi/rp2040/dcd_rp2040.c.obj
 .text.reset_ep0
                0x100045ac       0x2c CMakeFiles/pico_sdvx.dir/C_/Users/ngadj/Documents/pico-sdk/lib/tinyusb/src/portable/raspberrypi/rp2040/dcd_rp2040.c.obj
 .text._hw_endpoint_alloc
                0x100045d8       0x7c CMakeFiles/pico_sdvx.dir/C_/Users/ngadj/Documents/pico-sdk/lib/tinyusb/src/portable/raspberrypi/rp2040/dcd_rp2040.c.obj
 .text._hw_endpoint_init
                0x10004654       0xbc CMakeFiles/pico_sdvx.dir/C_/Users/ngadj/Documents/pico-sdk/lib/tinyusb/src/portable/raspberrypi/rp2040/dcd_rp2040.c.obj
 .text.hw_endpoint_init
                0x10004710       0x18 CMakeFiles/pico_sdvx.dir/C_/Users/ngadj/Documents/pico-sdk/lib/tinyusb/src/portable/raspberrypi/rp2040/dcd_rp2040.c.obj
 .text.hw_handle_buff_status
                0x10004728       0xb8 CMakeFiles/pico_sdvx.dir/C_/Users/ngadj/Documents/pico-sdk/lib/tinyusb/src/portable/raspberrypi/rp2040/dcd_rp2040.c.obj
 .text.dcd_rp2040_irq
                0x100047e0       0x8c CMakeFiles/pico_sdvx.dir/C_/Users/ngadj/Documents/pico-sdk/lib/tinyusb/src/portable/raspberrypi/rp2040/dcd_rp2040.c.obj
 .text.hw_endpoint_xfer
                0x1000486c       0x18 CMakeFiles/pico_sdvx.dir/C_/Users/ngadj/Documents/pico-sdk/lib/tinyusb/src/portable/raspberrypi/rp2040/dcd_rp2040.c.obj
 .text.ep0_0len_status
                0x10004884       0x14 CMakeFiles/pico_sdvx.dir/C_/Users/ngadj/Documents/pico-sdk/lib/tinyusb/src/portable/raspberrypi/rp2040/dcd_rp2040.c.obj
 .text._hw_endpoint_stall
                0x10004898       0x54 CMakeFiles/pico_sdvx.dir/C_/Users/ngadj/Documents/pico-sdk/lib/tinyusb/src/portable/raspberrypi/rp2040/dcd_rp2040.c.obj
 .text.hw_endpoint_stall
                0x100048ec        0xc CMakeFiles/pico_sdvx.dir/C_/Users/ngadj/Documents/pico-sdk/lib/tinyusb/src/portable/raspberrypi/rp2040/dcd_rp2040.c.obj
 .text._hw_endpoint_clear_stall
                0x100048f8       0x34 CMakeFiles/pico_sdvx.dir/C_/Users/ngadj/Documents/pico-sdk/lib/tinyusb/src/portable/raspberrypi/rp2040/dcd_rp2040.c.obj
 .text.hw_endpoint_clear_stall
                0x1000492c        0xc CMakeFiles/pico_sdvx.dir/C_/Users/ngadj/Documents/pico-sdk/lib/tinyusb/src/portable/raspberrypi/rp2040/dcd_rp2040.c.obj
 .text.dcd_int_enable
                0x10004938       0x2c CMakeFiles/pico_sdvx.dir/C_/Users/ngadj/Documents/pico-sdk/lib/tinyusb/src/portable/raspberrypi/rp2040/dcd_rp2040.c.obj
                0x10004938                dcd_int_enable
 .text.dcd_set_address
                0x10004964       0x30 CMakeFiles/pico_sdvx.dir/C_/Users/ngadj/Documents/pico-sdk/lib/tinyusb/src/portable/raspberrypi/rp2040/dcd_rp2040.c.obj
                0x10004964                dcd_set_address
 .text.dcd_connect
                0x10004994       0x30 CMakeFiles/pico_sdvx.dir/C_/Users/ngadj/Documents/pico-sdk/lib/tinyusb/src/portable/raspberrypi/rp2040/dcd_rp2040.c.obj
                0x10004994                dcd_connect
 .text.dcd_init
                0x100049c4       0x90 CMakeFiles/pico_sdvx.dir/C_/Users/ngadj/Documents/pico-sdk/lib/tinyusb/src/portable/raspberrypi/rp2040/dcd_rp2040.c.obj
                0x100049c4                dcd_init
 .text.dcd_edpt0_status_complete
                0x10004a54       0x44 CMakeFiles/pico_sdvx.dir/C_/Users/ngadj/Documents/pico-sdk/lib/tinyusb/src/portable/raspberrypi/rp2040/dcd_rp2040.c.obj
                0x10004a54                dcd_edpt0_status_complete
 .text.dcd_edpt_open
                0x10004a98       0x40 CMakeFiles/pico_sdvx.dir/C_/Users/ngadj/Documents/pico-sdk/lib/tinyusb/src/portable/raspberrypi/rp2040/dcd_rp2040.c.obj
                0x10004a98                dcd_edpt_open
 .text.dcd_edpt_xfer
                0x10004ad8       0x34 CMakeFiles/pico_sdvx.dir/C_/Users/ngadj/Documents/pico-sdk/lib/tinyusb/src/portable/raspberrypi/rp2040/dcd_rp2040.c.obj
                0x10004ad8                dcd_edpt_xfer
 .text.dcd_edpt_stall
                0x10004b0c       0x28 CMakeFiles/pico_sdvx.dir/C_/Users/ngadj/Documents/pico-sdk/lib/tinyusb/src/portable/raspberrypi/rp2040/dcd_rp2040.c.obj
                0x10004b0c                dcd_edpt_stall
 .text.dcd_edpt_clear_stall
                0x10004b34       0x28 CMakeFiles/pico_sdvx.dir/C_/Users/ngadj/Documents/pico-sdk/lib/tinyusb/src/portable/raspberrypi/rp2040/dcd_rp2040.c.obj
                0x10004b34                dcd_edpt_clear_stall
 .text.rp2040_usb_init
                0x10004b5c       0x50 CMakeFiles/pico_sdvx.dir/C_/Users/ngadj/Documents/pico-sdk/lib/tinyusb/src/portable/raspberrypi/rp2040/rp2040_usb.c.obj
                0x10004b5c                rp2040_usb_init
 .text.hw_endpoint_reset_transfer
                0x10004bac       0x14 CMakeFiles/pico_sdvx.dir/C_/Users/ngadj/Documents/pico-sdk/lib/tinyusb/src/portable/raspberrypi/rp2040/rp2040_usb.c.obj
                0x10004bac                hw_endpoint_reset_transfer
 .text._hw_endpoint_buffer_control_update32
                0x10004bc0       0x54 CMakeFiles/pico_sdvx.dir/C_/Users/ngadj/Documents/pico-sdk/lib/tinyusb/src/portable/raspberrypi/rp2040/rp2040_usb.c.obj
                0x10004bc0                _hw_endpoint_buffer_control_update32
 .text._hw_endpoint_start_next_buffer
                0x10004c14       0x5a CMakeFiles/pico_sdvx.dir/C_/Users/ngadj/Documents/pico-sdk/lib/tinyusb/src/portable/raspberrypi/rp2040/rp2040_usb.c.obj
                0x10004c14                _hw_endpoint_start_next_buffer
 .text._hw_endpoint_xfer_start
                0x10004c6e       0x46 CMakeFiles/pico_sdvx.dir/C_/Users/ngadj/Documents/pico-sdk/lib/tinyusb/src/portable/raspberrypi/rp2040/rp2040_usb.c.obj
                0x10004c6e                _hw_endpoint_xfer_start
 .text._hw_endpoint_xfer_sync
                0x10004cb4       0x74 CMakeFiles/pico_sdvx.dir/C_/Users/ngadj/Documents/pico-sdk/lib/tinyusb/src/portable/raspberrypi/rp2040/rp2040_usb.c.obj
                0x10004cb4                _hw_endpoint_xfer_sync
 .text._hw_endpoint_xfer_continue
                0x10004d28       0x58 CMakeFiles/pico_sdvx.dir/C_/Users/ngadj/Documents/pico-sdk/lib/tinyusb/src/portable/raspberrypi/rp2040/rp2040_usb.c.obj
                0x10004d28                _hw_endpoint_xfer_continue
 .text._hw_endpoint_xfer
                0x10004d80       0x34 CMakeFiles/pico_sdvx.dir/C_/Users/ngadj/Documents/pico-sdk/lib/tinyusb/src/portable/raspberrypi/rp2040/rp2040_usb.c.obj
                0x10004d80                _hw_endpoint_xfer
 .text.mark_interface_endpoint
                0x10004db4       0x2a CMakeFiles/pico_sdvx.dir/C_/Users/ngadj/Documents/pico-sdk/lib/tinyusb/src/device/usbd.c.obj
 *fill*         0x10004dde        0x2 
 .text.usbd_reset
                0x10004de0       0x88 CMakeFiles/pico_sdvx.dir/C_/Users/ngadj/Documents/pico-sdk/lib/tinyusb/src/device/usbd.c.obj
 .text.invoke_class_control
                0x10004e68       0x18 CMakeFiles/pico_sdvx.dir/C_/Users/ngadj/Documents/pico-sdk/lib/tinyusb/src/device/usbd.c.obj
 .text.process_set_config
                0x10004e80      0x1d0 CMakeFiles/pico_sdvx.dir/C_/Users/ngadj/Documents/pico-sdk/lib/tinyusb/src/device/usbd.c.obj
 .text.process_get_descriptor
                0x10005050       0xf4 CMakeFiles/pico_sdvx.dir/C_/Users/ngadj/Documents/pico-sdk/lib/tinyusb/src/device/usbd.c.obj
 .text.tud_mounted
                0x10005144       0x10 CMakeFiles/pico_sdvx.dir/C_/Users/ngadj/Documents/pico-sdk/lib/tinyusb/src/device/usbd.c.obj
                0x10005144                tud_mounted
 .text.tud_suspended
                0x10005154       0x10 CMakeFiles/pico_sdvx.dir/C_/Users/ngadj/Documents/pico-sdk/lib/tinyusb/src/device/usbd.c.obj
                0x10005154                tud_suspended
 .text.tud_init
                0x10005164       0xb8 CMakeFiles/pico_sdvx.dir/C_/Users/ngadj/Documents/pico-sdk/lib/tinyusb/src/device/usbd.c.obj
                0x10005164                tud_init
 .text.dcd_event_handler
                0x1000521c      0x1c4 CMakeFiles/pico_sdvx.dir/C_/Users/ngadj/Documents/pico-sdk/lib/tinyusb/src/device/usbd.c.obj
                0x1000521c                dcd_event_handler
 .text.dcd_event_bus_signal
                0x100053e0       0x26 CMakeFiles/pico_sdvx.dir/C_/Users/ngadj/Documents/pico-sdk/lib/tinyusb/src/device/usbd.c.obj
                0x100053e0                dcd_event_bus_signal
 .text.dcd_event_setup_received
                0x10005406       0x34 CMakeFiles/pico_sdvx.dir/C_/Users/ngadj/Documents/pico-sdk/lib/tinyusb/src/device/usbd.c.obj
                0x10005406                dcd_event_setup_received
 .text.dcd_event_xfer_complete
                0x1000543a       0x44 CMakeFiles/pico_sdvx.dir/C_/Users/ngadj/Documents/pico-sdk/lib/tinyusb/src/device/usbd.c.obj
                0x1000543a                dcd_event_xfer_complete
 .text.usbd_edpt_open
                0x1000547e        0x8 CMakeFiles/pico_sdvx.dir/C_/Users/ngadj/Documents/pico-sdk/lib/tinyusb/src/device/usbd.c.obj
                0x1000547e                usbd_edpt_open
 *fill*         0x10005486        0x2 
 .text.usbd_open_edpt_pair
                0x10005488       0x8c CMakeFiles/pico_sdvx.dir/C_/Users/ngadj/Documents/pico-sdk/lib/tinyusb/src/device/usbd.c.obj
                0x10005488                usbd_open_edpt_pair
 .text.usbd_edpt_claim
                0x10005514       0x8c CMakeFiles/pico_sdvx.dir/C_/Users/ngadj/Documents/pico-sdk/lib/tinyusb/src/device/usbd.c.obj
                0x10005514                usbd_edpt_claim
 .text.usbd_edpt_xfer
                0x100055a0       0x80 CMakeFiles/pico_sdvx.dir/C_/Users/ngadj/Documents/pico-sdk/lib/tinyusb/src/device/usbd.c.obj
                0x100055a0                usbd_edpt_xfer
 .text.usbd_edpt_busy
                0x10005620       0x1c CMakeFiles/pico_sdvx.dir/C_/Users/ngadj/Documents/pico-sdk/lib/tinyusb/src/device/usbd.c.obj
                0x10005620                usbd_edpt_busy
 .text.usbd_edpt_stall
                0x1000563c       0x2c CMakeFiles/pico_sdvx.dir/C_/Users/ngadj/Documents/pico-sdk/lib/tinyusb/src/device/usbd.c.obj
                0x1000563c                usbd_edpt_stall
 .text.usbd_edpt_clear_stall
                0x10005668       0x2c CMakeFiles/pico_sdvx.dir/C_/Users/ngadj/Documents/pico-sdk/lib/tinyusb/src/device/usbd.c.obj
                0x10005668                usbd_edpt_clear_stall
 .text.usbd_edpt_stalled
                0x10005694       0x1c CMakeFiles/pico_sdvx.dir/C_/Users/ngadj/Documents/pico-sdk/lib/tinyusb/src/device/usbd.c.obj
                0x10005694                usbd_edpt_stalled
 .text.process_control_request
                0x100056b0      0x37c CMakeFiles/pico_sdvx.dir/C_/Users/ngadj/Documents/pico-sdk/lib/tinyusb/src/device/usbd.c.obj
 .text.tud_task
                0x10005a2c      0x204 CMakeFiles/pico_sdvx.dir/C_/Users/ngadj/Documents/pico-sdk/lib/tinyusb/src/device/usbd.c.obj
                0x10005a2c                tud_task
 .text._data_stage_xact
                0x10005c30       0x58 CMakeFiles/pico_sdvx.dir/C_/Users/ngadj/Documents/pico-sdk/lib/tinyusb/src/device/usbd_control.c.obj
 .text.tud_control_status
                0x10005c88       0x38 CMakeFiles/pico_sdvx.dir/C_/Users/ngadj/Documents/pico-sdk/lib/tinyusb/src/device/usbd_control.c.obj
                0x10005c88                tud_control_status
 .text.tud_control_xfer
                0x10005cc0       0xa8 CMakeFiles/pico_sdvx.dir/C_/Users/ngadj/Documents/pico-sdk/lib/tinyusb/src/device/usbd_control.c.obj
                0x10005cc0                tud_control_xfer
 .text.usbd_control_reset
                0x10005d68       0x14 CMakeFiles/pico_sdvx.dir/C_/Users/ngadj/Documents/pico-sdk/lib/tinyusb/src/device/usbd_control.c.obj
                0x10005d68                usbd_control_reset
 .text.usbd_control_set_complete_callback
                0x10005d7c        0xc CMakeFiles/pico_sdvx.dir/C_/Users/ngadj/Documents/pico-sdk/lib/tinyusb/src/device/usbd_control.c.obj
                0x10005d7c                usbd_control_set_complete_callback
 .text.usbd_control_set_request
                0x10005d88       0x1c CMakeFiles/pico_sdvx.dir/C_/Users/ngadj/Documents/pico-sdk/lib/tinyusb/src/device/usbd_control.c.obj
                0x10005d88                usbd_control_set_request
 .text.usbd_control_xfer_cb
                0x10005da4       0xe8 CMakeFiles/pico_sdvx.dir/C_/Users/ngadj/Documents/pico-sdk/lib/tinyusb/src/device/usbd_control.c.obj
                0x10005da4                usbd_control_xfer_cb
 .text.tud_hid_n_ready
                0x10005e8c       0x50 CMakeFiles/pico_sdvx.dir/C_/Users/ngadj/Documents/pico-sdk/lib/tinyusb/src/class/hid/hid_device.c.obj
                0x10005e8c                tud_hid_n_ready
 .text.tud_hid_n_report
                0x10005edc       0x84 CMakeFiles/pico_sdvx.dir/C_/Users/ngadj/Documents/pico-sdk/lib/tinyusb/src/class/hid/hid_device.c.obj
                0x10005edc                tud_hid_n_report
 .text.tud_hid_n_keyboard_report
                0x10005f60       0x36 CMakeFiles/pico_sdvx.dir/C_/Users/ngadj/Documents/pico-sdk/lib/tinyusb/src/class/hid/hid_device.c.obj
                0x10005f60                tud_hid_n_keyboard_report
 .text.tud_hid_n_mouse_report
                0x10005f96       0x2e CMakeFiles/pico_sdvx.dir/C_/Users/ngadj/Documents/pico-sdk/lib/tinyusb/src/class/hid/hid_device.c.obj
                0x10005f96                tud_hid_n_mouse_report
 .text.hidd_reset
                0x10005fc4       0x14 CMakeFiles/pico_sdvx.dir/C_/Users/ngadj/Documents/pico-sdk/lib/tinyusb/src/class/hid/hid_device.c.obj
                0x10005fc4                hidd_reset
 .text.hidd_init
                0x10005fd8        0xa CMakeFiles/pico_sdvx.dir/C_/Users/ngadj/Documents/pico-sdk/lib/tinyusb/src/class/hid/hid_device.c.obj
                0x10005fd8                hidd_init
 *fill*         0x10005fe2        0x2 
 .text.hidd_open
                0x10005fe4      0x100 CMakeFiles/pico_sdvx.dir/C_/Users/ngadj/Documents/pico-sdk/lib/tinyusb/src/class/hid/hid_device.c.obj
                0x10005fe4                hidd_open
 .text.hidd_control_request
                0x100060e4      0x1d0 CMakeFiles/pico_sdvx.dir/C_/Users/ngadj/Documents/pico-sdk/lib/tinyusb/src/class/hid/hid_device.c.obj
                0x100060e4                hidd_control_request
 .text.hidd_control_complete
                0x100062b4       0x64 CMakeFiles/pico_sdvx.dir/C_/Users/ngadj/Documents/pico-sdk/lib/tinyusb/src/class/hid/hid_device.c.obj
                0x100062b4                hidd_control_complete
 .text.hidd_xfer_cb
                0x10006318       0x5c CMakeFiles/pico_sdvx.dir/C_/Users/ngadj/Documents/pico-sdk/lib/tinyusb/src/class/hid/hid_device.c.obj
                0x10006318                hidd_xfer_cb
 .text.tusb_init
                0x10006374       0x38 CMakeFiles/pico_sdvx.dir/C_/Users/ngadj/Documents/pico-sdk/lib/tinyusb/src/tusb.c.obj
                0x10006374                tusb_init
 .text.tusb_inited
                0x100063ac        0xc CMakeFiles/pico_sdvx.dir/C_/Users/ngadj/Documents/pico-sdk/lib/tinyusb/src/tusb.c.obj
                0x100063ac                tusb_inited
 .text.advance_pointer
                0x100063b8       0x1e CMakeFiles/pico_sdvx.dir/C_/Users/ngadj/Documents/pico-sdk/lib/tinyusb/src/common/tusb_fifo.c.obj
 .text.backward_pointer
                0x100063d6       0x1a CMakeFiles/pico_sdvx.dir/C_/Users/ngadj/Documents/pico-sdk/lib/tinyusb/src/common/tusb_fifo.c.obj
 .text.get_relative_pointer
                0x100063f0       0x16 CMakeFiles/pico_sdvx.dir/C_/Users/ngadj/Documents/pico-sdk/lib/tinyusb/src/common/tusb_fifo.c.obj
 .text.tu_fifo_lock
                0x10006406       0x12 CMakeFiles/pico_sdvx.dir/C_/Users/ngadj/Documents/pico-sdk/lib/tinyusb/src/common/tusb_fifo.c.obj
 .text.tu_fifo_unlock
                0x10006418        0xe CMakeFiles/pico_sdvx.dir/C_/Users/ngadj/Documents/pico-sdk/lib/tinyusb/src/common/tusb_fifo.c.obj
 .text._tu_fifo_peek_at
                0x10006426       0x66 CMakeFiles/pico_sdvx.dir/C_/Users/ngadj/Documents/pico-sdk/lib/tinyusb/src/common/tusb_fifo.c.obj
 .text.tu_fifo_read
                0x1000648c       0x3a CMakeFiles/pico_sdvx.dir/C_/Users/ngadj/Documents/pico-sdk/lib/tinyusb/src/common/tusb_fifo.c.obj
                0x1000648c                tu_fifo_read
 .text.tu_fifo_write
                0x100064c6       0x5c CMakeFiles/pico_sdvx.dir/C_/Users/ngadj/Documents/pico-sdk/lib/tinyusb/src/common/tusb_fifo.c.obj
                0x100064c6                tu_fifo_write
 .text.tu_fifo_clear
                0x10006522       0x18 CMakeFiles/pico_sdvx.dir/C_/Users/ngadj/Documents/pico-sdk/lib/tinyusb/src/common/tusb_fifo.c.obj
                0x10006522                tu_fifo_clear
 .text.board_init
                0x1000653a       0x18 CMakeFiles/pico_sdvx.dir/C_/Users/ngadj/Documents/pico-sdk/lib/tinyusb/hw/bsp/raspberry_pi_pico/board_raspberry_pi_pico.c.obj
                0x1000653a                board_init
 *fill*         0x10006552        0x2 
 .text.calloc   0x10006554       0x18 c:/progra~2/gnuarm~1/102020~1/bin/../lib/gcc/arm-none-eabi/10.2.1/../../../../arm-none-eabi/lib/thumb/v6-m/nofp\libg.a(lib_a-calloc.o)
                0x10006554                calloc
 .text._calloc_r
                0x1000656c       0x5c c:/progra~2/gnuarm~1/102020~1/bin/../lib/gcc/arm-none-eabi/10.2.1/../../../../arm-none-eabi/lib/thumb/v6-m/nofp\libg.a(lib_a-callocr.o)
                0x1000656c                _calloc_r
 .text.malloc   0x100065c8       0x14 c:/progra~2/gnuarm~1/102020~1/bin/../lib/gcc/arm-none-eabi/10.2.1/../../../../arm-none-eabi/lib/thumb/v6-m/nofp\libg.a(lib_a-malloc.o)
                0x100065c8                malloc
 .text._malloc_r
                0x100065dc      0x580 c:/progra~2/gnuarm~1/102020~1/bin/../lib/gcc/arm-none-eabi/10.2.1/../../../../arm-none-eabi/lib/thumb/v6-m/nofp\libg.a(lib_a-mallocr.o)
                0x100065dc                _malloc_r
 .text.__malloc_lock
                0x10006b5c       0x10 c:/progra~2/gnuarm~1/102020~1/bin/../lib/gcc/arm-none-eabi/10.2.1/../../../../arm-none-eabi/lib/thumb/v6-m/nofp\libg.a(lib_a-mlock.o)
                0x10006b5c                __malloc_lock
 .text.__malloc_unlock
                0x10006b6c       0x10 c:/progra~2/gnuarm~1/102020~1/bin/../lib/gcc/arm-none-eabi/10.2.1/../../../../arm-none-eabi/lib/thumb/v6-m/nofp\libg.a(lib_a-mlock.o)
                0x10006b6c                __malloc_unlock
 .text._sbrk_r  0x10006b7c       0x24 c:/progra~2/gnuarm~1/102020~1/bin/../lib/gcc/arm-none-eabi/10.2.1/../../../../arm-none-eabi/lib/thumb/v6-m/nofp\libg.a(lib_a-sbrkr.o)
                0x10006b7c                _sbrk_r
 .text.strlen   0x10006ba0       0x5c c:/progra~2/gnuarm~1/102020~1/bin/../lib/gcc/arm-none-eabi/10.2.1/../../../../arm-none-eabi/lib/thumb/v6-m/nofp\libg.a(lib_a-strlen-stub.o)
                0x10006ba0                strlen
 .text._malloc_trim_r
                0x10006bfc       0x9c c:/progra~2/gnuarm~1/102020~1/bin/../lib/gcc/arm-none-eabi/10.2.1/../../../../arm-none-eabi/lib/thumb/v6-m/nofp\libg.a(lib_a-freer.o)
                0x10006bfc                _malloc_trim_r
 .text._free_r  0x10006c98      0x1c4 c:/progra~2/gnuarm~1/102020~1/bin/../lib/gcc/arm-none-eabi/10.2.1/../../../../arm-none-eabi/lib/thumb/v6-m/nofp\libg.a(lib_a-freer.o)
                0x10006c98                _free_r
 .text.__retarget_lock_acquire_recursive
                0x10006e5c        0x4 c:/progra~2/gnuarm~1/102020~1/bin/../lib/gcc/arm-none-eabi/10.2.1/../../../../arm-none-eabi/lib/thumb/v6-m/nofp\libg.a(lib_a-lock.o)
                0x10006e5c                __retarget_lock_acquire_recursive
 .text.__retarget_lock_release_recursive
                0x10006e60        0x4 c:/progra~2/gnuarm~1/102020~1/bin/../lib/gcc/arm-none-eabi/10.2.1/../../../../arm-none-eabi/lib/thumb/v6-m/nofp\libg.a(lib_a-lock.o)
                0x10006e60                __retarget_lock_release_recursive
 *(.fini)
 .fini          0x10006e64        0x4 c:/progra~2/gnuarm~1/102020~1/bin/../lib/gcc/arm-none-eabi/10.2.1/thumb/v6-m/nofp/crti.o
                0x10006e64                _fini
 .fini.__stub   0x10006e68       0x60 linker stubs
 *crtbegin.o(.ctors)
 *crtbegin?.o(.ctors)
 *(EXCLUDE_FILE(*crtend.o *crtend?.o) .ctors)
 *(SORT_BY_NAME(.ctors.*))
 *(.ctors)
 *crtbegin.o(.dtors)
 *crtbegin?.o(.dtors)
 *(EXCLUDE_FILE(*crtend.o *crtend?.o) .dtors)
 *(SORT_BY_NAME(.dtors.*))
 *(.dtors)
 *(.eh_frame*)
 .eh_frame      0x10006ec8        0x0 c:/progra~2/gnuarm~1/102020~1/bin/../lib/gcc/arm-none-eabi/10.2.1/thumb/v6-m/nofp/crtbegin.o
                0x10006ec8                . = ALIGN (0x4)

.glue_7         0x10006ec8        0x0
 .glue_7        0x10006ec8        0x0 linker stubs

.glue_7t        0x10006ec8        0x0
 .glue_7t       0x10006ec8        0x0 linker stubs

.vfp11_veneer   0x10006ec8        0x0
 .vfp11_veneer  0x10006ec8        0x0 linker stubs

.v4_bx          0x10006ec8        0x0
 .v4_bx         0x10006ec8        0x0 linker stubs

.iplt           0x10006ec8        0x0
 .iplt          0x10006ec8        0x0 c:/progra~2/gnuarm~1/102020~1/bin/../lib/gcc/arm-none-eabi/10.2.1/thumb/v6-m/nofp/crtbegin.o

.rodata         0x10006ec8     0x1478
 *(EXCLUDE_FILE(*libm.a: *libc.a:*lib_a-mem*.o *libgcc.a:) .rodata*)
 .rodata.L_ENC_GPIO
                0x10006ec8        0x2 CMakeFiles/pico_sdvx.dir/pico_sdvx.c.obj
                0x10006ec8                L_ENC_GPIO
 *fill*         0x10006eca        0x2 
 .rodata.R_ENC_GPIO
                0x10006ecc        0x2 CMakeFiles/pico_sdvx.dir/pico_sdvx.c.obj
                0x10006ecc                R_ENC_GPIO
 *fill*         0x10006ece        0x2 
 .rodata.SW_GPIO
                0x10006ed0        0x7 CMakeFiles/pico_sdvx.dir/pico_sdvx.c.obj
                0x10006ed0                SW_GPIO
 *fill*         0x10006ed7        0x1 
 .rodata.SW_KEYCODE
                0x10006ed8        0x7 CMakeFiles/pico_sdvx.dir/pico_sdvx.c.obj
                0x10006ed8                SW_KEYCODE
 *fill*         0x10006edf        0x1 
 .rodata.str1.4
                0x10006ee0       0x1f CMakeFiles/pico_sdvx.dir/usb_descriptors.c.obj
 *fill*         0x10006eff        0x1 
 .rodata.__compound_literal.0
                0x10006f00        0x2 CMakeFiles/pico_sdvx.dir/usb_descriptors.c.obj
 *fill*         0x10006f02        0x2 
 .rodata.desc_configuration
                0x10006f04       0x22 CMakeFiles/pico_sdvx.dir/usb_descriptors.c.obj
                0x10006f04                desc_configuration
 *fill*         0x10006f26        0x2 
 .rodata.desc_device
                0x10006f28       0x12 CMakeFiles/pico_sdvx.dir/usb_descriptors.c.obj
                0x10006f28                desc_device
 *fill*         0x10006f3a        0x2 
 .rodata.desc_hid_report
                0x10006f3c       0x90 CMakeFiles/pico_sdvx.dir/usb_descriptors.c.obj
                0x10006f3c                desc_hid_report
 .rodata.spin_lock_claim_unused.str1.4
                0x10006fcc       0x1b CMakeFiles/pico_sdvx.dir/C_/Users/ngadj/Documents/pico-sdk/src/rp2_common/hardware_sync/sync.c.obj
 *fill*         0x10006fe7        0x1 
 .rodata.alarm_pool_dump_key.str1.4
                0x10006fe8       0x73 CMakeFiles/pico_sdvx.dir/C_/Users/ngadj/Documents/pico-sdk/src/common/pico_time/time.c.obj
 *fill*         0x1000705b        0x1 
 .rodata.ph_add_child_node.str1.4
                0x1000705c       0x9e CMakeFiles/pico_sdvx.dir/C_/Users/ngadj/Documents/pico-sdk/src/common/pico_time/time.c.obj
 *fill*         0x100070fa        0x2 
 .rodata.add_alarm_under_lock.str1.4
                0x100070fc       0x27 CMakeFiles/pico_sdvx.dir/C_/Users/ngadj/Documents/pico-sdk/src/common/pico_time/time.c.obj
 *fill*         0x10007123        0x1 
 .rodata.alarm_pool_alarm_callback.str1.4
                0x10007124       0x7d CMakeFiles/pico_sdvx.dir/C_/Users/ngadj/Documents/pico-sdk/src/common/pico_time/time.c.obj
 *fill*         0x100071a1        0x3 
 .rodata.alarm_pool_get_default.str1.4
                0x100071a4       0x13 CMakeFiles/pico_sdvx.dir/C_/Users/ngadj/Documents/pico-sdk/src/common/pico_time/time.c.obj
 *fill*         0x100071b7        0x1 
 .rodata.alarm_pool_cancel_alarm.str1.4
                0x100071b8       0x27 CMakeFiles/pico_sdvx.dir/C_/Users/ngadj/Documents/pico-sdk/src/common/pico_time/time.c.obj
 *fill*         0x100071df        0x1 
 .rodata.__func__.0
                0x100071e0       0x18 CMakeFiles/pico_sdvx.dir/C_/Users/ngadj/Documents/pico-sdk/src/common/pico_time/time.c.obj
 .rodata.__func__.10
                0x100071f8       0x17 CMakeFiles/pico_sdvx.dir/C_/Users/ngadj/Documents/pico-sdk/src/common/pico_time/time.c.obj
 *fill*         0x1000720f        0x1 
 .rodata.__func__.2
                0x10007210       0x12 CMakeFiles/pico_sdvx.dir/C_/Users/ngadj/Documents/pico-sdk/src/common/pico_time/time.c.obj
 *fill*         0x10007222        0x2 
 .rodata.__func__.3
                0x10007224       0x14 CMakeFiles/pico_sdvx.dir/C_/Users/ngadj/Documents/pico-sdk/src/common/pico_time/time.c.obj
 .rodata.__func__.4
                0x10007238       0x12 CMakeFiles/pico_sdvx.dir/C_/Users/ngadj/Documents/pico-sdk/src/common/pico_time/time.c.obj
 *fill*         0x1000724a        0x2 
 .rodata.__func__.5
                0x1000724c        0xa CMakeFiles/pico_sdvx.dir/C_/Users/ngadj/Documents/pico-sdk/src/common/pico_time/time.c.obj
 *fill*         0x10007256        0x2 
 .rodata.__func__.6
                0x10007258        0xc CMakeFiles/pico_sdvx.dir/C_/Users/ngadj/Documents/pico-sdk/src/common/pico_time/time.c.obj
 .rodata.__func__.7
                0x10007264       0x15 CMakeFiles/pico_sdvx.dir/C_/Users/ngadj/Documents/pico-sdk/src/common/pico_time/time.c.obj
 *fill*         0x10007279        0x3 
 .rodata.__func__.8
                0x1000727c       0x1a CMakeFiles/pico_sdvx.dir/C_/Users/ngadj/Documents/pico-sdk/src/common/pico_time/time.c.obj
 *fill*         0x10007296        0x2 
 .rodata.__func__.9
                0x10007298        0xa CMakeFiles/pico_sdvx.dir/C_/Users/ngadj/Documents/pico-sdk/src/common/pico_time/time.c.obj
 *fill*         0x100072a2        0x2 
 .rodata.hardware_alarm_claim.str1.4
                0x100072a4       0x22 CMakeFiles/pico_sdvx.dir/C_/Users/ngadj/Documents/pico-sdk/src/rp2_common/hardware_timer/timer.c.obj
 *fill*         0x100072c6        0x2 
 .rodata.hardware_alarm_set_target.str1.4
                0x100072c8       0x6c CMakeFiles/pico_sdvx.dir/C_/Users/ngadj/Documents/pico-sdk/src/rp2_common/hardware_timer/timer.c.obj
 .rodata.__func__.0
                0x10007334       0x1a CMakeFiles/pico_sdvx.dir/C_/Users/ngadj/Documents/pico-sdk/src/rp2_common/hardware_timer/timer.c.obj
 *fill*         0x1000734e        0x2 
 .rodata.lock_init.str1.4
                0x10007350       0x6f CMakeFiles/pico_sdvx.dir/C_/Users/ngadj/Documents/pico-sdk/src/common/pico_sync/lock_core.c.obj
 *fill*         0x100073bf        0x1 
 .rodata.__func__.0
                0x100073c0        0xa CMakeFiles/pico_sdvx.dir/C_/Users/ngadj/Documents/pico-sdk/src/common/pico_sync/lock_core.c.obj
 *fill*         0x100073ca        0x2 
 .rodata.str1.4
                0x100073cc       0x64 CMakeFiles/pico_sdvx.dir/C_/Users/ngadj/Documents/pico-sdk/src/common/pico_sync/mutex.c.obj
 .rodata.__func__.0
                0x10007430        0xb CMakeFiles/pico_sdvx.dir/C_/Users/ngadj/Documents/pico-sdk/src/common/pico_sync/mutex.c.obj
 *fill*         0x1000743b        0x1 
 .rodata.__func__.1
                0x1000743c       0x18 CMakeFiles/pico_sdvx.dir/C_/Users/ngadj/Documents/pico-sdk/src/common/pico_sync/mutex.c.obj
 .rodata.__func__.2
                0x10007454       0x15 CMakeFiles/pico_sdvx.dir/C_/Users/ngadj/Documents/pico-sdk/src/common/pico_sync/mutex.c.obj
 .rodata.ph_add_child_node.str1.4
                0x10007469       0x9e CMakeFiles/pico_sdvx.dir/C_/Users/ngadj/Documents/pico-sdk/src/common/pico_util/pheap.c.obj
 *fill*         0x10007469        0x3 
 .rodata.ph_remove_any_head.str1.4
                0x1000746c       0x94 CMakeFiles/pico_sdvx.dir/C_/Users/ngadj/Documents/pico-sdk/src/common/pico_util/pheap.c.obj
 .rodata.ph_delete.str1.4
                0x10007500       0x26 CMakeFiles/pico_sdvx.dir/C_/Users/ngadj/Documents/pico-sdk/src/common/pico_util/pheap.c.obj
 *fill*         0x10007526        0x2 
 .rodata.__func__.0
                0x10007528        0xa CMakeFiles/pico_sdvx.dir/C_/Users/ngadj/Documents/pico-sdk/src/common/pico_util/pheap.c.obj
 *fill*         0x10007532        0x2 
 .rodata.__func__.1
                0x10007534       0x13 CMakeFiles/pico_sdvx.dir/C_/Users/ngadj/Documents/pico-sdk/src/common/pico_util/pheap.c.obj
 *fill*         0x10007547        0x1 
 .rodata.__func__.2
                0x10007548       0x12 CMakeFiles/pico_sdvx.dir/C_/Users/ngadj/Documents/pico-sdk/src/common/pico_util/pheap.c.obj
 *fill*         0x1000755a        0x2 
 .rodata.__func__.3
                0x1000755c        0xc CMakeFiles/pico_sdvx.dir/C_/Users/ngadj/Documents/pico-sdk/src/common/pico_util/pheap.c.obj
 .rodata.__assert_func.str1.4
                0x10007568       0x3f CMakeFiles/pico_sdvx.dir/C_/Users/ngadj/Documents/pico-sdk/src/rp2_common/pico_runtime/runtime.c.obj
                                 0x43 (size before relaxing)
 *fill*         0x100075a7        0x1 
 .rodata.panic.str1.4
                0x100075a8       0x12 CMakeFiles/pico_sdvx.dir/C_/Users/ngadj/Documents/pico-sdk/src/rp2_common/pico_runtime/runtime.c.obj
 *fill*         0x100075ba        0x2 
 .rodata.clock_configure.str1.4
                0x100075bc       0x5e CMakeFiles/pico_sdvx.dir/C_/Users/ngadj/Documents/pico-sdk/src/rp2_common/hardware_clocks/clocks.c.obj
 *fill*         0x1000761a        0x2 
 .rodata.__func__.1
                0x1000761c       0x10 CMakeFiles/pico_sdvx.dir/C_/Users/ngadj/Documents/pico-sdk/src/rp2_common/hardware_clocks/clocks.c.obj
 .rodata.pll_init.str1.4
                0x1000762c       0xdf CMakeFiles/pico_sdvx.dir/C_/Users/ngadj/Documents/pico-sdk/src/rp2_common/hardware_pll/pll.c.obj
 *fill*         0x1000770b        0x1 
 .rodata.__func__.0
                0x1000770c        0x9 CMakeFiles/pico_sdvx.dir/C_/Users/ngadj/Documents/pico-sdk/src/rp2_common/hardware_pll/pll.c.obj
 *fill*         0x10007715        0x3 
 .rodata.make_branch.str1.4
                0x10007718       0x54 CMakeFiles/pico_sdvx.dir/C_/Users/ngadj/Documents/pico-sdk/src/rp2_common/hardware_irq/irq.c.obj
 .rodata.irq_set_exclusive_handler.str1.4
                0x1000776c       0x36 CMakeFiles/pico_sdvx.dir/C_/Users/ngadj/Documents/pico-sdk/src/rp2_common/hardware_irq/irq.c.obj
 *fill*         0x100077a2        0x2 
 .rodata.irq_add_shared_handler.str1.4
                0x100077a4       0xd9 CMakeFiles/pico_sdvx.dir/C_/Users/ngadj/Documents/pico-sdk/src/rp2_common/hardware_irq/irq.c.obj
 *fill*         0x1000787d        0x3 
 .rodata.irq_remove_handler.str1.4
                0x10007880       0x2a CMakeFiles/pico_sdvx.dir/C_/Users/ngadj/Documents/pico-sdk/src/rp2_common/hardware_irq/irq.c.obj
 *fill*         0x100078aa        0x2 
 .rodata.irq_add_tail_to_free_list.str1.4
                0x100078ac       0x32 CMakeFiles/pico_sdvx.dir/C_/Users/ngadj/Documents/pico-sdk/src/rp2_common/hardware_irq/irq.c.obj
                                 0x3a (size before relaxing)
 *fill*         0x100078de        0x2 
 .rodata.__func__.0
                0x100078e0       0x1a CMakeFiles/pico_sdvx.dir/C_/Users/ngadj/Documents/pico-sdk/src/rp2_common/hardware_irq/irq.c.obj
 *fill*         0x100078fa        0x2 
 .rodata.__func__.1
                0x100078fc       0x17 CMakeFiles/pico_sdvx.dir/C_/Users/ngadj/Documents/pico-sdk/src/rp2_common/hardware_irq/irq.c.obj
 *fill*         0x10007913        0x1 
 .rodata.__func__.2
                0x10007914       0x13 CMakeFiles/pico_sdvx.dir/C_/Users/ngadj/Documents/pico-sdk/src/rp2_common/hardware_irq/irq.c.obj
 *fill*         0x10007927        0x1 
 .rodata.__func__.3
                0x10007928        0xc CMakeFiles/pico_sdvx.dir/C_/Users/ngadj/Documents/pico-sdk/src/rp2_common/hardware_irq/irq.c.obj
 .rodata.__func__.4
                0x10007934        0xf CMakeFiles/pico_sdvx.dir/C_/Users/ngadj/Documents/pico-sdk/src/rp2_common/hardware_irq/irq.c.obj
 *fill*         0x10007943        0x1 
 .rodata.__func__.6
                0x10007944       0x1a CMakeFiles/pico_sdvx.dir/C_/Users/ngadj/Documents/pico-sdk/src/rp2_common/hardware_irq/irq.c.obj
 *fill*         0x1000795e        0x2 
 .rodata._ftoa.str1.4
                0x10007960       0x15 CMakeFiles/pico_sdvx.dir/C_/Users/ngadj/Documents/pico-sdk/src/rp2_common/pico_printf/printf.c.obj
 *fill*         0x10007975        0x3 
 .rodata._vsnprintf
                0x10007978      0x1e0 CMakeFiles/pico_sdvx.dir/C_/Users/ngadj/Documents/pico-sdk/src/rp2_common/pico_printf/printf.c.obj
 .rodata.pow10.0
                0x10007b58       0x50 CMakeFiles/pico_sdvx.dir/C_/Users/ngadj/Documents/pico-sdk/src/rp2_common/pico_printf/printf.c.obj
 .rodata.__aeabi_double_init.str1.4
                0x10007ba8       0xaf CMakeFiles/pico_sdvx.dir/C_/Users/ngadj/Documents/pico-sdk/src/rp2_common/pico_double/double_init_rom.c.obj
 *fill*         0x10007c57        0x1 
 .rodata.__func__.0
                0x10007c58       0x14 CMakeFiles/pico_sdvx.dir/C_/Users/ngadj/Documents/pico-sdk/src/rp2_common/pico_double/double_init_rom.c.obj
 .rodata.__aeabi_float_init.str1.4
                0x10007c6c       0x81 CMakeFiles/pico_sdvx.dir/C_/Users/ngadj/Documents/pico-sdk/src/rp2_common/pico_float/float_init_rom.c.obj
                                 0x85 (size before relaxing)
 *fill*         0x10007ced        0x3 
 .rodata.__func__.0
                0x10007cf0       0x13 CMakeFiles/pico_sdvx.dir/C_/Users/ngadj/Documents/pico-sdk/src/rp2_common/pico_float/float_init_rom.c.obj
 *fill*         0x10007d03        0x1 
 .rodata.str1.4
                0x10007d04       0x30 CMakeFiles/pico_sdvx.dir/C_/Users/ngadj/Documents/pico-sdk/src/rp2_common/pico_standard_link/binary_info.c.obj
 .rodata.__bi_40
                0x10007d34        0xc CMakeFiles/pico_sdvx.dir/C_/Users/ngadj/Documents/pico-sdk/src/rp2_common/pico_standard_link/binary_info.c.obj
 .rodata.__bi_71
                0x10007d40        0xc CMakeFiles/pico_sdvx.dir/C_/Users/ngadj/Documents/pico-sdk/src/rp2_common/pico_standard_link/binary_info.c.obj
 .rodata.crlf_str.1
                0x10007d4c        0x2 CMakeFiles/pico_sdvx.dir/C_/Users/ngadj/Documents/pico-sdk/src/rp2_common/pico_stdio/stdio.c.obj
 *fill*         0x10007d4e        0x2 
 .rodata.str1.4
                0x10007d50       0x2c CMakeFiles/pico_sdvx.dir/C_/Users/ngadj/Documents/pico-sdk/src/rp2_common/pico_stdio_uart/stdio_uart.c.obj
 .rodata.__bi_27.4
                0x10007d7c        0xc CMakeFiles/pico_sdvx.dir/C_/Users/ngadj/Documents/pico-sdk/src/rp2_common/pico_stdio_uart/stdio_uart.c.obj
 .rodata.__bi_28.5
                0x10007d88        0x8 CMakeFiles/pico_sdvx.dir/C_/Users/ngadj/Documents/pico-sdk/src/rp2_common/pico_stdio_uart/stdio_uart.c.obj
 .rodata._hw_endpoint_alloc.str1.4
                0x10007d90       0xbd CMakeFiles/pico_sdvx.dir/C_/Users/ngadj/Documents/pico-sdk/lib/tinyusb/src/portable/raspberrypi/rp2040/dcd_rp2040.c.obj
 *fill*         0x10007e4d        0x3 
 .rodata._hw_endpoint_init.str1.4
                0x10007e50       0x28 CMakeFiles/pico_sdvx.dir/C_/Users/ngadj/Documents/pico-sdk/lib/tinyusb/src/portable/raspberrypi/rp2040/dcd_rp2040.c.obj
 .rodata.hw_handle_buff_status.str1.4
                0x10007e78        0xb CMakeFiles/pico_sdvx.dir/C_/Users/ngadj/Documents/pico-sdk/lib/tinyusb/src/portable/raspberrypi/rp2040/dcd_rp2040.c.obj
 *fill*         0x10007e83        0x1 
 .rodata.dcd_rp2040_irq.str1.4
                0x10007e84       0x14 CMakeFiles/pico_sdvx.dir/C_/Users/ngadj/Documents/pico-sdk/lib/tinyusb/src/portable/raspberrypi/rp2040/dcd_rp2040.c.obj
 .rodata._hw_endpoint_stall.str1.4
                0x10007e98        0xd CMakeFiles/pico_sdvx.dir/C_/Users/ngadj/Documents/pico-sdk/lib/tinyusb/src/portable/raspberrypi/rp2040/dcd_rp2040.c.obj
 *fill*         0x10007ea5        0x3 
 .rodata.dcd_int_enable.str1.4
                0x10007ea8        0xc CMakeFiles/pico_sdvx.dir/C_/Users/ngadj/Documents/pico-sdk/lib/tinyusb/src/portable/raspberrypi/rp2040/dcd_rp2040.c.obj
 .rodata.__func__.0
                0x10007eb4       0x15 CMakeFiles/pico_sdvx.dir/C_/Users/ngadj/Documents/pico-sdk/lib/tinyusb/src/portable/raspberrypi/rp2040/dcd_rp2040.c.obj
 *fill*         0x10007ec9        0x3 
 .rodata.__func__.1
                0x10007ecc       0x13 CMakeFiles/pico_sdvx.dir/C_/Users/ngadj/Documents/pico-sdk/lib/tinyusb/src/portable/raspberrypi/rp2040/dcd_rp2040.c.obj
 *fill*         0x10007edf        0x1 
 .rodata.__func__.10
                0x10007ee0        0xf CMakeFiles/pico_sdvx.dir/C_/Users/ngadj/Documents/pico-sdk/lib/tinyusb/src/portable/raspberrypi/rp2040/dcd_rp2040.c.obj
 *fill*         0x10007eef        0x1 
 .rodata.__func__.11
                0x10007ef0       0x13 CMakeFiles/pico_sdvx.dir/C_/Users/ngadj/Documents/pico-sdk/lib/tinyusb/src/portable/raspberrypi/rp2040/dcd_rp2040.c.obj
 *fill*         0x10007f03        0x1 
 .rodata.__func__.12
                0x10007f04       0x16 CMakeFiles/pico_sdvx.dir/C_/Users/ngadj/Documents/pico-sdk/lib/tinyusb/src/portable/raspberrypi/rp2040/dcd_rp2040.c.obj
 *fill*         0x10007f1a        0x2 
 .rodata.__func__.13
                0x10007f1c        0x9 CMakeFiles/pico_sdvx.dir/C_/Users/ngadj/Documents/pico-sdk/lib/tinyusb/src/portable/raspberrypi/rp2040/dcd_rp2040.c.obj
 *fill*         0x10007f25        0x3 
 .rodata.__func__.2
                0x10007f28        0xf CMakeFiles/pico_sdvx.dir/C_/Users/ngadj/Documents/pico-sdk/lib/tinyusb/src/portable/raspberrypi/rp2040/dcd_rp2040.c.obj
 *fill*         0x10007f37        0x1 
 .rodata.__func__.3
                0x10007f38        0xe CMakeFiles/pico_sdvx.dir/C_/Users/ngadj/Documents/pico-sdk/lib/tinyusb/src/portable/raspberrypi/rp2040/dcd_rp2040.c.obj
 *fill*         0x10007f46        0x2 
 .rodata.__func__.4
                0x10007f48        0xe CMakeFiles/pico_sdvx.dir/C_/Users/ngadj/Documents/pico-sdk/lib/tinyusb/src/portable/raspberrypi/rp2040/dcd_rp2040.c.obj
 *fill*         0x10007f56        0x2 
 .rodata.__func__.5
                0x10007f58       0x1a CMakeFiles/pico_sdvx.dir/C_/Users/ngadj/Documents/pico-sdk/lib/tinyusb/src/portable/raspberrypi/rp2040/dcd_rp2040.c.obj
 *fill*         0x10007f72        0x2 
 .rodata.__func__.6
                0x10007f74        0xc CMakeFiles/pico_sdvx.dir/C_/Users/ngadj/Documents/pico-sdk/lib/tinyusb/src/portable/raspberrypi/rp2040/dcd_rp2040.c.obj
 .rodata.__func__.8
                0x10007f80       0x10 CMakeFiles/pico_sdvx.dir/C_/Users/ngadj/Documents/pico-sdk/lib/tinyusb/src/portable/raspberrypi/rp2040/dcd_rp2040.c.obj
 .rodata._hw_endpoint_buffer_control_update32.str1.4
                0x10007f90       0x1f CMakeFiles/pico_sdvx.dir/C_/Users/ngadj/Documents/pico-sdk/lib/tinyusb/src/portable/raspberrypi/rp2040/rp2040_usb.c.obj
 *fill*         0x10007faf        0x1 
 .rodata._hw_endpoint_xfer_sync.str1.4
                0x10007fb0       0x99 CMakeFiles/pico_sdvx.dir/C_/Users/ngadj/Documents/pico-sdk/lib/tinyusb/src/portable/raspberrypi/rp2040/rp2040_usb.c.obj
 *fill*         0x10008049        0x3 
 .rodata._hw_endpoint_xfer_continue.str1.4
                0x1000804c       0x50 CMakeFiles/pico_sdvx.dir/C_/Users/ngadj/Documents/pico-sdk/lib/tinyusb/src/portable/raspberrypi/rp2040/rp2040_usb.c.obj
 .rodata._hw_endpoint_xfer.str1.4
                0x1000809c        0xf CMakeFiles/pico_sdvx.dir/C_/Users/ngadj/Documents/pico-sdk/lib/tinyusb/src/portable/raspberrypi/rp2040/rp2040_usb.c.obj
 .rodata.str1.4
                0x100080ab        0xf CMakeFiles/pico_sdvx.dir/C_/Users/ngadj/Documents/pico-sdk/lib/tinyusb/src/portable/raspberrypi/rp2040/rp2040_usb.c.obj
                                  0x7 (size before relaxing)
 *fill*         0x100080ab        0x1 
 .rodata.__func__.0
                0x100080ac       0x12 CMakeFiles/pico_sdvx.dir/C_/Users/ngadj/Documents/pico-sdk/lib/tinyusb/src/portable/raspberrypi/rp2040/rp2040_usb.c.obj
 *fill*         0x100080be        0x2 
 .rodata.__func__.1
                0x100080c0       0x17 CMakeFiles/pico_sdvx.dir/C_/Users/ngadj/Documents/pico-sdk/lib/tinyusb/src/portable/raspberrypi/rp2040/rp2040_usb.c.obj
 *fill*         0x100080d7        0x1 
 .rodata.process_set_config.str1.4
                0x100080d8       0x17 CMakeFiles/pico_sdvx.dir/C_/Users/ngadj/Documents/pico-sdk/lib/tinyusb/src/device/usbd.c.obj
 *fill*         0x100080ef        0x1 
 .rodata.process_get_descriptor
                0x100080f0       0x40 CMakeFiles/pico_sdvx.dir/C_/Users/ngadj/Documents/pico-sdk/lib/tinyusb/src/device/usbd.c.obj
 .rodata.dcd_event_handler.str1.4
                0x10008130       0x53 CMakeFiles/pico_sdvx.dir/C_/Users/ngadj/Documents/pico-sdk/lib/tinyusb/src/device/usbd.c.obj
 *fill*         0x10008183        0x1 
 .rodata.process_control_request
                0x10008184       0x28 CMakeFiles/pico_sdvx.dir/C_/Users/ngadj/Documents/pico-sdk/lib/tinyusb/src/device/usbd.c.obj
 .rodata.tud_task
                0x100081ac       0x24 CMakeFiles/pico_sdvx.dir/C_/Users/ngadj/Documents/pico-sdk/lib/tinyusb/src/device/usbd.c.obj
 .rodata.__func__.1
                0x100081d0        0xf CMakeFiles/pico_sdvx.dir/C_/Users/ngadj/Documents/pico-sdk/lib/tinyusb/src/device/usbd.c.obj
 *fill*         0x100081df        0x1 
 .rodata.__func__.2
                0x100081e0       0x14 CMakeFiles/pico_sdvx.dir/C_/Users/ngadj/Documents/pico-sdk/lib/tinyusb/src/device/usbd.c.obj
 .rodata.__func__.3
                0x100081f4       0x10 CMakeFiles/pico_sdvx.dir/C_/Users/ngadj/Documents/pico-sdk/lib/tinyusb/src/device/usbd.c.obj
 .rodata.__func__.4
                0x10008204       0x17 CMakeFiles/pico_sdvx.dir/C_/Users/ngadj/Documents/pico-sdk/lib/tinyusb/src/device/usbd.c.obj
 *fill*         0x1000821b        0x1 
 .rodata.__func__.5
                0x1000821c       0x13 CMakeFiles/pico_sdvx.dir/C_/Users/ngadj/Documents/pico-sdk/lib/tinyusb/src/device/usbd.c.obj
 *fill*         0x1000822f        0x1 
 .rodata.__func__.6
                0x10008230       0x18 CMakeFiles/pico_sdvx.dir/C_/Users/ngadj/Documents/pico-sdk/lib/tinyusb/src/device/usbd.c.obj
 .rodata.__func__.7
                0x10008248       0x13 CMakeFiles/pico_sdvx.dir/C_/Users/ngadj/Documents/pico-sdk/lib/tinyusb/src/device/usbd.c.obj
 *fill*         0x1000825b        0x1 
 .rodata.__func__.8
                0x1000825c        0x9 CMakeFiles/pico_sdvx.dir/C_/Users/ngadj/Documents/pico-sdk/lib/tinyusb/src/device/usbd.c.obj
 *fill*         0x10008265        0x3 
 .rodata._usbd_driver
                0x10008268       0x1c CMakeFiles/pico_sdvx.dir/C_/Users/ngadj/Documents/pico-sdk/lib/tinyusb/src/device/usbd.c.obj
 .rodata.tud_control_xfer.str1.4
                0x10008284       0x17 CMakeFiles/pico_sdvx.dir/C_/Users/ngadj/Documents/pico-sdk/lib/tinyusb/src/device/usbd_control.c.obj
 .rodata.__func__.0
                0x10008284       0x15 CMakeFiles/pico_sdvx.dir/C_/Users/ngadj/Documents/pico-sdk/lib/tinyusb/src/device/usbd_control.c.obj
 *fill*         0x10008299        0x3 
 .rodata.__func__.1
                0x1000829c       0x11 CMakeFiles/pico_sdvx.dir/C_/Users/ngadj/Documents/pico-sdk/lib/tinyusb/src/device/usbd_control.c.obj
 *fill*         0x100082ad        0x3 
 .rodata.hidd_open.str1.4
                0x100082b0       0x11 CMakeFiles/pico_sdvx.dir/C_/Users/ngadj/Documents/pico-sdk/lib/tinyusb/src/class/hid/hid_device.c.obj
                                 0x29 (size before relaxing)
 *fill*         0x100082c1        0x3 
 .rodata.hidd_control_request
                0x100082c4       0x30 CMakeFiles/pico_sdvx.dir/C_/Users/ngadj/Documents/pico-sdk/lib/tinyusb/src/class/hid/hid_device.c.obj
 .rodata.__PRETTY_FUNCTION__.2
                0x100082f4        0xa CMakeFiles/pico_sdvx.dir/C_/Users/ngadj/Documents/pico-sdk/lib/tinyusb/src/class/hid/hid_device.c.obj
 *fill*         0x100082fe        0x2 
 .rodata.__func__.0
                0x10008300        0xd CMakeFiles/pico_sdvx.dir/C_/Users/ngadj/Documents/pico-sdk/lib/tinyusb/src/class/hid/hid_device.c.obj
 *fill*         0x1000830d        0x3 
 .rodata.__func__.1
                0x10008310       0x15 CMakeFiles/pico_sdvx.dir/C_/Users/ngadj/Documents/pico-sdk/lib/tinyusb/src/class/hid/hid_device.c.obj
 *fill*         0x10008325        0x3 
 .rodata.__func__.3
                0x10008328        0xa CMakeFiles/pico_sdvx.dir/C_/Users/ngadj/Documents/pico-sdk/lib/tinyusb/src/class/hid/hid_device.c.obj
 .rodata.tusb_init.str1.4
                0x10008332       0x17 CMakeFiles/pico_sdvx.dir/C_/Users/ngadj/Documents/pico-sdk/lib/tinyusb/src/tusb.c.obj
 *fill*         0x10008332        0x2 
 .rodata.__func__.0
                0x10008334        0xa CMakeFiles/pico_sdvx.dir/C_/Users/ngadj/Documents/pico-sdk/lib/tinyusb/src/tusb.c.obj
                0x10008340                . = ALIGN (0x4)
 *fill*         0x1000833e        0x2 
 *(SORT_BY_ALIGNMENT(SORT_BY_NAME(.flashdata*)))
                0x10008340                . = ALIGN (0x4)

.rel.dyn        0x10008340        0x0
 .rel.iplt      0x10008340        0x0 c:/progra~2/gnuarm~1/102020~1/bin/../lib/gcc/arm-none-eabi/10.2.1/thumb/v6-m/nofp/crtbegin.o

.ARM.extab
 *(.ARM.extab* .gnu.linkonce.armextab.*)
                0x10008340                __exidx_start = .

.ARM.exidx
 *(.ARM.exidx* .gnu.linkonce.armexidx.*)
                0x10008340                __exidx_end = .
                0x10008340                . = ALIGN (0x4)
                0x10008340                __binary_info_start = .

.binary_info    0x10008340       0x20
 *(.binary_info.keep.*)
 .binary_info.keep.__bi_ptr18
                0x10008340        0x4 CMakeFiles/pico_sdvx.dir/C_/Users/ngadj/Documents/pico-sdk/src/rp2_common/pico_standard_link/binary_info.c.obj
 .binary_info.keep.__bi_ptr26
                0x10008344        0x4 CMakeFiles/pico_sdvx.dir/C_/Users/ngadj/Documents/pico-sdk/src/rp2_common/pico_standard_link/binary_info.c.obj
 .binary_info.keep.__bi_ptr34
                0x10008348        0x4 CMakeFiles/pico_sdvx.dir/C_/Users/ngadj/Documents/pico-sdk/src/rp2_common/pico_standard_link/binary_info.c.obj
 .binary_info.keep.__bi_ptr40
                0x1000834c        0x4 CMakeFiles/pico_sdvx.dir/C_/Users/ngadj/Documents/pico-sdk/src/rp2_common/pico_standard_link/binary_info.c.obj
 .binary_info.keep.__bi_ptr46
                0x10008350        0x4 CMakeFiles/pico_sdvx.dir/C_/Users/ngadj/Documents/pico-sdk/src/rp2_common/pico_standard_link/binary_info.c.obj
 .binary_info.keep.__bi_ptr71
                0x10008354        0x4 CMakeFiles/pico_sdvx.dir/C_/Users/ngadj/Documents/pico-sdk/src/rp2_common/pico_standard_link/binary_info.c.obj
 *(.binary_info.*)
 .binary_info.__bi_ptr27
                0x10008358        0x4 CMakeFiles/pico_sdvx.dir/C_/Users/ngadj/Documents/pico-sdk/src/rp2_common/pico_stdio_uart/stdio_uart.c.obj
 .binary_info.__bi_ptr28
                0x1000835c        0x4 CMakeFiles/pico_sdvx.dir/C_/Users/ngadj/Documents/pico-sdk/src/rp2_common/pico_stdio_uart/stdio_uart.c.obj
                0x10008360                __binary_info_end = .
                0x10008360                . = ALIGN (0x4)
                0x10008360                __etext = .

.ram_vector_table
                0x20000000       0xc0
 *(.ram_vector_table)
 .ram_vector_table
                0x20000000       0xc0 CMakeFiles/pico_sdvx.dir/C_/Users/ngadj/Documents/pico-sdk/src/rp2_common/pico_runtime/runtime.c.obj
                0x20000000                ram_vector_table

.data           0x200000c0      0xb14 load address 0x10008360
                0x200000c0                __data_start__ = .
 *(vtable)
 *(.time_critical*)
 .time_critical.mutex_enter_blocking
                0x200000c0       0x64 CMakeFiles/pico_sdvx.dir/C_/Users/ngadj/Documents/pico-sdk/src/common/pico_sync/mutex.c.obj
                0x200000c0                mutex_enter_blocking
 .time_critical.mutex_try_enter
                0x20000124       0x44 CMakeFiles/pico_sdvx.dir/C_/Users/ngadj/Documents/pico-sdk/src/common/pico_sync/mutex.c.obj
                0x20000124                mutex_try_enter
 .time_critical.mutex_enter_block_until
                0x20000168       0x78 CMakeFiles/pico_sdvx.dir/C_/Users/ngadj/Documents/pico-sdk/src/common/pico_sync/mutex.c.obj
                0x20000168                mutex_enter_block_until
 .time_critical.mutex_enter_timeout_ms
                0x200001e0       0x4a CMakeFiles/pico_sdvx.dir/C_/Users/ngadj/Documents/pico-sdk/src/common/pico_sync/mutex.c.obj
                0x200001e0                mutex_enter_timeout_ms
 *fill*         0x2000022a        0x2 
 .time_critical.mutex_exit
                0x2000022c       0x4c CMakeFiles/pico_sdvx.dir/C_/Users/ngadj/Documents/pico-sdk/src/common/pico_sync/mutex.c.obj
                0x2000022c                mutex_exit
 *(.text*)
 .text          0x20000278        0x4 c:/progra~2/gnuarm~1/102020~1/bin/../lib/gcc/arm-none-eabi/10.2.1/thumb/v6-m/nofp\libgcc.a(_dvmd_tls.o)
                0x20000278                __aeabi_idiv0
                0x20000278                __aeabi_ldiv0
 *fill*         0x2000027c        0x4 
 .text.__stub   0x20000280       0x40 linker stubs
                0x200002c0                . = ALIGN (0x4)
 *(.rodata*)
                0x200002c0                . = ALIGN (0x4)
 *(.data*)
 .data.string_desc_arr
                0x200002c0       0x10 CMakeFiles/pico_sdvx.dir/usb_descriptors.c.obj
                0x200002c0                string_desc_arr
 .data.striped_spin_lock_num
                0x200002d0        0x1 CMakeFiles/pico_sdvx.dir/C_/Users/ngadj/Documents/pico-sdk/src/rp2_common/hardware_sync/sync.c.obj
 *fill*         0x200002d1        0x3 
 .data          0x200002d4       0x48 CMakeFiles/pico_sdvx.dir/C_/Users/ngadj/Documents/pico-sdk/src/rp2_common/hardware_irq/irq_handler_chain.S.obj
                0x200002d4                irq_handler_chain_slots
                0x20000304                irq_handler_chain_first_slot
                0x2000030e                irq_handler_chain_remove_tail
 *fill*         0x2000031c        0x4 
 .data.aeabi_bits_funcs
                0x20000320       0x10 CMakeFiles/pico_sdvx.dir/C_/Users/ngadj/Documents/pico-sdk/src/rp2_common/pico_bit_ops/bit_ops_aeabi.S.obj
                0x20000320                aeabi_bits_funcs
                0x20000330                aeabi_bits_funcs_end
 .data.aeabi_mem_funcs
                0x20000330       0x10 CMakeFiles/pico_sdvx.dir/C_/Users/ngadj/Documents/pico-sdk/src/rp2_common/pico_mem_ops/mem_ops_aeabi.S.obj
                0x20000330                aeabi_mem_funcs
                0x20000340                aeabi_mem_funcs_end
 .data.stdio_uart
                0x20000340       0x14 CMakeFiles/pico_sdvx.dir/C_/Users/ngadj/Documents/pico-sdk/src/rp2_common/pico_stdio_uart/stdio_uart.c.obj
                0x20000340                stdio_uart
 .data.ep_dir_string
                0x20000354        0x8 CMakeFiles/pico_sdvx.dir/C_/Users/ngadj/Documents/pico-sdk/lib/tinyusb/src/portable/raspberrypi/rp2040/rp2040_usb.c.obj
                0x20000354                ep_dir_string
 .data._usbd_qdef
                0x2000035c       0x20 CMakeFiles/pico_sdvx.dir/C_/Users/ngadj/Documents/pico-sdk/lib/tinyusb/src/device/usbd.c.obj
                0x2000035c                _usbd_qdef
 .data._impure_ptr
                0x2000037c        0x4 c:/progra~2/gnuarm~1/102020~1/bin/../lib/gcc/arm-none-eabi/10.2.1/../../../../arm-none-eabi/lib/thumb/v6-m/nofp\libg.a(lib_a-impure.o)
                0x2000037c                _impure_ptr
 .data.impure_data
                0x20000380      0x428 c:/progra~2/gnuarm~1/102020~1/bin/../lib/gcc/arm-none-eabi/10.2.1/../../../../arm-none-eabi/lib/thumb/v6-m/nofp\libg.a(lib_a-impure.o)
 .data.__malloc_av_
                0x200007a8      0x408 c:/progra~2/gnuarm~1/102020~1/bin/../lib/gcc/arm-none-eabi/10.2.1/../../../../arm-none-eabi/lib/thumb/v6-m/nofp\libg.a(lib_a-mallocr.o)
                0x200007a8                __malloc_av_
 .data.__malloc_sbrk_base
                0x20000bb0        0x4 c:/progra~2/gnuarm~1/102020~1/bin/../lib/gcc/arm-none-eabi/10.2.1/../../../../arm-none-eabi/lib/thumb/v6-m/nofp\libg.a(lib_a-mallocr.o)
                0x20000bb0                __malloc_sbrk_base
 .data.__malloc_trim_threshold
                0x20000bb4        0x4 c:/progra~2/gnuarm~1/102020~1/bin/../lib/gcc/arm-none-eabi/10.2.1/../../../../arm-none-eabi/lib/thumb/v6-m/nofp\libg.a(lib_a-mallocr.o)
                0x20000bb4                __malloc_trim_threshold
                0x20000bb8                . = ALIGN (0x4)
 *(.after_data.*)
                0x20000bb8                . = ALIGN (0x4)
                0x20000bb8                PROVIDE (__mutex_array_start = .)
 *(SORT_BY_NAME(.mutex_array.*))
 *(.mutex_array)
 .mutex_array   0x20000bb8        0x8 CMakeFiles/pico_sdvx.dir/C_/Users/ngadj/Documents/pico-sdk/src/rp2_common/pico_stdio/stdio.c.obj
                0x20000bc0                PROVIDE (__mutex_array_end = .)
                0x20000bc0                . = ALIGN (0x4)
                0x20000bc0                PROVIDE (__preinit_array_start = .)
 *(SORT_BY_NAME(.preinit_array.*))
 .preinit_array.00001
                0x20000bc0        0x4 CMakeFiles/pico_sdvx.dir/C_/Users/ngadj/Documents/pico-sdk/src/rp2_common/pico_mem_ops/mem_ops_aeabi.S.obj
 .preinit_array.00010
                0x20000bc4        0x4 CMakeFiles/pico_sdvx.dir/C_/Users/ngadj/Documents/pico-sdk/src/rp2_common/pico_bit_ops/bit_ops_aeabi.S.obj
 .preinit_array.00020
                0x20000bc8        0x4 CMakeFiles/pico_sdvx.dir/C_/Users/ngadj/Documents/pico-sdk/src/rp2_common/pico_double/double_aeabi.S.obj
 .preinit_array.00020
                0x20000bcc        0x4 CMakeFiles/pico_sdvx.dir/C_/Users/ngadj/Documents/pico-sdk/src/rp2_common/pico_float/float_aeabi.S.obj
 *(.preinit_array)
                0x20000bd0                PROVIDE (__preinit_array_end = .)
                0x20000bd0                . = ALIGN (0x4)
                0x20000bd0                PROVIDE (__init_array_start = .)
 *(SORT_BY_NAME(.init_array.*))
 *(.init_array)
 .init_array    0x20000bd0        0x4 c:/progra~2/gnuarm~1/102020~1/bin/../lib/gcc/arm-none-eabi/10.2.1/thumb/v6-m/nofp/crtbegin.o
                0x20000bd4                PROVIDE (__init_array_end = .)
                0x20000bd4                . = ALIGN (0x4)
                [!provide]                PROVIDE (__fini_array_start = .)
 *(SORT_BY_NAME(.fini_array.*))
 *(.fini_array)
                [!provide]                PROVIDE (__fini_array_end = .)
 *(.jcr)
                0x20000bd4                . = ALIGN (0x4)
                0x20000bd4                __data_end__ = .

.igot.plt       0x20000bd4        0x0 load address 0x10008e74
 .igot.plt      0x20000bd4        0x0 c:/progra~2/gnuarm~1/102020~1/bin/../lib/gcc/arm-none-eabi/10.2.1/thumb/v6-m/nofp/crtbegin.o

.uninitialized_data
                0x20000bd4        0x0 load address 0x10008e74
                0x20000bd4                . = ALIGN (0x4)
 *(.uninitialized_data*)

.scratch_x      0x20040000        0x0 load address 0x10008e74
                0x20040000                __scratch_x_start__ = .
 *(.scratch_x.*)
                0x20040000                . = ALIGN (0x4)
                0x20040000                __scratch_x_end__ = .
                0x10008e74                __scratch_x_source__ = LOADADDR (.scratch_x)

.scratch_y      0x20041000        0x0 load address 0x10008e74
                0x20041000                __scratch_y_start__ = .
 *(.scratch_y.*)
                0x20041000                . = ALIGN (0x4)
                0x20041000                __scratch_y_end__ = .
                0x10008e74                __scratch_y_source__ = LOADADDR (.scratch_y)

.bss            0x20000bd4      0xb3c
                0x20000bd4                . = ALIGN (0x4)
                0x20000bd4                __bss_start__ = .
 *(SORT_BY_ALIGNMENT(SORT_BY_NAME(.bss*)))
 .bss           0x20000bd4       0x1c c:/progra~2/gnuarm~1/102020~1/bin/../lib/gcc/arm-none-eabi/10.2.1/thumb/v6-m/nofp/crtbegin.o
 .bss.__lock___malloc_recursive_mutex
                0x20000bf0        0x1 c:/progra~2/gnuarm~1/102020~1/bin/../lib/gcc/arm-none-eabi/10.2.1/../../../../arm-none-eabi/lib/thumb/v6-m/nofp\libg.a(lib_a-lock.o)
                0x20000bf0                __lock___malloc_recursive_mutex
 *fill*         0x20000bf1        0x3 
 .bss.__malloc_current_mallinfo
                0x20000bf4       0x28 c:/progra~2/gnuarm~1/102020~1/bin/../lib/gcc/arm-none-eabi/10.2.1/../../../../arm-none-eabi/lib/thumb/v6-m/nofp\libg.a(lib_a-mallocr.o)
                0x20000bf4                __malloc_current_mallinfo
 .bss.__malloc_max_sbrked_mem
                0x20000c1c        0x4 c:/progra~2/gnuarm~1/102020~1/bin/../lib/gcc/arm-none-eabi/10.2.1/../../../../arm-none-eabi/lib/thumb/v6-m/nofp\libg.a(lib_a-mallocr.o)
                0x20000c1c                __malloc_max_sbrked_mem
 .bss.__malloc_max_total_mem
                0x20000c20        0x4 c:/progra~2/gnuarm~1/102020~1/bin/../lib/gcc/arm-none-eabi/10.2.1/../../../../arm-none-eabi/lib/thumb/v6-m/nofp\libg.a(lib_a-mallocr.o)
                0x20000c20                __malloc_max_total_mem
 .bss.__malloc_top_pad
                0x20000c24        0x4 c:/progra~2/gnuarm~1/102020~1/bin/../lib/gcc/arm-none-eabi/10.2.1/../../../../arm-none-eabi/lib/thumb/v6-m/nofp\libg.a(lib_a-mallocr.o)
                0x20000c24                __malloc_top_pad
 .bss._app_driver
                0x20000c28        0x4 CMakeFiles/pico_sdvx.dir/C_/Users/ngadj/Documents/pico-sdk/lib/tinyusb/src/device/usbd.c.obj
 .bss._ctrl_xfer