Archive member included to satisfy reference by file (symbol)

c:/progra~2/gnuarm~1/102020~1/bin/../lib/gcc/arm-none-eabi/10.2.1/thumb/v6-m/nofp\libgcc.a(_dvmd_tls.o)
                              CMakeFiles/pico_sdvx.dir/C_/Users/ngadj/Documents/pico-sdk/src/rp2_common/pico_divider/divider.S.obj (__aeabi_idiv0)
c:/progra~2/gnuarm~1/102020~1/bin/../lib/gcc/arm-none-eabi/10.2.1/../../../../arm-none-eabi/lib/thumb/v6-m/nofp\libg.a(lib_a-calloc.o)
                              CMakeFiles/pico_sdvx.dir/C_/Users/ngadj/Documents/pico-sdk/src/rp2_common/pico_malloc/pico_malloc.c.obj (calloc)
c:/progra~2/gnuarm~1/102020~1/bin/../lib/gcc/arm-none-eabi/10.2.1/../../../../arm-none-eabi/lib/thumb/v6-m/nofp\libg.a(lib_a-callocr.o)
                              c:/progra~2/gnuarm~1/102020~1/bin/../lib/gcc/arm-none-eabi/10.2.1/../../../../arm-none-eabi/lib/thumb/v6-m/nofp\libg.a(lib_a-calloc.o) (_calloc_r)
c:/progra~2/gnuarm~1/102020~1/bin/../lib/gcc/arm-none-eabi/10.2.1/../../../../arm-none-eabi/lib/thumb/v6-m/nofp\libg.a(lib_a-ctype_.o)
                              CMakeFiles/pico_sdvx.dir/C_/Users/ngadj/Documents/pico-sdk/lib/tinyusb/src/tusb.c.obj (_ctype_)
c:/progra~2/gnuarm~1/102020~1/bin/../lib/gcc/arm-none-eabi/10.2.1/../../../../arm-none-eabi/lib/thumb/v6-m/nofp\libg.a(lib_a-impure.o)
                              c:/progra~2/gnuarm~1/102020~1/bin/../lib/gcc/arm-none-eabi/10.2.1/../../../../arm-none-eabi/lib/thumb/v6-m/nofp\libg.a(lib_a-calloc.o) (_impure_ptr)
c:/progra~2/gnuarm~1/102020~1/bin/../lib/gcc/arm-none-eabi/10.2.1/../../../../arm-none-eabi/lib/thumb/v6-m/nofp\libg.a(lib_a-init.o)
                              c:/progra~2/gnuarm~1/102020~1/bin/../lib/gcc/arm-none-eabi/10.2.1/../../../../arm-none-eabi/lib/thumb/v6-m/nofp/crt0.o (__libc_init_array)
c:/progra~2/gnuarm~1/102020~1/bin/../lib/gcc/arm-none-eabi/10.2.1/../../../../arm-none-eabi/lib/thumb/v6-m/nofp\libg.a(lib_a-malloc.o)
                              CMakeFiles/pico_sdvx.dir/C_/Users/ngadj/Documents/pico-sdk/src/rp2_common/pico_malloc/pico_malloc.c.obj (malloc)
c:/progra~2/gnuarm~1/102020~1/bin/../lib/gcc/arm-none-eabi/10.2.1/../../../../arm-none-eabi/lib/thumb/v6-m/nofp\libg.a(lib_a-mallocr.o)
                              c:/progra~2/gnuarm~1/102020~1/bin/../lib/gcc/arm-none-eabi/10.2.1/../../../../arm-none-eabi/lib/thumb/v6-m/nofp\libg.a(lib_a-callocr.o) (_malloc_r)
c:/progra~2/gnuarm~1/102020~1/bin/../lib/gcc/arm-none-eabi/10.2.1/../../../../arm-none-eabi/lib/thumb/v6-m/nofp\libg.a(lib_a-mlock.o)
                              c:/progra~2/gnuarm~1/102020~1/bin/../lib/gcc/arm-none-eabi/10.2.1/../../../../arm-none-eabi/lib/thumb/v6-m/nofp\libg.a(lib_a-mallocr.o) (__malloc_lock)
c:/progra~2/gnuarm~1/102020~1/bin/../lib/gcc/arm-none-eabi/10.2.1/../../../../arm-none-eabi/lib/thumb/v6-m/nofp\libg.a(lib_a-sbrkr.o)
                              c:/progra~2/gnuarm~1/102020~1/bin/../lib/gcc/arm-none-eabi/10.2.1/../../../../arm-none-eabi/lib/thumb/v6-m/nofp\libg.a(lib_a-mallocr.o) (_sbrk_r)
c:/progra~2/gnuarm~1/102020~1/bin/../lib/gcc/arm-none-eabi/10.2.1/../../../../arm-none-eabi/lib/thumb/v6-m/nofp\libg.a(lib_a-strlen-stub.o)
                              CMakeFiles/pico_sdvx.dir/usb_descriptors.c.obj (strlen)
c:/progra~2/gnuarm~1/102020~1/bin/../lib/gcc/arm-none-eabi/10.2.1/../../../../arm-none-eabi/lib/thumb/v6-m/nofp\libg.a(lib_a-freer.o)
                              c:/progra~2/gnuarm~1/102020~1/bin/../lib/gcc/arm-none-eabi/10.2.1/../../../../arm-none-eabi/lib/thumb/v6-m/nofp\libg.a(lib_a-malloc.o) (_free_r)
c:/progra~2/gnuarm~1/102020~1/bin/../lib/gcc/arm-none-eabi/10.2.1/../../../../arm-none-eabi/lib/thumb/v6-m/nofp\libg.a(lib_a-lock.o)
                              c:/progra~2/gnuarm~1/102020~1/bin/../lib/gcc/arm-none-eabi/10.2.1/../../../../arm-none-eabi/lib/thumb/v6-m/nofp\libg.a(lib_a-mlock.o) (__retarget_lock_acquire_recursive)
c:/progra~2/gnuarm~1/102020~1/bin/../lib/gcc/arm-none-eabi/10.2.1/../../../../arm-none-eabi/lib/thumb/v6-m/nofp\libg.a(lib_a-reent.o)
                              c:/progra~2/gnuarm~1/102020~1/bin/../lib/gcc/arm-none-eabi/10.2.1/../../../../arm-none-eabi/lib/thumb/v6-m/nofp\libg.a(lib_a-sbrkr.o) (errno)

Discarded input sections

 .text          0x00000000        0x0 c:/progra~2/gnuarm~1/102020~1/bin/../lib/gcc/arm-none-eabi/10.2.1/thumb/v6-m/nofp/crti.o
 .data          0x00000000        0x0 c:/progra~2/gnuarm~1/102020~1/bin/../lib/gcc/arm-none-eabi/10.2.1/thumb/v6-m/nofp/crti.o
 .bss           0x00000000        0x0 c:/progra~2/gnuarm~1/102020~1/bin/../lib/gcc/arm-none-eabi/10.2.1/thumb/v6-m/nofp/crti.o
 .data          0x00000000        0x4 c:/progra~2/gnuarm~1/102020~1/bin/../lib/gcc/arm-none-eabi/10.2.1/thumb/v6-m/nofp/crtbegin.o
 .rodata        0x00000000       0x24 c:/progra~2/gnuarm~1/102020~1/bin/../lib/gcc/arm-none-eabi/10.2.1/thumb/v6-m/nofp/crtbegin.o
[...]
Memory Configuration

Name             Origin             Length             Attributes
FLASH            0x10000000         0x00200000         xr
RAM              0x20000000         0x00040000         xrw
SCRATCH_X        0x20040000         0x00001000         xrw
SCRATCH_Y        0x20041000         0x00001000         xrw
*default*        0x00000000         0xffffffff

Linker script and memory map

LOAD c:/progra~2/gnuarm~1/102020~1/bin/../lib/gcc/arm-none-eabi/10.2.1/thumb/v6-m/nofp/crti.o
LOAD c:/progra~2/gnuarm~1/102020~1/bin/../lib/gcc/arm-none-eabi/10.2.1/thumb/v6-m/nofp/crtbegin.o
LOAD c:/progra~2/gnuarm~1/102020~1/bin/../lib/gcc/arm-none-eabi/10.2.1/../../../../arm-none-eabi/lib/thumb/v6-m/nofp/crt0.o

.flash_begin    0x10000000        0x0
                0x10000000                __flash_binary_start = .

.boot2          0x10000000      0x100
                0x10000000                __boot2_start__ = .
 *(.boot2)
 .boot2         0x10000000      0x100 C:\Users\ngadj\AppData\Local\Temp\ccee8ALs.o
                0x10000100                __boot2_end__ = .
                0x00000001                ASSERT (((__boot2_end__ - __boot2_start__) == 0x100), ERROR: Pico second stage bootloader must be 256 bytes in size)

.text           0x10000100     0x73e0
                0x10000100                __logical_binary_start = .
 *(.vectors)
 .vectors       0x10000100       0xd4 CMakeFiles/pico_sdvx.dir/C_/Users/ngadj/Documents/pico-sdk/src/rp2_common/pico_standard_link/crt0.S.obj
                0x10000100                __vectors
                0x100001c0                isr_invalid
                0x100001c2                isr_nmi
                0x100001c4                isr_hardfault
                0x100001c6                isr_svcall
                0x100001c8                isr_pendsv
                0x100001ca                isr_systick
                0x100001cc                isr_irq11
                0x100001cc                isr_irq5
                0x100001cc                isr_irq23
                0x100001cc                isr_irq18
                0x100001cc                isr_irq31
                0x100001cc                isr_irq28
                0x100001cc                isr_irq19
                0x100001cc                isr_irq0
                0x100001cc                isr_irq6
                0x100001cc                isr_irq27
                0x100001cc                isr_irq12
                0x100001cc                isr_irq22
                0x100001cc                isr_irq13
                0x100001cc                isr_irq17
                0x100001cc                isr_irq14
                0x100001cc                isr_irq2
                0x100001cc                isr_irq10
                0x100001cc                isr_irq8
                0x100001cc                isr_irq24
                0x100001cc                isr_irq1
                0x100001cc                isr_irq7
                0x100001cc                isr_irq21
                0x100001cc                isr_irq20
                0x100001cc                isr_irq15
                0x100001cc                isr_irq25
                0x100001cc                __unhandled_user_irq
                0x100001cc                isr_irq4
                0x100001cc                isr_irq16
                0x100001cc                isr_irq29
                0x100001cc                isr_irq26
                0x100001cc                isr_irq3
                0x100001cc                isr_irq30
                0x100001cc                isr_irq9
                0x100001d2                unhandled_user_irq_num_in_r0
 *(.binary_info_header)
 .binary_info_header
                0x100001d4       0x14 CMakeFiles/pico_sdvx.dir/C_/Users/ngadj/Documents/pico-sdk/src/rp2_common/pico_standard_link/crt0.S.obj
                0x100001e8                __binary_info_header_end = .
 *(.reset)
 .reset         0x100001e8       0xa8 CMakeFiles/pico_sdvx.dir/C_/Users/ngadj/Documents/pico-sdk/src/rp2_common/pico_standard_link/crt0.S.obj
                0x100001e8                _entry_point
                0x10000266                __get_current_exception
 .reset         0x10000290       0x30 CMakeFiles/pico_sdvx.dir/C_/Users/ngadj/Documents/pico-sdk/src/rp2_common/pico_standard_link/binary_info.c.obj
 *(.init)
 .init          0x100002c0        0x4 c:/progra~2/gnuarm~1/102020~1/bin/../lib/gcc/arm-none-eabi/10.2.1/thumb/v6-m/nofp/crti.o
                0x100002c0                _init
 *(EXCLUDE_FILE(*libm.a: *libc.a:*lib_a-mem*.o *libgcc.a:) .text*)
 .text          0x100002c4       0x48 c:/progra~2/gnuarm~1/102020~1/bin/../lib/gcc/arm-none-eabi/10.2.1/thumb/v6-m/nofp/crtbegin.o
 .text.dma_handler
                0x1000030c       0x40 CMakeFiles/pico_sdvx.dir/pico_sdvx.c.obj
                0x1000030c                dma_handler
 .text.encoders_program_init
                0x1000034c      0x1b4 CMakeFiles/pico_sdvx.dir/pico_sdvx.c.obj
 .text.init     0x10000500      0x1b4 CMakeFiles/pico_sdvx.dir/pico_sdvx.c.obj
                0x10000500                init
 .text.key_mode
                0x100006b4      0x138 CMakeFiles/pico_sdvx.dir/pico_sdvx.c.obj
                0x100006b4                key_mode
 .text.main     0x100007ec       0x18 CMakeFiles/pico_sdvx.dir/pico_sdvx.c.obj
                0x100007ec                main
 .text.tud_hid_get_report_cb
                0x10000804        0x4 CMakeFiles/pico_sdvx.dir/pico_sdvx.c.obj
                0x10000804                tud_hid_get_report_cb
 .text.tud_hid_set_report_cb
                0x10000808        0x2 CMakeFiles/pico_sdvx.dir/pico_sdvx.c.obj
                0x10000808                tud_hid_set_report_cb
 *fill*         0x1000080a        0x2 
 .text.tud_descriptor_device_cb
                0x1000080c        0x8 CMakeFiles/pico_sdvx.dir/usb_descriptors.c.obj
                0x1000080c                tud_descriptor_device_cb
 .text.tud_hid_descriptor_report_cb
                0x10000814        0x8 CMakeFiles/pico_sdvx.dir/usb_descriptors.c.obj
                0x10000814                tud_hid_descriptor_report_cb
 .text.tud_descriptor_configuration_cb
                0x1000081c        0x8 CMakeFiles/pico_sdvx.dir/usb_descriptors.c.obj
                0x1000081c                tud_descriptor_configuration_cb
 .text.tud_descriptor_string_cb
                0x10000824       0x60 CMakeFiles/pico_sdvx.dir/usb_descriptors.c.obj
                0x10000824                tud_descriptor_string_cb
 .text.setup_default_uart
                0x10000884        0x8 CMakeFiles/pico_sdvx.dir/C_/Users/ngadj/Documents/pico-sdk/src/rp2_common/pico_stdlib/stdlib.c.obj
                0x10000884                setup_default_uart
 .text.gpio_set_function
                0x1000088c       0x30 CMakeFiles/pico_sdvx.dir/C_/Users/ngadj/Documents/pico-sdk/src/rp2_common/hardware_gpio/gpio.c.obj
                0x1000088c                gpio_set_function
 .text.gpio_set_pulls
                0x100008bc       0x34 CMakeFiles/pico_sdvx.dir/C_/Users/ngadj/Documents/pico-sdk/src/rp2_common/hardware_gpio/gpio.c.obj
                0x100008bc                gpio_set_pulls
 .text.gpio_init
                0x100008f0       0x16 CMakeFiles/pico_sdvx.dir/C_/Users/ngadj/Documents/pico-sdk/src/rp2_common/hardware_gpio/gpio.c.obj
                0x100008f0                gpio_init
 *fill*         0x10000906        0x2 
 .text.hw_claim_lock
                0x10000908       0x18 CMakeFiles/pico_sdvx.dir/C_/Users/ngadj/Documents/pico-sdk/src/rp2_common/hardware_claim/claim.c.obj
                0x10000908                hw_claim_lock
 .text.hw_claim_unlock
                0x10000920       0x14 CMakeFiles/pico_sdvx.dir/C_/Users/ngadj/Documents/pico-sdk/src/rp2_common/hardware_claim/claim.c.obj
                0x10000920                hw_claim_unlock
 .text.hw_claim_or_assert
                0x10000934       0x34 CMakeFiles/pico_sdvx.dir/C_/Users/ngadj/Documents/pico-sdk/src/rp2_common/hardware_claim/claim.c.obj
                0x10000934                hw_claim_or_assert
 .text.hw_claim_unused_from_range
                0x10000968       0x56 CMakeFiles/pico_sdvx.dir/C_/Users/ngadj/Documents/pico-sdk/src/rp2_common/hardware_claim/claim.c.obj
                0x10000968                hw_claim_unused_from_range
 *fill*         0x100009be        0x2 
 .text.spin_locks_reset
                0x100009c0       0x20 CMakeFiles/pico_sdvx.dir/C_/Users/ngadj/Documents/pico-sdk/src/rp2_common/hardware_sync/sync.c.obj
                0x100009c0                spin_locks_reset
 .text.next_striped_spin_lock_num
                0x100009e0       0x1c CMakeFiles/pico_sdvx.dir/C_/Users/ngadj/Documents/pico-sdk/src/rp2_common/hardware_sync/sync.c.obj
                0x100009e0                next_striped_spin_lock_num
 .text.spin_lock_claim_unused
                0x100009fc       0x20 CMakeFiles/pico_sdvx.dir/C_/Users/ngadj/Documents/pico-sdk/src/rp2_common/hardware_sync/sync.c.obj
                0x100009fc                spin_lock_claim_unused
 .text.running_on_fpga
                0x10000a1c       0x14 CMakeFiles/pico_sdvx.dir/C_/Users/ngadj/Documents/pico-sdk/src/rp2_common/pico_platform/platform.c.obj
                0x10000a1c                running_on_fpga
 .text.uart_set_baudrate
                0x10000a30       0x64 CMakeFiles/pico_sdvx.dir/C_/Users/ngadj/Documents/pico-sdk/src/rp2_common/hardware_uart/uart.c.obj
                0x10000a30                uart_set_baudrate
 .text.uart_set_translate_crlf
                0x10000a94       0x28 CMakeFiles/pico_sdvx.dir/C_/Users/ngadj/Documents/pico-sdk/src/rp2_common/hardware_uart/uart.c.obj
                0x10000a94                uart_set_translate_crlf
 .text.uart_init
                0x10000abc       0x80 CMakeFiles/pico_sdvx.dir/C_/Users/ngadj/Documents/pico-sdk/src/rp2_common/hardware_uart/uart.c.obj
                0x10000abc                uart_init
 .text.sev_callback
                0x10000b3c        0x8 CMakeFiles/pico_sdvx.dir/C_/Users/ngadj/Documents/pico-sdk/src/common/pico_time/time.c.obj
 .text.timer_pool_entry_comparator
                0x10000b44       0x7c CMakeFiles/pico_sdvx.dir/C_/Users/ngadj/Documents/pico-sdk/src/common/pico_time/time.c.obj
                0x10000b44                timer_pool_entry_comparator
 .text.ph_add_child_node
                0x10000bc0       0xa4 CMakeFiles/pico_sdvx.dir/C_/Users/ngadj/Documents/pico-sdk/src/common/pico_time/time.c.obj
 .text.ph_merge_nodes
                0x10000c64       0x3e CMakeFiles/pico_sdvx.dir/C_/Users/ngadj/Documents/pico-sdk/src/common/pico_time/time.c.obj
 *fill*         0x10000ca2        0x2 
 .text.add_alarm_under_lock
                0x10000ca4      0x178 CMakeFiles/pico_sdvx.dir/C_/Users/ngadj/Documents/pico-sdk/src/common/pico_time/time.c.obj
 .text.alarm_pool_alarm_callback
                0x10000e1c      0x2e4 CMakeFiles/pico_sdvx.dir/C_/Users/ngadj/Documents/pico-sdk/src/common/pico_time/time.c.obj
 .text.alarm_pool_get_default
                0x10001100       0x28 CMakeFiles/pico_sdvx.dir/C_/Users/ngadj/Documents/pico-sdk/src/common/pico_time/time.c.obj
                0x10001100                alarm_pool_get_default
 .text.alarm_pool_create
                0x10001128       0x6c CMakeFiles/pico_sdvx.dir/C_/Users/ngadj/Documents/pico-sdk/src/common/pico_time/time.c.obj
                0x10001128                alarm_pool_create
 .text.alarm_pool_init_default
                0x10001194       0x20 CMakeFiles/pico_sdvx.dir/C_/Users/ngadj/Documents/pico-sdk/src/common/pico_time/time.c.obj
                0x10001194                alarm_pool_init_default
 .text.alarm_pool_add_alarm_at
                0x100011b4      0x128 CMakeFiles/pico_sdvx.dir/C_/Users/ngadj/Documents/pico-sdk/src/common/pico_time/time.c.obj
                0x100011b4                alarm_pool_add_alarm_at
 .text.alarm_pool_cancel_alarm
                0x100012dc       0xec CMakeFiles/pico_sdvx.dir/C_/Users/ngadj/Documents/pico-sdk/src/common/pico_time/time.c.obj
                0x100012dc                alarm_pool_cancel_alarm
 .text.best_effort_wfe_or_timeout
                0x100013c8       0x80 CMakeFiles/pico_sdvx.dir/C_/Users/ngadj/Documents/pico-sdk/src/common/pico_time/time.c.obj
                0x100013c8                best_effort_wfe_or_timeout
 .text.hardware_alarm_irq_handler
                0x10001448       0x8c CMakeFiles/pico_sdvx.dir/C_/Users/ngadj/Documents/pico-sdk/src/rp2_common/hardware_timer/timer.c.obj
 .text.hardware_alarm_claim
                0x100014d4       0x18 CMakeFiles/pico_sdvx.dir/C_/Users/ngadj/Documents/pico-sdk/src/rp2_common/hardware_timer/timer.c.obj
                0x100014d4                hardware_alarm_claim
 .text.time_us_64
                0x100014ec       0x18 CMakeFiles/pico_sdvx.dir/C_/Users/ngadj/Documents/pico-sdk/src/rp2_common/hardware_timer/timer.c.obj
                0x100014ec                time_us_64
 .text.hardware_alarm_set_callback
                0x10001504       0x90 CMakeFiles/pico_sdvx.dir/C_/Users/ngadj/Documents/pico-sdk/src/rp2_common/hardware_timer/timer.c.obj
                0x10001504                hardware_alarm_set_callback
 .text.hardware_alarm_set_target
                0x10001594       0xd0 CMakeFiles/pico_sdvx.dir/C_/Users/ngadj/Documents/pico-sdk/src/rp2_common/hardware_timer/timer.c.obj
                0x10001594                hardware_alarm_set_target
 .text.hardware_alarm_cancel
                0x10001664       0x40 CMakeFiles/pico_sdvx.dir/C_/Users/ngadj/Documents/pico-sdk/src/rp2_common/hardware_timer/timer.c.obj
                0x10001664                hardware_alarm_cancel
 .text.lock_init
                0x100016a4       0x30 CMakeFiles/pico_sdvx.dir/C_/Users/ngadj/Documents/pico-sdk/src/common/pico_sync/lock_core.c.obj
                0x100016a4                lock_init
 .text.mutex_init
                0x100016d4       0x1a CMakeFiles/pico_sdvx.dir/C_/Users/ngadj/Documents/pico-sdk/src/common/pico_sync/mutex.c.obj
                0x100016d4                mutex_init
 .text.critical_section_init_with_lock_num
                0x100016ee        0xc CMakeFiles/pico_sdvx.dir/C_/Users/ngadj/Documents/pico-sdk/src/common/pico_sync/critical_section.c.obj
                0x100016ee                critical_section_init_with_lock_num
 .text.critical_section_init
                0x100016fa       0x14 CMakeFiles/pico_sdvx.dir/C_/Users/ngadj/Documents/pico-sdk/src/common/pico_sync/critical_section.c.obj
                0x100016fa                critical_section_init
 *fill*         0x1000170e        0x2 
 .text.ph_add_child_node
                0x10001710       0xa4 CMakeFiles/pico_sdvx.dir/C_/Users/ngadj/Documents/pico-sdk/src/common/pico_util/pheap.c.obj
 .text.ph_merge_nodes
                0x100017b4       0x3e CMakeFiles/pico_sdvx.dir/C_/Users/ngadj/Documents/pico-sdk/src/common/pico_util/pheap.c.obj
 *fill*         0x100017f2        0x2 
 .text.ph_clear
                0x100017f4       0x74 CMakeFiles/pico_sdvx.dir/C_/Users/ngadj/Documents/pico-sdk/src/common/pico_util/pheap.c.obj
                0x100017f4                ph_clear
 .text.ph_create
                0x10001868       0x2c CMakeFiles/pico_sdvx.dir/C_/Users/ngadj/Documents/pico-sdk/src/common/pico_util/pheap.c.obj
                0x10001868                ph_create
 .text.ph_merge_two_pass
                0x10001894       0xa8 CMakeFiles/pico_sdvx.dir/C_/Users/ngadj/Documents/pico-sdk/src/common/pico_util/pheap.c.obj
                0x10001894                ph_merge_two_pass
 .text.ph_remove_any_head
                0x1000193c      0x108 CMakeFiles/pico_sdvx.dir/C_/Users/ngadj/Documents/pico-sdk/src/common/pico_util/pheap.c.obj
 .text.ph_remove_head_reserve
                0x10001a44       0x14 CMakeFiles/pico_sdvx.dir/C_/Users/ngadj/Documents/pico-sdk/src/common/pico_util/pheap.c.obj
                0x10001a44                ph_remove_head_reserve
 .text.ph_delete
                0x10001a58       0xf8 CMakeFiles/pico_sdvx.dir/C_/Users/ngadj/Documents/pico-sdk/src/common/pico_util/pheap.c.obj
                0x10001a58                ph_delete
 .text.runtime_init
                0x10001b50       0xcc CMakeFiles/pico_sdvx.dir/C_/Users/ngadj/Documents/pico-sdk/src/rp2_common/pico_runtime/runtime.c.obj
                0x10001b50                runtime_init
 .text._exit    0x10001c1c        0x4 CMakeFiles/pico_sdvx.dir/C_/Users/ngadj/Documents/pico-sdk/src/rp2_common/pico_runtime/runtime.c.obj
                0x10001c1c                _exit
 .text._sbrk    0x10001c20       0x38 CMakeFiles/pico_sdvx.dir/C_/Users/ngadj/Documents/pico-sdk/src/rp2_common/pico_runtime/runtime.c.obj
                0x10001c20                _sbrk
 .text.exit     0x10001c58        0x6 CMakeFiles/pico_sdvx.dir/C_/Users/ngadj/Documents/pico-sdk/src/rp2_common/pico_runtime/runtime.c.obj
                0x10001c58                exit
 *fill*         0x10001c5e        0x2 
 .text.__assert_func
                0x10001c60       0x3c CMakeFiles/pico_sdvx.dir/C_/Users/ngadj/Documents/pico-sdk/src/rp2_common/pico_runtime/runtime.c.obj
                0x10001c60                __assert_func
 .text.panic    0x10001c9c       0x30 CMakeFiles/pico_sdvx.dir/C_/Users/ngadj/Documents/pico-sdk/src/rp2_common/pico_runtime/runtime.c.obj
                0x10001c9c                panic
 .text.clock_configure
                0x10001ccc       0xe8 CMakeFiles/pico_sdvx.dir/C_/Users/ngadj/Documents/pico-sdk/src/rp2_common/hardware_clocks/clocks.c.obj
                0x10001ccc                clock_configure
 .text.clocks_init
                0x10001db4      0x124 CMakeFiles/pico_sdvx.dir/C_/Users/ngadj/Documents/pico-sdk/src/rp2_common/hardware_clocks/clocks.c.obj
                0x10001db4                clocks_init
 .text.clock_get_hz
                0x10001ed8        0xc CMakeFiles/pico_sdvx.dir/C_/Users/ngadj/Documents/pico-sdk/src/rp2_common/hardware_clocks/clocks.c.obj
                0x10001ed8                clock_get_hz
 .text.watchdog_start_tick
                0x10001ee4       0x10 CMakeFiles/pico_sdvx.dir/C_/Users/ngadj/Documents/pico-sdk/src/rp2_common/hardware_watchdog/watchdog.c.obj
                0x10001ee4                watchdog_start_tick
 .text.xosc_init
                0x10001ef4       0x28 CMakeFiles/pico_sdvx.dir/C_/Users/ngadj/Documents/pico-sdk/src/rp2_common/hardware_xosc/xosc.c.obj
                0x10001ef4                xosc_init
 .text.pll_init
                0x10001f1c       0xd4 CMakeFiles/pico_sdvx.dir/C_/Users/ngadj/Documents/pico-sdk/src/rp2_common/hardware_pll/pll.c.obj
                0x10001f1c                pll_init
 .text.set_raw_irq_handler_and_unlock
                0x10001ff0       0x28 CMakeFiles/pico_sdvx.dir/C_/Users/ngadj/Documents/pico-sdk/src/rp2_common/hardware_irq/irq.c.obj
 .text.make_branch
                0x10002018       0x34 CMakeFiles/pico_sdvx.dir/C_/Users/ngadj/Documents/pico-sdk/src/rp2_common/hardware_irq/irq.c.obj
 .text.insert_branch_and_link
                0x1000204c       0x40 CMakeFiles/pico_sdvx.dir/C_/Users/ngadj/Documents/pico-sdk/src/rp2_common/hardware_irq/irq.c.obj
 .text.irq_is_enabled
                0x1000208c       0x18 CMakeFiles/pico_sdvx.dir/C_/Users/ngadj/Documents/pico-sdk/src/rp2_common/hardware_irq/irq.c.obj
                0x1000208c                irq_is_enabled
 .text.irq_set_mask_enabled
                0x100020a4       0x20 CMakeFiles/pico_sdvx.dir/C_/Users/ngadj/Documents/pico-sdk/src/rp2_common/hardware_irq/irq.c.obj
                0x100020a4                irq_set_mask_enabled
 .text.irq_set_enabled
                0x100020c4        0xe CMakeFiles/pico_sdvx.dir/C_/Users/ngadj/Documents/pico-sdk/src/rp2_common/hardware_irq/irq.c.obj
                0x100020c4                irq_set_enabled
 *fill*         0x100020d2        0x2 
 .text.irq_get_vtable_handler
                0x100020d4       0x10 CMakeFiles/pico_sdvx.dir/C_/Users/ngadj/Documents/pico-sdk/src/rp2_common/hardware_irq/irq.c.obj
                0x100020d4                irq_get_vtable_handler
 .text.irq_set_exclusive_handler
                0x100020e4       0x54 CMakeFiles/pico_sdvx.dir/C_/Users/ngadj/Documents/pico-sdk/src/rp2_common/hardware_irq/irq.c.obj
                0x100020e4                irq_set_exclusive_handler
 .text.irq_remove_handler
                0x10002138      0x1b4 CMakeFiles/pico_sdvx.dir/C_/Users/ngadj/Documents/pico-sdk/src/rp2_common/hardware_irq/irq.c.obj
                0x10002138                irq_remove_handler
 .text.irq_set_priority
                0x100022ec       0x28 CMakeFiles/pico_sdvx.dir/C_/Users/ngadj/Documents/pico-sdk/src/rp2_common/hardware_irq/irq.c.obj
                0x100022ec                irq_set_priority
 .text.irq_add_tail_to_free_list
                0x10002314       0xf8 CMakeFiles/pico_sdvx.dir/C_/Users/ngadj/Documents/pico-sdk/src/rp2_common/hardware_irq/irq.c.obj
                0x10002314                irq_add_tail_to_free_list
 .text.irq_init_priorities
                0x1000240c       0x16 CMakeFiles/pico_sdvx.dir/C_/Users/ngadj/Documents/pico-sdk/src/rp2_common/hardware_irq/irq.c.obj
                0x1000240c                irq_init_priorities
 .text._out_null
                0x10002422        0x2 CMakeFiles/pico_sdvx.dir/C_/Users/ngadj/Documents/pico-sdk/src/rp2_common/pico_printf/printf.c.obj
 .text._out_fct
                0x10002424        0xe CMakeFiles/pico_sdvx.dir/C_/Users/ngadj/Documents/pico-sdk/src/rp2_common/pico_printf/printf.c.obj
 .text._atoi    0x10002432       0x24 CMakeFiles/pico_sdvx.dir/C_/Users/ngadj/Documents/pico-sdk/src/rp2_common/pico_printf/printf.c.obj
 .text._out_rev
                0x10002456       0xae CMakeFiles/pico_sdvx.dir/C_/Users/ngadj/Documents/pico-sdk/src/rp2_common/pico_printf/printf.c.obj
 .text._ntoa_format
                0x10002504      0x112 CMakeFiles/pico_sdvx.dir/C_/Users/ngadj/Documents/pico-sdk/src/rp2_common/pico_printf/printf.c.obj
 .text._ntoa_long
                0x10002616       0xbc CMakeFiles/pico_sdvx.dir/C_/Users/ngadj/Documents/pico-sdk/src/rp2_common/pico_printf/printf.c.obj
 .text._ntoa_long_long
                0x100026d2       0xe2 CMakeFiles/pico_sdvx.dir/C_/Users/ngadj/Documents/pico-sdk/src/rp2_common/pico_printf/printf.c.obj
 .text._etoa    0x100027b4      0x404 CMakeFiles/pico_sdvx.dir/C_/Users/ngadj/Documents/pico-sdk/src/rp2_common/pico_printf/printf.c.obj
 .text._ftoa    0x10002bb8      0x354 CMakeFiles/pico_sdvx.dir/C_/Users/ngadj/Documents/pico-sdk/src/rp2_common/pico_printf/printf.c.obj
 .text._vsnprintf
                0x10002f0c      0x624 CMakeFiles/pico_sdvx.dir/C_/Users/ngadj/Documents/pico-sdk/src/rp2_common/pico_printf/printf.c.obj
 .text.vfctprintf
                0x10003530       0x20 CMakeFiles/pico_sdvx.dir/C_/Users/ngadj/Documents/pico-sdk/src/rp2_common/pico_printf/printf.c.obj
                0x10003530                vfctprintf
 .text          0x10003550       0x10 CMakeFiles/pico_sdvx.dir/C_/Users/ngadj/Documents/pico-sdk/src/rp2_common/pico_bit_ops/bit_ops_aeabi.S.obj
 .text.rom_func_lookup
                0x10003560       0x10 CMakeFiles/pico_sdvx.dir/C_/Users/ngadj/Documents/pico-sdk/src/rp2_common/pico_bootrom/bootrom.c.obj
                0x10003560                rom_func_lookup
 .text.rom_data_lookup
                0x10003570       0x10 CMakeFiles/pico_sdvx.dir/C_/Users/ngadj/Documents/pico-sdk/src/rp2_common/pico_bootrom/bootrom.c.obj
                0x10003570                rom_data_lookup
 .text.rom_funcs_lookup
                0x10003580       0x36 CMakeFiles/pico_sdvx.dir/C_/Users/ngadj/Documents/pico-sdk/src/rp2_common/pico_bootrom/bootrom.c.obj
                0x10003580                rom_funcs_lookup
 *fill*         0x100035b6        0x2 
 .text.__wrap___aeabi_idiv
                0x100035b8       0x58 CMakeFiles/pico_sdvx.dir/C_/Users/ngadj/Documents/pico-sdk/src/rp2_common/pico_divider/divider.S.obj
                0x100035b8                __wrap___aeabi_idivmod
                0x100035b8                divmod_s32s32
                0x100035b8                div_s32s32
                0x100035b8                __wrap___aeabi_idiv
                0x100035c0                divmod_s32s32_unsafe
                0x100035ec                divmod_s32s32_savestate
 .text.__wrap___aeabi_uidiv
                0x10003610       0x54 CMakeFiles/pico_sdvx.dir/C_/Users/ngadj/Documents/pico-sdk/src/rp2_common/pico_divider/divider.S.obj
                0x10003610                __wrap___aeabi_uidiv
                0x10003610                __wrap___aeabi_uidivmod
                0x10003610                div_u32u32
                0x10003610                divmod_u32u32
                0x10003618                divmod_u32u32_unsafe
                0x10003640                divmod_u32u32_savestate
 .text.__wrap___aeabi_ldiv
                0x10003664      0x430 CMakeFiles/pico_sdvx.dir/C_/Users/ngadj/Documents/pico-sdk/src/rp2_common/pico_divider/divider.S.obj
                0x10003664                div_s64s64
                0x10003664                divmod_s64s64
                0x10003664                __wrap___aeabi_ldivmod
                0x1000369c                divmod_u64u64
                0x1000369c                div_u64u64
                0x1000369c                __wrap___aeabi_uldivmod
                0x100036ac                divmod_u64u64_savestate
                0x100036d4                divmod_s64s64_unsafe
                0x1000375c                divmod_u64u64_unsafe
 .text.__wrap___aeabi_darithmetic
                0x10003a94       0x54 CMakeFiles/pico_sdvx.dir/C_/Users/ngadj/Documents/pico-sdk/src/rp2_common/pico_double/double_aeabi.S.obj
                0x10003a94                __wrap___aeabi_drsub
                0x10003a9a                __wrap___aeabi_dsub
                0x10003aac                __wrap___aeabi_dadd
                0x10003abe                __wrap___aeabi_ddiv
                0x10003ad0                __wrap___aeabi_dmul
 .text.__wrap___aeabi_cdcmple
                0x10003ae8       0x6c CMakeFiles/pico_sdvx.dir/C_/Users/ngadj/Documents/pico-sdk/src/rp2_common/pico_double/double_aeabi.S.obj
                0x10003ae8                __wrap___aeabi_cdrcmple
                0x10003af8                __wrap___aeabi_cdcmpeq
                0x10003af8                __wrap___aeabi_cdcmple
 .text.__wrap___aeabi_dcmplt
                0x10003b54        0xc CMakeFiles/pico_sdvx.dir/C_/Users/ngadj/Documents/pico-sdk/src/rp2_common/pico_double/double_aeabi.S.obj
                0x10003b54                __wrap___aeabi_dcmplt
 .text.__wrap___aeabi_dcmple
                0x10003b60       0x10 CMakeFiles/pico_sdvx.dir/C_/Users/ngadj/Documents/pico-sdk/src/rp2_common/pico_double/double_aeabi.S.obj
                0x10003b60                __wrap___aeabi_dcmple
 .text.__wrap___aeabi_dcmpge
                0x10003b70       0x10 CMakeFiles/pico_sdvx.dir/C_/Users/ngadj/Documents/pico-sdk/src/rp2_common/pico_double/double_aeabi.S.obj
                0x10003b70                __wrap___aeabi_dcmpge
 .text.__wrap___aeabi_dcmpgt
                0x10003b80        0xa CMakeFiles/pico_sdvx.dir/C_/Users/ngadj/Documents/pico-sdk/src/rp2_common/pico_double/double_aeabi.S.obj
                0x10003b80                __wrap___aeabi_dcmpgt
 .text.__wrap___aeabi_dcmpun
                0x10003b8a       0x1c CMakeFiles/pico_sdvx.dir/C_/Users/ngadj/Documents/pico-sdk/src/rp2_common/pico_double/double_aeabi.S.obj
                0x10003b8a                __wrap___aeabi_dcmpun
 *fill*         0x10003ba6        0x2 
 .text.__wrap___aeabi_i2d
                0x10003ba8       0x38 CMakeFiles/pico_sdvx.dir/C_/Users/ngadj/Documents/pico-sdk/src/rp2_common/pico_double/double_aeabi.S.obj
                0x10003ba8                __wrap___aeabi_ui2d
                0x10003bb0                __wrap___aeabi_i2d
 .text.__wrap___aeabi_d2iz
                0x10003be0       0x48 CMakeFiles/pico_sdvx.dir/C_/Users/ngadj/Documents/pico-sdk/src/rp2_common/pico_double/double_aeabi.S.obj
                0x10003be0                double2int_z
                0x10003be0                __wrap___aeabi_d2iz
 .text.__wrap___aeabi_d2uiz
                0x10003c28       0x18 CMakeFiles/pico_sdvx.dir/C_/Users/ngadj/Documents/pico-sdk/src/rp2_common/pico_double/double_aeabi.S.obj
                0x10003c28                __wrap___aeabi_d2uiz
                0x10003c28                double2uint
 .text.__aeabi_double_init
                0x10003c40       0xb8 CMakeFiles/pico_sdvx.dir/C_/Users/ngadj/Documents/pico-sdk/src/rp2_common/pico_double/double_init_rom.c.obj
                0x10003c40                __aeabi_double_init
 .text.double_table_shim_on_use_helper
                0x10003cf8       0x34 CMakeFiles/pico_sdvx.dir/C_/Users/ngadj/Documents/pico-sdk/src/rp2_common/pico_double/double_v1_rom_shim.S.obj
                0x10003cf8                double_table_shim_on_use_helper
 .text.__wrap___aeabi_dsub
                0x10003d2c       0x10 CMakeFiles/pico_sdvx.dir/C_/Users/ngadj/Documents/pico-sdk/src/rp2_common/pico_double/double_v1_rom_shim.S.obj
                0x10003d2c                drsub_shim
                0x10003d32                dsub_shim
 .text.dadd_shim
                0x10003d3c      0x15c CMakeFiles/pico_sdvx.dir/C_/Users/ngadj/Documents/pico-sdk/src/rp2_common/pico_double/double_v1_rom_shim.S.obj
                0x10003d3c                dadd_shim
 .text.dmul_shim
                0x10003e98      0x15c CMakeFiles/pico_sdvx.dir/C_/Users/ngadj/Documents/pico-sdk/src/rp2_common/pico_double/double_v1_rom_shim.S.obj
                0x10003e98                dmul_shim
 .text.ddiv_shim
                0x10003ff4      0x1b0 CMakeFiles/pico_sdvx.dir/C_/Users/ngadj/Documents/pico-sdk/src/rp2_common/pico_double/double_v1_rom_shim.S.obj
                0x10003ff4                ddiv_shim
 .text.dcordic_rot_step
                0x100041a4       0x7c CMakeFiles/pico_sdvx.dir/C_/Users/ngadj/Documents/pico-sdk/src/rp2_common/pico_double/double_v1_rom_shim.S.obj
                0x100041a4                dcordic_rot_step
 .text.double2uint_shim
                0x10004220        0xe CMakeFiles/pico_sdvx.dir/C_/Users/ngadj/Documents/pico-sdk/src/rp2_common/pico_double/double_v1_rom_shim.S.obj
                0x10004220                double2uint_shim
                0x10004222                double2ufix_shim
 *fill*         0x1000422e        0x2 
 .text.double2uint64_shim
                0x10004230       0x6c CMakeFiles/pico_sdvx.dir/C_/Users/ngadj/Documents/pico-sdk/src/rp2_common/pico_double/double_v1_rom_shim.S.obj
                0x10004230                double2uint64_shim
                0x10004232                double2ufix64_shim
                0x1000424c                d2fix_a
 .text.dunpacks
                0x1000429c       0x3c CMakeFiles/pico_sdvx.dir/C_/Users/ngadj/Documents/pico-sdk/src/rp2_common/pico_double/double_v1_rom_shim.S.obj
                0x1000429c                dunpacks
 .text.__aeabi_lmul
                0x100042d8       0x32 CMakeFiles/pico_sdvx.dir/C_/Users/ngadj/Documents/pico-sdk/src/rp2_common/pico_int64_ops/pico_int64_ops_aeabi.S.obj
                0x100042d8                __wrap___aeabi_lmul
 *fill*         0x1000430a        0x2 
 .text.__aeabi_float_init
                0x1000430c       0xfc CMakeFiles/pico_sdvx.dir/C_/Users/ngadj/Documents/pico-sdk/src/rp2_common/pico_float/float_init_rom.c.obj
                0x1000430c                __aeabi_float_init
 .text.float_table_shim_on_use_helper
                0x10004408       0x34 CMakeFiles/pico_sdvx.dir/C_/Users/ngadj/Documents/pico-sdk/src/rp2_common/pico_float/float_v1_rom_shim.S.obj
                0x10004408                float_table_shim_on_use_helper
 .text.__wrap_malloc
                0x1000443c        0x8 CMakeFiles/pico_sdvx.dir/C_/Users/ngadj/Documents/pico-sdk/src/rp2_common/pico_malloc/pico_malloc.c.obj
                0x1000443c                __wrap_malloc
 .text.__wrap_calloc
                0x10004444        0x8 CMakeFiles/pico_sdvx.dir/C_/Users/ngadj/Documents/pico-sdk/src/rp2_common/pico_malloc/pico_malloc.c.obj
                0x10004444                __wrap_calloc
 .text          0x1000444c       0x10 CMakeFiles/pico_sdvx.dir/C_/Users/ngadj/Documents/pico-sdk/src/rp2_common/pico_mem_ops/mem_ops_aeabi.S.obj
                0x1000444c                __aeabi_mem_init
 .text.memset   0x1000445c        0xc CMakeFiles/pico_sdvx.dir/C_/Users/ngadj/Documents/pico-sdk/src/rp2_common/pico_mem_ops/mem_ops_aeabi.S.obj
                0x1000445c                __wrap_memset
 .text.memcpy   0x10004468        0xc CMakeFiles/pico_sdvx.dir/C_/Users/ngadj/Documents/pico-sdk/src/rp2_common/pico_mem_ops/mem_ops_aeabi.S.obj
                0x10004468                __wrap_memcpy
                0x10004468                __wrap___aeabi_memcpy
 .text.stdio_out_chars_crlf
                0x10004474       0x80 CMakeFiles/pico_sdvx.dir/C_/Users/ngadj/Documents/pico-sdk/src/rp2_common/pico_stdio/stdio.c.obj
 .text.stdio_stack_buffer_flush
                0x100044f4       0x44 CMakeFiles/pico_sdvx.dir/C_/Users/ngadj/Documents/pico-sdk/src/rp2_common/pico_stdio/stdio.c.obj
 .text.stdio_buffered_printer
                0x10004538       0x20 CMakeFiles/pico_sdvx.dir/C_/Users/ngadj/Documents/pico-sdk/src/rp2_common/pico_stdio/stdio.c.obj
 .text.stdout_serialize_begin
                0x10004558       0x2c CMakeFiles/pico_sdvx.dir/C_/Users/ngadj/Documents/pico-sdk/src/rp2_common/pico_stdio/stdio.c.obj
                0x10004558                stdout_serialize_begin
 .text.stdout_serialize_end
                0x10004584       0x10 CMakeFiles/pico_sdvx.dir/C_/Users/ngadj/Documents/pico-sdk/src/rp2_common/pico_stdio/stdio.c.obj
                0x10004584                stdout_serialize_end
 .text.stdio_put_string
                0x10004594       0x84 CMakeFiles/pico_sdvx.dir/C_/Users/ngadj/Documents/pico-sdk/src/rp2_common/pico_stdio/stdio.c.obj
 .text.stdio_set_driver_enabled
                0x10004618       0x38 CMakeFiles/pico_sdvx.dir/C_/Users/ngadj/Documents/pico-sdk/src/rp2_common/pico_stdio/stdio.c.obj
                0x10004618                stdio_set_driver_enabled
 .text.stdio_flush
                0x10004650       0x20 CMakeFiles/pico_sdvx.dir/C_/Users/ngadj/Documents/pico-sdk/src/rp2_common/pico_stdio/stdio.c.obj
                0x10004650                stdio_flush
 .text.__wrap_puts
                0x10004670       0x1c CMakeFiles/pico_sdvx.dir/C_/Users/ngadj/Documents/pico-sdk/src/rp2_common/pico_stdio/stdio.c.obj
                0x10004670                __wrap_puts
 .text.__wrap_vprintf
                0x1000468c       0x44 CMakeFiles/pico_sdvx.dir/C_/Users/ngadj/Documents/pico-sdk/src/rp2_common/pico_stdio/stdio.c.obj
                0x1000468c                __wrap_vprintf
 .text.__wrap_printf
                0x100046d0       0x18 CMakeFiles/pico_sdvx.dir/C_/Users/ngadj/Documents/pico-sdk/src/rp2_common/pico_stdio/stdio.c.obj
                0x100046d0                __wrap_printf
 .text.stdio_uart_out_chars
                0x100046e8       0x6c CMakeFiles/pico_sdvx.dir/C_/Users/ngadj/Documents/pico-sdk/src/rp2_common/pico_stdio_uart/stdio_uart.c.obj
 .text.stdio_uart_in_chars
                0x10004754       0x58 CMakeFiles/pico_sdvx.dir/C_/Users/ngadj/Documents/pico-sdk/src/rp2_common/pico_stdio_uart/stdio_uart.c.obj
                0x10004754                stdio_uart_in_chars
 .text.stdio_uart_init_full
                0x100047ac       0x3c CMakeFiles/pico_sdvx.dir/C_/Users/ngadj/Documents/pico-sdk/src/rp2_common/pico_stdio_uart/stdio_uart.c.obj
                0x100047ac                stdio_uart_init_full
 .text.stdio_uart_init
                0x100047e8       0x28 CMakeFiles/pico_sdvx.dir/C_/Users/ngadj/Documents/pico-sdk/src/rp2_common/pico_stdio_uart/stdio_uart.c.obj
                0x100047e8                stdio_uart_init
 .text.hw_endpoint_get_by_addr
                0x10004810       0x1c CMakeFiles/pico_sdvx.dir/C_/Users/ngadj/Documents/pico-sdk/lib/tinyusb/src/portable/raspberrypi/rp2040/dcd_rp2040.c.obj
 .text.reset_ep0
                0x1000482c       0x2c CMakeFiles/pico_sdvx.dir/C_/Users/ngadj/Documents/pico-sdk/lib/tinyusb/src/portable/raspberrypi/rp2040/dcd_rp2040.c.obj
 .text._hw_endpoint_alloc
                0x10004858       0x7c CMakeFiles/pico_sdvx.dir/C_/Users/ngadj/Documents/pico-sdk/lib/tinyusb/src/portable/raspberrypi/rp2040/dcd_rp2040.c.obj
 .text._hw_endpoint_init
                0x100048d4       0xbc CMakeFiles/pico_sdvx.dir/C_/Users/ngadj/Documents/pico-sdk/lib/tinyusb/src/portable/raspberrypi/rp2040/dcd_rp2040.c.obj
 .text.hw_endpoint_init
                0x10004990       0x18 CMakeFiles/pico_sdvx.dir/C_/Users/ngadj/Documents/pico-sdk/lib/tinyusb/src/portable/raspberrypi/rp2040/dcd_rp2040.c.obj
 .text.hw_handle_buff_status
                0x100049a8       0xb8 CMakeFiles/pico_sdvx.dir/C_/Users/ngadj/Documents/pico-sdk/lib/tinyusb/src/portable/raspberrypi/rp2040/dcd_rp2040.c.obj
 .text.dcd_rp2040_irq
                0x10004a60       0x8c CMakeFiles/pico_sdvx.dir/C_/Users/ngadj/Documents/pico-sdk/lib/tinyusb/src/portable/raspberrypi/rp2040/dcd_rp2040.c.obj
 .text.hw_endpoint_xfer
                0x10004aec       0x18 CMakeFiles/pico_sdvx.dir/C_/Users/ngadj/Documents/pico-sdk/lib/tinyusb/src/portable/raspberrypi/rp2040/dcd_rp2040.c.obj
 .text.ep0_0len_status
                0x10004b04       0x14 CMakeFiles/pico_sdvx.dir/C_/Users/ngadj/Documents/pico-sdk/lib/tinyusb/src/portable/raspberrypi/rp2040/dcd_rp2040.c.obj
 .text._hw_endpoint_stall
                0x10004b18       0x54 CMakeFiles/pico_sdvx.dir/C_/Users/ngadj/Documents/pico-sdk/lib/tinyusb/src/portable/raspberrypi/rp2040/dcd_rp2040.c.obj
 .text.hw_endpoint_stall
                0x10004b6c        0xc CMakeFiles/pico_sdvx.dir/C_/Users/ngadj/Documents/pico-sdk/lib/tinyusb/src/portable/raspberrypi/rp2040/dcd_rp2040.c.obj
 .text._hw_endpoint_clear_stall
                0x10004b78       0x34 CMakeFiles/pico_sdvx.dir/C_/Users/ngadj/Documents/pico-sdk/lib/tinyusb/src/portable/raspberrypi/rp2040/dcd_rp2040.c.obj
 .text.hw_endpoint_clear_stall
                0x10004bac        0xc CMakeFiles/pico_sdvx.dir/C_/Users/ngadj/Documents/pico-sdk/lib/tinyusb/src/portable/raspberrypi/rp2040/dcd_rp2040.c.obj
 .text.dcd_int_enable
                0x10004bb8       0x2c CMakeFiles/pico_sdvx.dir/C_/Users/ngadj/Documents/pico-sdk/lib/tinyusb/src/portable/raspberrypi/rp2040/dcd_rp2040.c.obj
                0x10004bb8                dcd_int_enable
 .text.dcd_set_address
                0x10004be4       0x30 CMakeFiles/pico_sdvx.dir/C_/Users/ngadj/Documents/pico-sdk/lib/tinyusb/src/portable/raspberrypi/rp2040/dcd_rp2040.c.obj
                0x10004be4                dcd_set_address
 .text.dcd_connect
                0x10004c14       0x30 CMakeFiles/pico_sdvx.dir/C_/Users/ngadj/Documents/pico-sdk/lib/tinyusb/src/portable/raspberrypi/rp2040/dcd_rp2040.c.obj
                0x10004c14                dcd_connect
 .text.dcd_init
                0x10004c44       0x90 CMakeFiles/pico_sdvx.dir/C_/Users/ngadj/Documents/pico-sdk/lib/tinyusb/src/portable/raspberrypi/rp2040/dcd_rp2040.c.obj
                0x10004c44                dcd_init
 .text.dcd_edpt0_status_complete
                0x10004cd4       0x44 CMakeFiles/pico_sdvx.dir/C_/Users/ngadj/Documents/pico-sdk/lib/tinyusb/src/portable/raspberrypi/rp2040/dcd_rp2040.c.obj
                0x10004cd4                dcd_edpt0_status_complete
 .text.dcd_edpt_open
                0x10004d18       0x40 CMakeFiles/pico_sdvx.dir/C_/Users/ngadj/Documents/pico-sdk/lib/tinyusb/src/portable/raspberrypi/rp2040/dcd_rp2040.c.obj
                0x10004d18                dcd_edpt_open
 .text.dcd_edpt_xfer
                0x10004d58       0x34 CMakeFiles/pico_sdvx.dir/C_/Users/ngadj/Documents/pico-sdk/lib/tinyusb/src/portable/raspberrypi/rp2040/dcd_rp2040.c.obj
                0x10004d58                dcd_edpt_xfer
 .text.dcd_edpt_stall
                0x10004d8c       0x28 CMakeFiles/pico_sdvx.dir/C_/Users/ngadj/Documents/pico-sdk/lib/tinyusb/src/portable/raspberrypi/rp2040/dcd_rp2040.c.obj
                0x10004d8c                dcd_edpt_stall
 .text.dcd_edpt_clear_stall
                0x10004db4       0x28 CMakeFiles/pico_sdvx.dir/C_/Users/ngadj/Documents/pico-sdk/lib/tinyusb/src/portable/raspberrypi/rp2040/dcd_rp2040.c.obj
                0x10004db4                dcd_edpt_clear_stall
 .text.rp2040_usb_init
                0x10004ddc       0x50 CMakeFiles/pico_sdvx.dir/C_/Users/ngadj/Documents/pico-sdk/lib/tinyusb/src/portable/raspberrypi/rp2040/rp2040_usb.c.obj
                0x10004ddc                rp2040_usb_init
 .text.hw_endpoint_reset_transfer
                0x10004e2c       0x14 CMakeFiles/pico_sdvx.dir/C_/Users/ngadj/Documents/pico-sdk/lib/tinyusb/src/portable/raspberrypi/rp2040/rp2040_usb.c.obj
                0x10004e2c                hw_endpoint_reset_transfer
 .text._hw_endpoint_buffer_control_update32
                0x10004e40       0x54 CMakeFiles/pico_sdvx.dir/C_/Users/ngadj/Documents/pico-sdk/lib/tinyusb/src/portable/raspberrypi/rp2040/rp2040_usb.c.obj
                0x10004e40                _hw_endpoint_buffer_control_update32
 .text._hw_endpoint_start_next_buffer
                0x10004e94       0x5a CMakeFiles/pico_sdvx.dir/C_/Users/ngadj/Documents/pico-sdk/lib/tinyusb/src/portable/raspberrypi/rp2040/rp2040_usb.c.obj
                0x10004e94                _hw_endpoint_start_next_buffer
 .text._hw_endpoint_xfer_start
                0x10004eee       0x46 CMakeFiles/pico_sdvx.dir/C_/Users/ngadj/Documents/pico-sdk/lib/tinyusb/src/portable/raspberrypi/rp2040/rp2040_usb.c.obj
                0x10004eee                _hw_endpoint_xfer_start
 .text._hw_endpoint_xfer_sync
                0x10004f34       0x74 CMakeFiles/pico_sdvx.dir/C_/Users/ngadj/Documents/pico-sdk/lib/tinyusb/src/portable/raspberrypi/rp2040/rp2040_usb.c.obj
                0x10004f34                _hw_endpoint_xfer_sync
 .text._hw_endpoint_xfer_continue
                0x10004fa8       0x58 CMakeFiles/pico_sdvx.dir/C_/Users/ngadj/Documents/pico-sdk/lib/tinyusb/src/portable/raspberrypi/rp2040/rp2040_usb.c.obj
                0x10004fa8                _hw_endpoint_xfer_continue
 .text._hw_endpoint_xfer
                0x10005000       0x34 CMakeFiles/pico_sdvx.dir/C_/Users/ngadj/Documents/pico-sdk/lib/tinyusb/src/portable/raspberrypi/rp2040/rp2040_usb.c.obj
                0x10005000                _hw_endpoint_xfer
 .text.mark_interface_endpoint
                0x10005034       0x2a CMakeFiles/pico_sdvx.dir/C_/Users/ngadj/Documents/pico-sdk/lib/tinyusb/src/device/usbd.c.obj
 *fill*         0x1000505e        0x2 
 .text.usbd_reset
                0x10005060       0x88 CMakeFiles/pico_sdvx.dir/C_/Users/ngadj/Documents/pico-sdk/lib/tinyusb/src/device/usbd.c.obj
 .text.invoke_class_control
                0x100050e8       0x18 CMakeFiles/pico_sdvx.dir/C_/Users/ngadj/Documents/pico-sdk/lib/tinyusb/src/device/usbd.c.obj
 .text.process_set_config
                0x10005100      0x1d0 CMakeFiles/pico_sdvx.dir/C_/Users/ngadj/Documents/pico-sdk/lib/tinyusb/src/device/usbd.c.obj
 .text.process_get_descriptor
                0x100052d0       0xf4 CMakeFiles/pico_sdvx.dir/C_/Users/ngadj/Documents/pico-sdk/lib/tinyusb/src/device/usbd.c.obj
 .text.tud_mounted
                0x100053c4       0x10 CMakeFiles/pico_sdvx.dir/C_/Users/ngadj/Documents/pico-sdk/lib/tinyusb/src/device/usbd.c.obj
                0x100053c4                tud_mounted
 .text.tud_suspended
                0x100053d4       0x10 CMakeFiles/pico_sdvx.dir/C_/Users/ngadj/Documents/pico-sdk/lib/tinyusb/src/device/usbd.c.obj
                0x100053d4                tud_suspended
 .text.tud_init
                0x100053e4       0xb8 CMakeFiles/pico_sdvx.dir/C_/Users/ngadj/Documents/pico-sdk/lib/tinyusb/src/device/usbd.c.obj
                0x100053e4                tud_init
 .text.dcd_event_handler
                0x1000549c      0x1c4 CMakeFiles/pico_sdvx.dir/C_/Users/ngadj/Documents/pico-sdk/lib/tinyusb/src/device/usbd.c.obj
                0x1000549c                dcd_event_handler
 .text.dcd_event_bus_signal
                0x10005660       0x26 CMakeFiles/pico_sdvx.dir/C_/Users/ngadj/Documents/pico-sdk/lib/tinyusb/src/device/usbd.c.obj
                0x10005660                dcd_event_bus_signal
 .text.dcd_event_setup_received
                0x10005686       0x34 CMakeFiles/pico_sdvx.dir/C_/Users/ngadj/Documents/pico-sdk/lib/tinyusb/src/device/usbd.c.obj
                0x10005686                dcd_event_setup_received
 .text.dcd_event_xfer_complete
                0x100056ba       0x44 CMakeFiles/pico_sdvx.dir/C_/Users/ngadj/Documents/pico-sdk/lib/tinyusb/src/device/usbd.c.obj
                0x100056ba                dcd_event_xfer_complete
 .text.usbd_edpt_open
                0x100056fe        0x8 CMakeFiles/pico_sdvx.dir/C_/Users/ngadj/Documents/pico-sdk/lib/tinyusb/src/device/usbd.c.obj
                0x100056fe                usbd_edpt_open
 *fill*         0x10005706        0x2 
 .text.usbd_open_edpt_pair
                0x10005708       0x8c CMakeFiles/pico_sdvx.dir/C_/Users/ngadj/Documents/pico-sdk/lib/tinyusb/src/device/usbd.c.obj
                0x10005708                usbd_open_edpt_pair
 .text.usbd_edpt_claim
                0x10005794       0x8c CMakeFiles/pico_sdvx.dir/C_/Users/ngadj/Documents/pico-sdk/lib/tinyusb/src/device/usbd.c.obj
                0x10005794                usbd_edpt_claim
 .text.usbd_edpt_xfer
                0x10005820       0x80 CMakeFiles/pico_sdvx.dir/C_/Users/ngadj/Documents/pico-sdk/lib/tinyusb/src/device/usbd.c.obj
                0x10005820                usbd_edpt_xfer
 .text.usbd_edpt_busy
                0x100058a0       0x1c CMakeFiles/pico_sdvx.dir/C_/Users/ngadj/Documents/pico-sdk/lib/tinyusb/src/device/usbd.c.obj
                0x100058a0                usbd_edpt_busy
 .text.usbd_edpt_stall
                0x100058bc       0x2c CMakeFiles/pico_sdvx.dir/C_/Users/ngadj/Documents/pico-sdk/lib/tinyusb/src/device/usbd.c.obj
                0x100058bc                usbd_edpt_stall
 .text.usbd_edpt_clear_stall
                0x100058e8       0x2c CMakeFiles/pico_sdvx.dir/C_/Users/ngadj/Documents/pico-sdk/lib/tinyusb/src/device/usbd.c.obj
                0x100058e8                usbd_edpt_clear_stall
 .text.usbd_edpt_stalled
                0x10005914       0x1c CMakeFiles/pico_sdvx.dir/C_/Users/ngadj/Documents/pico-sdk/lib/tinyusb/src/device/usbd.c.obj
                0x10005914                usbd_edpt_stalled
 .text.process_control_request
                0x10005930      0x37c CMakeFiles/pico_sdvx.dir/C_/Users/ngadj/Documents/pico-sdk/lib/tinyusb/src/device/usbd.c.obj
 .text.tud_task
                0x10005cac      0x204 CMakeFiles/pico_sdvx.dir/C_/Users/ngadj/Documents/pico-sdk/lib/tinyusb/src/device/usbd.c.obj
                0x10005cac                tud_task
 .text._data_stage_xact
                0x10005eb0       0x58 CMakeFiles/pico_sdvx.dir/C_/Users/ngadj/Documents/pico-sdk/lib/tinyusb/src/device/usbd_control.c.obj
 .text.tud_control_status
                0x10005f08       0x38 CMakeFiles/pico_sdvx.dir/C_/Users/ngadj/Documents/pico-sdk/lib/tinyusb/src/device/usbd_control.c.obj
                0x10005f08                tud_control_status
 .text.tud_control_xfer
                0x10005f40       0xa8 CMakeFiles/pico_sdvx.dir/C_/Users/ngadj/Documents/pico-sdk/lib/tinyusb/src/device/usbd_control.c.obj
                0x10005f40                tud_control_xfer
 .text.usbd_control_reset
                0x10005fe8       0x14 CMakeFiles/pico_sdvx.dir/C_/Users/ngadj/Documents/pico-sdk/lib/tinyusb/src/device/usbd_control.c.obj
                0x10005fe8                usbd_control_reset
 .text.usbd_control_set_complete_callback
                0x10005ffc        0xc CMakeFiles/pico_sdvx.dir/C_/Users/ngadj/Documents/pico-sdk/lib/tinyusb/src/device/usbd_control.c.obj
                0x10005ffc                usbd_control_set_complete_callback
 .text.usbd_control_set_request
                0x10006008       0x1c CMakeFiles/pico_sdvx.dir/C_/Users/ngadj/Documents/pico-sdk/lib/tinyusb/src/device/usbd_control.c.obj
                0x10006008                usbd_control_set_request
 .text.usbd_control_xfer_cb
                0x10006024       0xe8 CMakeFiles/pico_sdvx.dir/C_/Users/ngadj/Documents/pico-sdk/lib/tinyusb/src/device/usbd_control.c.obj
                0x10006024                usbd_control_xfer_cb
 .text.tud_hid_n_ready
                0x1000610c       0x50 CMakeFiles/pico_sdvx.dir/C_/Users/ngadj/Documents/pico-sdk/lib/tinyusb/src/class/hid/hid_device.c.obj
                0x1000610c                tud_hid_n_ready
 .text.tud_hid_n_report
                0x1000615c       0x84 CMakeFiles/pico_sdvx.dir/C_/Users/ngadj/Documents/pico-sdk/lib/tinyusb/src/class/hid/hid_device.c.obj
                0x1000615c                tud_hid_n_report
 .text.tud_hid_n_keyboard_report
                0x100061e0       0x36 CMakeFiles/pico_sdvx.dir/C_/Users/ngadj/Documents/pico-sdk/lib/tinyusb/src/class/hid/hid_device.c.obj
                0x100061e0                tud_hid_n_keyboard_report
 .text.tud_hid_n_mouse_report
                0x10006216       0x2e CMakeFiles/pico_sdvx.dir/C_/Users/ngadj/Documents/pico-sdk/lib/tinyusb/src/class/hid/hid_device.c.obj
                0x10006216                tud_hid_n_mouse_report
 .text.hidd_reset
                0x10006244       0x14 CMakeFiles/pico_sdvx.dir/C_/Users/ngadj/Documents/pico-sdk/lib/tinyusb/src/class/hid/hid_device.c.obj
                0x10006244                hidd_reset
 .text.hidd_init
                0x10006258        0xa CMakeFiles/pico_sdvx.dir/C_/Users/ngadj/Documents/pico-sdk/lib/tinyusb/src/class/hid/hid_device.c.obj
                0x10006258                hidd_init
 *fill*         0x10006262        0x2 
 .text.hidd_open
                0x10006264      0x100 CMakeFiles/pico_sdvx.dir/C_/Users/ngadj/Documents/pico-sdk/lib/tinyusb/src/class/hid/hid_device.c.obj
                0x10006264                hidd_open
 .text.hidd_control_request
                0x10006364      0x1d0 CMakeFiles/pico_sdvx.dir/C_/Users/ngadj/Documents/pico-sdk/lib/tinyusb/src/class/hid/hid_device.c.obj
                0x10006364                hidd_control_request
 .text.hidd_control_complete
                0x10006534       0x64 CMakeFiles/pico_sdvx.dir/C_/Users/ngadj/Documents/pico-sdk/lib/tinyusb/src/class/hid/hid_device.c.obj
                0x10006534                hidd_control_complete
 .text.hidd_xfer_cb
                0x10006598       0x5c CMakeFiles/pico_sdvx.dir/C_/Users/ngadj/Documents/pico-sdk/lib/tinyusb/src/class/hid/hid_device.c.obj
                0x10006598                hidd_xfer_cb
 .text.tusb_init
                0x100065f4       0x38 CMakeFiles/pico_sdvx.dir/C_/Users/ngadj/Documents/pico-sdk/lib/tinyusb/src/tusb.c.obj
                0x100065f4                tusb_init
 .text.tusb_inited
                0x1000662c        0xc CMakeFiles/pico_sdvx.dir/C_/Users/ngadj/Documents/pico-sdk/lib/tinyusb/src/tusb.c.obj
                0x1000662c                tusb_inited
 .text.advance_pointer
                0x10006638       0x1e CMakeFiles/pico_sdvx.dir/C_/Users/ngadj/Documents/pico-sdk/lib/tinyusb/src/common/tusb_fifo.c.obj
 .text.backward_pointer
                0x10006656       0x1a CMakeFiles/pico_sdvx.dir/C_/Users/ngadj/Documents/pico-sdk/lib/tinyusb/src/common/tusb_fifo.c.obj
 .text.get_relative_pointer
                0x10006670       0x16 CMakeFiles/pico_sdvx.dir/C_/Users/ngadj/Documents/pico-sdk/lib/tinyusb/src/common/tusb_fifo.c.obj
 .text.tu_fifo_lock
                0x10006686       0x12 CMakeFiles/pico_sdvx.dir/C_/Users/ngadj/Documents/pico-sdk/lib/tinyusb/src/common/tusb_fifo.c.obj
 .text.tu_fifo_unlock
                0x10006698        0xe CMakeFiles/pico_sdvx.dir/C_/Users/ngadj/Documents/pico-sdk/lib/tinyusb/src/common/tusb_fifo.c.obj
 .text._tu_fifo_peek_at
                0x100066a6       0x66 CMakeFiles/pico_sdvx.dir/C_/Users/ngadj/Documents/pico-sdk/lib/tinyusb/src/common/tusb_fifo.c.obj
 .text.tu_fifo_read
                0x1000670c       0x3a CMakeFiles/pico_sdvx.dir/C_/Users/ngadj/Documents/pico-sdk/lib/tinyusb/src/common/tusb_fifo.c.obj
                0x1000670c                tu_fifo_read
 .text.tu_fifo_write
                0x10006746       0x5c CMakeFiles/pico_sdvx.dir/C_/Users/ngadj/Documents/pico-sdk/lib/tinyusb/src/common/tusb_fifo.c.obj
                0x10006746                tu_fifo_write
 .text.tu_fifo_clear
                0x100067a2       0x18 CMakeFiles/pico_sdvx.dir/C_/Users/ngadj/Documents/pico-sdk/lib/tinyusb/src/common/tusb_fifo.c.obj
                0x100067a2                tu_fifo_clear
 .text.board_init
                0x100067ba       0x18 CMakeFiles/pico_sdvx.dir/C_/Users/ngadj/Documents/pico-sdk/lib/tinyusb/hw/bsp/raspberry_pi_pico/board_raspberry_pi_pico.c.obj
                0x100067ba                board_init
 *fill*         0x100067d2        0x2 
 .text._pio_can_add_program_at_offset
                0x100067d4       0xa0 CMakeFiles/pico_sdvx.dir/C_/Users/ngadj/Documents/pico-sdk/src/rp2_common/hardware_pio/pio.c.obj
 .text._pio_find_offset_for_program
                0x10006874       0xac CMakeFiles/pico_sdvx.dir/C_/Users/ngadj/Documents/pico-sdk/src/rp2_common/hardware_pio/pio.c.obj
 .text._pio_add_program_at_offset
                0x10006920       0xa4 CMakeFiles/pico_sdvx.dir/C_/Users/ngadj/Documents/pico-sdk/src/rp2_common/hardware_pio/pio.c.obj
 .text.pio_add_program
                0x100069c4       0x38 CMakeFiles/pico_sdvx.dir/C_/Users/ngadj/Documents/pico-sdk/src/rp2_common/hardware_pio/pio.c.obj
                0x100069c4                pio_add_program
 .text.pio_sm_set_consecutive_pindirs
                0x100069fc       0x8c CMakeFiles/pico_sdvx.dir/C_/Users/ngadj/Documents/pico-sdk/src/rp2_common/hardware_pio/pio.c.obj
                0x100069fc                pio_sm_set_consecutive_pindirs
 .text.pio_sm_init
                0x10006a88       0xe4 CMakeFiles/pico_sdvx.dir/C_/Users/ngadj/Documents/pico-sdk/src/rp2_common/hardware_pio/pio.c.obj
                0x10006a88                pio_sm_init
 .text.calloc   0x10006b6c       0x18 c:/progra~2/gnuarm~1/102020~1/bin/../lib/gcc/arm-none-eabi/10.2.1/../../../../arm-none-eabi/lib/thumb/v6-m/nofp\libg.a(lib_a-calloc.o)
                0x10006b6c                calloc
 .text._calloc_r
                0x10006b84       0x5c c:/progra~2/gnuarm~1/102020~1/bin/../lib/gcc/arm-none-eabi/10.2.1/../../../../arm-none-eabi/lib/thumb/v6-m/nofp\libg.a(lib_a-callocr.o)
                0x10006b84                _calloc_r
 .text.malloc   0x10006be0       0x14 c:/progra~2/gnuarm~1/102020~1/bin/../lib/gcc/arm-none-eabi/10.2.1/../../../../arm-none-eabi/lib/thumb/v6-m/nofp\libg.a(lib_a-malloc.o)
                0x10006be0                malloc
 .text._malloc_r
                0x10006bf4      0x580 c:/progra~2/gnuarm~1/102020~1/bin/../lib/gcc/arm-none-eabi/10.2.1/../../../../arm-none-eabi/lib/thumb/v6-m/nofp\libg.a(lib_a-mallocr.o)
                0x10006bf4                _malloc_r
 .text.__malloc_lock
                0x10007174       0x10 c:/progra~2/gnuarm~1/102020~1/bin/../lib/gcc/arm-none-eabi/10.2.1/../../../../arm-none-eabi/lib/thumb/v6-m/nofp\libg.a(lib_a-mlock.o)
                0x10007174                __malloc_lock
 .text.__malloc_unlock
                0x10007184       0x10 c:/progra~2/gnuarm~1/102020~1/bin/../lib/gcc/arm-none-eabi/10.2.1/../../../../arm-none-eabi/lib/thumb/v6-m/nofp\libg.a(lib_a-mlock.o)
                0x10007184                __malloc_unlock
 .text._sbrk_r  0x10007194       0x24 c:/progra~2/gnuarm~1/102020~1/bin/../lib/gcc/arm-none-eabi/10.2.1/../../../../arm-none-eabi/lib/thumb/v6-m/nofp\libg.a(lib_a-sbrkr.o)
                0x10007194                _sbrk_r
 .text.strlen   0x100071b8       0x5c c:/progra~2/gnuarm~1/102020~1/bin/../lib/gcc/arm-none-eabi/10.2.1/../../../../arm-none-eabi/lib/thumb/v6-m/nofp\libg.a(lib_a-strlen-stub.o)
                0x100071b8                strlen
 .text._malloc_trim_r
                0x10007214       0x9c c:/progra~2/gnuarm~1/102020~1/bin/../lib/gcc/arm-none-eabi/10.2.1/../../../../arm-none-eabi/lib/thumb/v6-m/nofp\libg.a(lib_a-freer.o)
                0x10007214                _malloc_trim_r
 .text._free_r  0x100072b0      0x1c4 c:/progra~2/gnuarm~1/102020~1/bin/../lib/gcc/arm-none-eabi/10.2.1/../../../../arm-none-eabi/lib/thumb/v6-m/nofp\libg.a(lib_a-freer.o)
                0x100072b0                _free_r
 .text.__retarget_lock_acquire_recursive
                0x10007474        0x4 c:/progra~2/gnuarm~1/102020~1/bin/../lib/gcc/arm-none-eabi/10.2.1/../../../../arm-none-eabi/lib/thumb/v6-m/nofp\libg.a(lib_a-lock.o)
                0x10007474                __retarget_lock_acquire_recursive
 .text.__retarget_lock_release_recursive
                0x10007478        0x4 c:/progra~2/gnuarm~1/102020~1/bin/../lib/gcc/arm-none-eabi/10.2.1/../../../../arm-none-eabi/lib/thumb/v6-m/nofp\libg.a(lib_a-lock.o)
                0x10007478                __retarget_lock_release_recursive
 *(.fini)
 .fini          0x1000747c        0x4 c:/progra~2/gnuarm~1/102020~1/bin/../lib/gcc/arm-none-eabi/10.2.1/thumb/v6-m/nofp/crti.o
                0x1000747c                _fini
 .fini.__stub   0x10007480       0x60 linker stubs
 *crtbegin.o(.ctors)
 *crtbegin?.o(.ctors)
 *(EXCLUDE_FILE(*crtend.o *crtend?.o) .ctors)
 *(SORT_BY_NAME(.ctors.*))
 *(.ctors)
 *crtbegin.o(.dtors)
 *crtbegin?.o(.dtors)
 *(EXCLUDE_FILE(*crtend.o *crtend?.o) .dtors)
 *(SORT_BY_NAME(.dtors.*))
 *(.dtors)
 *(.eh_frame*)
 .eh_frame      0x100074e0        0x0 c:/progra~2/gnuarm~1/102020~1/bin/../lib/gcc/arm-none-eabi/10.2.1/thumb/v6-m/nofp/crtbegin.o
                0x100074e0                . = ALIGN (0x4)

.glue_7         0x100074e0        0x0
 .glue_7        0x100074e0        0x0 linker stubs

.glue_7t        0x100074e0        0x0
 .glue_7t       0x100074e0        0x0 linker stubs

.vfp11_veneer   0x100074e0        0x0
 .vfp11_veneer  0x100074e0        0x0 linker stubs

.v4_bx          0x100074e0        0x0
 .v4_bx         0x100074e0        0x0 linker stubs

.iplt           0x100074e0        0x0
 .iplt          0x100074e0        0x0 c:/progra~2/gnuarm~1/102020~1/bin/../lib/gcc/arm-none-eabi/10.2.1/thumb/v6-m/nofp/crtbegin.o

.rodata         0x100074e0     0x1800
 *(EXCLUDE_FILE(*libm.a: *libc.a:*lib_a-mem*.o *libgcc.a:) .rodata*)
 .rodata.encoders_program_init.str1.4
                0x100074e0       0xd1 CMakeFiles/pico_sdvx.dir/pico_sdvx.c.obj
 *fill*         0x100075b1        0x3 
 .rodata.init.str1.4
                0x100075b4       0x8b CMakeFiles/pico_sdvx.dir/pico_sdvx.c.obj
 *fill*         0x1000763f        0x1 
 .rodata.ENC_GPIO
                0x10007640        0x2 CMakeFiles/pico_sdvx.dir/pico_sdvx.c.obj
                0x10007640                ENC_GPIO
 *fill*         0x10007642        0x2 
 .rodata.LED_GPIO
                0x10007644        0x7 CMakeFiles/pico_sdvx.dir/pico_sdvx.c.obj
                0x10007644                LED_GPIO
 *fill*         0x1000764b        0x1 
 .rodata.SW_GPIO
                0x1000764c        0x7 CMakeFiles/pico_sdvx.dir/pico_sdvx.c.obj
                0x1000764c                SW_GPIO
 *fill*         0x10007653        0x1 
 .rodata.SW_KEYCODE
                0x10007654        0x7 CMakeFiles/pico_sdvx.dir/pico_sdvx.c.obj
                0x10007654                SW_KEYCODE
 *fill*         0x1000765b        0x1 
 .rodata.__func__.0
                0x1000765c       0x18 CMakeFiles/pico_sdvx.dir/pico_sdvx.c.obj
 .rodata.__func__.1
                0x10007674        0xd CMakeFiles/pico_sdvx.dir/pico_sdvx.c.obj
 *fill*         0x10007681        0x3 
 .rodata.__func__.4
                0x10007684       0x1c CMakeFiles/pico_sdvx.dir/pico_sdvx.c.obj
 .rodata.__func__.5
                0x100076a0       0x16 CMakeFiles/pico_sdvx.dir/pico_sdvx.c.obj
 *fill*         0x100076b6        0x2 
 .rodata.__func__.6
                0x100076b8       0x16 CMakeFiles/pico_sdvx.dir/pico_sdvx.c.obj
 *fill*         0x100076ce        0x2 
 .rodata.__func__.7
                0x100076d0       0x13 CMakeFiles/pico_sdvx.dir/pico_sdvx.c.obj
 *fill*         0x100076e3        0x1 
 .rodata.__func__.8
                0x100076e4        0xe CMakeFiles/pico_sdvx.dir/pico_sdvx.c.obj
 *fill*         0x100076f2        0x2 
 .rodata.encoders_program
                0x100076f4        0x6 CMakeFiles/pico_sdvx.dir/pico_sdvx.c.obj
 *fill*         0x100076fa        0x2 
 .rodata.encoders_program_instructions
                0x100076fc       0x2e CMakeFiles/pico_sdvx.dir/pico_sdvx.c.obj
 *fill*         0x1000772a        0x2 
 .rodata.str1.4
                0x1000772c       0x1f CMakeFiles/pico_sdvx.dir/usb_descriptors.c.obj
 *fill*         0x1000774b        0x1 
 .rodata.__compound_literal.0
                0x1000774c        0x2 CMakeFiles/pico_sdvx.dir/usb_descriptors.c.obj
 *fill*         0x1000774e        0x2 
 .rodata.desc_configuration
                0x10007750       0x22 CMakeFiles/pico_sdvx.dir/usb_descriptors.c.obj
                0x10007750                desc_configuration
 *fill*         0x10007772        0x2 
 .rodata.desc_device
                0x10007774       0x12 CMakeFiles/pico_sdvx.dir/usb_descriptors.c.obj
                0x10007774                desc_device
 *fill*         0x10007786        0x2 
 .rodata.desc_hid_report
                0x10007788       0x90 CMakeFiles/pico_sdvx.dir/usb_descriptors.c.obj
                0x10007788                desc_hid_report
 .rodata.spin_lock_claim_unused.str1.4
                0x10007818       0x1b CMakeFiles/pico_sdvx.dir/C_/Users/ngadj/Documents/pico-sdk/src/rp2_common/hardware_sync/sync.c.obj
 *fill*         0x10007833        0x1 
 .rodata.alarm_pool_dump_key.str1.4
                0x10007834       0x73 CMakeFiles/pico_sdvx.dir/C_/Users/ngadj/Documents/pico-sdk/src/common/pico_time/time.c.obj
 *fill*         0x100078a7        0x1 
 .rodata.ph_add_child_node.str1.4
                0x100078a8       0x9e CMakeFiles/pico_sdvx.dir/C_/Users/ngadj/Documents/pico-sdk/src/common/pico_time/time.c.obj
 *fill*         0x10007946        0x2 
 .rodata.add_alarm_under_lock.str1.4
                0x10007948       0x27 CMakeFiles/pico_sdvx.dir/C_/Users/ngadj/Documents/pico-sdk/src/common/pico_time/time.c.obj
 *fill*         0x1000796f        0x1 
 .rodata.alarm_pool_alarm_callback.str1.4
                0x10007970       0x7d CMakeFiles/pico_sdvx.dir/C_/Users/ngadj/Documents/pico-sdk/src/common/pico_time/time.c.obj
 *fill*         0x100079ed        0x3 
 .rodata.alarm_pool_get_default.str1.4
                0x100079f0       0x13 CMakeFiles/pico_sdvx.dir/C_/Users/ngadj/Documents/pico-sdk/src/common/pico_time/time.c.obj
 *fill*         0x10007a03        0x1 
 .rodata.alarm_pool_cancel_alarm.str1.4
                0x10007a04       0x27 CMakeFiles/pico_sdvx.dir/C_/Users/ngadj/Documents/pico-sdk/src/common/pico_time/time.c.obj
 *fill*         0x10007a2b        0x1 
 .rodata.__func__.0
                0x10007a2c       0x18 CMakeFiles/pico_sdvx.dir/C_/Users/ngadj/Documents/pico-sdk/src/common/pico_time/time.c.obj
 .rodata.__func__.10
                0x10007a44       0x17 CMakeFiles/pico_sdvx.dir/C_/Users/ngadj/Documents/pico-sdk/src/common/pico_time/time.c.obj
 *fill*         0x10007a5b        0x1 
 .rodata.__func__.2
                0x10007a5c       0x12 CMakeFiles/pico_sdvx.dir/C_/Users/ngadj/Documents/pico-sdk/src/common/pico_time/time.c.obj
 *fill*         0x10007a6e        0x2 
 .rodata.__func__.3
                0x10007a70       0x14 CMakeFiles/pico_sdvx.dir/C_/Users/ngadj/Documents/pico-sdk/src/common/pico_time/time.c.obj
 .rodata.__func__.4
                0x10007a84       0x12 CMakeFiles/pico_sdvx.dir/C_/Users/ngadj/Documents/pico-sdk/src/common/pico_time/time.c.obj
 *fill*         0x10007a96        0x2 
 .rodata.__func__.5
                0x10007a98        0xa CMakeFiles/pico_sdvx.dir/C_/Users/ngadj/Documents/pico-sdk/src/common/pico_time/time.c.obj
 *fill*         0x10007aa2        0x2 
 .rodata.__func__.6
                0x10007aa4        0xc CMakeFiles/pico_sdvx.dir/C_/Users/ngadj/Documents/pico-sdk/src/common/pico_time/time.c.obj
 .rodata.__func__.7
                0x10007ab0       0x15 CMakeFiles/pico_sdvx.dir/C_/Users/ngadj/Documents/pico-sdk/src/common/pico_time/time.c.obj
 *fill*         0x10007ac5        0x3 
 .rodata.__func__.8
                0x10007ac8       0x1a CMakeFiles/pico_sdvx.dir/C_/Users/ngadj/Documents/pico-sdk/src/common/pico_time/time.c.obj
 *fill*         0x10007ae2        0x2 
 .rodata.__func__.9
                0x10007ae4        0xa CMakeFiles/pico_sdvx.dir/C_/Users/ngadj/Documents/pico-sdk/src/common/pico_time/time.c.obj
 *fill*         0x10007aee        0x2 
 .rodata.hardware_alarm_claim.str1.4
                0x10007af0       0x22 CMakeFiles/pico_sdvx.dir/C_/Users/ngadj/Documents/pico-sdk/src/rp2_common/hardware_timer/timer.c.obj
 *fill*         0x10007b12        0x2 
 .rodata.hardware_alarm_set_target.str1.4
                0x10007b14       0x6c CMakeFiles/pico_sdvx.dir/C_/Users/ngadj/Documents/pico-sdk/src/rp2_common/hardware_timer/timer.c.obj
 .rodata.__func__.0
                0x10007b80       0x1a CMakeFiles/pico_sdvx.dir/C_/Users/ngadj/Documents/pico-sdk/src/rp2_common/hardware_timer/timer.c.obj
 *fill*         0x10007b9a        0x2 
 .rodata.lock_init.str1.4
                0x10007b9c       0x6f CMakeFiles/pico_sdvx.dir/C_/Users/ngadj/Documents/pico-sdk/src/common/pico_sync/lock_core.c.obj
 *fill*         0x10007c0b        0x1 
 .rodata.__func__.0
                0x10007c0c        0xa CMakeFiles/pico_sdvx.dir/C_/Users/ngadj/Documents/pico-sdk/src/common/pico_sync/lock_core.c.obj
 *fill*         0x10007c16        0x2 
 .rodata.str1.4
                0x10007c18       0x64 CMakeFiles/pico_sdvx.dir/C_/Users/ngadj/Documents/pico-sdk/src/common/pico_sync/mutex.c.obj
 .rodata.__func__.0
                0x10007c7c        0xb CMakeFiles/pico_sdvx.dir/C_/Users/ngadj/Documents/pico-sdk/src/common/pico_sync/mutex.c.obj
 *fill*         0x10007c87        0x1 
 .rodata.__func__.1
                0x10007c88       0x18 CMakeFiles/pico_sdvx.dir/C_/Users/ngadj/Documents/pico-sdk/src/common/pico_sync/mutex.c.obj
 .rodata.__func__.2
                0x10007ca0       0x15 CMakeFiles/pico_sdvx.dir/C_/Users/ngadj/Documents/pico-sdk/src/common/pico_sync/mutex.c.obj
 .rodata.ph_add_child_node.str1.4
                0x10007cb5       0x9e CMakeFiles/pico_sdvx.dir/C_/Users/ngadj/Documents/pico-sdk/src/common/pico_util/pheap.c.obj
 *fill*         0x10007cb5        0x3 
 .rodata.ph_remove_any_head.str1.4
                0x10007cb8       0x94 CMakeFiles/pico_sdvx.dir/C_/Users/ngadj/Documents/pico-sdk/src/common/pico_util/pheap.c.obj
 .rodata.ph_delete.str1.4
                0x10007d4c       0x26 CMakeFiles/pico_sdvx.dir/C_/Users/ngadj/Documents/pico-sdk/src/common/pico_util/pheap.c.obj
 *fill*         0x10007d72        0x2 
 .rodata.__func__.0
                0x10007d74        0xa CMakeFiles/pico_sdvx.dir/C_/Users/ngadj/Documents/pico-sdk/src/common/pico_util/pheap.c.obj
 *fill*         0x10007d7e        0x2 
 .rodata.__func__.1
                0x10007d80       0x13 CMakeFiles/pico_sdvx.dir/C_/Users/ngadj/Documents/pico-sdk/src/common/pico_util/pheap.c.obj
 *fill*         0x10007d93        0x1 
 .rodata.__func__.2
                0x10007d94       0x12 CMakeFiles/pico_sdvx.dir/C_/Users/ngadj/Documents/pico-sdk/src/common/pico_util/pheap.c.obj
 *fill*         0x10007da6        0x2 
 .rodata.__func__.3
                0x10007da8        0xc CMakeFiles/pico_sdvx.dir/C_/Users/ngadj/Documents/pico-sdk/src/common/pico_util/pheap.c.obj
 .rodata.__assert_func.str1.4
                0x10007db4       0x3f CMakeFiles/pico_sdvx.dir/C_/Users/ngadj/Documents/pico-sdk/src/rp2_common/pico_runtime/runtime.c.obj
                                 0x43 (size before relaxing)
 *fill*         0x10007df3        0x1 
 .rodata.panic.str1.4
                0x10007df4       0x12 CMakeFiles/pico_sdvx.dir/C_/Users/ngadj/Documents/pico-sdk/src/rp2_common/pico_runtime/runtime.c.obj
 *fill*         0x10007e06        0x2 
 .rodata.clock_configure.str1.4
                0x10007e08       0x5e CMakeFiles/pico_sdvx.dir/C_/Users/ngadj/Documents/pico-sdk/src/rp2_common/hardware_clocks/clocks.c.obj
 *fill*         0x10007e66        0x2 
 .rodata.__func__.1
                0x10007e68       0x10 CMakeFiles/pico_sdvx.dir/C_/Users/ngadj/Documents/pico-sdk/src/rp2_common/hardware_clocks/clocks.c.obj
 .rodata.pll_init.str1.4
                0x10007e78       0xdf CMakeFiles/pico_sdvx.dir/C_/Users/ngadj/Documents/pico-sdk/src/rp2_common/hardware_pll/pll.c.obj
 *fill*         0x10007f57        0x1 
 .rodata.__func__.0
                0x10007f58        0x9 CMakeFiles/pico_sdvx.dir/C_/Users/ngadj/Documents/pico-sdk/src/rp2_common/hardware_pll/pll.c.obj
 *fill*         0x10007f61        0x3 
 .rodata.make_branch.str1.4
                0x10007f64       0x54 CMakeFiles/pico_sdvx.dir/C_/Users/ngadj/Documents/pico-sdk/src/rp2_common/hardware_irq/irq.c.obj
 .rodata.irq_set_exclusive_handler.str1.4
                0x10007fb8       0x36 CMakeFiles/pico_sdvx.dir/C_/Users/ngadj/Documents/pico-sdk/src/rp2_common/hardware_irq/irq.c.obj
 *fill*         0x10007fee        0x2 
 .rodata.irq_add_shared_handler.str1.4
                0x10007ff0       0xd9 CMakeFiles/pico_sdvx.dir/C_/Users/ngadj/Documents/pico-sdk/src/rp2_common/hardware_irq/irq.c.obj
 *fill*         0x100080c9        0x3 
 .rodata.irq_remove_handler.str1.4
                0x100080cc       0x2a CMakeFiles/pico_sdvx.dir/C_/Users/ngadj/Documents/pico-sdk/src/rp2_common/hardware_irq/irq.c.obj
 *fill*         0x100080f6        0x2 
 .rodata.irq_add_tail_to_free_list.str1.4
                0x100080f8       0x32 CMakeFiles/pico_sdvx.dir/C_/Users/ngadj/Documents/pico-sdk/src/rp2_common/hardware_irq/irq.c.obj
                                 0x3a (size before relaxing)
 *fill*         0x1000812a        0x2 
 .rodata.__func__.0
                0x1000812c       0x1a CMakeFiles/pico_sdvx.dir/C_/Users/ngadj/Documents/pico-sdk/src/rp2_common/hardware_irq/irq.c.obj
 *fill*         0x10008146        0x2 
 .rodata.__func__.1
                0x10008148       0x17 CMakeFiles/pico_sdvx.dir/C_/Users/ngadj/Documents/pico-sdk/src/rp2_common/hardware_irq/irq.c.obj
 *fill*         0x1000815f        0x1 
 .rodata.__func__.2
                0x10008160       0x13 CMakeFiles/pico_sdvx.dir/C_/Users/ngadj/Documents/pico-sdk/src/rp2_common/hardware_irq/irq.c.obj
 *fill*         0x10008173        0x1 
 .rodata.__func__.3
                0x10008174        0xc CMakeFiles/pico_sdvx.dir/C_/Users/ngadj/Documents/pico-sdk/src/rp2_common/hardware_irq/irq.c.obj
 .rodata.__func__.4
                0x10008180        0xf CMakeFiles/pico_sdvx.dir/C_/Users/ngadj/Documents/pico-sdk/src/rp2_common/hardware_irq/irq.c.obj
 *fill*         0x1000818f        0x1 
 .rodata.__func__.6
                0x10008190       0x1a CMakeFiles/pico_sdvx.dir/C_/Users/ngadj/Documents/pico-sdk/src/rp2_common/hardware_irq/irq.c.obj
 *fill*         0x100081aa        0x2 
 .rodata._ftoa.str1.4
                0x100081ac       0x15 CMakeFiles/pico_sdvx.dir/C_/Users/ngadj/Documents/pico-sdk/src/rp2_common/pico_printf/printf.c.obj
 *fill*         0x100081c1        0x3 
 .rodata._vsnprintf
                0x100081c4      0x1e0 CMakeFiles/pico_sdvx.dir/C_/Users/ngadj/Documents/pico-sdk/src/rp2_common/pico_printf/printf.c.obj
 *fill*         0x100083a4        0x4 
 .rodata.pow10.0
                0x100083a8       0x50 CMakeFiles/pico_sdvx.dir/C_/Users/ngadj/Documents/pico-sdk/src/rp2_common/pico_printf/printf.c.obj
 .rodata.__aeabi_double_init.str1.4
                0x100083f8       0xaf CMakeFiles/pico_sdvx.dir/C_/Users/ngadj/Documents/pico-sdk/src/rp2_common/pico_double/double_init_rom.c.obj
 *fill*         0x100084a7        0x1 
 .rodata.__func__.0
                0x100084a8       0x14 CMakeFiles/pico_sdvx.dir/C_/Users/ngadj/Documents/pico-sdk/src/rp2_common/pico_double/double_init_rom.c.obj
 .rodata.__aeabi_float_init.str1.4
                0x100084bc       0x81 CMakeFiles/pico_sdvx.dir/C_/Users/ngadj/Documents/pico-sdk/src/rp2_common/pico_float/float_init_rom.c.obj
                                 0x85 (size before relaxing)
 *fill*         0x1000853d        0x3 
 .rodata.__func__.0
                0x10008540       0x13 CMakeFiles/pico_sdvx.dir/C_/Users/ngadj/Documents/pico-sdk/src/rp2_common/pico_float/float_init_rom.c.obj
 *fill*         0x10008553        0x1 
 .rodata.str1.4
                0x10008554       0x30 CMakeFiles/pico_sdvx.dir/C_/Users/ngadj/Documents/pico-sdk/src/rp2_common/pico_standard_link/binary_info.c.obj
 .rodata.__bi_40
                0x10008584        0xc CMakeFiles/pico_sdvx.dir/C_/Users/ngadj/Documents/pico-sdk/src/rp2_common/pico_standard_link/binary_info.c.obj
 .rodata.__bi_71
                0x10008590        0xc CMakeFiles/pico_sdvx.dir/C_/Users/ngadj/Documents/pico-sdk/src/rp2_common/pico_standard_link/binary_info.c.obj
 .rodata.crlf_str.1
                0x1000859c        0x2 CMakeFiles/pico_sdvx.dir/C_/Users/ngadj/Documents/pico-sdk/src/rp2_common/pico_stdio/stdio.c.obj
 *fill*         0x1000859e        0x2 
 .rodata.str1.4
                0x100085a0       0x2c CMakeFiles/pico_sdvx.dir/C_/Users/ngadj/Documents/pico-sdk/src/rp2_common/pico_stdio_uart/stdio_uart.c.obj
 .rodata.__bi_27.4
                0x100085cc        0xc CMakeFiles/pico_sdvx.dir/C_/Users/ngadj/Documents/pico-sdk/src/rp2_common/pico_stdio_uart/stdio_uart.c.obj
 .rodata.__bi_28.5
                0x100085d8        0x8 CMakeFiles/pico_sdvx.dir/C_/Users/ngadj/Documents/pico-sdk/src/rp2_common/pico_stdio_uart/stdio_uart.c.obj
 .rodata._hw_endpoint_alloc.str1.4
                0x100085e0       0xbd CMakeFiles/pico_sdvx.dir/C_/Users/ngadj/Documents/pico-sdk/lib/tinyusb/src/portable/raspberrypi/rp2040/dcd_rp2040.c.obj
 *fill*         0x1000869d        0x3 
 .rodata._hw_endpoint_init.str1.4
                0x100086a0       0x28 CMakeFiles/pico_sdvx.dir/C_/Users/ngadj/Documents/pico-sdk/lib/tinyusb/src/portable/raspberrypi/rp2040/dcd_rp2040.c.obj
 .rodata.hw_handle_buff_status.str1.4
                0x100086c8        0xb CMakeFiles/pico_sdvx.dir/C_/Users/ngadj/Documents/pico-sdk/lib/tinyusb/src/portable/raspberrypi/rp2040/dcd_rp2040.c.obj
 *fill*         0x100086d3        0x1 
 .rodata.dcd_rp2040_irq.str1.4
                0x100086d4       0x14 CMakeFiles/pico_sdvx.dir/C_/Users/ngadj/Documents/pico-sdk/lib/tinyusb/src/portable/raspberrypi/rp2040/dcd_rp2040.c.obj
 .rodata._hw_endpoint_stall.str1.4
                0x100086e8        0xd CMakeFiles/pico_sdvx.dir/C_/Users/ngadj/Documents/pico-sdk/lib/tinyusb/src/portable/raspberrypi/rp2040/dcd_rp2040.c.obj
 *fill*         0x100086f5        0x3 
 .rodata.dcd_int_enable.str1.4
                0x100086f8        0xc CMakeFiles/pico_sdvx.dir/C_/Users/ngadj/Documents/pico-sdk/lib/tinyusb/src/portable/raspberrypi/rp2040/dcd_rp2040.c.obj
 .rodata.__func__.0
                0x10008704       0x15 CMakeFiles/pico_sdvx.dir/C_/Users/ngadj/Documents/pico-sdk/lib/tinyusb/src/portable/raspberrypi/rp2040/dcd_rp2040.c.obj
 *fill*         0x10008719        0x3 
 .rodata.__func__.1
                0x1000871c       0x13 CMakeFiles/pico_sdvx.dir/C_/Users/ngadj/Documents/pico-sdk/lib/tinyusb/src/portable/raspberrypi/rp2040/dcd_rp2040.c.obj
 *fill*         0x1000872f        0x1 
 .rodata.__func__.10
                0x10008730        0xf CMakeFiles/pico_sdvx.dir/C_/Users/ngadj/Documents/pico-sdk/lib/tinyusb/src/portable/raspberrypi/rp2040/dcd_rp2040.c.obj
 *fill*         0x1000873f        0x1 
 .rodata.__func__.11
                0x10008740       0x13 CMakeFiles/pico_sdvx.dir/C_/Users/ngadj/Documents/pico-sdk/lib/tinyusb/src/portable/raspberrypi/rp2040/dcd_rp2040.c.obj
 *fill*         0x10008753        0x1 
 .rodata.__func__.12
                0x10008754       0x16 CMakeFiles/pico_sdvx.dir/C_/Users/ngadj/Documents/pico-sdk/lib/tinyusb/src/portable/raspberrypi/rp2040/dcd_rp2040.c.obj
 *fill*         0x1000876a        0x2 
 .rodata.__func__.13
                0x1000876c        0x9 CMakeFiles/pico_sdvx.dir/C_/Users/ngadj/Documents/pico-sdk/lib/tinyusb/src/portable/raspberrypi/rp2040/dcd_rp2040.c.obj
 *fill*         0x10008775        0x3 
 .rodata.__func__.2
                0x10008778        0xf CMakeFiles/pico_sdvx.dir/C_/Users/ngadj/Documents/pico-sdk/lib/tinyusb/src/portable/raspberrypi/rp2040/dcd_rp2040.c.obj
 *fill*         0x10008787        0x1 
 .rodata.__func__.3
                0x10008788        0xe CMakeFiles/pico_sdvx.dir/C_/Users/ngadj/Documents/pico-sdk/lib/tinyusb/src/portable/raspberrypi/rp2040/dcd_rp2040.c.obj
 *fill*         0x10008796        0x2 
 .rodata.__func__.4
                0x10008798        0xe CMakeFiles/pico_sdvx.dir/C_/Users/ngadj/Documents/pico-sdk/lib/tinyusb/src/portable/raspberrypi/rp2040/dcd_rp2040.c.obj
 *fill*         0x100087a6        0x2 
 .rodata.__func__.5
                0x100087a8       0x1a CMakeFiles/pico_sdvx.dir/C_/Users/ngadj/Documents/pico-sdk/lib/tinyusb/src/portable/raspberrypi/rp2040/dcd_rp2040.c.obj
 *fill*         0x100087c2        0x2 
 .rodata.__func__.6
                0x100087c4        0xc CMakeFiles/pico_sdvx.dir/C_/Users/ngadj/Documents/pico-sdk/lib/tinyusb/src/portable/raspberrypi/rp2040/dcd_rp2040.c.obj
 .rodata.__func__.8
                0x100087d0       0x10 CMakeFiles/pico_sdvx.dir/C_/Users/ngadj/Documents/pico-sdk/lib/tinyusb/src/portable/raspberrypi/rp2040/dcd_rp2040.c.obj
 .rodata._hw_endpoint_buffer_control_update32.str1.4
                0x100087e0       0x1f CMakeFiles/pico_sdvx.dir/C_/Users/ngadj/Documents/pico-sdk/lib/tinyusb/src/portable/raspberrypi/rp2040/rp2040_usb.c.obj
 *fill*         0x100087ff        0x1 
 .rodata._hw_endpoint_xfer_sync.str1.4
                0x10008800       0x99 CMakeFiles/pico_sdvx.dir/C_/Users/ngadj/Documents/pico-sdk/lib/tinyusb/src/portable/raspberrypi/rp2040/rp2040_usb.c.obj
 *fill*         0x10008899        0x3 
 .rodata._hw_endpoint_xfer_continue.str1.4
                0x1000889c       0x50 CMakeFiles/pico_sdvx.dir/C_/Users/ngadj/Documents/pico-sdk/lib/tinyusb/src/portable/raspberrypi/rp2040/rp2040_usb.c.obj
 .rodata._hw_endpoint_xfer.str1.4
                0x100088ec        0xf CMakeFiles/pico_sdvx.dir/C_/Users/ngadj/Documents/pico-sdk/lib/tinyusb/src/portable/raspberrypi/rp2040/rp2040_usb.c.obj
 .rodata.str1.4
                0x100088fb        0xf CMakeFiles/pico_sdvx.dir/C_/Users/ngadj/Documents/pico-sdk/lib/tinyusb/src/portable/raspberrypi/rp2040/rp2040_usb.c.obj
                                  0x7 (size before relaxing)
 *fill*         0x100088fb        0x1 
 .rodata.__func__.0
                0x100088fc       0x12 CMakeFiles/pico_sdvx.dir/C_/Users/ngadj/Documents/pico-sdk/lib/tinyusb/src/portable/raspberrypi/rp2040/rp2040_usb.c.obj
 *fill*         0x1000890e        0x2 
 .rodata.__func__.1
                0x10008910       0x17 CMakeFiles/pico_sdvx.dir/C_/Users/ngadj/Documents/pico-sdk/lib/tinyusb/src/portable/raspberrypi/rp2040/rp2040_usb.c.obj
 *fill*         0x10008927        0x1 
 .rodata.process_set_config.str1.4
                0x10008928       0x17 CMakeFiles/pico_sdvx.dir/C_/Users/ngadj/Documents/pico-sdk/lib/tinyusb/src/device/usbd.c.obj
 *fill*         0x1000893f        0x1 
 .rodata.process_get_descriptor
                0x10008940       0x40 CMakeFiles/pico_sdvx.dir/C_/Users/ngadj/Documents/pico-sdk/lib/tinyusb/src/device/usbd.c.obj
 .rodata.dcd_event_handler.str1.4
                0x10008980       0x53 CMakeFiles/pico_sdvx.dir/C_/Users/ngadj/Documents/pico-sdk/lib/tinyusb/src/device/usbd.c.obj
 *fill*         0x100089d3        0x1 
 .rodata.process_control_request
                0x100089d4       0x28 CMakeFiles/pico_sdvx.dir/C_/Users/ngadj/Documents/pico-sdk/lib/tinyusb/src/device/usbd.c.obj
 .rodata.tud_task
                0x100089fc       0x24 CMakeFiles/pico_sdvx.dir/C_/Users/ngadj/Documents/pico-sdk/lib/tinyusb/src/device/usbd.c.obj
 .rodata.__func__.1
                0x10008a20        0xf CMakeFiles/pico_sdvx.dir/C_/Users/ngadj/Documents/pico-sdk/lib/tinyusb/src/device/usbd.c.obj
 *fill*         0x10008a2f        0x1 
 .rodata.__func__.2
                0x10008a30       0x14 CMakeFiles/pico_sdvx.dir/C_/Users/ngadj/Documents/pico-sdk/lib/tinyusb/src/device/usbd.c.obj
 .rodata.__func__.3
                0x10008a44       0x10 CMakeFiles/pico_sdvx.dir/C_/Users/ngadj/Documents/pico-sdk/lib/tinyusb/src/device/usbd.c.obj
 .rodata.__func__.4
                0x10008a54       0x17 CMakeFiles/pico_sdvx.dir/C_/Users/ngadj/Documents/pico-sdk/lib/tinyusb/src/device/usbd.c.obj
 *fill*         0x10008a6b        0x1 
 .rodata.__func__.5
                0x10008a6c       0x13 CMakeFiles/pico_sdvx.dir/C_/Users/ngadj/Documents/pico-sdk/lib/tinyusb/src/device/usbd.c.obj
 *fill*         0x10008a7f        0x1 
 .rodata.__func__.6
                0x10008a80       0x18 CMakeFiles/pico_sdvx.dir/C_/Users/ngadj/Documents/pico-sdk/lib/tinyusb/src/device/usbd.c.obj
 .rodata.__func__.7
                0x10008a98       0x13 CMakeFiles/pico_sdvx.dir/C_/Users/ngadj/Documents/pico-sdk/lib/tinyusb/src/device/usbd.c.obj
 *fill*         0x10008aab        0x1 
 .rodata.__func__.8
                0x10008aac        0x9 CMakeFiles/pico_sdvx.dir/C_/Users/ngadj/Documents/pico-sdk/lib/tinyusb/src/device/usbd.c.obj
 *fill*         0x10008ab5        0x3 
 .rodata._usbd_driver
                0x10008ab8       0x1c CMakeFiles/pico_sdvx.dir/C_/Users/ngadj/Documents/pico-sdk/lib/tinyusb/src/device/usbd.c.obj
 .rodata.tud_control_xfer.str1.4
                0x10008ad4       0x17 CMakeFiles/pico_sdvx.dir/C_/Users/ngadj/Documents/pico-sdk/lib/tinyusb/src/device/usbd_control.c.obj
 .rodata.__func__.0
                0x10008ad4       0x15 CMakeFiles/pico_sdvx.dir/C_/Users/ngadj/Documents/pico-sdk/lib/tinyusb/src/device/usbd_control.c.obj
 *fill*         0x10008ae9        0x3 
 .rodata.__func__.1
                0x10008aec       0x11 CMakeFiles/pico_sdvx.dir/C_/Users/ngadj/Documents/pico-sdk/lib/tinyusb/src/device/usbd_control.c.obj
 *fill*         0x10008afd        0x3 
 .rodata.hidd_open.str1.4
                0x10008b00       0x11 CMakeFiles/pico_sdvx.dir/C_/Users/ngadj/Documents/pico-sdk/lib/tinyusb/src/class/hid/hid_device.c.obj
                                 0x29 (size before relaxing)
 *fill*         0x10008b11        0x3 
 .rodata.hidd_control_request
                0x10008b14       0x30 CMakeFiles/pico_sdvx.dir/C_/Users/ngadj/Documents/pico-sdk/lib/tinyusb/src/class/hid/hid_device.c.obj
 .rodata.__PRETTY_FUNCTION__.2
                0x10008b44        0xa CMakeFiles/pico_sdvx.dir/C_/Users/ngadj/Documents/pico-sdk/lib/tinyusb/src/class/hid/hid_device.c.obj
 *fill*         0x10008b4e        0x2 
 .rodata.__func__.0
                0x10008b50        0xd CMakeFiles/pico_sdvx.dir/C_/Users/ngadj/Documents/pico-sdk/lib/tinyusb/src/class/hid/hid_device.c.obj
 *fill*         0x10008b5d        0x3 
 .rodata.__func__.1
                0x10008b60       0x15 CMakeFiles/pico_sdvx.dir/C_/Users/ngadj/Documents/pico-sdk/lib/tinyusb/src/class/hid/hid_device.c.obj
 *fill*         0x10008b75        0x3 
 .rodata.__func__.3
                0x10008b78        0xa CMakeFiles/pico_sdvx.dir/C_/Users/ngadj/Documents/pico-sdk/lib/tinyusb/src/class/hid/hid_device.c.obj
 .rodata.tusb_init.str1.4
                0x10008b82       0x17 CMakeFiles/pico_sdvx.dir/C_/Users/ngadj/Documents/pico-sdk/lib/tinyusb/src/tusb.c.obj
 *fill*         0x10008b82        0x2 
 .rodata.__func__.0
                0x10008b84        0xa CMakeFiles/pico_sdvx.dir/C_/Users/ngadj/Documents/pico-sdk/lib/tinyusb/src/tusb.c.obj
 *fill*         0x10008b8e        0x2 
 .rodata._pio_can_add_program_at_offset.str1.4
                0x10008b90       0x96 CMakeFiles/pico_sdvx.dir/C_/Users/ngadj/Documents/pico-sdk/src/rp2_common/hardware_pio/pio.c.obj
                                0x109 (size before relaxing)
 *fill*         0x10008c26        0x2 
 .rodata._pio_find_offset_for_program.str1.4
                0x10008c28       0x28 CMakeFiles/pico_sdvx.dir/C_/Users/ngadj/Documents/pico-sdk/src/rp2_common/hardware_pio/pio.c.obj
 .rodata._pio_add_program_at_offset.str1.4
                0x10008c50       0x11 CMakeFiles/pico_sdvx.dir/C_/Users/ngadj/Documents/pico-sdk/src/rp2_common/hardware_pio/pio.c.obj
 *fill*         0x10008c61        0x3 
 .rodata.pio_sm_set_consecutive_pindirs.str1.4
                0x10008c64        0xa CMakeFiles/pico_sdvx.dir/C_/Users/ngadj/Documents/pico-sdk/src/rp2_common/hardware_pio/pio.c.obj
 *fill*         0x10008c6e        0x2 
 .rodata.__func__.1
                0x10008c70       0x1f CMakeFiles/pico_sdvx.dir/C_/Users/ngadj/Documents/pico-sdk/src/rp2_common/hardware_pio/pio.c.obj
 *fill*         0x10008c8f        0x1 
 .rodata.__func__.3
                0x10008c90       0x1f CMakeFiles/pico_sdvx.dir/C_/Users/ngadj/Documents/pico-sdk/src/rp2_common/hardware_pio/pio.c.obj
 *fill*         0x10008caf        0x1 
 .rodata.__func__.4
                0x10008cb0       0x1d CMakeFiles/pico_sdvx.dir/C_/Users/ngadj/Documents/pico-sdk/src/rp2_common/hardware_pio/pio.c.obj
 *fill*         0x10008ccd        0x3 
 .rodata.__func__.6
                0x10008cd0        0xe CMakeFiles/pico_sdvx.dir/C_/Users/ngadj/Documents/pico-sdk/src/rp2_common/hardware_pio/pio.c.obj
                0x10008ce0                . = ALIGN (0x4)
 *fill*         0x10008cde        0x2 
 *(SORT_BY_ALIGNMENT(SORT_BY_NAME(.flashdata*)))
                0x10008ce0                . = ALIGN (0x4)

.rel.dyn        0x10008ce0        0x0
 .rel.iplt      0x10008ce0        0x0 c:/progra~2/gnuarm~1/102020~1/bin/../lib/gcc/arm-none-eabi/10.2.1/thumb/v6-m/nofp/crtbegin.o

.ARM.extab
 *(.ARM.extab* .gnu.linkonce.armextab.*)
                0x10008ce0                __exidx_start = .

.ARM.exidx
 *(.ARM.exidx* .gnu.linkonce.armexidx.*)
                0x10008ce0                __exidx_end = .
                0x10008ce0                . = ALIGN (0x4)
                0x10008ce0                __binary_info_start = .

.binary_info    0x10008ce0       0x20
 *(.binary_info.keep.*)
 .binary_info.keep.__bi_ptr18
                0x10008ce0        0x4 CMakeFiles/pico_sdvx.dir/C_/Users/ngadj/Documents/pico-sdk/src/rp2_common/pico_standard_link/binary_info.c.obj
 .binary_info.keep.__bi_ptr26
                0x10008ce4        0x4 CMakeFiles/pico_sdvx.dir/C_/Users/ngadj/Documents/pico-sdk/src/rp2_common/pico_standard_link/binary_info.c.obj
 .binary_info.keep.__bi_ptr34
                0x10008ce8        0x4 CMakeFiles/pico_sdvx.dir/C_/Users/ngadj/Documents/pico-sdk/src/rp2_common/pico_standard_link/binary_info.c.obj
 .binary_info.keep.__bi_ptr40
                0x10008cec        0x4 CMakeFiles/pico_sdvx.dir/C_/Users/ngadj/Documents/pico-sdk/src/rp2_common/pico_standard_link/binary_info.c.obj
 .binary_info.keep.__bi_ptr46
                0x10008cf0        0x4 CMakeFiles/pico_sdvx.dir/C_/Users/ngadj/Documents/pico-sdk/src/rp2_common/pico_standard_link/binary_info.c.obj
 .binary_info.keep.__bi_ptr71
                0x10008cf4        0x4 CMakeFiles/pico_sdvx.dir/C_/Users/ngadj/Documents/pico-sdk/src/rp2_common/pico_standard_link/binary_info.c.obj
 *(.binary_info.*)
 .binary_info.__bi_ptr27
                0x10008cf8        0x4 CMakeFiles/pico_sdvx.dir/C_/Users/ngadj/Documents/pico-sdk/src/rp2_common/pico_stdio_uart/stdio_uart.c.obj
 .binary_info.__bi_ptr28
                0x10008cfc        0x4 CMakeFiles/pico_sdvx.dir/C_/Users/ngadj/Documents/pico-sdk/src/rp2_common/pico_stdio_uart/stdio_uart.c.obj
                0x10008d00                __binary_info_end = .
                0x10008d00                . = ALIGN (0x4)
                0x10008d00                __etext = .

.ram_vector_table
                0x20000000       0xc0
 *(.ram_vector_table)
 .ram_vector_table
                0x20000000       0xc0 CMakeFiles/pico_sdvx.dir/C_/Users/ngadj/Documents/pico-sdk/src/rp2_common/pico_runtime/runtime.c.obj
                0x20000000                ram_vector_table

.data           0x200000c0      0xb14 load address 0x10008d00
                0x200000c0                __data_start__ = .
 *(vtable)
 *(.time_critical*)
 .time_critical.mutex_enter_blocking
                0x200000c0       0x64 CMakeFiles/pico_sdvx.dir/C_/Users/ngadj/Documents/pico-sdk/src/common/pico_sync/mutex.c.obj
                0x200000c0                mutex_enter_blocking
 .time_critical.mutex_try_enter
                0x20000124       0x44 CMakeFiles/pico_sdvx.dir/C_/Users/ngadj/Documents/pico-sdk/src/common/pico_sync/mutex.c.obj
                0x20000124                mutex_try_enter
 .time_critical.mutex_enter_block_until
                0x20000168       0x78 CMakeFiles/pico_sdvx.dir/C_/Users/ngadj/Documents/pico-sdk/src/common/pico_sync/mutex.c.obj
                0x20000168                mutex_enter_block_until
 .time_critical.mutex_enter_timeout_ms
                0x200001e0       0x4a CMakeFiles/pico_sdvx.dir/C_/Users/ngadj/Documents/pico-sdk/src/common/pico_sync/mutex.c.obj
                0x200001e0                mutex_enter_timeout_ms
 *fill*         0x2000022a        0x2 
 .time_critical.mutex_exit
                0x2000022c       0x4c CMakeFiles/pico_sdvx.dir/C_/Users/ngadj/Documents/pico-sdk/src/common/pico_sync/mutex.c.obj
                0x2000022c                mutex_exit
 *(.text*)
 .text          0x20000278        0x4 c:/progra~2/gnuarm~1/102020~1/bin/../lib/gcc/arm-none-eabi/10.2.1/thumb/v6-m/nofp\libgcc.a(_dvmd_tls.o)
                0x20000278                __aeabi_idiv0
                0x20000278                __aeabi_ldiv0
 *fill*         0x2000027c        0x4 
 .text.__stub   0x20000280       0x40 linker stubs
                0x200002c0                . = ALIGN (0x4)
 *(.rodata*)
                0x200002c0                . = ALIGN (0x4)
 *(.data*)
 .data.string_desc_arr
                0x200002c0       0x10 CMakeFiles/pico_sdvx.dir/usb_descriptors.c.obj
                0x200002c0                string_desc_arr
 .data.striped_spin_lock_num
                0x200002d0        0x1 CMakeFiles/pico_sdvx.dir/C_/Users/ngadj/Documents/pico-sdk/src/rp2_common/hardware_sync/sync.c.obj
 *fill*         0x200002d1        0x3 
 .data          0x200002d4       0x48 CMakeFiles/pico_sdvx.dir/C_/Users/ngadj/Documents/pico-sdk/src/rp2_common/hardware_irq/irq_handler_chain.S.obj
                0x200002d4                irq_handler_chain_slots
                0x20000304                irq_handler_chain_first_slot
                0x2000030e                irq_handler_chain_remove_tail
 *fill*         0x2000031c        0x4 
 .data.aeabi_bits_funcs
                0x20000320       0x10 CMakeFiles/pico_sdvx.dir/C_/Users/ngadj/Documents/pico-sdk/src/rp2_common/pico_bit_ops/bit_ops_aeabi.S.obj
                0x20000320                aeabi_bits_funcs
                0x20000330                aeabi_bits_funcs_end
 .data.aeabi_mem_funcs
                0x20000330       0x10 CMakeFiles/pico_sdvx.dir/C_/Users/ngadj/Documents/pico-sdk/src/rp2_common/pico_mem_ops/mem_ops_aeabi.S.obj
                0x20000330                aeabi_mem_funcs
                0x20000340                aeabi_mem_funcs_end
 .data.stdio_uart
                0x20000340       0x14 CMakeFiles/pico_sdvx.dir/C_/Users/ngadj/Documents/pico-sdk/src/rp2_common/pico_stdio_uart/stdio_uart.c.obj
                0x20000340                stdio_uart
 .data.ep_dir_string
                0x20000354        0x8 CMakeFiles/pico_sdvx.dir/C_/Users/ngadj/Documents/pico-sdk/lib/tinyusb/src/portable/raspberrypi/rp2040/rp2040_usb.c.obj
                0x20000354                ep_dir_string
 .data._usbd_qdef
                0x2000035c       0x20 CMakeFiles/pico_sdvx.dir/C_/Users/ngadj/Documents/pico-sdk/lib/tinyusb/src/device/usbd.c.obj
                0x2000035c                _usbd_qdef
 .data._impure_ptr
                0x2000037c        0x4 c:/progra~2/gnuarm~1/102020~1/bin/../lib/gcc/arm-none-eabi/10.2.1/../../../../arm-none-eabi/lib/thumb/v6-m/nofp\libg.a(lib_a-impure.o)
                0x2000037c                _impure_ptr
 .data.impure_data
                0x20000380      0x428 c:/progra~2/gnuarm~1/102020~1/bin/../lib/gcc/arm-none-eabi/10.2.1/../../../../arm-none-eabi/lib/thumb/v6-m/nofp\libg.a(lib_a-impure.o)
 .data.__malloc_av_
                0x200007a8      0x408 c:/progra~2/gnuarm~1/102020~1/bin/../lib/gcc/arm-none-eabi/10.2.1/../../../../arm-none-eabi/lib/thumb/v6-m/nofp\libg.a(lib_a-mallocr.o)
                0x200007a8                __malloc_av_
 .data.__malloc_sbrk_base
                0x20000bb0        0x4 c:/progra~2/gnuarm~1/102020~1/bin/../lib/gcc/arm-none-eabi/10.2.1/../../../../arm-none-eabi/lib/thumb/v6-m/nofp\libg.a(lib_a-mallocr.o)
                0x20000bb0                __malloc_sbrk_base
 .data.__malloc_trim_threshold
                0x20000bb4        0x4 c:/progra~2/gnuarm~1/102020~1/bin/../lib/gcc/arm-none-eabi/10.2.1/../../../../arm-none-eabi/lib/thumb/v6-m/nofp\libg.a(lib_a-mallocr.o)
                0x20000bb4                __malloc_trim_threshold
                0x20000bb8                . = ALIGN (0x4)
 *(.after_data.*)
                0x20000bb8                . = ALIGN (0x4)
                0x20000bb8                PROVIDE (__mutex_array_start = .)
 *(SORT_BY_NAME(.mutex_array.*))
 *(.mutex_array)
 .mutex_array   0x20000bb8        0x8 CMakeFiles/pico_sdvx.dir/C_/Users/ngadj/Documents/pico-sdk/src/rp2_common/pico_stdio/stdio.c.obj
                0x20000bc0                PROVIDE (__mutex_array_end = .)
                0x20000bc0                . = ALIGN (0x4)