Archive member included to satisfy reference by file (symbol)

c:/progra~2/gnuarm~1/102020~1/bin/../lib/gcc/arm-none-eabi/10.2.1/thumb/v6-m/nofp\libgcc.a(_dvmd_tls.o)
                              CMakeFiles/pico_sdvx.dir/C_/Users/ngadj/Documents/pico-sdk/src/rp2_common/pico_divider/divider.S.obj (__aeabi_idiv0)
c:/progra~2/gnuarm~1/102020~1/bin/../lib/gcc/arm-none-eabi/10.2.1/../../../../arm-none-eabi/lib/thumb/v6-m/nofp\libg.a(lib_a-calloc.o)
                              CMakeFiles/pico_sdvx.dir/C_/Users/ngadj/Documents/pico-sdk/src/rp2_common/pico_malloc/pico_malloc.c.obj (calloc)
c:/progra~2/gnuarm~1/102020~1/bin/../lib/gcc/arm-none-eabi/10.2.1/../../../../arm-none-eabi/lib/thumb/v6-m/nofp\libg.a(lib_a-callocr.o)
                              c:/progra~2/gnuarm~1/102020~1/bin/../lib/gcc/arm-none-eabi/10.2.1/../../../../arm-none-eabi/lib/thumb/v6-m/nofp\libg.a(lib_a-calloc.o) (_calloc_r)
c:/progra~2/gnuarm~1/102020~1/bin/../lib/gcc/arm-none-eabi/10.2.1/../../../../arm-none-eabi/lib/thumb/v6-m/nofp\libg.a(lib_a-ctype_.o)
                              CMakeFiles/pico_sdvx.dir/C_/Users/ngadj/Documents/pico-sdk/lib/tinyusb/src/tusb.c.obj (_ctype_)
c:/progra~2/gnuarm~1/102020~1/bin/../lib/gcc/arm-none-eabi/10.2.1/../../../../arm-none-eabi/lib/thumb/v6-m/nofp\libg.a(lib_a-impure.o)
                              c:/progra~2/gnuarm~1/102020~1/bin/../lib/gcc/arm-none-eabi/10.2.1/../../../../arm-none-eabi/lib/thumb/v6-m/nofp\libg.a(lib_a-calloc.o) (_impure_ptr)
c:/progra~2/gnuarm~1/102020~1/bin/../lib/gcc/arm-none-eabi/10.2.1/../../../../arm-none-eabi/lib/thumb/v6-m/nofp\libg.a(lib_a-init.o)
                              c:/progra~2/gnuarm~1/102020~1/bin/../lib/gcc/arm-none-eabi/10.2.1/../../../../arm-none-eabi/lib/thumb/v6-m/nofp/crt0.o (__libc_init_array)
c:/progra~2/gnuarm~1/102020~1/bin/../lib/gcc/arm-none-eabi/10.2.1/../../../../arm-none-eabi/lib/thumb/v6-m/nofp\libg.a(lib_a-malloc.o)
                              CMakeFiles/pico_sdvx.dir/C_/Users/ngadj/Documents/pico-sdk/src/rp2_common/pico_malloc/pico_malloc.c.obj (malloc)
c:/progra~2/gnuarm~1/102020~1/bin/../lib/gcc/arm-none-eabi/10.2.1/../../../../arm-none-eabi/lib/thumb/v6-m/nofp\libg.a(lib_a-mallocr.o)
                              c:/progra~2/gnuarm~1/102020~1/bin/../lib/gcc/arm-none-eabi/10.2.1/../../../../arm-none-eabi/lib/thumb/v6-m/nofp\libg.a(lib_a-callocr.o) (_malloc_r)
c:/progra~2/gnuarm~1/102020~1/bin/../lib/gcc/arm-none-eabi/10.2.1/../../../../arm-none-eabi/lib/thumb/v6-m/nofp\libg.a(lib_a-mlock.o)
                              c:/progra~2/gnuarm~1/102020~1/bin/../lib/gcc/arm-none-eabi/10.2.1/../../../../arm-none-eabi/lib/thumb/v6-m/nofp\libg.a(lib_a-mallocr.o) (__malloc_lock)
c:/progra~2/gnuarm~1/102020~1/bin/../lib/gcc/arm-none-eabi/10.2.1/../../../../arm-none-eabi/lib/thumb/v6-m/nofp\libg.a(lib_a-sbrkr.o)
                              c:/progra~2/gnuarm~1/102020~1/bin/../lib/gcc/arm-none-eabi/10.2.1/../../../../arm-none-eabi/lib/thumb/v6-m/nofp\libg.a(lib_a-mallocr.o) (_sbrk_r)
c:/progra~2/gnuarm~1/102020~1/bin/../lib/gcc/arm-none-eabi/10.2.1/../../../../arm-none-eabi/lib/thumb/v6-m/nofp\libg.a(lib_a-strlen-stub.o)
                              CMakeFiles/pico_sdvx.dir/usb_descriptors.c.obj (strlen)
c:/progra~2/gnuarm~1/102020~1/bin/../lib/gcc/arm-none-eabi/10.2.1/../../../../arm-none-eabi/lib/thumb/v6-m/nofp\libg.a(lib_a-freer.o)
                              c:/progra~2/gnuarm~1/102020~1/bin/../lib/gcc/arm-none-eabi/10.2.1/../../../../arm-none-eabi/lib/thumb/v6-m/nofp\libg.a(lib_a-malloc.o) (_free_r)
c:/progra~2/gnuarm~1/102020~1/bin/../lib/gcc/arm-none-eabi/10.2.1/../../../../arm-none-eabi/lib/thumb/v6-m/nofp\libg.a(lib_a-lock.o)
                              c:/progra~2/gnuarm~1/102020~1/bin/../lib/gcc/arm-none-eabi/10.2.1/../../../../arm-none-eabi/lib/thumb/v6-m/nofp\libg.a(lib_a-mlock.o) (__retarget_lock_acquire_recursive)
c:/progra~2/gnuarm~1/102020~1/bin/../lib/gcc/arm-none-eabi/10.2.1/../../../../arm-none-eabi/lib/thumb/v6-m/nofp\libg.a(lib_a-reent.o)
                              c:/progra~2/gnuarm~1/102020~1/bin/../lib/gcc/arm-none-eabi/10.2.1/../../../../arm-none-eabi/lib/thumb/v6-m/nofp\libg.a(lib_a-sbrkr.o) (errno)

Discarded input sections

 .text          0x00000000        0x0 c:/progra~2/gnuarm~1/102020~1/bin/../lib/gcc/arm-none-eabi/10.2.1/thumb/v6-m/nofp/crti.o
 .data          0x00000000        0x0 c:/progra~2/gnuarm~1/102020~1/bin/../lib/gcc/arm-none-eabi/10.2.1/thumb/v6-m/nofp/crti.o
 .bss           0x00000000        0x0 c:/progra~2/gnuarm~1/102020~1/bin/../lib/gcc/arm-none-eabi/10.2.1/thumb/v6-m/nofp/crti.o
 .data          0x00000000        0x4 c:/progra~2/gnuarm~1/102020~1/bin/../lib/gcc/arm-none-eabi/10.2.1/thumb/v6-m/nofp/crtbegin.o
 .rodata        0x00000000       0x24 c:/progra~2/gnuarm~1/102020~1/bin/../lib/gcc/arm-none-eabi/10.2.1/thumb/v6-m/nofp/crtbegin.o
[...]
Memory Configuration

Name             Origin             Length             Attributes
FLASH            0x10000000         0x00200000         xr
RAM              0x20000000         0x00040000         xrw
SCRATCH_X        0x20040000         0x00001000         xrw
SCRATCH_Y        0x20041000         0x00001000         xrw
*default*        0x00000000         0xffffffff

Linker script and memory map

LOAD c:/progra~2/gnuarm~1/102020~1/bin/../lib/gcc/arm-none-eabi/10.2.1/thumb/v6-m/nofp/crti.o
LOAD c:/progra~2/gnuarm~1/102020~1/bin/../lib/gcc/arm-none-eabi/10.2.1/thumb/v6-m/nofp/crtbegin.o
LOAD c:/progra~2/gnuarm~1/102020~1/bin/../lib/gcc/arm-none-eabi/10.2.1/../../../../arm-none-eabi/lib/thumb/v6-m/nofp/crt0.o

.flash_begin    0x10000000        0x0
                0x10000000                __flash_binary_start = .

.boot2          0x10000000      0x100
                0x10000000                __boot2_start__ = .
 *(.boot2)
 .boot2         0x10000000      0x100 C:\Users\ngadj\AppData\Local\Temp\cccKfx6F.o
                0x10000100                __boot2_end__ = .
                0x00000001                ASSERT (((__boot2_end__ - __boot2_start__) == 0x100), ERROR: Pico second stage bootloader must be 256 bytes in size)

.text           0x10000100     0x72f0
                0x10000100                __logical_binary_start = .
 *(.vectors)
 .vectors       0x10000100       0xd4 CMakeFiles/pico_sdvx.dir/C_/Users/ngadj/Documents/pico-sdk/src/rp2_common/pico_standard_link/crt0.S.obj
                0x10000100                __vectors
                0x100001c0                isr_invalid
                0x100001c2                isr_nmi
                0x100001c4                isr_hardfault
                0x100001c6                isr_svcall
                0x100001c8                isr_pendsv
                0x100001ca                isr_systick
                0x100001cc                isr_irq11
                0x100001cc                isr_irq5
                0x100001cc                isr_irq23
                0x100001cc                isr_irq18
                0x100001cc                isr_irq31
                0x100001cc                isr_irq28
                0x100001cc                isr_irq19
                0x100001cc                isr_irq0
                0x100001cc                isr_irq6
                0x100001cc                isr_irq27
                0x100001cc                isr_irq12
                0x100001cc                isr_irq22
                0x100001cc                isr_irq13
                0x100001cc                isr_irq17
                0x100001cc                isr_irq14
                0x100001cc                isr_irq2
                0x100001cc                isr_irq10
                0x100001cc                isr_irq8
                0x100001cc                isr_irq24
                0x100001cc                isr_irq1
                0x100001cc                isr_irq7
                0x100001cc                isr_irq21
                0x100001cc                isr_irq20
                0x100001cc                isr_irq15
                0x100001cc                isr_irq25
                0x100001cc                __unhandled_user_irq
                0x100001cc                isr_irq4
                0x100001cc                isr_irq16
                0x100001cc                isr_irq29
                0x100001cc                isr_irq26
                0x100001cc                isr_irq3
                0x100001cc                isr_irq30
                0x100001cc                isr_irq9
                0x100001d2                unhandled_user_irq_num_in_r0
 *(.binary_info_header)
 .binary_info_header
                0x100001d4       0x14 CMakeFiles/pico_sdvx.dir/C_/Users/ngadj/Documents/pico-sdk/src/rp2_common/pico_standard_link/crt0.S.obj
                0x100001e8                __binary_info_header_end = .
 *(.reset)
 .reset         0x100001e8       0xa8 CMakeFiles/pico_sdvx.dir/C_/Users/ngadj/Documents/pico-sdk/src/rp2_common/pico_standard_link/crt0.S.obj
                0x100001e8                _entry_point
                0x10000266                __get_current_exception
 .reset         0x10000290       0x30 CMakeFiles/pico_sdvx.dir/C_/Users/ngadj/Documents/pico-sdk/src/rp2_common/pico_standard_link/binary_info.c.obj
 *(.init)
 .init          0x100002c0        0x4 c:/progra~2/gnuarm~1/102020~1/bin/../lib/gcc/arm-none-eabi/10.2.1/thumb/v6-m/nofp/crti.o
                0x100002c0                _init
 *(EXCLUDE_FILE(*libm.a: *libc.a:*lib_a-mem*.o *libgcc.a:) .text*)
 .text          0x100002c4       0x48 c:/progra~2/gnuarm~1/102020~1/bin/../lib/gcc/arm-none-eabi/10.2.1/thumb/v6-m/nofp/crtbegin.o
 .text.init     0x1000030c      0x27c CMakeFiles/pico_sdvx.dir/pico_sdvx.c.obj
                0x1000030c                init
 .text.key_mode
                0x10000588      0x170 CMakeFiles/pico_sdvx.dir/pico_sdvx.c.obj
                0x10000588                key_mode
 .text.main     0x100006f8       0x18 CMakeFiles/pico_sdvx.dir/pico_sdvx.c.obj
                0x100006f8                main
 .text.tud_hid_get_report_cb
                0x10000710        0x4 CMakeFiles/pico_sdvx.dir/pico_sdvx.c.obj
                0x10000710                tud_hid_get_report_cb
 .text.tud_hid_set_report_cb
                0x10000714        0x2 CMakeFiles/pico_sdvx.dir/pico_sdvx.c.obj
                0x10000714                tud_hid_set_report_cb
 *fill*         0x10000716        0x2 
 .text.tud_descriptor_device_cb
                0x10000718        0x8 CMakeFiles/pico_sdvx.dir/usb_descriptors.c.obj
                0x10000718                tud_descriptor_device_cb
 .text.tud_hid_descriptor_report_cb
                0x10000720        0x8 CMakeFiles/pico_sdvx.dir/usb_descriptors.c.obj
                0x10000720                tud_hid_descriptor_report_cb
 .text.tud_descriptor_configuration_cb
                0x10000728        0x8 CMakeFiles/pico_sdvx.dir/usb_descriptors.c.obj
                0x10000728                tud_descriptor_configuration_cb
 .text.tud_descriptor_string_cb
                0x10000730       0x60 CMakeFiles/pico_sdvx.dir/usb_descriptors.c.obj
                0x10000730                tud_descriptor_string_cb
 .text.setup_default_uart
                0x10000790        0x8 CMakeFiles/pico_sdvx.dir/C_/Users/ngadj/Documents/pico-sdk/src/rp2_common/pico_stdlib/stdlib.c.obj
                0x10000790                setup_default_uart
 .text.gpio_set_function
                0x10000798       0x30 CMakeFiles/pico_sdvx.dir/C_/Users/ngadj/Documents/pico-sdk/src/rp2_common/hardware_gpio/gpio.c.obj
                0x10000798                gpio_set_function
 .text.gpio_set_pulls
                0x100007c8       0x34 CMakeFiles/pico_sdvx.dir/C_/Users/ngadj/Documents/pico-sdk/src/rp2_common/hardware_gpio/gpio.c.obj
                0x100007c8                gpio_set_pulls
 .text.gpio_init
                0x100007fc       0x16 CMakeFiles/pico_sdvx.dir/C_/Users/ngadj/Documents/pico-sdk/src/rp2_common/hardware_gpio/gpio.c.obj
                0x100007fc                gpio_init
 *fill*         0x10000812        0x2 
 .text.hw_claim_lock
                0x10000814       0x18 CMakeFiles/pico_sdvx.dir/C_/Users/ngadj/Documents/pico-sdk/src/rp2_common/hardware_claim/claim.c.obj
                0x10000814                hw_claim_lock
 .text.hw_claim_unlock
                0x1000082c       0x14 CMakeFiles/pico_sdvx.dir/C_/Users/ngadj/Documents/pico-sdk/src/rp2_common/hardware_claim/claim.c.obj
                0x1000082c                hw_claim_unlock
 .text.hw_claim_or_assert
                0x10000840       0x34 CMakeFiles/pico_sdvx.dir/C_/Users/ngadj/Documents/pico-sdk/src/rp2_common/hardware_claim/claim.c.obj
                0x10000840                hw_claim_or_assert
 .text.hw_claim_unused_from_range
                0x10000874       0x56 CMakeFiles/pico_sdvx.dir/C_/Users/ngadj/Documents/pico-sdk/src/rp2_common/hardware_claim/claim.c.obj
                0x10000874                hw_claim_unused_from_range
 *fill*         0x100008ca        0x2 
 .text.spin_locks_reset
                0x100008cc       0x20 CMakeFiles/pico_sdvx.dir/C_/Users/ngadj/Documents/pico-sdk/src/rp2_common/hardware_sync/sync.c.obj
                0x100008cc                spin_locks_reset
 .text.next_striped_spin_lock_num
                0x100008ec       0x1c CMakeFiles/pico_sdvx.dir/C_/Users/ngadj/Documents/pico-sdk/src/rp2_common/hardware_sync/sync.c.obj
                0x100008ec                next_striped_spin_lock_num
 .text.spin_lock_claim_unused
                0x10000908       0x20 CMakeFiles/pico_sdvx.dir/C_/Users/ngadj/Documents/pico-sdk/src/rp2_common/hardware_sync/sync.c.obj
                0x10000908                spin_lock_claim_unused
 .text.running_on_fpga
                0x10000928       0x14 CMakeFiles/pico_sdvx.dir/C_/Users/ngadj/Documents/pico-sdk/src/rp2_common/pico_platform/platform.c.obj
                0x10000928                running_on_fpga
 .text.uart_set_baudrate
                0x1000093c       0x64 CMakeFiles/pico_sdvx.dir/C_/Users/ngadj/Documents/pico-sdk/src/rp2_common/hardware_uart/uart.c.obj
                0x1000093c                uart_set_baudrate
 .text.uart_set_translate_crlf
                0x100009a0       0x28 CMakeFiles/pico_sdvx.dir/C_/Users/ngadj/Documents/pico-sdk/src/rp2_common/hardware_uart/uart.c.obj
                0x100009a0                uart_set_translate_crlf
 .text.uart_init
                0x100009c8       0x80 CMakeFiles/pico_sdvx.dir/C_/Users/ngadj/Documents/pico-sdk/src/rp2_common/hardware_uart/uart.c.obj
                0x100009c8                uart_init
 .text.sev_callback
                0x10000a48        0x8 CMakeFiles/pico_sdvx.dir/C_/Users/ngadj/Documents/pico-sdk/src/common/pico_time/time.c.obj
 .text.timer_pool_entry_comparator
                0x10000a50       0x7c CMakeFiles/pico_sdvx.dir/C_/Users/ngadj/Documents/pico-sdk/src/common/pico_time/time.c.obj
                0x10000a50                timer_pool_entry_comparator
 .text.ph_add_child_node
                0x10000acc       0xa4 CMakeFiles/pico_sdvx.dir/C_/Users/ngadj/Documents/pico-sdk/src/common/pico_time/time.c.obj
 .text.ph_merge_nodes
                0x10000b70       0x3e CMakeFiles/pico_sdvx.dir/C_/Users/ngadj/Documents/pico-sdk/src/common/pico_time/time.c.obj
 *fill*         0x10000bae        0x2 
 .text.add_alarm_under_lock
                0x10000bb0      0x178 CMakeFiles/pico_sdvx.dir/C_/Users/ngadj/Documents/pico-sdk/src/common/pico_time/time.c.obj
 .text.alarm_pool_alarm_callback
                0x10000d28      0x2e4 CMakeFiles/pico_sdvx.dir/C_/Users/ngadj/Documents/pico-sdk/src/common/pico_time/time.c.obj
 .text.alarm_pool_get_default
                0x1000100c       0x28 CMakeFiles/pico_sdvx.dir/C_/Users/ngadj/Documents/pico-sdk/src/common/pico_time/time.c.obj
                0x1000100c                alarm_pool_get_default
 .text.alarm_pool_create
                0x10001034       0x6c CMakeFiles/pico_sdvx.dir/C_/Users/ngadj/Documents/pico-sdk/src/common/pico_time/time.c.obj
                0x10001034                alarm_pool_create
 .text.alarm_pool_init_default
                0x100010a0       0x20 CMakeFiles/pico_sdvx.dir/C_/Users/ngadj/Documents/pico-sdk/src/common/pico_time/time.c.obj
                0x100010a0                alarm_pool_init_default
 .text.alarm_pool_add_alarm_at
                0x100010c0      0x128 CMakeFiles/pico_sdvx.dir/C_/Users/ngadj/Documents/pico-sdk/src/common/pico_time/time.c.obj
                0x100010c0                alarm_pool_add_alarm_at
 .text.alarm_pool_cancel_alarm
                0x100011e8       0xec CMakeFiles/pico_sdvx.dir/C_/Users/ngadj/Documents/pico-sdk/src/common/pico_time/time.c.obj
                0x100011e8                alarm_pool_cancel_alarm
 .text.best_effort_wfe_or_timeout
                0x100012d4       0x80 CMakeFiles/pico_sdvx.dir/C_/Users/ngadj/Documents/pico-sdk/src/common/pico_time/time.c.obj
                0x100012d4                best_effort_wfe_or_timeout
 .text.hardware_alarm_irq_handler
                0x10001354       0x8c CMakeFiles/pico_sdvx.dir/C_/Users/ngadj/Documents/pico-sdk/src/rp2_common/hardware_timer/timer.c.obj
 .text.hardware_alarm_claim
                0x100013e0       0x18 CMakeFiles/pico_sdvx.dir/C_/Users/ngadj/Documents/pico-sdk/src/rp2_common/hardware_timer/timer.c.obj
                0x100013e0                hardware_alarm_claim
 .text.time_us_64
                0x100013f8       0x18 CMakeFiles/pico_sdvx.dir/C_/Users/ngadj/Documents/pico-sdk/src/rp2_common/hardware_timer/timer.c.obj
                0x100013f8                time_us_64
 .text.hardware_alarm_set_callback
                0x10001410       0x90 CMakeFiles/pico_sdvx.dir/C_/Users/ngadj/Documents/pico-sdk/src/rp2_common/hardware_timer/timer.c.obj
                0x10001410                hardware_alarm_set_callback
 .text.hardware_alarm_set_target
                0x100014a0       0xd0 CMakeFiles/pico_sdvx.dir/C_/Users/ngadj/Documents/pico-sdk/src/rp2_common/hardware_timer/timer.c.obj
                0x100014a0                hardware_alarm_set_target
 .text.hardware_alarm_cancel
                0x10001570       0x40 CMakeFiles/pico_sdvx.dir/C_/Users/ngadj/Documents/pico-sdk/src/rp2_common/hardware_timer/timer.c.obj
                0x10001570                hardware_alarm_cancel
 .text.lock_init
                0x100015b0       0x30 CMakeFiles/pico_sdvx.dir/C_/Users/ngadj/Documents/pico-sdk/src/common/pico_sync/lock_core.c.obj
                0x100015b0                lock_init
 .text.mutex_init
                0x100015e0       0x1a CMakeFiles/pico_sdvx.dir/C_/Users/ngadj/Documents/pico-sdk/src/common/pico_sync/mutex.c.obj
                0x100015e0                mutex_init
 .text.critical_section_init_with_lock_num
                0x100015fa        0xc CMakeFiles/pico_sdvx.dir/C_/Users/ngadj/Documents/pico-sdk/src/common/pico_sync/critical_section.c.obj
                0x100015fa                critical_section_init_with_lock_num
 .text.critical_section_init
                0x10001606       0x14 CMakeFiles/pico_sdvx.dir/C_/Users/ngadj/Documents/pico-sdk/src/common/pico_sync/critical_section.c.obj
                0x10001606                critical_section_init
 *fill*         0x1000161a        0x2 
 .text.ph_add_child_node
                0x1000161c       0xa4 CMakeFiles/pico_sdvx.dir/C_/Users/ngadj/Documents/pico-sdk/src/common/pico_util/pheap.c.obj
 .text.ph_merge_nodes
                0x100016c0       0x3e CMakeFiles/pico_sdvx.dir/C_/Users/ngadj/Documents/pico-sdk/src/common/pico_util/pheap.c.obj
 *fill*         0x100016fe        0x2 
 .text.ph_clear
                0x10001700       0x74 CMakeFiles/pico_sdvx.dir/C_/Users/ngadj/Documents/pico-sdk/src/common/pico_util/pheap.c.obj
                0x10001700                ph_clear
 .text.ph_create
                0x10001774       0x2c CMakeFiles/pico_sdvx.dir/C_/Users/ngadj/Documents/pico-sdk/src/common/pico_util/pheap.c.obj
                0x10001774                ph_create
 .text.ph_merge_two_pass
                0x100017a0       0xa8 CMakeFiles/pico_sdvx.dir/C_/Users/ngadj/Documents/pico-sdk/src/common/pico_util/pheap.c.obj
                0x100017a0                ph_merge_two_pass
 .text.ph_remove_any_head
                0x10001848      0x108 CMakeFiles/pico_sdvx.dir/C_/Users/ngadj/Documents/pico-sdk/src/common/pico_util/pheap.c.obj
 .text.ph_remove_head_reserve
                0x10001950       0x14 CMakeFiles/pico_sdvx.dir/C_/Users/ngadj/Documents/pico-sdk/src/common/pico_util/pheap.c.obj
                0x10001950                ph_remove_head_reserve
 .text.ph_delete
                0x10001964       0xf8 CMakeFiles/pico_sdvx.dir/C_/Users/ngadj/Documents/pico-sdk/src/common/pico_util/pheap.c.obj
                0x10001964                ph_delete
 .text.runtime_init
                0x10001a5c       0xcc CMakeFiles/pico_sdvx.dir/C_/Users/ngadj/Documents/pico-sdk/src/rp2_common/pico_runtime/runtime.c.obj
                0x10001a5c                runtime_init
 .text._exit    0x10001b28        0x4 CMakeFiles/pico_sdvx.dir/C_/Users/ngadj/Documents/pico-sdk/src/rp2_common/pico_runtime/runtime.c.obj
                0x10001b28                _exit
 .text._sbrk    0x10001b2c       0x38 CMakeFiles/pico_sdvx.dir/C_/Users/ngadj/Documents/pico-sdk/src/rp2_common/pico_runtime/runtime.c.obj
                0x10001b2c                _sbrk
 .text.exit     0x10001b64        0x6 CMakeFiles/pico_sdvx.dir/C_/Users/ngadj/Documents/pico-sdk/src/rp2_common/pico_runtime/runtime.c.obj
                0x10001b64                exit
 *fill*         0x10001b6a        0x2 
 .text.__assert_func
                0x10001b6c       0x3c CMakeFiles/pico_sdvx.dir/C_/Users/ngadj/Documents/pico-sdk/src/rp2_common/pico_runtime/runtime.c.obj
                0x10001b6c                __assert_func
 .text.panic    0x10001ba8       0x30 CMakeFiles/pico_sdvx.dir/C_/Users/ngadj/Documents/pico-sdk/src/rp2_common/pico_runtime/runtime.c.obj
                0x10001ba8                panic
 .text.clock_configure
                0x10001bd8       0xe8 CMakeFiles/pico_sdvx.dir/C_/Users/ngadj/Documents/pico-sdk/src/rp2_common/hardware_clocks/clocks.c.obj
                0x10001bd8                clock_configure
 .text.clocks_init
                0x10001cc0      0x124 CMakeFiles/pico_sdvx.dir/C_/Users/ngadj/Documents/pico-sdk/src/rp2_common/hardware_clocks/clocks.c.obj
                0x10001cc0                clocks_init
 .text.clock_get_hz
                0x10001de4        0xc CMakeFiles/pico_sdvx.dir/C_/Users/ngadj/Documents/pico-sdk/src/rp2_common/hardware_clocks/clocks.c.obj
                0x10001de4                clock_get_hz
 .text.watchdog_start_tick
                0x10001df0       0x10 CMakeFiles/pico_sdvx.dir/C_/Users/ngadj/Documents/pico-sdk/src/rp2_common/hardware_watchdog/watchdog.c.obj
                0x10001df0                watchdog_start_tick
 .text.xosc_init
                0x10001e00       0x28 CMakeFiles/pico_sdvx.dir/C_/Users/ngadj/Documents/pico-sdk/src/rp2_common/hardware_xosc/xosc.c.obj
                0x10001e00                xosc_init
 .text.pll_init
                0x10001e28       0xd4 CMakeFiles/pico_sdvx.dir/C_/Users/ngadj/Documents/pico-sdk/src/rp2_common/hardware_pll/pll.c.obj
                0x10001e28                pll_init
 .text.set_raw_irq_handler_and_unlock
                0x10001efc       0x28 CMakeFiles/pico_sdvx.dir/C_/Users/ngadj/Documents/pico-sdk/src/rp2_common/hardware_irq/irq.c.obj
 .text.make_branch
                0x10001f24       0x34 CMakeFiles/pico_sdvx.dir/C_/Users/ngadj/Documents/pico-sdk/src/rp2_common/hardware_irq/irq.c.obj
 .text.insert_branch_and_link
                0x10001f58       0x40 CMakeFiles/pico_sdvx.dir/C_/Users/ngadj/Documents/pico-sdk/src/rp2_common/hardware_irq/irq.c.obj
 .text.irq_is_enabled
                0x10001f98       0x18 CMakeFiles/pico_sdvx.dir/C_/Users/ngadj/Documents/pico-sdk/src/rp2_common/hardware_irq/irq.c.obj
                0x10001f98                irq_is_enabled
 .text.irq_set_mask_enabled
                0x10001fb0       0x20 CMakeFiles/pico_sdvx.dir/C_/Users/ngadj/Documents/pico-sdk/src/rp2_common/hardware_irq/irq.c.obj
                0x10001fb0                irq_set_mask_enabled
 .text.irq_set_enabled
                0x10001fd0        0xe CMakeFiles/pico_sdvx.dir/C_/Users/ngadj/Documents/pico-sdk/src/rp2_common/hardware_irq/irq.c.obj
                0x10001fd0                irq_set_enabled
 *fill*         0x10001fde        0x2 
 .text.irq_get_vtable_handler
                0x10001fe0       0x10 CMakeFiles/pico_sdvx.dir/C_/Users/ngadj/Documents/pico-sdk/src/rp2_common/hardware_irq/irq.c.obj
                0x10001fe0                irq_get_vtable_handler
 .text.irq_set_exclusive_handler
                0x10001ff0       0x54 CMakeFiles/pico_sdvx.dir/C_/Users/ngadj/Documents/pico-sdk/src/rp2_common/hardware_irq/irq.c.obj
                0x10001ff0                irq_set_exclusive_handler
 .text.irq_remove_handler
                0x10002044      0x1b4 CMakeFiles/pico_sdvx.dir/C_/Users/ngadj/Documents/pico-sdk/src/rp2_common/hardware_irq/irq.c.obj
                0x10002044                irq_remove_handler
 .text.irq_set_priority
                0x100021f8       0x28 CMakeFiles/pico_sdvx.dir/C_/Users/ngadj/Documents/pico-sdk/src/rp2_common/hardware_irq/irq.c.obj
                0x100021f8                irq_set_priority
 .text.irq_add_tail_to_free_list
                0x10002220       0xf8 CMakeFiles/pico_sdvx.dir/C_/Users/ngadj/Documents/pico-sdk/src/rp2_common/hardware_irq/irq.c.obj
                0x10002220                irq_add_tail_to_free_list
 .text.irq_init_priorities
                0x10002318       0x16 CMakeFiles/pico_sdvx.dir/C_/Users/ngadj/Documents/pico-sdk/src/rp2_common/hardware_irq/irq.c.obj
                0x10002318                irq_init_priorities
 .text._out_null
                0x1000232e        0x2 CMakeFiles/pico_sdvx.dir/C_/Users/ngadj/Documents/pico-sdk/src/rp2_common/pico_printf/printf.c.obj
 .text._out_fct
                0x10002330        0xe CMakeFiles/pico_sdvx.dir/C_/Users/ngadj/Documents/pico-sdk/src/rp2_common/pico_printf/printf.c.obj
 .text._atoi    0x1000233e       0x24 CMakeFiles/pico_sdvx.dir/C_/Users/ngadj/Documents/pico-sdk/src/rp2_common/pico_printf/printf.c.obj
 .text._out_rev
                0x10002362       0xae CMakeFiles/pico_sdvx.dir/C_/Users/ngadj/Documents/pico-sdk/src/rp2_common/pico_printf/printf.c.obj
 .text._ntoa_format
                0x10002410      0x112 CMakeFiles/pico_sdvx.dir/C_/Users/ngadj/Documents/pico-sdk/src/rp2_common/pico_printf/printf.c.obj
 .text._ntoa_long
                0x10002522       0xbc CMakeFiles/pico_sdvx.dir/C_/Users/ngadj/Documents/pico-sdk/src/rp2_common/pico_printf/printf.c.obj
 .text._ntoa_long_long
                0x100025de       0xe2 CMakeFiles/pico_sdvx.dir/C_/Users/ngadj/Documents/pico-sdk/src/rp2_common/pico_printf/printf.c.obj
 .text._etoa    0x100026c0      0x404 CMakeFiles/pico_sdvx.dir/C_/Users/ngadj/Documents/pico-sdk/src/rp2_common/pico_printf/printf.c.obj
 .text._ftoa    0x10002ac4      0x354 CMakeFiles/pico_sdvx.dir/C_/Users/ngadj/Documents/pico-sdk/src/rp2_common/pico_printf/printf.c.obj
 .text._vsnprintf
                0x10002e18      0x624 CMakeFiles/pico_sdvx.dir/C_/Users/ngadj/Documents/pico-sdk/src/rp2_common/pico_printf/printf.c.obj
 .text.vfctprintf
                0x1000343c       0x20 CMakeFiles/pico_sdvx.dir/C_/Users/ngadj/Documents/pico-sdk/src/rp2_common/pico_printf/printf.c.obj
                0x1000343c                vfctprintf
 .text          0x1000345c       0x10 CMakeFiles/pico_sdvx.dir/C_/Users/ngadj/Documents/pico-sdk/src/rp2_common/pico_bit_ops/bit_ops_aeabi.S.obj
 .text.rom_func_lookup
                0x1000346c       0x10 CMakeFiles/pico_sdvx.dir/C_/Users/ngadj/Documents/pico-sdk/src/rp2_common/pico_bootrom/bootrom.c.obj
                0x1000346c                rom_func_lookup
 .text.rom_data_lookup
                0x1000347c       0x10 CMakeFiles/pico_sdvx.dir/C_/Users/ngadj/Documents/pico-sdk/src/rp2_common/pico_bootrom/bootrom.c.obj
                0x1000347c                rom_data_lookup
 .text.rom_funcs_lookup
                0x1000348c       0x36 CMakeFiles/pico_sdvx.dir/C_/Users/ngadj/Documents/pico-sdk/src/rp2_common/pico_bootrom/bootrom.c.obj
                0x1000348c                rom_funcs_lookup
 *fill*         0x100034c2        0x2 
 .text.__wrap___aeabi_idiv
                0x100034c4       0x58 CMakeFiles/pico_sdvx.dir/C_/Users/ngadj/Documents/pico-sdk/src/rp2_common/pico_divider/divider.S.obj
                0x100034c4                __wrap___aeabi_idivmod
                0x100034c4                divmod_s32s32
                0x100034c4                div_s32s32
                0x100034c4                __wrap___aeabi_idiv
                0x100034cc                divmod_s32s32_unsafe
                0x100034f8                divmod_s32s32_savestate
 .text.__wrap___aeabi_uidiv
                0x1000351c       0x54 CMakeFiles/pico_sdvx.dir/C_/Users/ngadj/Documents/pico-sdk/src/rp2_common/pico_divider/divider.S.obj
                0x1000351c                __wrap___aeabi_uidiv
                0x1000351c                __wrap___aeabi_uidivmod
                0x1000351c                div_u32u32
                0x1000351c                divmod_u32u32
                0x10003524                divmod_u32u32_unsafe
                0x1000354c                divmod_u32u32_savestate
 .text.__wrap___aeabi_ldiv
                0x10003570      0x430 CMakeFiles/pico_sdvx.dir/C_/Users/ngadj/Documents/pico-sdk/src/rp2_common/pico_divider/divider.S.obj
                0x10003570                div_s64s64
                0x10003570                divmod_s64s64
                0x10003570                __wrap___aeabi_ldivmod
                0x100035a8                divmod_u64u64
                0x100035a8                div_u64u64
                0x100035a8                __wrap___aeabi_uldivmod
                0x100035b8                divmod_u64u64_savestate
                0x100035e0                divmod_s64s64_unsafe
                0x10003668                divmod_u64u64_unsafe
 .text.__wrap___aeabi_darithmetic
                0x100039a0       0x54 CMakeFiles/pico_sdvx.dir/C_/Users/ngadj/Documents/pico-sdk/src/rp2_common/pico_double/double_aeabi.S.obj
                0x100039a0                __wrap___aeabi_drsub
                0x100039a6                __wrap___aeabi_dsub
                0x100039b8                __wrap___aeabi_dadd
                0x100039ca                __wrap___aeabi_ddiv
                0x100039dc                __wrap___aeabi_dmul
 .text.__wrap___aeabi_cdcmple
                0x100039f4       0x6c CMakeFiles/pico_sdvx.dir/C_/Users/ngadj/Documents/pico-sdk/src/rp2_common/pico_double/double_aeabi.S.obj
                0x100039f4                __wrap___aeabi_cdrcmple
                0x10003a04                __wrap___aeabi_cdcmpeq
                0x10003a04                __wrap___aeabi_cdcmple
 .text.__wrap___aeabi_dcmplt
                0x10003a60        0xc CMakeFiles/pico_sdvx.dir/C_/Users/ngadj/Documents/pico-sdk/src/rp2_common/pico_double/double_aeabi.S.obj
                0x10003a60                __wrap___aeabi_dcmplt
 .text.__wrap___aeabi_dcmple
                0x10003a6c       0x10 CMakeFiles/pico_sdvx.dir/C_/Users/ngadj/Documents/pico-sdk/src/rp2_common/pico_double/double_aeabi.S.obj
                0x10003a6c                __wrap___aeabi_dcmple
 .text.__wrap___aeabi_dcmpge
                0x10003a7c       0x10 CMakeFiles/pico_sdvx.dir/C_/Users/ngadj/Documents/pico-sdk/src/rp2_common/pico_double/double_aeabi.S.obj
                0x10003a7c                __wrap___aeabi_dcmpge
 .text.__wrap___aeabi_dcmpgt
                0x10003a8c        0xa CMakeFiles/pico_sdvx.dir/C_/Users/ngadj/Documents/pico-sdk/src/rp2_common/pico_double/double_aeabi.S.obj
                0x10003a8c                __wrap___aeabi_dcmpgt
 .text.__wrap___aeabi_dcmpun
                0x10003a96       0x1c CMakeFiles/pico_sdvx.dir/C_/Users/ngadj/Documents/pico-sdk/src/rp2_common/pico_double/double_aeabi.S.obj
                0x10003a96                __wrap___aeabi_dcmpun
 *fill*         0x10003ab2        0x2 
 .text.__wrap___aeabi_i2d
                0x10003ab4       0x38 CMakeFiles/pico_sdvx.dir/C_/Users/ngadj/Documents/pico-sdk/src/rp2_common/pico_double/double_aeabi.S.obj
                0x10003ab4                __wrap___aeabi_ui2d
                0x10003abc                __wrap___aeabi_i2d
 .text.__wrap___aeabi_d2iz
                0x10003aec       0x48 CMakeFiles/pico_sdvx.dir/C_/Users/ngadj/Documents/pico-sdk/src/rp2_common/pico_double/double_aeabi.S.obj
                0x10003aec                double2int_z
                0x10003aec                __wrap___aeabi_d2iz
 .text.__wrap___aeabi_d2uiz
                0x10003b34       0x18 CMakeFiles/pico_sdvx.dir/C_/Users/ngadj/Documents/pico-sdk/src/rp2_common/pico_double/double_aeabi.S.obj
                0x10003b34                __wrap___aeabi_d2uiz
                0x10003b34                double2uint
 .text.__aeabi_double_init
                0x10003b4c       0xb8 CMakeFiles/pico_sdvx.dir/C_/Users/ngadj/Documents/pico-sdk/src/rp2_common/pico_double/double_init_rom.c.obj
                0x10003b4c                __aeabi_double_init
 .text.double_table_shim_on_use_helper
                0x10003c04       0x34 CMakeFiles/pico_sdvx.dir/C_/Users/ngadj/Documents/pico-sdk/src/rp2_common/pico_double/double_v1_rom_shim.S.obj
                0x10003c04                double_table_shim_on_use_helper
 .text.__wrap___aeabi_dsub
                0x10003c38       0x10 CMakeFiles/pico_sdvx.dir/C_/Users/ngadj/Documents/pico-sdk/src/rp2_common/pico_double/double_v1_rom_shim.S.obj
                0x10003c38                drsub_shim
                0x10003c3e                dsub_shim
 .text.dadd_shim
                0x10003c48      0x15c CMakeFiles/pico_sdvx.dir/C_/Users/ngadj/Documents/pico-sdk/src/rp2_common/pico_double/double_v1_rom_shim.S.obj
                0x10003c48                dadd_shim
 .text.dmul_shim
                0x10003da4      0x15c CMakeFiles/pico_sdvx.dir/C_/Users/ngadj/Documents/pico-sdk/src/rp2_common/pico_double/double_v1_rom_shim.S.obj
                0x10003da4                dmul_shim
 .text.ddiv_shim
                0x10003f00      0x1b0 CMakeFiles/pico_sdvx.dir/C_/Users/ngadj/Documents/pico-sdk/src/rp2_common/pico_double/double_v1_rom_shim.S.obj
                0x10003f00                ddiv_shim
 .text.dcordic_rot_step
                0x100040b0       0x7c CMakeFiles/pico_sdvx.dir/C_/Users/ngadj/Documents/pico-sdk/src/rp2_common/pico_double/double_v1_rom_shim.S.obj
                0x100040b0                dcordic_rot_step
 .text.double2uint_shim
                0x1000412c        0xe CMakeFiles/pico_sdvx.dir/C_/Users/ngadj/Documents/pico-sdk/src/rp2_common/pico_double/double_v1_rom_shim.S.obj
                0x1000412c                double2uint_shim
                0x1000412e                double2ufix_shim
 *fill*         0x1000413a        0x2 
 .text.double2uint64_shim
                0x1000413c       0x6c CMakeFiles/pico_sdvx.dir/C_/Users/ngadj/Documents/pico-sdk/src/rp2_common/pico_double/double_v1_rom_shim.S.obj
                0x1000413c                double2uint64_shim
                0x1000413e                double2ufix64_shim
                0x10004158                d2fix_a
 .text.dunpacks
                0x100041a8       0x3c CMakeFiles/pico_sdvx.dir/C_/Users/ngadj/Documents/pico-sdk/src/rp2_common/pico_double/double_v1_rom_shim.S.obj
                0x100041a8                dunpacks
 .text.__aeabi_lmul
                0x100041e4       0x32 CMakeFiles/pico_sdvx.dir/C_/Users/ngadj/Documents/pico-sdk/src/rp2_common/pico_int64_ops/pico_int64_ops_aeabi.S.obj
                0x100041e4                __wrap___aeabi_lmul
 *fill*         0x10004216        0x2 
 .text.__aeabi_float_init
                0x10004218       0xfc CMakeFiles/pico_sdvx.dir/C_/Users/ngadj/Documents/pico-sdk/src/rp2_common/pico_float/float_init_rom.c.obj
                0x10004218                __aeabi_float_init
 .text.float_table_shim_on_use_helper
                0x10004314       0x34 CMakeFiles/pico_sdvx.dir/C_/Users/ngadj/Documents/pico-sdk/src/rp2_common/pico_float/float_v1_rom_shim.S.obj
                0x10004314                float_table_shim_on_use_helper
 .text.__wrap_malloc
                0x10004348        0x8 CMakeFiles/pico_sdvx.dir/C_/Users/ngadj/Documents/pico-sdk/src/rp2_common/pico_malloc/pico_malloc.c.obj
                0x10004348                __wrap_malloc
 .text.__wrap_calloc
                0x10004350        0x8 CMakeFiles/pico_sdvx.dir/C_/Users/ngadj/Documents/pico-sdk/src/rp2_common/pico_malloc/pico_malloc.c.obj
                0x10004350                __wrap_calloc
 .text          0x10004358       0x10 CMakeFiles/pico_sdvx.dir/C_/Users/ngadj/Documents/pico-sdk/src/rp2_common/pico_mem_ops/mem_ops_aeabi.S.obj
                0x10004358                __aeabi_mem_init
 .text.memset   0x10004368        0xc CMakeFiles/pico_sdvx.dir/C_/Users/ngadj/Documents/pico-sdk/src/rp2_common/pico_mem_ops/mem_ops_aeabi.S.obj
                0x10004368                __wrap_memset
 .text.memcpy   0x10004374        0xc CMakeFiles/pico_sdvx.dir/C_/Users/ngadj/Documents/pico-sdk/src/rp2_common/pico_mem_ops/mem_ops_aeabi.S.obj
                0x10004374                __wrap_memcpy
                0x10004374                __wrap___aeabi_memcpy
 .text.stdio_out_chars_crlf
                0x10004380       0x80 CMakeFiles/pico_sdvx.dir/C_/Users/ngadj/Documents/pico-sdk/src/rp2_common/pico_stdio/stdio.c.obj
 .text.stdio_stack_buffer_flush
                0x10004400       0x44 CMakeFiles/pico_sdvx.dir/C_/Users/ngadj/Documents/pico-sdk/src/rp2_common/pico_stdio/stdio.c.obj
 .text.stdio_buffered_printer
                0x10004444       0x20 CMakeFiles/pico_sdvx.dir/C_/Users/ngadj/Documents/pico-sdk/src/rp2_common/pico_stdio/stdio.c.obj
 .text.stdout_serialize_begin
                0x10004464       0x2c CMakeFiles/pico_sdvx.dir/C_/Users/ngadj/Documents/pico-sdk/src/rp2_common/pico_stdio/stdio.c.obj
                0x10004464                stdout_serialize_begin
 .text.stdout_serialize_end
                0x10004490       0x10 CMakeFiles/pico_sdvx.dir/C_/Users/ngadj/Documents/pico-sdk/src/rp2_common/pico_stdio/stdio.c.obj
                0x10004490                stdout_serialize_end
 .text.stdio_put_string
                0x100044a0       0x84 CMakeFiles/pico_sdvx.dir/C_/Users/ngadj/Documents/pico-sdk/src/rp2_common/pico_stdio/stdio.c.obj
 .text.stdio_set_driver_enabled
                0x10004524       0x38 CMakeFiles/pico_sdvx.dir/C_/Users/ngadj/Documents/pico-sdk/src/rp2_common/pico_stdio/stdio.c.obj
                0x10004524                stdio_set_driver_enabled
 .text.stdio_flush
                0x1000455c       0x20 CMakeFiles/pico_sdvx.dir/C_/Users/ngadj/Documents/pico-sdk/src/rp2_common/pico_stdio/stdio.c.obj
                0x1000455c                stdio_flush
 .text.__wrap_puts
                0x1000457c       0x1c CMakeFiles/pico_sdvx.dir/C_/Users/ngadj/Documents/pico-sdk/src/rp2_common/pico_stdio/stdio.c.obj
                0x1000457c                __wrap_puts
 .text.__wrap_vprintf
                0x10004598       0x44 CMakeFiles/pico_sdvx.dir/C_/Users/ngadj/Documents/pico-sdk/src/rp2_common/pico_stdio/stdio.c.obj
                0x10004598                __wrap_vprintf
 .text.__wrap_printf
                0x100045dc       0x18 CMakeFiles/pico_sdvx.dir/C_/Users/ngadj/Documents/pico-sdk/src/rp2_common/pico_stdio/stdio.c.obj
                0x100045dc                __wrap_printf
 .text.stdio_uart_out_chars
                0x100045f4       0x6c CMakeFiles/pico_sdvx.dir/C_/Users/ngadj/Documents/pico-sdk/src/rp2_common/pico_stdio_uart/stdio_uart.c.obj
 .text.stdio_uart_in_chars
                0x10004660       0x58 CMakeFiles/pico_sdvx.dir/C_/Users/ngadj/Documents/pico-sdk/src/rp2_common/pico_stdio_uart/stdio_uart.c.obj
                0x10004660                stdio_uart_in_chars
 .text.stdio_uart_init_full
                0x100046b8       0x3c CMakeFiles/pico_sdvx.dir/C_/Users/ngadj/Documents/pico-sdk/src/rp2_common/pico_stdio_uart/stdio_uart.c.obj
                0x100046b8                stdio_uart_init_full
 .text.stdio_uart_init
                0x100046f4       0x28 CMakeFiles/pico_sdvx.dir/C_/Users/ngadj/Documents/pico-sdk/src/rp2_common/pico_stdio_uart/stdio_uart.c.obj
                0x100046f4                stdio_uart_init
 .text.hw_endpoint_get_by_addr
                0x1000471c       0x1c CMakeFiles/pico_sdvx.dir/C_/Users/ngadj/Documents/pico-sdk/lib/tinyusb/src/portable/raspberrypi/rp2040/dcd_rp2040.c.obj
 .text.reset_ep0
                0x10004738       0x2c CMakeFiles/pico_sdvx.dir/C_/Users/ngadj/Documents/pico-sdk/lib/tinyusb/src/portable/raspberrypi/rp2040/dcd_rp2040.c.obj
 .text._hw_endpoint_alloc
                0x10004764       0x7c CMakeFiles/pico_sdvx.dir/C_/Users/ngadj/Documents/pico-sdk/lib/tinyusb/src/portable/raspberrypi/rp2040/dcd_rp2040.c.obj
 .text._hw_endpoint_init
                0x100047e0       0xbc CMakeFiles/pico_sdvx.dir/C_/Users/ngadj/Documents/pico-sdk/lib/tinyusb/src/portable/raspberrypi/rp2040/dcd_rp2040.c.obj
 .text.hw_endpoint_init
                0x1000489c       0x18 CMakeFiles/pico_sdvx.dir/C_/Users/ngadj/Documents/pico-sdk/lib/tinyusb/src/portable/raspberrypi/rp2040/dcd_rp2040.c.obj
 .text.hw_handle_buff_status
                0x100048b4       0xb8 CMakeFiles/pico_sdvx.dir/C_/Users/ngadj/Documents/pico-sdk/lib/tinyusb/src/portable/raspberrypi/rp2040/dcd_rp2040.c.obj
 .text.dcd_rp2040_irq
                0x1000496c       0x8c CMakeFiles/pico_sdvx.dir/C_/Users/ngadj/Documents/pico-sdk/lib/tinyusb/src/portable/raspberrypi/rp2040/dcd_rp2040.c.obj
 .text.hw_endpoint_xfer
                0x100049f8       0x18 CMakeFiles/pico_sdvx.dir/C_/Users/ngadj/Documents/pico-sdk/lib/tinyusb/src/portable/raspberrypi/rp2040/dcd_rp2040.c.obj
 .text.ep0_0len_status
                0x10004a10       0x14 CMakeFiles/pico_sdvx.dir/C_/Users/ngadj/Documents/pico-sdk/lib/tinyusb/src/portable/raspberrypi/rp2040/dcd_rp2040.c.obj
 .text._hw_endpoint_stall
                0x10004a24       0x54 CMakeFiles/pico_sdvx.dir/C_/Users/ngadj/Documents/pico-sdk/lib/tinyusb/src/portable/raspberrypi/rp2040/dcd_rp2040.c.obj
 .text.hw_endpoint_stall
                0x10004a78        0xc CMakeFiles/pico_sdvx.dir/C_/Users/ngadj/Documents/pico-sdk/lib/tinyusb/src/portable/raspberrypi/rp2040/dcd_rp2040.c.obj
 .text._hw_endpoint_clear_stall
                0x10004a84       0x34 CMakeFiles/pico_sdvx.dir/C_/Users/ngadj/Documents/pico-sdk/lib/tinyusb/src/portable/raspberrypi/rp2040/dcd_rp2040.c.obj
 .text.hw_endpoint_clear_stall
                0x10004ab8        0xc CMakeFiles/pico_sdvx.dir/C_/Users/ngadj/Documents/pico-sdk/lib/tinyusb/src/portable/raspberrypi/rp2040/dcd_rp2040.c.obj
 .text.dcd_int_enable
                0x10004ac4       0x2c CMakeFiles/pico_sdvx.dir/C_/Users/ngadj/Documents/pico-sdk/lib/tinyusb/src/portable/raspberrypi/rp2040/dcd_rp2040.c.obj
                0x10004ac4                dcd_int_enable
 .text.dcd_set_address
                0x10004af0       0x30 CMakeFiles/pico_sdvx.dir/C_/Users/ngadj/Documents/pico-sdk/lib/tinyusb/src/portable/raspberrypi/rp2040/dcd_rp2040.c.obj
                0x10004af0                dcd_set_address
 .text.dcd_connect
                0x10004b20       0x30 CMakeFiles/pico_sdvx.dir/C_/Users/ngadj/Documents/pico-sdk/lib/tinyusb/src/portable/raspberrypi/rp2040/dcd_rp2040.c.obj
                0x10004b20                dcd_connect
 .text.dcd_init
                0x10004b50       0x90 CMakeFiles/pico_sdvx.dir/C_/Users/ngadj/Documents/pico-sdk/lib/tinyusb/src/portable/raspberrypi/rp2040/dcd_rp2040.c.obj
                0x10004b50                dcd_init
 .text.dcd_edpt0_status_complete
                0x10004be0       0x44 CMakeFiles/pico_sdvx.dir/C_/Users/ngadj/Documents/pico-sdk/lib/tinyusb/src/portable/raspberrypi/rp2040/dcd_rp2040.c.obj
                0x10004be0                dcd_edpt0_status_complete
 .text.dcd_edpt_open
                0x10004c24       0x40 CMakeFiles/pico_sdvx.dir/C_/Users/ngadj/Documents/pico-sdk/lib/tinyusb/src/portable/raspberrypi/rp2040/dcd_rp2040.c.obj
                0x10004c24                dcd_edpt_open
 .text.dcd_edpt_xfer
                0x10004c64       0x34 CMakeFiles/pico_sdvx.dir/C_/Users/ngadj/Documents/pico-sdk/lib/tinyusb/src/portable/raspberrypi/rp2040/dcd_rp2040.c.obj
                0x10004c64                dcd_edpt_xfer
 .text.dcd_edpt_stall
                0x10004c98       0x28 CMakeFiles/pico_sdvx.dir/C_/Users/ngadj/Documents/pico-sdk/lib/tinyusb/src/portable/raspberrypi/rp2040/dcd_rp2040.c.obj
                0x10004c98                dcd_edpt_stall
 .text.dcd_edpt_clear_stall
                0x10004cc0       0x28 CMakeFiles/pico_sdvx.dir/C_/Users/ngadj/Documents/pico-sdk/lib/tinyusb/src/portable/raspberrypi/rp2040/dcd_rp2040.c.obj
                0x10004cc0                dcd_edpt_clear_stall
 .text.rp2040_usb_init
                0x10004ce8       0x50 CMakeFiles/pico_sdvx.dir/C_/Users/ngadj/Documents/pico-sdk/lib/tinyusb/src/portable/raspberrypi/rp2040/rp2040_usb.c.obj
                0x10004ce8                rp2040_usb_init
 .text.hw_endpoint_reset_transfer
                0x10004d38       0x14 CMakeFiles/pico_sdvx.dir/C_/Users/ngadj/Documents/pico-sdk/lib/tinyusb/src/portable/raspberrypi/rp2040/rp2040_usb.c.obj
                0x10004d38                hw_endpoint_reset_transfer
 .text._hw_endpoint_buffer_control_update32
                0x10004d4c       0x54 CMakeFiles/pico_sdvx.dir/C_/Users/ngadj/Documents/pico-sdk/lib/tinyusb/src/portable/raspberrypi/rp2040/rp2040_usb.c.obj
                0x10004d4c                _hw_endpoint_buffer_control_update32
 .text._hw_endpoint_start_next_buffer
                0x10004da0       0x5a CMakeFiles/pico_sdvx.dir/C_/Users/ngadj/Documents/pico-sdk/lib/tinyusb/src/portable/raspberrypi/rp2040/rp2040_usb.c.obj
                0x10004da0                _hw_endpoint_start_next_buffer
 .text._hw_endpoint_xfer_start
                0x10004dfa       0x46 CMakeFiles/pico_sdvx.dir/C_/Users/ngadj/Documents/pico-sdk/lib/tinyusb/src/portable/raspberrypi/rp2040/rp2040_usb.c.obj
                0x10004dfa                _hw_endpoint_xfer_start
 .text._hw_endpoint_xfer_sync
                0x10004e40       0x74 CMakeFiles/pico_sdvx.dir/C_/Users/ngadj/Documents/pico-sdk/lib/tinyusb/src/portable/raspberrypi/rp2040/rp2040_usb.c.obj
                0x10004e40                _hw_endpoint_xfer_sync
 .text._hw_endpoint_xfer_continue
                0x10004eb4       0x58 CMakeFiles/pico_sdvx.dir/C_/Users/ngadj/Documents/pico-sdk/lib/tinyusb/src/portable/raspberrypi/rp2040/rp2040_usb.c.obj
                0x10004eb4                _hw_endpoint_xfer_continue
 .text._hw_endpoint_xfer
                0x10004f0c       0x34 CMakeFiles/pico_sdvx.dir/C_/Users/ngadj/Documents/pico-sdk/lib/tinyusb/src/portable/raspberrypi/rp2040/rp2040_usb.c.obj
                0x10004f0c                _hw_endpoint_xfer
 .text.mark_interface_endpoint
                0x10004f40       0x2a CMakeFiles/pico_sdvx.dir/C_/Users/ngadj/Documents/pico-sdk/lib/tinyusb/src/device/usbd.c.obj
 *fill*         0x10004f6a        0x2 
 .text.usbd_reset
                0x10004f6c       0x88 CMakeFiles/pico_sdvx.dir/C_/Users/ngadj/Documents/pico-sdk/lib/tinyusb/src/device/usbd.c.obj
 .text.invoke_class_control
                0x10004ff4       0x18 CMakeFiles/pico_sdvx.dir/C_/Users/ngadj/Documents/pico-sdk/lib/tinyusb/src/device/usbd.c.obj
 .text.process_set_config
                0x1000500c      0x1d0 CMakeFiles/pico_sdvx.dir/C_/Users/ngadj/Documents/pico-sdk/lib/tinyusb/src/device/usbd.c.obj
 .text.process_get_descriptor
                0x100051dc       0xf4 CMakeFiles/pico_sdvx.dir/C_/Users/ngadj/Documents/pico-sdk/lib/tinyusb/src/device/usbd.c.obj
 .text.tud_mounted
                0x100052d0       0x10 CMakeFiles/pico_sdvx.dir/C_/Users/ngadj/Documents/pico-sdk/lib/tinyusb/src/device/usbd.c.obj
                0x100052d0                tud_mounted
 .text.tud_suspended
                0x100052e0       0x10 CMakeFiles/pico_sdvx.dir/C_/Users/ngadj/Documents/pico-sdk/lib/tinyusb/src/device/usbd.c.obj
                0x100052e0                tud_suspended
 .text.tud_init
                0x100052f0       0xb8 CMakeFiles/pico_sdvx.dir/C_/Users/ngadj/Documents/pico-sdk/lib/tinyusb/src/device/usbd.c.obj
                0x100052f0                tud_init
 .text.dcd_event_handler
                0x100053a8      0x1c4 CMakeFiles/pico_sdvx.dir/C_/Users/ngadj/Documents/pico-sdk/lib/tinyusb/src/device/usbd.c.obj
                0x100053a8                dcd_event_handler
 .text.dcd_event_bus_signal
                0x1000556c       0x26 CMakeFiles/pico_sdvx.dir/C_/Users/ngadj/Documents/pico-sdk/lib/tinyusb/src/device/usbd.c.obj
                0x1000556c                dcd_event_bus_signal
 .text.dcd_event_setup_received
                0x10005592       0x34 CMakeFiles/pico_sdvx.dir/C_/Users/ngadj/Documents/pico-sdk/lib/tinyusb/src/device/usbd.c.obj
                0x10005592                dcd_event_setup_received
 .text.dcd_event_xfer_complete
                0x100055c6       0x44 CMakeFiles/pico_sdvx.dir/C_/Users/ngadj/Documents/pico-sdk/lib/tinyusb/src/device/usbd.c.obj
                0x100055c6                dcd_event_xfer_complete
 .text.usbd_edpt_open
                0x1000560a        0x8 CMakeFiles/pico_sdvx.dir/C_/Users/ngadj/Documents/pico-sdk/lib/tinyusb/src/device/usbd.c.obj
                0x1000560a                usbd_edpt_open
 *fill*         0x10005612        0x2 
 .text.usbd_open_edpt_pair
                0x10005614       0x8c CMakeFiles/pico_sdvx.dir/C_/Users/ngadj/Documents/pico-sdk/lib/tinyusb/src/device/usbd.c.obj
                0x10005614                usbd_open_edpt_pair
 .text.usbd_edpt_claim
                0x100056a0       0x8c CMakeFiles/pico_sdvx.dir/C_/Users/ngadj/Documents/pico-sdk/lib/tinyusb/src/device/usbd.c.obj
                0x100056a0                usbd_edpt_claim
 .text.usbd_edpt_xfer
                0x1000572c       0x80 CMakeFiles/pico_sdvx.dir/C_/Users/ngadj/Documents/pico-sdk/lib/tinyusb/src/device/usbd.c.obj
                0x1000572c                usbd_edpt_xfer
 .text.usbd_edpt_busy
                0x100057ac       0x1c CMakeFiles/pico_sdvx.dir/C_/Users/ngadj/Documents/pico-sdk/lib/tinyusb/src/device/usbd.c.obj
                0x100057ac                usbd_edpt_busy
 .text.usbd_edpt_stall
                0x100057c8       0x2c CMakeFiles/pico_sdvx.dir/C_/Users/ngadj/Documents/pico-sdk/lib/tinyusb/src/device/usbd.c.obj
                0x100057c8                usbd_edpt_stall
 .text.usbd_edpt_clear_stall
                0x100057f4       0x2c CMakeFiles/pico_sdvx.dir/C_/Users/ngadj/Documents/pico-sdk/lib/tinyusb/src/device/usbd.c.obj
                0x100057f4                usbd_edpt_clear_stall
 .text.usbd_edpt_stalled
                0x10005820       0x1c CMakeFiles/pico_sdvx.dir/C_/Users/ngadj/Documents/pico-sdk/lib/tinyusb/src/device/usbd.c.obj
                0x10005820                usbd_edpt_stalled
 .text.process_control_request
                0x1000583c      0x37c CMakeFiles/pico_sdvx.dir/C_/Users/ngadj/Documents/pico-sdk/lib/tinyusb/src/device/usbd.c.obj
 .text.tud_task
                0x10005bb8      0x204 CMakeFiles/pico_sdvx.dir/C_/Users/ngadj/Documents/pico-sdk/lib/tinyusb/src/device/usbd.c.obj
                0x10005bb8                tud_task
 .text._data_stage_xact
                0x10005dbc       0x58 CMakeFiles/pico_sdvx.dir/C_/Users/ngadj/Documents/pico-sdk/lib/tinyusb/src/device/usbd_control.c.obj
 .text.tud_control_status
                0x10005e14       0x38 CMakeFiles/pico_sdvx.dir/C_/Users/ngadj/Documents/pico-sdk/lib/tinyusb/src/device/usbd_control.c.obj
                0x10005e14                tud_control_status
 .text.tud_control_xfer
                0x10005e4c       0xa8 CMakeFiles/pico_sdvx.dir/C_/Users/ngadj/Documents/pico-sdk/lib/tinyusb/src/device/usbd_control.c.obj
                0x10005e4c                tud_control_xfer
 .text.usbd_control_reset
                0x10005ef4       0x14 CMakeFiles/pico_sdvx.dir/C_/Users/ngadj/Documents/pico-sdk/lib/tinyusb/src/device/usbd_control.c.obj
                0x10005ef4                usbd_control_reset
 .text.usbd_control_set_complete_callback
                0x10005f08        0xc CMakeFiles/pico_sdvx.dir/C_/Users/ngadj/Documents/pico-sdk/lib/tinyusb/src/device/usbd_control.c.obj
                0x10005f08                usbd_control_set_complete_callback
 .text.usbd_control_set_request
                0x10005f14       0x1c CMakeFiles/pico_sdvx.dir/C_/Users/ngadj/Documents/pico-sdk/lib/tinyusb/src/device/usbd_control.c.obj
                0x10005f14                usbd_control_set_request
 .text.usbd_control_xfer_cb
                0x10005f30       0xe8 CMakeFiles/pico_sdvx.dir/C_/Users/ngadj/Documents/pico-sdk/lib/tinyusb/src/device/usbd_control.c.obj
                0x10005f30                usbd_control_xfer_cb
 .text.tud_hid_n_ready
                0x10006018       0x50 CMakeFiles/pico_sdvx.dir/C_/Users/ngadj/Documents/pico-sdk/lib/tinyusb/src/class/hid/hid_device.c.obj
                0x10006018                tud_hid_n_ready
 .text.tud_hid_n_report
                0x10006068       0x84 CMakeFiles/pico_sdvx.dir/C_/Users/ngadj/Documents/pico-sdk/lib/tinyusb/src/class/hid/hid_device.c.obj
                0x10006068                tud_hid_n_report
 .text.tud_hid_n_keyboard_report
                0x100060ec       0x36 CMakeFiles/pico_sdvx.dir/C_/Users/ngadj/Documents/pico-sdk/lib/tinyusb/src/class/hid/hid_device.c.obj
                0x100060ec                tud_hid_n_keyboard_report
 .text.tud_hid_n_mouse_report
                0x10006122       0x2e CMakeFiles/pico_sdvx.dir/C_/Users/ngadj/Documents/pico-sdk/lib/tinyusb/src/class/hid/hid_device.c.obj
                0x10006122                tud_hid_n_mouse_report
 .text.hidd_reset
                0x10006150       0x14 CMakeFiles/pico_sdvx.dir/C_/Users/ngadj/Documents/pico-sdk/lib/tinyusb/src/class/hid/hid_device.c.obj
                0x10006150                hidd_reset
 .text.hidd_init
                0x10006164        0xa CMakeFiles/pico_sdvx.dir/C_/Users/ngadj/Documents/pico-sdk/lib/tinyusb/src/class/hid/hid_device.c.obj
                0x10006164                hidd_init
 *fill*         0x1000616e        0x2 
 .text.hidd_open
                0x10006170      0x100 CMakeFiles/pico_sdvx.dir/C_/Users/ngadj/Documents/pico-sdk/lib/tinyusb/src/class/hid/hid_device.c.obj
                0x10006170                hidd_open
 .text.hidd_control_request
                0x10006270      0x1d0 CMakeFiles/pico_sdvx.dir/C_/Users/ngadj/Documents/pico-sdk/lib/tinyusb/src/class/hid/hid_device.c.obj
                0x10006270                hidd_control_request
 .text.hidd_control_complete
                0x10006440       0x64 CMakeFiles/pico_sdvx.dir/C_/Users/ngadj/Documents/pico-sdk/lib/tinyusb/src/class/hid/hid_device.c.obj
                0x10006440                hidd_control_complete
 .text.hidd_xfer_cb
                0x100064a4       0x5c CMakeFiles/pico_sdvx.dir/C_/Users/ngadj/Documents/pico-sdk/lib/tinyusb/src/class/hid/hid_device.c.obj
                0x100064a4                hidd_xfer_cb
 .text.tusb_init
                0x10006500       0x38 CMakeFiles/pico_sdvx.dir/C_/Users/ngadj/Documents/pico-sdk/lib/tinyusb/src/tusb.c.obj
                0x10006500                tusb_init
 .text.tusb_inited
                0x10006538        0xc CMakeFiles/pico_sdvx.dir/C_/Users/ngadj/Documents/pico-sdk/lib/tinyusb/src/tusb.c.obj
                0x10006538                tusb_inited
 .text.advance_pointer
                0x10006544       0x1e CMakeFiles/pico_sdvx.dir/C_/Users/ngadj/Documents/pico-sdk/lib/tinyusb/src/common/tusb_fifo.c.obj
 .text.backward_pointer
                0x10006562       0x1a CMakeFiles/pico_sdvx.dir/C_/Users/ngadj/Documents/pico-sdk/lib/tinyusb/src/common/tusb_fifo.c.obj
 .text.get_relative_pointer
                0x1000657c       0x16 CMakeFiles/pico_sdvx.dir/C_/Users/ngadj/Documents/pico-sdk/lib/tinyusb/src/common/tusb_fifo.c.obj
 .text.tu_fifo_lock
                0x10006592       0x12 CMakeFiles/pico_sdvx.dir/C_/Users/ngadj/Documents/pico-sdk/lib/tinyusb/src/common/tusb_fifo.c.obj
 .text.tu_fifo_unlock
                0x100065a4        0xe CMakeFiles/pico_sdvx.dir/C_/Users/ngadj/Documents/pico-sdk/lib/tinyusb/src/common/tusb_fifo.c.obj
 .text._tu_fifo_peek_at
                0x100065b2       0x66 CMakeFiles/pico_sdvx.dir/C_/Users/ngadj/Documents/pico-sdk/lib/tinyusb/src/common/tusb_fifo.c.obj
 .text.tu_fifo_read
                0x10006618       0x3a CMakeFiles/pico_sdvx.dir/C_/Users/ngadj/Documents/pico-sdk/lib/tinyusb/src/common/tusb_fifo.c.obj
                0x10006618                tu_fifo_read
 .text.tu_fifo_write
                0x10006652       0x5c CMakeFiles/pico_sdvx.dir/C_/Users/ngadj/Documents/pico-sdk/lib/tinyusb/src/common/tusb_fifo.c.obj
                0x10006652                tu_fifo_write
 .text.tu_fifo_clear
                0x100066ae       0x18 CMakeFiles/pico_sdvx.dir/C_/Users/ngadj/Documents/pico-sdk/lib/tinyusb/src/common/tusb_fifo.c.obj
                0x100066ae                tu_fifo_clear
 .text.board_init
                0x100066c6       0x18 CMakeFiles/pico_sdvx.dir/C_/Users/ngadj/Documents/pico-sdk/lib/tinyusb/hw/bsp/raspberry_pi_pico/board_raspberry_pi_pico.c.obj
                0x100066c6                board_init
 *fill*         0x100066de        0x2 
 .text._pio_can_add_program_at_offset
                0x100066e0       0xa0 CMakeFiles/pico_sdvx.dir/C_/Users/ngadj/Documents/pico-sdk/src/rp2_common/hardware_pio/pio.c.obj
 .text._pio_find_offset_for_program
                0x10006780       0xac CMakeFiles/pico_sdvx.dir/C_/Users/ngadj/Documents/pico-sdk/src/rp2_common/hardware_pio/pio.c.obj
 .text._pio_add_program_at_offset
                0x1000682c       0xa4 CMakeFiles/pico_sdvx.dir/C_/Users/ngadj/Documents/pico-sdk/src/rp2_common/hardware_pio/pio.c.obj
 .text.pio_add_program
                0x100068d0       0x38 CMakeFiles/pico_sdvx.dir/C_/Users/ngadj/Documents/pico-sdk/src/rp2_common/hardware_pio/pio.c.obj
                0x100068d0                pio_add_program
 .text.pio_sm_set_consecutive_pindirs
                0x10006908       0x8c CMakeFiles/pico_sdvx.dir/C_/Users/ngadj/Documents/pico-sdk/src/rp2_common/hardware_pio/pio.c.obj
                0x10006908                pio_sm_set_consecutive_pindirs
 .text.pio_sm_init
                0x10006994       0xe4 CMakeFiles/pico_sdvx.dir/C_/Users/ngadj/Documents/pico-sdk/src/rp2_common/hardware_pio/pio.c.obj
                0x10006994                pio_sm_init
 .text.calloc   0x10006a78       0x18 c:/progra~2/gnuarm~1/102020~1/bin/../lib/gcc/arm-none-eabi/10.2.1/../../../../arm-none-eabi/lib/thumb/v6-m/nofp\libg.a(lib_a-calloc.o)
                0x10006a78                calloc
 .text._calloc_r
                0x10006a90       0x5c c:/progra~2/gnuarm~1/102020~1/bin/../lib/gcc/arm-none-eabi/10.2.1/../../../../arm-none-eabi/lib/thumb/v6-m/nofp\libg.a(lib_a-callocr.o)
                0x10006a90                _calloc_r
 .text.malloc   0x10006aec       0x14 c:/progra~2/gnuarm~1/102020~1/bin/../lib/gcc/arm-none-eabi/10.2.1/../../../../arm-none-eabi/lib/thumb/v6-m/nofp\libg.a(lib_a-malloc.o)
                0x10006aec                malloc
 .text._malloc_r
                0x10006b00      0x580 c:/progra~2/gnuarm~1/102020~1/bin/../lib/gcc/arm-none-eabi/10.2.1/../../../../arm-none-eabi/lib/thumb/v6-m/nofp\libg.a(lib_a-mallocr.o)
                0x10006b00                _malloc_r
 .text.__malloc_lock
                0x10007080       0x10 c:/progra~2/gnuarm~1/102020~1/bin/../lib/gcc/arm-none-eabi/10.2.1/../../../../arm-none-eabi/lib/thumb/v6-m/nofp\libg.a(lib_a-mlock.o)
                0x10007080                __malloc_lock
 .text.__malloc_unlock
                0x10007090       0x10 c:/progra~2/gnuarm~1/102020~1/bin/../lib/gcc/arm-none-eabi/10.2.1/../../../../arm-none-eabi/lib/thumb/v6-m/nofp\libg.a(lib_a-mlock.o)
                0x10007090                __malloc_unlock
 .text._sbrk_r  0x100070a0       0x24 c:/progra~2/gnuarm~1/102020~1/bin/../lib/gcc/arm-none-eabi/10.2.1/../../../../arm-none-eabi/lib/thumb/v6-m/nofp\libg.a(lib_a-sbrkr.o)
                0x100070a0                _sbrk_r
 .text.strlen   0x100070c4       0x5c c:/progra~2/gnuarm~1/102020~1/bin/../lib/gcc/arm-none-eabi/10.2.1/../../../../arm-none-eabi/lib/thumb/v6-m/nofp\libg.a(lib_a-strlen-stub.o)
                0x100070c4                strlen
 .text._malloc_trim_r
                0x10007120       0x9c c:/progra~2/gnuarm~1/102020~1/bin/../lib/gcc/arm-none-eabi/10.2.1/../../../../arm-none-eabi/lib/thumb/v6-m/nofp\libg.a(lib_a-freer.o)
                0x10007120                _malloc_trim_r
 .text._free_r  0x100071bc      0x1c4 c:/progra~2/gnuarm~1/102020~1/bin/../lib/gcc/arm-none-eabi/10.2.1/../../../../arm-none-eabi/lib/thumb/v6-m/nofp\libg.a(lib_a-freer.o)
                0x100071bc                _free_r
 .text.__retarget_lock_acquire_recursive
                0x10007380        0x4 c:/progra~2/gnuarm~1/102020~1/bin/../lib/gcc/arm-none-eabi/10.2.1/../../../../arm-none-eabi/lib/thumb/v6-m/nofp\libg.a(lib_a-lock.o)
                0x10007380                __retarget_lock_acquire_recursive
 .text.__retarget_lock_release_recursive
                0x10007384        0x4 c:/progra~2/gnuarm~1/102020~1/bin/../lib/gcc/arm-none-eabi/10.2.1/../../../../arm-none-eabi/lib/thumb/v6-m/nofp\libg.a(lib_a-lock.o)
                0x10007384                __retarget_lock_release_recursive
 *(.fini)
 .fini          0x10007388        0x4 c:/progra~2/gnuarm~1/102020~1/bin/../lib/gcc/arm-none-eabi/10.2.1/thumb/v6-m/nofp/crti.o
                0x10007388                _fini
 *fill*         0x1000738c        0x4 
 .fini.__stub   0x10007390       0x60 linker stubs
 *crtbegin.o(.ctors)
 *crtbegin?.o(.ctors)
 *(EXCLUDE_FILE(*crtend.o *crtend?.o) .ctors)
 *(SORT_BY_NAME(.ctors.*))
 *(.ctors)
 *crtbegin.o(.dtors)
 *crtbegin?.o(.dtors)
 *(EXCLUDE_FILE(*crtend.o *crtend?.o) .dtors)
 *(SORT_BY_NAME(.dtors.*))
 *(.dtors)
 *(.eh_frame*)
 .eh_frame      0x100073f0        0x0 c:/progra~2/gnuarm~1/102020~1/bin/../lib/gcc/arm-none-eabi/10.2.1/thumb/v6-m/nofp/crtbegin.o
                0x100073f0                . = ALIGN (0x4)

.glue_7         0x100073f0        0x0
 .glue_7        0x100073f0        0x0 linker stubs

.glue_7t        0x100073f0        0x0
 .glue_7t       0x100073f0        0x0 linker stubs

.vfp11_veneer   0x100073f0        0x0
 .vfp11_veneer  0x100073f0        0x0 linker stubs

.v4_bx          0x100073f0        0x0
 .v4_bx         0x100073f0        0x0 linker stubs

.iplt           0x100073f0        0x0
 .iplt          0x100073f0        0x0 c:/progra~2/gnuarm~1/102020~1/bin/../lib/gcc/arm-none-eabi/10.2.1/thumb/v6-m/nofp/crtbegin.o

.rodata         0x100073f0     0x1730
 *(EXCLUDE_FILE(*libm.a: *libc.a:*lib_a-mem*.o *libgcc.a:) .rodata*)
 .rodata.init.str1.4
                0x100073f0       0xd1 CMakeFiles/pico_sdvx.dir/pico_sdvx.c.obj
 *fill*         0x100074c1        0x3 
 .rodata.ENC_GPIO
                0x100074c4        0x2 CMakeFiles/pico_sdvx.dir/pico_sdvx.c.obj
                0x100074c4                ENC_GPIO
 *fill*         0x100074c6        0x2 
 .rodata.LED_GPIO
                0x100074c8        0x7 CMakeFiles/pico_sdvx.dir/pico_sdvx.c.obj
                0x100074c8                LED_GPIO
 *fill*         0x100074cf        0x1 
 .rodata.SW_GPIO
                0x100074d0        0x7 CMakeFiles/pico_sdvx.dir/pico_sdvx.c.obj
                0x100074d0                SW_GPIO
 *fill*         0x100074d7        0x1 
 .rodata.SW_KEYCODE
                0x100074d8        0x7 CMakeFiles/pico_sdvx.dir/pico_sdvx.c.obj
                0x100074d8                SW_KEYCODE
 *fill*         0x100074df        0x1 
 .rodata.__func__.0
                0x100074e0       0x16 CMakeFiles/pico_sdvx.dir/pico_sdvx.c.obj
 *fill*         0x100074f6        0x2 
 .rodata.__func__.1
                0x100074f8       0x16 CMakeFiles/pico_sdvx.dir/pico_sdvx.c.obj
 *fill*         0x1000750e        0x2 
 .rodata.__func__.2
                0x10007510       0x13 CMakeFiles/pico_sdvx.dir/pico_sdvx.c.obj
 *fill*         0x10007523        0x1 
 .rodata.__func__.3
                0x10007524        0xe CMakeFiles/pico_sdvx.dir/pico_sdvx.c.obj
 *fill*         0x10007532        0x2 
 .rodata.encoders_program
                0x10007534        0x6 CMakeFiles/pico_sdvx.dir/pico_sdvx.c.obj
 *fill*         0x1000753a        0x2 
 .rodata.encoders_program_instructions
                0x1000753c       0x2e CMakeFiles/pico_sdvx.dir/pico_sdvx.c.obj
 *fill*         0x1000756a        0x2 
 .rodata.str1.4
                0x1000756c       0x1f CMakeFiles/pico_sdvx.dir/usb_descriptors.c.obj
 *fill*         0x1000758b        0x1 
 .rodata.__compound_literal.0
                0x1000758c        0x2 CMakeFiles/pico_sdvx.dir/usb_descriptors.c.obj
 *fill*         0x1000758e        0x2 
 .rodata.desc_configuration
                0x10007590       0x22 CMakeFiles/pico_sdvx.dir/usb_descriptors.c.obj
                0x10007590                desc_configuration
 *fill*         0x100075b2        0x2 
 .rodata.desc_device
                0x100075b4       0x12 CMakeFiles/pico_sdvx.dir/usb_descriptors.c.obj
                0x100075b4                desc_device
 *fill*         0x100075c6        0x2 
 .rodata.desc_hid_report
                0x100075c8       0x90 CMakeFiles/pico_sdvx.dir/usb_descriptors.c.obj
                0x100075c8                desc_hid_report
 .rodata.spin_lock_claim_unused.str1.4
                0x10007658       0x1b CMakeFiles/pico_sdvx.dir/C_/Users/ngadj/Documents/pico-sdk/src/rp2_common/hardware_sync/sync.c.obj
 *fill*         0x10007673        0x1 
 .rodata.alarm_pool_dump_key.str1.4
                0x10007674       0x73 CMakeFiles/pico_sdvx.dir/C_/Users/ngadj/Documents/pico-sdk/src/common/pico_time/time.c.obj
 *fill*         0x100076e7        0x1 
 .rodata.ph_add_child_node.str1.4
                0x100076e8       0x9e CMakeFiles/pico_sdvx.dir/C_/Users/ngadj/Documents/pico-sdk/src/common/pico_time/time.c.obj
 *fill*         0x10007786        0x2 
 .rodata.add_alarm_under_lock.str1.4
                0x10007788       0x27 CMakeFiles/pico_sdvx.dir/C_/Users/ngadj/Documents/pico-sdk/src/common/pico_time/time.c.obj
 *fill*         0x100077af        0x1 
 .rodata.alarm_pool_alarm_callback.str1.4
                0x100077b0       0x7d CMakeFiles/pico_sdvx.dir/C_/Users/ngadj/Documents/pico-sdk/src/common/pico_time/time.c.obj
 *fill*         0x1000782d        0x3 
 .rodata.alarm_pool_get_default.str1.4
                0x10007830       0x13 CMakeFiles/pico_sdvx.dir/C_/Users/ngadj/Documents/pico-sdk/src/common/pico_time/time.c.obj
 *fill*         0x10007843        0x1 
 .rodata.alarm_pool_cancel_alarm.str1.4
                0x10007844       0x27 CMakeFiles/pico_sdvx.dir/C_/Users/ngadj/Documents/pico-sdk/src/common/pico_time/time.c.obj
 *fill*         0x1000786b        0x1 
 .rodata.__func__.0
                0x1000786c       0x18 CMakeFiles/pico_sdvx.dir/C_/Users/ngadj/Documents/pico-sdk/src/common/pico_time/time.c.obj
 .rodata.__func__.10
                0x10007884       0x17 CMakeFiles/pico_sdvx.dir/C_/Users/ngadj/Documents/pico-sdk/src/common/pico_time/time.c.obj
 *fill*         0x1000789b        0x1 
 .rodata.__func__.2
                0x1000789c       0x12 CMakeFiles/pico_sdvx.dir/C_/Users/ngadj/Documents/pico-sdk/src/common/pico_time/time.c.obj
 *fill*         0x100078ae        0x2 
 .rodata.__func__.3
                0x100078b0       0x14 CMakeFiles/pico_sdvx.dir/C_/Users/ngadj/Documents/pico-sdk/src/common/pico_time/time.c.obj
 .rodata.__func__.4
                0x100078c4       0x12 CMakeFiles/pico_sdvx.dir/C_/Users/ngadj/Documents/pico-sdk/src/common/pico_time/time.c.obj
 *fill*         0x100078d6        0x2 
 .rodata.__func__.5
                0x100078d8        0xa CMakeFiles/pico_sdvx.dir/C_/Users/ngadj/Documents/pico-sdk/src/common/pico_time/time.c.obj
 *fill*         0x100078e2        0x2 
 .rodata.__func__.6
                0x100078e4        0xc CMakeFiles/pico_sdvx.dir/C_/Users/ngadj/Documents/pico-sdk/src/common/pico_time/time.c.obj
 .rodata.__func__.7
                0x100078f0       0x15 CMakeFiles/pico_sdvx.dir/C_/Users/ngadj/Documents/pico-sdk/src/common/pico_time/time.c.obj
 *fill*         0x10007905        0x3 
 .rodata.__func__.8
                0x10007908       0x1a CMakeFiles/pico_sdvx.dir/C_/Users/ngadj/Documents/pico-sdk/src/common/pico_time/time.c.obj
 *fill*         0x10007922        0x2 
 .rodata.__func__.9
                0x10007924        0xa CMakeFiles/pico_sdvx.dir/C_/Users/ngadj/Documents/pico-sdk/src/common/pico_time/time.c.obj
 *fill*         0x1000792e        0x2 
 .rodata.hardware_alarm_claim.str1.4
                0x10007930       0x22 CMakeFiles/pico_sdvx.dir/C_/Users/ngadj/Documents/pico-sdk/src/rp2_common/hardware_timer/timer.c.obj
 *fill*         0x10007952        0x2 
 .rodata.hardware_alarm_set_target.str1.4
                0x10007954       0x6c CMakeFiles/pico_sdvx.dir/C_/Users/ngadj/Documents/pico-sdk/src/rp2_common/hardware_timer/timer.c.obj
 .rodata.__func__.0
                0x100079c0       0x1a CMakeFiles/pico_sdvx.dir/C_/Users/ngadj/Documents/pico-sdk/src/rp2_common/hardware_timer/timer.c.obj
 *fill*         0x100079da        0x2 
 .rodata.lock_init.str1.4
                0x100079dc       0x6f CMakeFiles/pico_sdvx.dir/C_/Users/ngadj/Documents/pico-sdk/src/common/pico_sync/lock_core.c.obj
 *fill*         0x10007a4b        0x1 
 .rodata.__func__.0
                0x10007a4c        0xa CMakeFiles/pico_sdvx.dir/C_/Users/ngadj/Documents/pico-sdk/src/common/pico_sync/lock_core.c.obj
 *fill*         0x10007a56        0x2 
 .rodata.str1.4
                0x10007a58       0x64 CMakeFiles/pico_sdvx.dir/C_/Users/ngadj/Documents/pico-sdk/src/common/pico_sync/mutex.c.obj
 .rodata.__func__.0
                0x10007abc        0xb CMakeFiles/pico_sdvx.dir/C_/Users/ngadj/Documents/pico-sdk/src/common/pico_sync/mutex.c.obj
 *fill*         0x10007ac7        0x1 
 .rodata.__func__.1
                0x10007ac8       0x18 CMakeFiles/pico_sdvx.dir/C_/Users/ngadj/Documents/pico-sdk/src/common/pico_sync/mutex.c.obj
 .rodata.__func__.2
                0x10007ae0       0x15 CMakeFiles/pico_sdvx.dir/C_/Users/ngadj/Documents/pico-sdk/src/common/pico_sync/mutex.c.obj
 .rodata.ph_add_child_node.str1.4
                0x10007af5       0x9e CMakeFiles/pico_sdvx.dir/C_/Users/ngadj/Documents/pico-sdk/src/common/pico_util/pheap.c.obj
 *fill*         0x10007af5        0x3 
 .rodata.ph_remove_any_head.str1.4
                0x10007af8       0x94 CMakeFiles/pico_sdvx.dir/C_/Users/ngadj/Documents/pico-sdk/src/common/pico_util/pheap.c.obj
 .rodata.ph_delete.str1.4
                0x10007b8c       0x26 CMakeFiles/pico_sdvx.dir/C_/Users/ngadj/Documents/pico-sdk/src/common/pico_util/pheap.c.obj
 *fill*         0x10007bb2        0x2 
 .rodata.__func__.0
                0x10007bb4        0xa CMakeFiles/pico_sdvx.dir/C_/Users/ngadj/Documents/pico-sdk/src/common/pico_util/pheap.c.obj
 *fill*         0x10007bbe        0x2 
 .rodata.__func__.1
                0x10007bc0       0x13 CMakeFiles/pico_sdvx.dir/C_/Users/ngadj/Documents/pico-sdk/src/common/pico_util/pheap.c.obj
 *fill*         0x10007bd3        0x1 
 .rodata.__func__.2
                0x10007bd4       0x12 CMakeFiles/pico_sdvx.dir/C_/Users/ngadj/Documents/pico-sdk/src/common/pico_util/pheap.c.obj
 *fill*         0x10007be6        0x2 
 .rodata.__func__.3
                0x10007be8        0xc CMakeFiles/pico_sdvx.dir/C_/Users/ngadj/Documents/pico-sdk/src/common/pico_util/pheap.c.obj
 .rodata.__assert_func.str1.4
                0x10007bf4       0x3f CMakeFiles/pico_sdvx.dir/C_/Users/ngadj/Documents/pico-sdk/src/rp2_common/pico_runtime/runtime.c.obj
                                 0x43 (size before relaxing)
 *fill*         0x10007c33        0x1 
 .rodata.panic.str1.4
                0x10007c34       0x12 CMakeFiles/pico_sdvx.dir/C_/Users/ngadj/Documents/pico-sdk/src/rp2_common/pico_runtime/runtime.c.obj
 *fill*         0x10007c46        0x2 
 .rodata.clock_configure.str1.4
                0x10007c48       0x5e CMakeFiles/pico_sdvx.dir/C_/Users/ngadj/Documents/pico-sdk/src/rp2_common/hardware_clocks/clocks.c.obj
 *fill*         0x10007ca6        0x2 
 .rodata.__func__.1
                0x10007ca8       0x10 CMakeFiles/pico_sdvx.dir/C_/Users/ngadj/Documents/pico-sdk/src/rp2_common/hardware_clocks/clocks.c.obj
 .rodata.pll_init.str1.4
                0x10007cb8       0xdf CMakeFiles/pico_sdvx.dir/C_/Users/ngadj/Documents/pico-sdk/src/rp2_common/hardware_pll/pll.c.obj
 *fill*         0x10007d97        0x1 
 .rodata.__func__.0
                0x10007d98        0x9 CMakeFiles/pico_sdvx.dir/C_/Users/ngadj/Documents/pico-sdk/src/rp2_common/hardware_pll/pll.c.obj
 *fill*         0x10007da1        0x3 
 .rodata.make_branch.str1.4
                0x10007da4       0x54 CMakeFiles/pico_sdvx.dir/C_/Users/ngadj/Documents/pico-sdk/src/rp2_common/hardware_irq/irq.c.obj
 .rodata.irq_set_exclusive_handler.str1.4
                0x10007df8       0x36 CMakeFiles/pico_sdvx.dir/C_/Users/ngadj/Documents/pico-sdk/src/rp2_common/hardware_irq/irq.c.obj
 *fill*         0x10007e2e        0x2 
 .rodata.irq_add_shared_handler.str1.4
                0x10007e30       0xd9 CMakeFiles/pico_sdvx.dir/C_/Users/ngadj/Documents/pico-sdk/src/rp2_common/hardware_irq/irq.c.obj
 *fill*         0x10007f09        0x3 
 .rodata.irq_remove_handler.str1.4
                0x10007f0c       0x2a CMakeFiles/pico_sdvx.dir/C_/Users/ngadj/Documents/pico-sdk/src/rp2_common/hardware_irq/irq.c.obj
 *fill*         0x10007f36        0x2 
 .rodata.irq_add_tail_to_free_list.str1.4
                0x10007f38       0x32 CMakeFiles/pico_sdvx.dir/C_/Users/ngadj/Documents/pico-sdk/src/rp2_common/hardware_irq/irq.c.obj
                                 0x3a (size before relaxing)
 *fill*         0x10007f6a        0x2 
 .rodata.__func__.0
                0x10007f6c       0x1a CMakeFiles/pico_sdvx.dir/C_/Users/ngadj/Documents/pico-sdk/src/rp2_common/hardware_irq/irq.c.obj
 *fill*         0x10007f86        0x2 
 .rodata.__func__.1
                0x10007f88       0x17 CMakeFiles/pico_sdvx.dir/C_/Users/ngadj/Documents/pico-sdk/src/rp2_common/hardware_irq/irq.c.obj
 *fill*         0x10007f9f        0x1 
 .rodata.__func__.2
                0x10007fa0       0x13 CMakeFiles/pico_sdvx.dir/C_/Users/ngadj/Documents/pico-sdk/src/rp2_common/hardware_irq/irq.c.obj
 *fill*         0x10007fb3        0x1 
 .rodata.__func__.3
                0x10007fb4        0xc CMakeFiles/pico_sdvx.dir/C_/Users/ngadj/Documents/pico-sdk/src/rp2_common/hardware_irq/irq.c.obj
 .rodata.__func__.4
                0x10007fc0        0xf CMakeFiles/pico_sdvx.dir/C_/Users/ngadj/Documents/pico-sdk/src/rp2_common/hardware_irq/irq.c.obj
 *fill*         0x10007fcf        0x1 
 .rodata.__func__.6
                0x10007fd0       0x1a CMakeFiles/pico_sdvx.dir/C_/Users/ngadj/Documents/pico-sdk/src/rp2_common/hardware_irq/irq.c.obj
 *fill*         0x10007fea        0x2 
 .rodata._ftoa.str1.4
                0x10007fec       0x15 CMakeFiles/pico_sdvx.dir/C_/Users/ngadj/Documents/pico-sdk/src/rp2_common/pico_printf/printf.c.obj
 *fill*         0x10008001        0x3 
 .rodata._vsnprintf
                0x10008004      0x1e0 CMakeFiles/pico_sdvx.dir/C_/Users/ngadj/Documents/pico-sdk/src/rp2_common/pico_printf/printf.c.obj
 *fill*         0x100081e4        0x4 
 .rodata.pow10.0
                0x100081e8       0x50 CMakeFiles/pico_sdvx.dir/C_/Users/ngadj/Documents/pico-sdk/src/rp2_common/pico_printf/printf.c.obj
 .rodata.__aeabi_double_init.str1.4
                0x10008238       0xaf CMakeFiles/pico_sdvx.dir/C_/Users/ngadj/Documents/pico-sdk/src/rp2_common/pico_double/double_init_rom.c.obj
 *fill*         0x100082e7        0x1 
 .rodata.__func__.0
                0x100082e8       0x14 CMakeFiles/pico_sdvx.dir/C_/Users/ngadj/Documents/pico-sdk/src/rp2_common/pico_double/double_init_rom.c.obj
 .rodata.__aeabi_float_init.str1.4
                0x100082fc       0x81 CMakeFiles/pico_sdvx.dir/C_/Users/ngadj/Documents/pico-sdk/src/rp2_common/pico_float/float_init_rom.c.obj
                                 0x85 (size before relaxing)
 *fill*         0x1000837d        0x3 
 .rodata.__func__.0
                0x10008380       0x13 CMakeFiles/pico_sdvx.dir/C_/Users/ngadj/Documents/pico-sdk/src/rp2_common/pico_float/float_init_rom.c.obj
 *fill*         0x10008393        0x1 
 .rodata.str1.4
                0x10008394       0x30 CMakeFiles/pico_sdvx.dir/C_/Users/ngadj/Documents/pico-sdk/src/rp2_common/pico_standard_link/binary_info.c.obj
 .rodata.__bi_40
                0x100083c4        0xc CMakeFiles/pico_sdvx.dir/C_/Users/ngadj/Documents/pico-sdk/src/rp2_common/pico_standard_link/binary_info.c.obj
 .rodata.__bi_71
                0x100083d0        0xc CMakeFiles/pico_sdvx.dir/C_/Users/ngadj/Documents/pico-sdk/src/rp2_common/pico_standard_link/binary_info.c.obj
 .rodata.crlf_str.1
                0x100083dc        0x2 CMakeFiles/pico_sdvx.dir/C_/Users/ngadj/Documents/pico-sdk/src/rp2_common/pico_stdio/stdio.c.obj
 *fill*         0x100083de        0x2 
 .rodata.str1.4
                0x100083e0       0x2c CMakeFiles/pico_sdvx.dir/C_/Users/ngadj/Documents/pico-sdk/src/rp2_common/pico_stdio_uart/stdio_uart.c.obj
 .rodata.__bi_27.4
                0x1000840c        0xc CMakeFiles/pico_sdvx.dir/C_/Users/ngadj/Documents/pico-sdk/src/rp2_common/pico_stdio_uart/stdio_uart.c.obj
 .rodata.__bi_28.5
                0x10008418        0x8 CMakeFiles/pico_sdvx.dir/C_/Users/ngadj/Documents/pico-sdk/src/rp2_common/pico_stdio_uart/stdio_uart.c.obj
 .rodata._hw_endpoint_alloc.str1.4
                0x10008420       0xbd CMakeFiles/pico_sdvx.dir/C_/Users/ngadj/Documents/pico-sdk/lib/tinyusb/src/portable/raspberrypi/rp2040/dcd_rp2040.c.obj
 *fill*         0x100084dd        0x3 
 .rodata._hw_endpoint_init.str1.4
                0x100084e0       0x28 CMakeFiles/pico_sdvx.dir/C_/Users/ngadj/Documents/pico-sdk/lib/tinyusb/src/portable/raspberrypi/rp2040/dcd_rp2040.c.obj
 .rodata.hw_handle_buff_status.str1.4
                0x10008508        0xb CMakeFiles/pico_sdvx.dir/C_/Users/ngadj/Documents/pico-sdk/lib/tinyusb/src/portable/raspberrypi/rp2040/dcd_rp2040.c.obj
 *fill*         0x10008513        0x1 
 .rodata.dcd_rp2040_irq.str1.4
                0x10008514       0x14 CMakeFiles/pico_sdvx.dir/C_/Users/ngadj/Documents/pico-sdk/lib/tinyusb/src/portable/raspberrypi/rp2040/dcd_rp2040.c.obj
 .rodata._hw_endpoint_stall.str1.4
                0x10008528        0xd CMakeFiles/pico_sdvx.dir/C_/Users/ngadj/Documents/pico-sdk/lib/tinyusb/src/portable/raspberrypi/rp2040/dcd_rp2040.c.obj
 *fill*         0x10008535        0x3 
 .rodata.dcd_int_enable.str1.4
                0x10008538        0xc CMakeFiles/pico_sdvx.dir/C_/Users/ngadj/Documents/pico-sdk/lib/tinyusb/src/portable/raspberrypi/rp2040/dcd_rp2040.c.obj
 .rodata.__func__.0
                0x10008544       0x15 CMakeFiles/pico_sdvx.dir/C_/Users/ngadj/Documents/pico-sdk/lib/tinyusb/src/portable/raspberrypi/rp2040/dcd_rp2040.c.obj
 *fill*         0x10008559        0x3 
 .rodata.__func__.1
                0x1000855c       0x13 CMakeFiles/pico_sdvx.dir/C_/Users/ngadj/Documents/pico-sdk/lib/tinyusb/src/portable/raspberrypi/rp2040/dcd_rp2040.c.obj
 *fill*         0x1000856f        0x1 
 .rodata.__func__.10
                0x10008570        0xf CMakeFiles/pico_sdvx.dir/C_/Users/ngadj/Documents/pico-sdk/lib/tinyusb/src/portable/raspberrypi/rp2040/dcd_rp2040.c.obj
 *fill*         0x1000857f        0x1 
 .rodata.__func__.11
                0x10008580       0x13 CMakeFiles/pico_sdvx.dir/C_/Users/ngadj/Documents/pico-sdk/lib/tinyusb/src/portable/raspberrypi/rp2040/dcd_rp2040.c.obj
 *fill*         0x10008593        0x1 
 .rodata.__func__.12
                0x10008594       0x16 CMakeFiles/pico_sdvx.dir/C_/Users/ngadj/Documents/pico-sdk/lib/tinyusb/src/portable/raspberrypi/rp2040/dcd_rp2040.c.obj
 *fill*         0x100085aa        0x2 
 .rodata.__func__.13
                0x100085ac        0x9 CMakeFiles/pico_sdvx.dir/C_/Users/ngadj/Documents/pico-sdk/lib/tinyusb/src/portable/raspberrypi/rp2040/dcd_rp2040.c.obj
 *fill*         0x100085b5        0x3 
 .rodata.__func__.2
                0x100085b8        0xf CMakeFiles/pico_sdvx.dir/C_/Users/ngadj/Documents/pico-sdk/lib/tinyusb/src/portable/raspberrypi/rp2040/dcd_rp2040.c.obj
 *fill*         0x100085c7        0x1 
 .rodata.__func__.3
                0x100085c8        0xe CMakeFiles/pico_sdvx.dir/C_/Users/ngadj/Documents/pico-sdk/lib/tinyusb/src/portable/raspberrypi/rp2040/dcd_rp2040.c.obj
 *fill*         0x100085d6        0x2 
 .rodata.__func__.4
                0x100085d8        0xe CMakeFiles/pico_sdvx.dir/C_/Users/ngadj/Documents/pico-sdk/lib/tinyusb/src/portable/raspberrypi/rp2040/dcd_rp2040.c.obj
 *fill*         0x100085e6        0x2 
 .rodata.__func__.5
                0x100085e8       0x1a CMakeFiles/pico_sdvx.dir/C_/Users/ngadj/Documents/pico-sdk/lib/tinyusb/src/portable/raspberrypi/rp2040/dcd_rp2040.c.obj
 *fill*         0x10008602        0x2 
 .rodata.__func__.6
                0x10008604        0xc CMakeFiles/pico_sdvx.dir/C_/Users/ngadj/Documents/pico-sdk/lib/tinyusb/src/portable/raspberrypi/rp2040/dcd_rp2040.c.obj
 .rodata.__func__.8
                0x10008610       0x10 CMakeFiles/pico_sdvx.dir/C_/Users/ngadj/Documents/pico-sdk/lib/tinyusb/src/portable/raspberrypi/rp2040/dcd_rp2040.c.obj
 .rodata._hw_endpoint_buffer_control_update32.str1.4
                0x10008620       0x1f CMakeFiles/pico_sdvx.dir/C_/Users/ngadj/Documents/pico-sdk/lib/tinyusb/src/portable/raspberrypi/rp2040/rp2040_usb.c.obj
 *fill*         0x1000863f        0x1 
 .rodata._hw_endpoint_xfer_sync.str1.4
                0x10008640       0x99 CMakeFiles/pico_sdvx.dir/C_/Users/ngadj/Documents/pico-sdk/lib/tinyusb/src/portable/raspberrypi/rp2040/rp2040_usb.c.obj
 *fill*         0x100086d9        0x3 
 .rodata._hw_endpoint_xfer_continue.str1.4
                0x100086dc       0x50 CMakeFiles/pico_sdvx.dir/C_/Users/ngadj/Documents/pico-sdk/lib/tinyusb/src/portable/raspberrypi/rp2040/rp2040_usb.c.obj
 .rodata._hw_endpoint_xfer.str1.4
                0x1000872c        0xf CMakeFiles/pico_sdvx.dir/C_/Users/ngadj/Documents/pico-sdk/lib/tinyusb/src/portable/raspberrypi/rp2040/rp2040_usb.c.obj
 .rodata.str1.4
                0x1000873b        0xf CMakeFiles/pico_sdvx.dir/C_/Users/ngadj/Documents/pico-sdk/lib/tinyusb/src/portable/raspberrypi/rp2040/rp2040_usb.c.obj
                                  0x7 (size before relaxing)
 *fill*         0x1000873b        0x1 
 .rodata.__func__.0
                0x1000873c       0x12 CMakeFiles/pico_sdvx.dir/C_/Users/ngadj/Documents/pico-sdk/lib/tinyusb/src/portable/raspberrypi/rp2040/rp2040_usb.c.obj
 *fill*         0x1000874e        0x2 
 .rodata.__func__.1
                0x10008750       0x17 CMakeFiles/pico_sdvx.dir/C_/Users/ngadj/Documents/pico-sdk/lib/tinyusb/src/portable/raspberrypi/rp2040/rp2040_usb.c.obj
 *fill*         0x10008767        0x1 
 .rodata.process_set_config.str1.4
                0x10008768       0x17 CMakeFiles/pico_sdvx.dir/C_/Users/ngadj/Documents/pico-sdk/lib/tinyusb/src/device/usbd.c.obj
 *fill*         0x1000877f        0x1 
 .rodata.process_get_descriptor
                0x10008780       0x40 CMakeFiles/pico_sdvx.dir/C_/Users/ngadj/Documents/pico-sdk/lib/tinyusb/src/device/usbd.c.obj
 .rodata.dcd_event_handler.str1.4
                0x100087c0       0x53 CMakeFiles/pico_sdvx.dir/C_/Users/ngadj/Documents/pico-sdk/lib/tinyusb/src/device/usbd.c.obj
 *fill*         0x10008813        0x1 
 .rodata.process_control_request
                0x10008814       0x28 CMakeFiles/pico_sdvx.dir/C_/Users/ngadj/Documents/pico-sdk/lib/tinyusb/src/device/usbd.c.obj
 .rodata.tud_task
                0x1000883c       0x24 CMakeFiles/pico_sdvx.dir/C_/Users/ngadj/Documents/pico-sdk/lib/tinyusb/src/device/usbd.c.obj
 .rodata.__func__.1
                0x10008860        0xf CMakeFiles/pico_sdvx.dir/C_/Users/ngadj/Documents/pico-sdk/lib/tinyusb/src/device/usbd.c.obj
 *fill*         0x1000886f        0x1 
 .rodata.__func__.2
                0x10008870       0x14 CMakeFiles/pico_sdvx.dir/C_/Users/ngadj/Documents/pico-sdk/lib/tinyusb/src/device/usbd.c.obj
 .rodata.__func__.3
                0x10008884       0x10 CMakeFiles/pico_sdvx.dir/C_/Users/ngadj/Documents/pico-sdk/lib/tinyusb/src/device/usbd.c.obj
 .rodata.__func__.4
                0x10008894       0x17 CMakeFiles/pico_sdvx.dir/C_/Users/ngadj/Documents/pico-sdk/lib/tinyusb/src/device/usbd.c.obj
 *fill*         0x100088ab        0x1 
 .rodata.__func__.5
                0x100088ac       0x13 CMakeFiles/pico_sdvx.dir/C_/Users/ngadj/Documents/pico-sdk/lib/tinyusb/src/device/usbd.c.obj
 *fill*         0x100088bf        0x1 
 .rodata.__func__.6
                0x100088c0       0x18 CMakeFiles/pico_sdvx.dir/C_/Users/ngadj/Documents/pico-sdk/lib/tinyusb/src/device/usbd.c.obj
 .rodata.__func__.7
                0x100088d8       0x13 CMakeFiles/pico_sdvx.dir/C_/Users/ngadj/Documents/pico-sdk/lib/tinyusb/src/device/usbd.c.obj
 *fill*         0x100088eb        0x1 
 .rodata.__func__.8
                0x100088ec        0x9 CMakeFiles/pico_sdvx.dir/C_/Users/ngadj/Documents/pico-sdk/lib/tinyusb/src/device/usbd.c.obj
 *fill*         0x100088f5        0x3 
 .rodata._usbd_driver
                0x100088f8       0x1c CMakeFiles/pico_sdvx.dir/C_/Users/ngadj/Documents/pico-sdk/lib/tinyusb/src/device/usbd.c.obj
 .rodata.tud_control_xfer.str1.4
                0x10008914       0x17 CMakeFiles/pico_sdvx.dir/C_/Users/ngadj/Documents/pico-sdk/lib/tinyusb/src/device/usbd_control.c.obj
 .rodata.__func__.0
                0x10008914       0x15 CMakeFiles/pico_sdvx.dir/C_/Users/ngadj/Documents/pico-sdk/lib/tinyusb/src/device/usbd_control.c.obj
 *fill*         0x10008929        0x3 
 .rodata.__func__.1
                0x1000892c       0x11 CMakeFiles/pico_sdvx.dir/C_/Users/ngadj/Documents/pico-sdk/lib/tinyusb/src/device/usbd_control.c.obj
 *fill*         0x1000893d        0x3 
 .rodata.hidd_open.str1.4
                0x10008940       0x11 CMakeFiles/pico_sdvx.dir/C_/Users/ngadj/Documents/pico-sdk/lib/tinyusb/src/class/hid/hid_device.c.obj
                                 0x29 (size before relaxing)
 *fill*         0x10008951        0x3 
 .rodata.hidd_control_request
                0x10008954       0x30 CMakeFiles/pico_sdvx.dir/C_/Users/ngadj/Documents/pico-sdk/lib/tinyusb/src/class/hid/hid_device.c.obj
 .rodata.__PRETTY_FUNCTION__.2
                0x10008984        0xa CMakeFiles/pico_sdvx.dir/C_/Users/ngadj/Documents/pico-sdk/lib/tinyusb/src/class/hid/hid_device.c.obj
 *fill*         0x1000898e        0x2 
 .rodata.__func__.0
                0x10008990        0xd CMakeFiles/pico_sdvx.dir/C_/Users/ngadj/Documents/pico-sdk/lib/tinyusb/src/class/hid/hid_device.c.obj
 *fill*         0x1000899d        0x3 
 .rodata.__func__.1
                0x100089a0       0x15 CMakeFiles/pico_sdvx.dir/C_/Users/ngadj/Documents/pico-sdk/lib/tinyusb/src/class/hid/hid_device.c.obj
 *fill*         0x100089b5        0x3 
 .rodata.__func__.3
                0x100089b8        0xa CMakeFiles/pico_sdvx.dir/C_/Users/ngadj/Documents/pico-sdk/lib/tinyusb/src/class/hid/hid_device.c.obj
 .rodata.tusb_init.str1.4
                0x100089c2       0x17 CMakeFiles/pico_sdvx.dir/C_/Users/ngadj/Documents/pico-sdk/lib/tinyusb/src/tusb.c.obj
 *fill*         0x100089c2        0x2 
 .rodata.__func__.0
                0x100089c4        0xa CMakeFiles/pico_sdvx.dir/C_/Users/ngadj/Documents/pico-sdk/lib/tinyusb/src/tusb.c.obj
 *fill*         0x100089ce        0x2 
 .rodata._pio_can_add_program_at_offset.str1.4
                0x100089d0       0x96 CMakeFiles/pico_sdvx.dir/C_/Users/ngadj/Documents/pico-sdk/src/rp2_common/hardware_pio/pio.c.obj
                                0x109 (size before relaxing)
 *fill*         0x10008a66        0x2 
 .rodata._pio_find_offset_for_program.str1.4
                0x10008a68       0x28 CMakeFiles/pico_sdvx.dir/C_/Users/ngadj/Documents/pico-sdk/src/rp2_common/hardware_pio/pio.c.obj
 .rodata._pio_add_program_at_offset.str1.4
                0x10008a90       0x11 CMakeFiles/pico_sdvx.dir/C_/Users/ngadj/Documents/pico-sdk/src/rp2_common/hardware_pio/pio.c.obj
 *fill*         0x10008aa1        0x3 
 .rodata.pio_sm_set_consecutive_pindirs.str1.4
                0x10008aa4        0xa CMakeFiles/pico_sdvx.dir/C_/Users/ngadj/Documents/pico-sdk/src/rp2_common/hardware_pio/pio.c.obj
 *fill*         0x10008aae        0x2 
 .rodata.__func__.1
                0x10008ab0       0x1f CMakeFiles/pico_sdvx.dir/C_/Users/ngadj/Documents/pico-sdk/src/rp2_common/hardware_pio/pio.c.obj
 *fill*         0x10008acf        0x1 
 .rodata.__func__.3
                0x10008ad0       0x1f CMakeFiles/pico_sdvx.dir/C_/Users/ngadj/Documents/pico-sdk/src/rp2_common/hardware_pio/pio.c.obj
 *fill*         0x10008aef        0x1 
 .rodata.__func__.4
                0x10008af0       0x1d CMakeFiles/pico_sdvx.dir/C_/Users/ngadj/Documents/pico-sdk/src/rp2_common/hardware_pio/pio.c.obj
 *fill*         0x10008b0d        0x3 
 .rodata.__func__.6
                0x10008b10        0xe CMakeFiles/pico_sdvx.dir/C_/Users/ngadj/Documents/pico-sdk/src/rp2_common/hardware_pio/pio.c.obj
                0x10008b20                . = ALIGN (0x4)
 *fill*         0x10008b1e        0x2 
 *(SORT_BY_ALIGNMENT(SORT_BY_NAME(.flashdata*)))
                0x10008b20                . = ALIGN (0x4)

.rel.dyn        0x10008b20        0x0
 .rel.iplt      0x10008b20        0x0 c:/progra~2/gnuarm~1/102020~1/bin/../lib/gcc/arm-none-eabi/10.2.1/thumb/v6-m/nofp/crtbegin.o

.ARM.extab
 *(.ARM.extab* .gnu.linkonce.armextab.*)
                0x10008b20                __exidx_start = .

.ARM.exidx
 *(.ARM.exidx* .gnu.linkonce.armexidx.*)
                0x10008b20                __exidx_end = .
                0x10008b20                . = ALIGN (0x4)
                0x10008b20                __binary_info_start = .

.binary_info    0x10008b20       0x20
 *(.binary_info.keep.*)
 .binary_info.keep.__bi_ptr18
                0x10008b20        0x4 CMakeFiles/pico_sdvx.dir/C_/Users/ngadj/Documents/pico-sdk/src/rp2_common/pico_standard_link/binary_info.c.obj
 .binary_info.keep.__bi_ptr26
                0x10008b24        0x4 CMakeFiles/pico_sdvx.dir/C_/Users/ngadj/Documents/pico-sdk/src/rp2_common/pico_standard_link/binary_info.c.obj
 .binary_info.keep.__bi_ptr34
                0x10008b28        0x4 CMakeFiles/pico_sdvx.dir/C_/Users/ngadj/Documents/pico-sdk/src/rp2_common/pico_standard_link/binary_info.c.obj
 .binary_info.keep.__bi_ptr40
                0x10008b2c        0x4 CMakeFiles/pico_sdvx.dir/C_/Users/ngadj/Documents/pico-sdk/src/rp2_common/pico_standard_link/binary_info.c.obj
 .binary_info.keep.__bi_ptr46
                0x10008b30        0x4 CMakeFiles/pico_sdvx.dir/C_/Users/ngadj/Documents/pico-sdk/src/rp2_common/pico_standard_link/binary_info.c.obj
 .binary_info.keep.__bi_ptr71
                0x10008b34        0x4 CMakeFiles/pico_sdvx.dir/C_/Users/ngadj/Documents/pico-sdk/src/rp2_common/pico_standard_link/binary_info.c.obj
 *(.binary_info.*)
 .binary_info.__bi_ptr27
                0x10008b38        0x4 CMakeFiles/pico_sdvx.dir/C_/Users/ngadj/Documents/pico-sdk/src/rp2_common/pico_stdio_uart/stdio_uart.c.obj
 .binary_info.__bi_ptr28
                0x10008b3c        0x4 CMakeFiles/pico_sdvx.dir/C_/Users/ngadj/Documents/pico-sdk/src/rp2_common/pico_stdio_uart/stdio_uart.c.obj
                0x10008b40                __binary_info_end = .
                0x10008b40                . = ALIGN (0x4)
                0x10008b40                __etext = .

.ram_vector_table
                0x20000000       0xc0
 *(.ram_vector_table)
 .ram_vector_table
                0x20000000       0xc0 CMakeFiles/pico_sdvx.dir/C_/Users/ngadj/Documents/pico-sdk/src/rp2_common/pico_runtime/runtime.c.obj
                0x20000000                ram_vector_table

.data           0x200000c0      0xb24 load address 0x10008b40
                0x200000c0                __data_start__ = .
 *(vtable)
 *(.time_critical*)
 .time_critical.mutex_enter_blocking
                0x200000c0       0x64 CMakeFiles/pico_sdvx.dir/C_/Users/ngadj/Documents/pico-sdk/src/common/pico_sync/mutex.c.obj
                0x200000c0                mutex_enter_blocking
 .time_critical.mutex_try_enter
                0x20000124       0x44 CMakeFiles/pico_sdvx.dir/C_/Users/ngadj/Documents/pico-sdk/src/common/pico_sync/mutex.c.obj
                0x20000124                mutex_try_enter
 .time_critical.mutex_enter_block_until
                0x20000168       0x78 CMakeFiles/pico_sdvx.dir/C_/Users/ngadj/Documents/pico-sdk/src/common/pico_sync/mutex.c.obj
                0x20000168                mutex_enter_block_until
 .time_critical.mutex_enter_timeout_ms
                0x200001e0       0x4a CMakeFiles/pico_sdvx.dir/C_/Users/ngadj/Documents/pico-sdk/src/common/pico_sync/mutex.c.obj
                0x200001e0                mutex_enter_timeout_ms
 *fill*         0x2000022a        0x2 
 .time_critical.mutex_exit
                0x2000022c       0x4c CMakeFiles/pico_sdvx.dir/C_/Users/ngadj/Documents/pico-sdk/src/common/pico_sync/mutex.c.obj
                0x2000022c                mutex_exit
 *(.text*)
 .text          0x20000278        0x4 c:/progra~2/gnuarm~1/102020~1/bin/../lib/gcc/arm-none-eabi/10.2.1/thumb/v6-m/nofp\libgcc.a(_dvmd_tls.o)
                0x20000278                __aeabi_idiv0
                0x20000278                __aeabi_ldiv0
 *fill*         0x2000027c        0x4 
 .text.__stub   0x20000280       0x40 linker stubs
                0x200002c0                . = ALIGN (0x4)
 *(.rodata*)
                0x200002c0                . = ALIGN (0x4)
 *(.data*)
 .data.state_machine
                0x200002c0        0x8 CMakeFiles/pico_sdvx.dir/pico_sdvx.c.obj
                0x200002c0                state_machine
 .data.string_desc_arr
                0x200002c8       0x10 CMakeFiles/pico_sdvx.dir/usb_descriptors.c.obj
                0x200002c8                string_desc_arr
 .data.striped_spin_lock_num
                0x200002d8        0x1 CMakeFiles/pico_sdvx.dir/C_/Users/ngadj/Documents/pico-sdk/src/rp2_common/hardware_sync/sync.c.obj
 *fill*         0x200002d9        0x3 
 .data          0x200002dc       0x48 CMakeFiles/pico_sdvx.dir/C_/Users/ngadj/Documents/pico-sdk/src/rp2_common/hardware_irq/irq_handler_chain.S.obj
                0x200002dc                irq_handler_chain_slots
                0x2000030c                irq_handler_chain_first_slot
                0x20000316                irq_handler_chain_remove_tail
 *fill*         0x20000324        0xc 
 .data.aeabi_bits_funcs
                0x20000330       0x10 CMakeFiles/pico_sdvx.dir/C_/Users/ngadj/Documents/pico-sdk/src/rp2_common/pico_bit_ops/bit_ops_aeabi.S.obj
                0x20000330                aeabi_bits_funcs
                0x20000340                aeabi_bits_funcs_end
 .data.aeabi_mem_funcs
                0x20000340       0x10 CMakeFiles/pico_sdvx.dir/C_/Users/ngadj/Documents/pico-sdk/src/rp2_common/pico_mem_ops/mem_ops_aeabi.S.obj
                0x20000340                aeabi_mem_funcs
                0x20000350                aeabi_mem_funcs_end
 .data.stdio_uart
                0x20000350       0x14 CMakeFiles/pico_sdvx.dir/C_/Users/ngadj/Documents/pico-sdk/src/rp2_common/pico_stdio_uart/stdio_uart.c.obj
                0x20000350                stdio_uart
 .data.ep_dir_string
                0x20000364        0x8 CMakeFiles/pico_sdvx.dir/C_/Users/ngadj/Documents/pico-sdk/lib/tinyusb/src/portable/raspberrypi/rp2040/rp2040_usb.c.obj
                0x20000364                ep_dir_string
 .data._usbd_qdef
                0x2000036c       0x20 CMakeFiles/pico_sdvx.dir/C_/Users/ngadj/Documents/pico-sdk/lib/tinyusb/src/device/usbd.c.obj
                0x2000036c                _usbd_qdef
 .data._impure_ptr
                0x2000038c        0x4 c:/progra~2/gnuarm~1/102020~1/bin/../lib/gcc/arm-none-eabi/10.2.1/../../../../arm-none-eabi/lib/thumb/v6-m/nofp\libg.a(lib_a-impure.o)
                0x2000038c                _impure_ptr
 .data.impure_data
                0x20000390      0x428 c:/progra~2/gnuarm~1/102020~1/bin/../lib/gcc/arm-none-eabi/10.2.1/../../../../arm-none-eabi/lib/thumb/v6-m/nofp\libg.a(lib_a-impure.o)
 .data.__malloc_av_
                0x200007b8      0x408 c:/progra~2/gnuarm~1/102020~1/bin/../lib/gcc/arm-none-eabi/10.2.1/../../../../arm-none-eabi/lib/thumb/v6-m/nofp\libg.a(lib_a-mallocr.o)
                0x200007b8                __malloc_av_
 .data.__malloc_sbrk_base
                0x20000bc0        0x4 c:/progra~2/gnuarm~1/102020~1/bin/../lib/gcc/arm-none-eabi/10.2.1/../../../../arm-none-eabi/lib/thumb/v6-m/nofp\libg.a(lib_a-mallocr.o)
                0x20000bc0                __malloc_sbrk_base
 .data.__malloc_trim_threshold
                0x20000bc4        0x4 c:/progra~2/gnuarm~1/102020~1/bin/../lib/gcc/arm-none-eabi/10.2.1/../../../../arm-none-eabi/lib/thumb/v6-m/nofp\libg.a(lib_a-mallocr.o)
                0x20000bc4                __malloc_trim_threshold
                0x20000bc8                . = ALIGN (0x4)
 *(.after_data.*)
                0x20000bc8                . = ALIGN (0x4)
                0x20000bc8                PROVIDE (__mutex_array_start = .)
 *(SORT_BY_NAME(.mutex_array.*))
 *(.mutex_array)
 .mutex_array   0x20000bc8        0x8 CMakeFiles/pico_sdvx.dir/C_/Users/ngadj/Documents/pico-sdk/src/rp2_common/pico_stdio/stdio.c.obj
                0x20000bd0                PROVIDE (__mutex_array_end = .)
                0x20000bd0                . = ALIGN (0x4)
                0x20000bd0                PROVIDE (__preinit_array_start = .)
 *(SORT_BY_NAME(.preinit_array.*))
 .preinit_array.00001
                0x20000bd0        0x4 CMakeFiles/pico_sdvx.dir/C_/Users/ngadj/Documents/pico-sdk/src/rp2_common/pico_mem_ops/mem_ops_aeabi.S.obj
 .preinit_array.00010
                0x20000bd4        0x4 CMakeFiles/pico_sdvx.dir/C_/Users/ngadj/Documents/pico-sdk/src/rp2_common/pico_bit_ops/bit_ops_aeabi.S.obj
 .preinit_array.00020