Archive member included to satisfy reference by file (symbol)

c:/progra~2/gnuarm~1/102020~1/bin/../lib/gcc/arm-none-eabi/10.2.1/thumb/v6-m/nofp\libgcc.a(_dvmd_tls.o)
                              CMakeFiles/pico_sdvx.dir/C_/Users/ngadj/Documents/pico-sdk/src/rp2_common/pico_divider/divider.S.obj (__aeabi_idiv0)
c:/progra~2/gnuarm~1/102020~1/bin/../lib/gcc/arm-none-eabi/10.2.1/../../../../arm-none-eabi/lib/thumb/v6-m/nofp\libg.a(lib_a-calloc.o)
                              CMakeFiles/pico_sdvx.dir/C_/Users/ngadj/Documents/pico-sdk/src/rp2_common/pico_malloc/pico_malloc.c.obj (calloc)
c:/progra~2/gnuarm~1/102020~1/bin/../lib/gcc/arm-none-eabi/10.2.1/../../../../arm-none-eabi/lib/thumb/v6-m/nofp\libg.a(lib_a-callocr.o)
                              c:/progra~2/gnuarm~1/102020~1/bin/../lib/gcc/arm-none-eabi/10.2.1/../../../../arm-none-eabi/lib/thumb/v6-m/nofp\libg.a(lib_a-calloc.o) (_calloc_r)
c:/progra~2/gnuarm~1/102020~1/bin/../lib/gcc/arm-none-eabi/10.2.1/../../../../arm-none-eabi/lib/thumb/v6-m/nofp\libg.a(lib_a-ctype_.o)
                              CMakeFiles/pico_sdvx.dir/C_/Users/ngadj/Documents/pico-sdk/lib/tinyusb/src/tusb.c.obj (_ctype_)
c:/progra~2/gnuarm~1/102020~1/bin/../lib/gcc/arm-none-eabi/10.2.1/../../../../arm-none-eabi/lib/thumb/v6-m/nofp\libg.a(lib_a-impure.o)
                              c:/progra~2/gnuarm~1/102020~1/bin/../lib/gcc/arm-none-eabi/10.2.1/../../../../arm-none-eabi/lib/thumb/v6-m/nofp\libg.a(lib_a-calloc.o) (_impure_ptr)
c:/progra~2/gnuarm~1/102020~1/bin/../lib/gcc/arm-none-eabi/10.2.1/../../../../arm-none-eabi/lib/thumb/v6-m/nofp\libg.a(lib_a-init.o)
                              c:/progra~2/gnuarm~1/102020~1/bin/../lib/gcc/arm-none-eabi/10.2.1/../../../../arm-none-eabi/lib/thumb/v6-m/nofp/crt0.o (__libc_init_array)
c:/progra~2/gnuarm~1/102020~1/bin/../lib/gcc/arm-none-eabi/10.2.1/../../../../arm-none-eabi/lib/thumb/v6-m/nofp\libg.a(lib_a-malloc.o)
                              CMakeFiles/pico_sdvx.dir/C_/Users/ngadj/Documents/pico-sdk/src/rp2_common/pico_malloc/pico_malloc.c.obj (malloc)
c:/progra~2/gnuarm~1/102020~1/bin/../lib/gcc/arm-none-eabi/10.2.1/../../../../arm-none-eabi/lib/thumb/v6-m/nofp\libg.a(lib_a-mallocr.o)
                              c:/progra~2/gnuarm~1/102020~1/bin/../lib/gcc/arm-none-eabi/10.2.1/../../../../arm-none-eabi/lib/thumb/v6-m/nofp\libg.a(lib_a-callocr.o) (_malloc_r)
c:/progra~2/gnuarm~1/102020~1/bin/../lib/gcc/arm-none-eabi/10.2.1/../../../../arm-none-eabi/lib/thumb/v6-m/nofp\libg.a(lib_a-mlock.o)
                              c:/progra~2/gnuarm~1/102020~1/bin/../lib/gcc/arm-none-eabi/10.2.1/../../../../arm-none-eabi/lib/thumb/v6-m/nofp\libg.a(lib_a-mallocr.o) (__malloc_lock)
c:/progra~2/gnuarm~1/102020~1/bin/../lib/gcc/arm-none-eabi/10.2.1/../../../../arm-none-eabi/lib/thumb/v6-m/nofp\libg.a(lib_a-sbrkr.o)
                              c:/progra~2/gnuarm~1/102020~1/bin/../lib/gcc/arm-none-eabi/10.2.1/../../../../arm-none-eabi/lib/thumb/v6-m/nofp\libg.a(lib_a-mallocr.o) (_sbrk_r)
c:/progra~2/gnuarm~1/102020~1/bin/../lib/gcc/arm-none-eabi/10.2.1/../../../../arm-none-eabi/lib/thumb/v6-m/nofp\libg.a(lib_a-strlen-stub.o)
                              CMakeFiles/pico_sdvx.dir/usb_descriptors.c.obj (strlen)
c:/progra~2/gnuarm~1/102020~1/bin/../lib/gcc/arm-none-eabi/10.2.1/../../../../arm-none-eabi/lib/thumb/v6-m/nofp\libg.a(lib_a-freer.o)
                              c:/progra~2/gnuarm~1/102020~1/bin/../lib/gcc/arm-none-eabi/10.2.1/../../../../arm-none-eabi/lib/thumb/v6-m/nofp\libg.a(lib_a-malloc.o) (_free_r)
c:/progra~2/gnuarm~1/102020~1/bin/../lib/gcc/arm-none-eabi/10.2.1/../../../../arm-none-eabi/lib/thumb/v6-m/nofp\libg.a(lib_a-lock.o)
                              c:/progra~2/gnuarm~1/102020~1/bin/../lib/gcc/arm-none-eabi/10.2.1/../../../../arm-none-eabi/lib/thumb/v6-m/nofp\libg.a(lib_a-mlock.o) (__retarget_lock_acquire_recursive)
c:/progra~2/gnuarm~1/102020~1/bin/../lib/gcc/arm-none-eabi/10.2.1/../../../../arm-none-eabi/lib/thumb/v6-m/nofp\libg.a(lib_a-reent.o)
                              c:/progra~2/gnuarm~1/102020~1/bin/../lib/gcc/arm-none-eabi/10.2.1/../../../../arm-none-eabi/lib/thumb/v6-m/nofp\libg.a(lib_a-sbrkr.o) (errno)

Discarded input sections

 .text          0x00000000        0x0 c:/progra~2/gnuarm~1/102020~1/bin/../lib/gcc/arm-none-eabi/10.2.1/thumb/v6-m/nofp/crti.o
 .data          0x00000000        0x0 c:/progra~2/gnuarm~1/102020~1/bin/../lib/gcc/arm-none-eabi/10.2.1/thumb/v6-m/nofp/crti.o
 .bss           0x00000000        0x0 c:/progra~2/gnuarm~1/102020~1/bin/../lib/gcc/arm-none-eabi/10.2.1/thumb/v6-m/nofp/crti.o
 .data          0x00000000        0x4 c:/progra~2/gnuarm~1/102020~1/bin/../lib/gcc/arm-none-eabi/10.2.1/thumb/v6-m/nofp/crtbegin.o
 .rodata        0x00000000       0x24 c:/progra~2/gnuarm~1/102020~1/bin/../lib/gcc/arm-none-eabi/10.2.1/thumb/v6-m/nofp/crtbegin.o
[...]
Memory Configuration

Name             Origin             Length             Attributes
FLASH            0x10000000         0x00200000         xr
RAM              0x20000000         0x00040000         xrw
SCRATCH_X        0x20040000         0x00001000         xrw
SCRATCH_Y        0x20041000         0x00001000         xrw
*default*        0x00000000         0xffffffff

Linker script and memory map

LOAD c:/progra~2/gnuarm~1/102020~1/bin/../lib/gcc/arm-none-eabi/10.2.1/thumb/v6-m/nofp/crti.o
LOAD c:/progra~2/gnuarm~1/102020~1/bin/../lib/gcc/arm-none-eabi/10.2.1/thumb/v6-m/nofp/crtbegin.o
LOAD c:/progra~2/gnuarm~1/102020~1/bin/../lib/gcc/arm-none-eabi/10.2.1/../../../../arm-none-eabi/lib/thumb/v6-m/nofp/crt0.o

.flash_begin    0x10000000        0x0
                0x10000000                __flash_binary_start = .

.boot2          0x10000000      0x100
                0x10000000                __boot2_start__ = .
 *(.boot2)
 .boot2         0x10000000      0x100 C:\Users\ngadj\AppData\Local\Temp\cc6irDGz.o
                0x10000100                __boot2_end__ = .
                0x00000001                ASSERT (((__boot2_end__ - __boot2_start__) == 0x100), ERROR: Pico second stage bootloader must be 256 bytes in size)

.text           0x10000100     0x6c10
                0x10000100                __logical_binary_start = .
 *(.vectors)
 .vectors       0x10000100       0xd4 CMakeFiles/pico_sdvx.dir/C_/Users/ngadj/Documents/pico-sdk/src/rp2_common/pico_standard_link/crt0.S.obj
                0x10000100                __vectors
                0x100001c0                isr_invalid
                0x100001c2                isr_nmi
                0x100001c4                isr_hardfault
                0x100001c6                isr_svcall
                0x100001c8                isr_pendsv
                0x100001ca                isr_systick
                0x100001cc                isr_irq11
                0x100001cc                isr_irq5
                0x100001cc                isr_irq23
                0x100001cc                isr_irq18
                0x100001cc                isr_irq31
                0x100001cc                isr_irq28
                0x100001cc                isr_irq19
                0x100001cc                isr_irq0
                0x100001cc                isr_irq6
                0x100001cc                isr_irq27
                0x100001cc                isr_irq12
                0x100001cc                isr_irq22
                0x100001cc                isr_irq13
                0x100001cc                isr_irq17
                0x100001cc                isr_irq14
                0x100001cc                isr_irq2
                0x100001cc                isr_irq10
                0x100001cc                isr_irq8
                0x100001cc                isr_irq24
                0x100001cc                isr_irq1
                0x100001cc                isr_irq7
                0x100001cc                isr_irq21
                0x100001cc                isr_irq20
                0x100001cc                isr_irq15
                0x100001cc                isr_irq25
                0x100001cc                __unhandled_user_irq
                0x100001cc                isr_irq4
                0x100001cc                isr_irq16
                0x100001cc                isr_irq29
                0x100001cc                isr_irq26
                0x100001cc                isr_irq3
                0x100001cc                isr_irq30
                0x100001cc                isr_irq9
                0x100001d2                unhandled_user_irq_num_in_r0
 *(.binary_info_header)
 .binary_info_header
                0x100001d4       0x14 CMakeFiles/pico_sdvx.dir/C_/Users/ngadj/Documents/pico-sdk/src/rp2_common/pico_standard_link/crt0.S.obj
                0x100001e8                __binary_info_header_end = .
 *(.reset)
 .reset         0x100001e8       0xa8 CMakeFiles/pico_sdvx.dir/C_/Users/ngadj/Documents/pico-sdk/src/rp2_common/pico_standard_link/crt0.S.obj
                0x100001e8                _entry_point
                0x10000266                __get_current_exception
 .reset         0x10000290       0x30 CMakeFiles/pico_sdvx.dir/C_/Users/ngadj/Documents/pico-sdk/src/rp2_common/pico_standard_link/binary_info.c.obj
 *(.init)
 .init          0x100002c0        0x4 c:/progra~2/gnuarm~1/102020~1/bin/../lib/gcc/arm-none-eabi/10.2.1/thumb/v6-m/nofp/crti.o
                0x100002c0                _init
 *(EXCLUDE_FILE(*libm.a: *libc.a:*lib_a-mem*.o *libgcc.a:) .text*)
 .text          0x100002c4       0x48 c:/progra~2/gnuarm~1/102020~1/bin/../lib/gcc/arm-none-eabi/10.2.1/thumb/v6-m/nofp/crtbegin.o
 .text.init     0x1000030c       0x38 CMakeFiles/pico_sdvx.dir/pico_sdvx.c.obj
                0x1000030c                init
 .text.keyMode  0x10000344       0x98 CMakeFiles/pico_sdvx.dir/pico_sdvx.c.obj
                0x10000344                keyMode
 .text.main     0x100003dc       0x18 CMakeFiles/pico_sdvx.dir/pico_sdvx.c.obj
                0x100003dc                main
 .text.tud_hid_get_report_cb
                0x100003f4        0x4 CMakeFiles/pico_sdvx.dir/pico_sdvx.c.obj
                0x100003f4                tud_hid_get_report_cb
 .text.tud_hid_set_report_cb
                0x100003f8        0x2 CMakeFiles/pico_sdvx.dir/pico_sdvx.c.obj
                0x100003f8                tud_hid_set_report_cb
 *fill*         0x100003fa        0x2 
 .text.tud_descriptor_device_cb
                0x100003fc        0x8 CMakeFiles/pico_sdvx.dir/usb_descriptors.c.obj
                0x100003fc                tud_descriptor_device_cb
 .text.tud_hid_descriptor_report_cb
                0x10000404        0x8 CMakeFiles/pico_sdvx.dir/usb_descriptors.c.obj
                0x10000404                tud_hid_descriptor_report_cb
 .text.tud_descriptor_configuration_cb
                0x1000040c        0x8 CMakeFiles/pico_sdvx.dir/usb_descriptors.c.obj
                0x1000040c                tud_descriptor_configuration_cb
 .text.tud_descriptor_string_cb
                0x10000414       0x60 CMakeFiles/pico_sdvx.dir/usb_descriptors.c.obj
                0x10000414                tud_descriptor_string_cb
 .text.setup_default_uart
                0x10000474        0x8 CMakeFiles/pico_sdvx.dir/C_/Users/ngadj/Documents/pico-sdk/src/rp2_common/pico_stdlib/stdlib.c.obj
                0x10000474                setup_default_uart
 .text.gpio_set_function
                0x1000047c       0x30 CMakeFiles/pico_sdvx.dir/C_/Users/ngadj/Documents/pico-sdk/src/rp2_common/hardware_gpio/gpio.c.obj
                0x1000047c                gpio_set_function
 .text.gpio_set_pulls
                0x100004ac       0x34 CMakeFiles/pico_sdvx.dir/C_/Users/ngadj/Documents/pico-sdk/src/rp2_common/hardware_gpio/gpio.c.obj
                0x100004ac                gpio_set_pulls
 .text.gpio_init
                0x100004e0       0x16 CMakeFiles/pico_sdvx.dir/C_/Users/ngadj/Documents/pico-sdk/src/rp2_common/hardware_gpio/gpio.c.obj
                0x100004e0                gpio_init
 *fill*         0x100004f6        0x2 
 .text.hw_claim_lock
                0x100004f8       0x18 CMakeFiles/pico_sdvx.dir/C_/Users/ngadj/Documents/pico-sdk/src/rp2_common/hardware_claim/claim.c.obj
                0x100004f8                hw_claim_lock
 .text.hw_claim_unlock
                0x10000510       0x14 CMakeFiles/pico_sdvx.dir/C_/Users/ngadj/Documents/pico-sdk/src/rp2_common/hardware_claim/claim.c.obj
                0x10000510                hw_claim_unlock
 .text.hw_claim_or_assert
                0x10000524       0x34 CMakeFiles/pico_sdvx.dir/C_/Users/ngadj/Documents/pico-sdk/src/rp2_common/hardware_claim/claim.c.obj
                0x10000524                hw_claim_or_assert
 .text.hw_claim_unused_from_range
                0x10000558       0x56 CMakeFiles/pico_sdvx.dir/C_/Users/ngadj/Documents/pico-sdk/src/rp2_common/hardware_claim/claim.c.obj
                0x10000558                hw_claim_unused_from_range
 *fill*         0x100005ae        0x2 
 .text.spin_locks_reset
                0x100005b0       0x20 CMakeFiles/pico_sdvx.dir/C_/Users/ngadj/Documents/pico-sdk/src/rp2_common/hardware_sync/sync.c.obj
                0x100005b0                spin_locks_reset
 .text.next_striped_spin_lock_num
                0x100005d0       0x1c CMakeFiles/pico_sdvx.dir/C_/Users/ngadj/Documents/pico-sdk/src/rp2_common/hardware_sync/sync.c.obj
                0x100005d0                next_striped_spin_lock_num
 .text.spin_lock_claim_unused
                0x100005ec       0x20 CMakeFiles/pico_sdvx.dir/C_/Users/ngadj/Documents/pico-sdk/src/rp2_common/hardware_sync/sync.c.obj
                0x100005ec                spin_lock_claim_unused
 .text.running_on_fpga
                0x1000060c       0x14 CMakeFiles/pico_sdvx.dir/C_/Users/ngadj/Documents/pico-sdk/src/rp2_common/pico_platform/platform.c.obj
                0x1000060c                running_on_fpga
 .text.uart_set_baudrate
                0x10000620       0x64 CMakeFiles/pico_sdvx.dir/C_/Users/ngadj/Documents/pico-sdk/src/rp2_common/hardware_uart/uart.c.obj
                0x10000620                uart_set_baudrate
 .text.uart_set_translate_crlf
                0x10000684       0x28 CMakeFiles/pico_sdvx.dir/C_/Users/ngadj/Documents/pico-sdk/src/rp2_common/hardware_uart/uart.c.obj
                0x10000684                uart_set_translate_crlf
 .text.uart_init
                0x100006ac       0x80 CMakeFiles/pico_sdvx.dir/C_/Users/ngadj/Documents/pico-sdk/src/rp2_common/hardware_uart/uart.c.obj
                0x100006ac                uart_init
 .text.sev_callback
                0x1000072c        0x8 CMakeFiles/pico_sdvx.dir/C_/Users/ngadj/Documents/pico-sdk/src/common/pico_time/time.c.obj
 .text.timer_pool_entry_comparator
                0x10000734       0x7c CMakeFiles/pico_sdvx.dir/C_/Users/ngadj/Documents/pico-sdk/src/common/pico_time/time.c.obj
                0x10000734                timer_pool_entry_comparator
 .text.ph_add_child_node
                0x100007b0       0xa4 CMakeFiles/pico_sdvx.dir/C_/Users/ngadj/Documents/pico-sdk/src/common/pico_time/time.c.obj
 .text.ph_merge_nodes
                0x10000854       0x3e CMakeFiles/pico_sdvx.dir/C_/Users/ngadj/Documents/pico-sdk/src/common/pico_time/time.c.obj
 *fill*         0x10000892        0x2 
 .text.add_alarm_under_lock
                0x10000894      0x178 CMakeFiles/pico_sdvx.dir/C_/Users/ngadj/Documents/pico-sdk/src/common/pico_time/time.c.obj
 .text.alarm_pool_alarm_callback
                0x10000a0c      0x2e4 CMakeFiles/pico_sdvx.dir/C_/Users/ngadj/Documents/pico-sdk/src/common/pico_time/time.c.obj
 .text.alarm_pool_get_default
                0x10000cf0       0x28 CMakeFiles/pico_sdvx.dir/C_/Users/ngadj/Documents/pico-sdk/src/common/pico_time/time.c.obj
                0x10000cf0                alarm_pool_get_default
 .text.alarm_pool_create
                0x10000d18       0x6c CMakeFiles/pico_sdvx.dir/C_/Users/ngadj/Documents/pico-sdk/src/common/pico_time/time.c.obj
                0x10000d18                alarm_pool_create
 .text.alarm_pool_init_default
                0x10000d84       0x20 CMakeFiles/pico_sdvx.dir/C_/Users/ngadj/Documents/pico-sdk/src/common/pico_time/time.c.obj
                0x10000d84                alarm_pool_init_default
 .text.alarm_pool_add_alarm_at
                0x10000da4      0x128 CMakeFiles/pico_sdvx.dir/C_/Users/ngadj/Documents/pico-sdk/src/common/pico_time/time.c.obj
                0x10000da4                alarm_pool_add_alarm_at
 .text.alarm_pool_cancel_alarm
                0x10000ecc       0xec CMakeFiles/pico_sdvx.dir/C_/Users/ngadj/Documents/pico-sdk/src/common/pico_time/time.c.obj
                0x10000ecc                alarm_pool_cancel_alarm
 .text.best_effort_wfe_or_timeout
                0x10000fb8       0x80 CMakeFiles/pico_sdvx.dir/C_/Users/ngadj/Documents/pico-sdk/src/common/pico_time/time.c.obj
                0x10000fb8                best_effort_wfe_or_timeout
 .text.hardware_alarm_irq_handler
                0x10001038       0x8c CMakeFiles/pico_sdvx.dir/C_/Users/ngadj/Documents/pico-sdk/src/rp2_common/hardware_timer/timer.c.obj
 .text.hardware_alarm_claim
                0x100010c4       0x18 CMakeFiles/pico_sdvx.dir/C_/Users/ngadj/Documents/pico-sdk/src/rp2_common/hardware_timer/timer.c.obj
                0x100010c4                hardware_alarm_claim
 .text.time_us_64
                0x100010dc       0x18 CMakeFiles/pico_sdvx.dir/C_/Users/ngadj/Documents/pico-sdk/src/rp2_common/hardware_timer/timer.c.obj
                0x100010dc                time_us_64
 .text.hardware_alarm_set_callback
                0x100010f4       0x90 CMakeFiles/pico_sdvx.dir/C_/Users/ngadj/Documents/pico-sdk/src/rp2_common/hardware_timer/timer.c.obj
                0x100010f4                hardware_alarm_set_callback
 .text.hardware_alarm_set_target
                0x10001184       0xd0 CMakeFiles/pico_sdvx.dir/C_/Users/ngadj/Documents/pico-sdk/src/rp2_common/hardware_timer/timer.c.obj
                0x10001184                hardware_alarm_set_target
 .text.hardware_alarm_cancel
                0x10001254       0x40 CMakeFiles/pico_sdvx.dir/C_/Users/ngadj/Documents/pico-sdk/src/rp2_common/hardware_timer/timer.c.obj
                0x10001254                hardware_alarm_cancel
 .text.lock_init
                0x10001294       0x30 CMakeFiles/pico_sdvx.dir/C_/Users/ngadj/Documents/pico-sdk/src/common/pico_sync/lock_core.c.obj
                0x10001294                lock_init
 .text.mutex_init
                0x100012c4       0x1a CMakeFiles/pico_sdvx.dir/C_/Users/ngadj/Documents/pico-sdk/src/common/pico_sync/mutex.c.obj
                0x100012c4                mutex_init
 .text.critical_section_init_with_lock_num
                0x100012de        0xc CMakeFiles/pico_sdvx.dir/C_/Users/ngadj/Documents/pico-sdk/src/common/pico_sync/critical_section.c.obj
                0x100012de                critical_section_init_with_lock_num
 .text.critical_section_init
                0x100012ea       0x14 CMakeFiles/pico_sdvx.dir/C_/Users/ngadj/Documents/pico-sdk/src/common/pico_sync/critical_section.c.obj
                0x100012ea                critical_section_init
 *fill*         0x100012fe        0x2 
 .text.ph_add_child_node
                0x10001300       0xa4 CMakeFiles/pico_sdvx.dir/C_/Users/ngadj/Documents/pico-sdk/src/common/pico_util/pheap.c.obj
 .text.ph_merge_nodes
                0x100013a4       0x3e CMakeFiles/pico_sdvx.dir/C_/Users/ngadj/Documents/pico-sdk/src/common/pico_util/pheap.c.obj
 *fill*         0x100013e2        0x2 
 .text.ph_clear
                0x100013e4       0x74 CMakeFiles/pico_sdvx.dir/C_/Users/ngadj/Documents/pico-sdk/src/common/pico_util/pheap.c.obj
                0x100013e4                ph_clear
 .text.ph_create
                0x10001458       0x2c CMakeFiles/pico_sdvx.dir/C_/Users/ngadj/Documents/pico-sdk/src/common/pico_util/pheap.c.obj
                0x10001458                ph_create
 .text.ph_merge_two_pass
                0x10001484       0xa8 CMakeFiles/pico_sdvx.dir/C_/Users/ngadj/Documents/pico-sdk/src/common/pico_util/pheap.c.obj
                0x10001484                ph_merge_two_pass
 .text.ph_remove_any_head
                0x1000152c      0x108 CMakeFiles/pico_sdvx.dir/C_/Users/ngadj/Documents/pico-sdk/src/common/pico_util/pheap.c.obj
 .text.ph_remove_head_reserve
                0x10001634       0x14 CMakeFiles/pico_sdvx.dir/C_/Users/ngadj/Documents/pico-sdk/src/common/pico_util/pheap.c.obj
                0x10001634                ph_remove_head_reserve
 .text.ph_delete
                0x10001648       0xf8 CMakeFiles/pico_sdvx.dir/C_/Users/ngadj/Documents/pico-sdk/src/common/pico_util/pheap.c.obj
                0x10001648                ph_delete
 .text.runtime_init
                0x10001740       0xcc CMakeFiles/pico_sdvx.dir/C_/Users/ngadj/Documents/pico-sdk/src/rp2_common/pico_runtime/runtime.c.obj
                0x10001740                runtime_init
 .text._exit    0x1000180c        0x4 CMakeFiles/pico_sdvx.dir/C_/Users/ngadj/Documents/pico-sdk/src/rp2_common/pico_runtime/runtime.c.obj
                0x1000180c                _exit
 .text._sbrk    0x10001810       0x38 CMakeFiles/pico_sdvx.dir/C_/Users/ngadj/Documents/pico-sdk/src/rp2_common/pico_runtime/runtime.c.obj
                0x10001810                _sbrk
 .text.exit     0x10001848        0x6 CMakeFiles/pico_sdvx.dir/C_/Users/ngadj/Documents/pico-sdk/src/rp2_common/pico_runtime/runtime.c.obj
                0x10001848                exit
 *fill*         0x1000184e        0x2 
 .text.__assert_func
                0x10001850       0x3c CMakeFiles/pico_sdvx.dir/C_/Users/ngadj/Documents/pico-sdk/src/rp2_common/pico_runtime/runtime.c.obj
                0x10001850                __assert_func
 .text.panic    0x1000188c       0x30 CMakeFiles/pico_sdvx.dir/C_/Users/ngadj/Documents/pico-sdk/src/rp2_common/pico_runtime/runtime.c.obj
                0x1000188c                panic
 .text.clock_configure
                0x100018bc       0xe8 CMakeFiles/pico_sdvx.dir/C_/Users/ngadj/Documents/pico-sdk/src/rp2_common/hardware_clocks/clocks.c.obj
                0x100018bc                clock_configure
 .text.clocks_init
                0x100019a4      0x124 CMakeFiles/pico_sdvx.dir/C_/Users/ngadj/Documents/pico-sdk/src/rp2_common/hardware_clocks/clocks.c.obj
                0x100019a4                clocks_init
 .text.clock_get_hz
                0x10001ac8        0xc CMakeFiles/pico_sdvx.dir/C_/Users/ngadj/Documents/pico-sdk/src/rp2_common/hardware_clocks/clocks.c.obj
                0x10001ac8                clock_get_hz
 .text.watchdog_start_tick
                0x10001ad4       0x10 CMakeFiles/pico_sdvx.dir/C_/Users/ngadj/Documents/pico-sdk/src/rp2_common/hardware_watchdog/watchdog.c.obj
                0x10001ad4                watchdog_start_tick
 .text.xosc_init
                0x10001ae4       0x28 CMakeFiles/pico_sdvx.dir/C_/Users/ngadj/Documents/pico-sdk/src/rp2_common/hardware_xosc/xosc.c.obj
                0x10001ae4                xosc_init
 .text.pll_init
                0x10001b0c       0xd4 CMakeFiles/pico_sdvx.dir/C_/Users/ngadj/Documents/pico-sdk/src/rp2_common/hardware_pll/pll.c.obj
                0x10001b0c                pll_init
 .text.set_raw_irq_handler_and_unlock
                0x10001be0       0x28 CMakeFiles/pico_sdvx.dir/C_/Users/ngadj/Documents/pico-sdk/src/rp2_common/hardware_irq/irq.c.obj
 .text.make_branch
                0x10001c08       0x34 CMakeFiles/pico_sdvx.dir/C_/Users/ngadj/Documents/pico-sdk/src/rp2_common/hardware_irq/irq.c.obj
 .text.insert_branch_and_link
                0x10001c3c       0x40 CMakeFiles/pico_sdvx.dir/C_/Users/ngadj/Documents/pico-sdk/src/rp2_common/hardware_irq/irq.c.obj
 .text.irq_is_enabled
                0x10001c7c       0x18 CMakeFiles/pico_sdvx.dir/C_/Users/ngadj/Documents/pico-sdk/src/rp2_common/hardware_irq/irq.c.obj
                0x10001c7c                irq_is_enabled
 .text.irq_set_mask_enabled
                0x10001c94       0x20 CMakeFiles/pico_sdvx.dir/C_/Users/ngadj/Documents/pico-sdk/src/rp2_common/hardware_irq/irq.c.obj
                0x10001c94                irq_set_mask_enabled
 .text.irq_set_enabled
                0x10001cb4        0xe CMakeFiles/pico_sdvx.dir/C_/Users/ngadj/Documents/pico-sdk/src/rp2_common/hardware_irq/irq.c.obj
                0x10001cb4                irq_set_enabled
 *fill*         0x10001cc2        0x2 
 .text.irq_get_vtable_handler
                0x10001cc4       0x10 CMakeFiles/pico_sdvx.dir/C_/Users/ngadj/Documents/pico-sdk/src/rp2_common/hardware_irq/irq.c.obj
                0x10001cc4                irq_get_vtable_handler
 .text.irq_set_exclusive_handler
                0x10001cd4       0x54 CMakeFiles/pico_sdvx.dir/C_/Users/ngadj/Documents/pico-sdk/src/rp2_common/hardware_irq/irq.c.obj
                0x10001cd4                irq_set_exclusive_handler
 .text.irq_remove_handler
                0x10001d28      0x1b4 CMakeFiles/pico_sdvx.dir/C_/Users/ngadj/Documents/pico-sdk/src/rp2_common/hardware_irq/irq.c.obj
                0x10001d28                irq_remove_handler
 .text.irq_set_priority
                0x10001edc       0x28 CMakeFiles/pico_sdvx.dir/C_/Users/ngadj/Documents/pico-sdk/src/rp2_common/hardware_irq/irq.c.obj
                0x10001edc                irq_set_priority
 .text.irq_add_tail_to_free_list
                0x10001f04       0xf8 CMakeFiles/pico_sdvx.dir/C_/Users/ngadj/Documents/pico-sdk/src/rp2_common/hardware_irq/irq.c.obj
                0x10001f04                irq_add_tail_to_free_list
 .text.irq_init_priorities
                0x10001ffc       0x16 CMakeFiles/pico_sdvx.dir/C_/Users/ngadj/Documents/pico-sdk/src/rp2_common/hardware_irq/irq.c.obj
                0x10001ffc                irq_init_priorities
 .text._out_null
                0x10002012        0x2 CMakeFiles/pico_sdvx.dir/C_/Users/ngadj/Documents/pico-sdk/src/rp2_common/pico_printf/printf.c.obj
 .text._out_fct
                0x10002014        0xe CMakeFiles/pico_sdvx.dir/C_/Users/ngadj/Documents/pico-sdk/src/rp2_common/pico_printf/printf.c.obj
 .text._atoi    0x10002022       0x24 CMakeFiles/pico_sdvx.dir/C_/Users/ngadj/Documents/pico-sdk/src/rp2_common/pico_printf/printf.c.obj
 .text._out_rev
                0x10002046       0xae CMakeFiles/pico_sdvx.dir/C_/Users/ngadj/Documents/pico-sdk/src/rp2_common/pico_printf/printf.c.obj
 .text._ntoa_format
                0x100020f4      0x112 CMakeFiles/pico_sdvx.dir/C_/Users/ngadj/Documents/pico-sdk/src/rp2_common/pico_printf/printf.c.obj
 .text._ntoa_long
                0x10002206       0xbc CMakeFiles/pico_sdvx.dir/C_/Users/ngadj/Documents/pico-sdk/src/rp2_common/pico_printf/printf.c.obj
 .text._ntoa_long_long
                0x100022c2       0xe2 CMakeFiles/pico_sdvx.dir/C_/Users/ngadj/Documents/pico-sdk/src/rp2_common/pico_printf/printf.c.obj
 .text._etoa    0x100023a4      0x404 CMakeFiles/pico_sdvx.dir/C_/Users/ngadj/Documents/pico-sdk/src/rp2_common/pico_printf/printf.c.obj
 .text._ftoa    0x100027a8      0x354 CMakeFiles/pico_sdvx.dir/C_/Users/ngadj/Documents/pico-sdk/src/rp2_common/pico_printf/printf.c.obj
 .text._vsnprintf
                0x10002afc      0x624 CMakeFiles/pico_sdvx.dir/C_/Users/ngadj/Documents/pico-sdk/src/rp2_common/pico_printf/printf.c.obj
 .text.vfctprintf
                0x10003120       0x20 CMakeFiles/pico_sdvx.dir/C_/Users/ngadj/Documents/pico-sdk/src/rp2_common/pico_printf/printf.c.obj
                0x10003120                vfctprintf
 .text          0x10003140       0x10 CMakeFiles/pico_sdvx.dir/C_/Users/ngadj/Documents/pico-sdk/src/rp2_common/pico_bit_ops/bit_ops_aeabi.S.obj
 .text.rom_func_lookup
                0x10003150       0x10 CMakeFiles/pico_sdvx.dir/C_/Users/ngadj/Documents/pico-sdk/src/rp2_common/pico_bootrom/bootrom.c.obj
                0x10003150                rom_func_lookup
 .text.rom_data_lookup
                0x10003160       0x10 CMakeFiles/pico_sdvx.dir/C_/Users/ngadj/Documents/pico-sdk/src/rp2_common/pico_bootrom/bootrom.c.obj
                0x10003160                rom_data_lookup
 .text.rom_funcs_lookup
                0x10003170       0x36 CMakeFiles/pico_sdvx.dir/C_/Users/ngadj/Documents/pico-sdk/src/rp2_common/pico_bootrom/bootrom.c.obj
                0x10003170                rom_funcs_lookup
 *fill*         0x100031a6        0x2 
 .text.__wrap___aeabi_idiv
                0x100031a8       0x58 CMakeFiles/pico_sdvx.dir/C_/Users/ngadj/Documents/pico-sdk/src/rp2_common/pico_divider/divider.S.obj
                0x100031a8                __wrap___aeabi_idivmod
                0x100031a8                divmod_s32s32
                0x100031a8                div_s32s32
                0x100031a8                __wrap___aeabi_idiv
                0x100031b0                divmod_s32s32_unsafe
                0x100031dc                divmod_s32s32_savestate
 .text.__wrap___aeabi_uidiv
                0x10003200       0x54 CMakeFiles/pico_sdvx.dir/C_/Users/ngadj/Documents/pico-sdk/src/rp2_common/pico_divider/divider.S.obj
                0x10003200                __wrap___aeabi_uidiv
                0x10003200                __wrap___aeabi_uidivmod
                0x10003200                div_u32u32
                0x10003200                divmod_u32u32
                0x10003208                divmod_u32u32_unsafe
                0x10003230                divmod_u32u32_savestate
 .text.__wrap___aeabi_ldiv
                0x10003254      0x430 CMakeFiles/pico_sdvx.dir/C_/Users/ngadj/Documents/pico-sdk/src/rp2_common/pico_divider/divider.S.obj
                0x10003254                div_s64s64
                0x10003254                divmod_s64s64
                0x10003254                __wrap___aeabi_ldivmod
                0x1000328c                divmod_u64u64
                0x1000328c                div_u64u64
                0x1000328c                __wrap___aeabi_uldivmod
                0x1000329c                divmod_u64u64_savestate
                0x100032c4                divmod_s64s64_unsafe
                0x1000334c                divmod_u64u64_unsafe
 .text.__wrap___aeabi_darithmetic
                0x10003684       0x54 CMakeFiles/pico_sdvx.dir/C_/Users/ngadj/Documents/pico-sdk/src/rp2_common/pico_double/double_aeabi.S.obj
                0x10003684                __wrap___aeabi_drsub
                0x1000368a                __wrap___aeabi_dsub
                0x1000369c                __wrap___aeabi_dadd
                0x100036ae                __wrap___aeabi_ddiv
                0x100036c0                __wrap___aeabi_dmul
 .text.__wrap___aeabi_cdcmple
                0x100036d8       0x6c CMakeFiles/pico_sdvx.dir/C_/Users/ngadj/Documents/pico-sdk/src/rp2_common/pico_double/double_aeabi.S.obj
                0x100036d8                __wrap___aeabi_cdrcmple
                0x100036e8                __wrap___aeabi_cdcmpeq
                0x100036e8                __wrap___aeabi_cdcmple
 .text.__wrap___aeabi_dcmplt
                0x10003744        0xc CMakeFiles/pico_sdvx.dir/C_/Users/ngadj/Documents/pico-sdk/src/rp2_common/pico_double/double_aeabi.S.obj
                0x10003744                __wrap___aeabi_dcmplt
 .text.__wrap___aeabi_dcmple
                0x10003750       0x10 CMakeFiles/pico_sdvx.dir/C_/Users/ngadj/Documents/pico-sdk/src/rp2_common/pico_double/double_aeabi.S.obj
                0x10003750                __wrap___aeabi_dcmple
 .text.__wrap___aeabi_dcmpge
                0x10003760       0x10 CMakeFiles/pico_sdvx.dir/C_/Users/ngadj/Documents/pico-sdk/src/rp2_common/pico_double/double_aeabi.S.obj
                0x10003760                __wrap___aeabi_dcmpge
 .text.__wrap___aeabi_dcmpgt
                0x10003770        0xa CMakeFiles/pico_sdvx.dir/C_/Users/ngadj/Documents/pico-sdk/src/rp2_common/pico_double/double_aeabi.S.obj
                0x10003770                __wrap___aeabi_dcmpgt
 .text.__wrap___aeabi_dcmpun
                0x1000377a       0x1c CMakeFiles/pico_sdvx.dir/C_/Users/ngadj/Documents/pico-sdk/src/rp2_common/pico_double/double_aeabi.S.obj
                0x1000377a                __wrap___aeabi_dcmpun
 *fill*         0x10003796        0x2 
 .text.__wrap___aeabi_i2d
                0x10003798       0x38 CMakeFiles/pico_sdvx.dir/C_/Users/ngadj/Documents/pico-sdk/src/rp2_common/pico_double/double_aeabi.S.obj
                0x10003798                __wrap___aeabi_ui2d
                0x100037a0                __wrap___aeabi_i2d
 .text.__wrap___aeabi_d2iz
                0x100037d0       0x48 CMakeFiles/pico_sdvx.dir/C_/Users/ngadj/Documents/pico-sdk/src/rp2_common/pico_double/double_aeabi.S.obj
                0x100037d0                double2int_z
                0x100037d0                __wrap___aeabi_d2iz
 .text.__wrap___aeabi_d2uiz
                0x10003818       0x18 CMakeFiles/pico_sdvx.dir/C_/Users/ngadj/Documents/pico-sdk/src/rp2_common/pico_double/double_aeabi.S.obj
                0x10003818                __wrap___aeabi_d2uiz
                0x10003818                double2uint
 .text.__aeabi_double_init
                0x10003830       0xb8 CMakeFiles/pico_sdvx.dir/C_/Users/ngadj/Documents/pico-sdk/src/rp2_common/pico_double/double_init_rom.c.obj
                0x10003830                __aeabi_double_init
 .text.double_table_shim_on_use_helper
                0x100038e8       0x34 CMakeFiles/pico_sdvx.dir/C_/Users/ngadj/Documents/pico-sdk/src/rp2_common/pico_double/double_v1_rom_shim.S.obj
                0x100038e8                double_table_shim_on_use_helper
 .text.__wrap___aeabi_dsub
                0x1000391c       0x10 CMakeFiles/pico_sdvx.dir/C_/Users/ngadj/Documents/pico-sdk/src/rp2_common/pico_double/double_v1_rom_shim.S.obj
                0x1000391c                drsub_shim
                0x10003922                dsub_shim
 .text.dadd_shim
                0x1000392c      0x15c CMakeFiles/pico_sdvx.dir/C_/Users/ngadj/Documents/pico-sdk/src/rp2_common/pico_double/double_v1_rom_shim.S.obj
                0x1000392c                dadd_shim
 .text.dmul_shim
                0x10003a88      0x15c CMakeFiles/pico_sdvx.dir/C_/Users/ngadj/Documents/pico-sdk/src/rp2_common/pico_double/double_v1_rom_shim.S.obj
                0x10003a88                dmul_shim
 .text.ddiv_shim
                0x10003be4      0x1b0 CMakeFiles/pico_sdvx.dir/C_/Users/ngadj/Documents/pico-sdk/src/rp2_common/pico_double/double_v1_rom_shim.S.obj
                0x10003be4                ddiv_shim
 .text.dcordic_rot_step
                0x10003d94       0x7c CMakeFiles/pico_sdvx.dir/C_/Users/ngadj/Documents/pico-sdk/src/rp2_common/pico_double/double_v1_rom_shim.S.obj
                0x10003d94                dcordic_rot_step
 .text.double2uint_shim
                0x10003e10        0xe CMakeFiles/pico_sdvx.dir/C_/Users/ngadj/Documents/pico-sdk/src/rp2_common/pico_double/double_v1_rom_shim.S.obj
                0x10003e10                double2uint_shim
                0x10003e12                double2ufix_shim
 *fill*         0x10003e1e        0x2 
 .text.double2uint64_shim
                0x10003e20       0x6c CMakeFiles/pico_sdvx.dir/C_/Users/ngadj/Documents/pico-sdk/src/rp2_common/pico_double/double_v1_rom_shim.S.obj
                0x10003e20                double2uint64_shim
                0x10003e22                double2ufix64_shim
                0x10003e3c                d2fix_a
 .text.dunpacks
                0x10003e8c       0x3c CMakeFiles/pico_sdvx.dir/C_/Users/ngadj/Documents/pico-sdk/src/rp2_common/pico_double/double_v1_rom_shim.S.obj
                0x10003e8c                dunpacks
 .text.__aeabi_lmul
                0x10003ec8       0x32 CMakeFiles/pico_sdvx.dir/C_/Users/ngadj/Documents/pico-sdk/src/rp2_common/pico_int64_ops/pico_int64_ops_aeabi.S.obj
                0x10003ec8                __wrap___aeabi_lmul
 *fill*         0x10003efa        0x2 
 .text.__aeabi_float_init
                0x10003efc       0xfc CMakeFiles/pico_sdvx.dir/C_/Users/ngadj/Documents/pico-sdk/src/rp2_common/pico_float/float_init_rom.c.obj
                0x10003efc                __aeabi_float_init
 .text.float_table_shim_on_use_helper
                0x10003ff8       0x34 CMakeFiles/pico_sdvx.dir/C_/Users/ngadj/Documents/pico-sdk/src/rp2_common/pico_float/float_v1_rom_shim.S.obj
                0x10003ff8                float_table_shim_on_use_helper
 .text.__wrap_malloc
                0x1000402c        0x8 CMakeFiles/pico_sdvx.dir/C_/Users/ngadj/Documents/pico-sdk/src/rp2_common/pico_malloc/pico_malloc.c.obj
                0x1000402c                __wrap_malloc
 .text.__wrap_calloc
                0x10004034        0x8 CMakeFiles/pico_sdvx.dir/C_/Users/ngadj/Documents/pico-sdk/src/rp2_common/pico_malloc/pico_malloc.c.obj
                0x10004034                __wrap_calloc
 .text          0x1000403c       0x10 CMakeFiles/pico_sdvx.dir/C_/Users/ngadj/Documents/pico-sdk/src/rp2_common/pico_mem_ops/mem_ops_aeabi.S.obj
                0x1000403c                __aeabi_mem_init
 .text.memset   0x1000404c        0xc CMakeFiles/pico_sdvx.dir/C_/Users/ngadj/Documents/pico-sdk/src/rp2_common/pico_mem_ops/mem_ops_aeabi.S.obj
                0x1000404c                __wrap_memset
 .text.memcpy   0x10004058        0xc CMakeFiles/pico_sdvx.dir/C_/Users/ngadj/Documents/pico-sdk/src/rp2_common/pico_mem_ops/mem_ops_aeabi.S.obj
                0x10004058                __wrap_memcpy
                0x10004058                __wrap___aeabi_memcpy
 .text.stdio_out_chars_crlf
                0x10004064       0x80 CMakeFiles/pico_sdvx.dir/C_/Users/ngadj/Documents/pico-sdk/src/rp2_common/pico_stdio/stdio.c.obj
 .text.stdio_stack_buffer_flush
                0x100040e4       0x44 CMakeFiles/pico_sdvx.dir/C_/Users/ngadj/Documents/pico-sdk/src/rp2_common/pico_stdio/stdio.c.obj
 .text.stdio_buffered_printer
                0x10004128       0x20 CMakeFiles/pico_sdvx.dir/C_/Users/ngadj/Documents/pico-sdk/src/rp2_common/pico_stdio/stdio.c.obj
 .text.stdout_serialize_begin
                0x10004148       0x2c CMakeFiles/pico_sdvx.dir/C_/Users/ngadj/Documents/pico-sdk/src/rp2_common/pico_stdio/stdio.c.obj
                0x10004148                stdout_serialize_begin
 .text.stdout_serialize_end
                0x10004174       0x10 CMakeFiles/pico_sdvx.dir/C_/Users/ngadj/Documents/pico-sdk/src/rp2_common/pico_stdio/stdio.c.obj
                0x10004174                stdout_serialize_end
 .text.stdio_put_string
                0x10004184       0x84 CMakeFiles/pico_sdvx.dir/C_/Users/ngadj/Documents/pico-sdk/src/rp2_common/pico_stdio/stdio.c.obj
 .text.stdio_set_driver_enabled
                0x10004208       0x38 CMakeFiles/pico_sdvx.dir/C_/Users/ngadj/Documents/pico-sdk/src/rp2_common/pico_stdio/stdio.c.obj
                0x10004208                stdio_set_driver_enabled
 .text.stdio_flush
                0x10004240       0x20 CMakeFiles/pico_sdvx.dir/C_/Users/ngadj/Documents/pico-sdk/src/rp2_common/pico_stdio/stdio.c.obj
                0x10004240                stdio_flush
 .text.__wrap_puts
                0x10004260       0x1c CMakeFiles/pico_sdvx.dir/C_/Users/ngadj/Documents/pico-sdk/src/rp2_common/pico_stdio/stdio.c.obj
                0x10004260                __wrap_puts
 .text.__wrap_vprintf
                0x1000427c       0x44 CMakeFiles/pico_sdvx.dir/C_/Users/ngadj/Documents/pico-sdk/src/rp2_common/pico_stdio/stdio.c.obj
                0x1000427c                __wrap_vprintf
 .text.__wrap_printf
                0x100042c0       0x18 CMakeFiles/pico_sdvx.dir/C_/Users/ngadj/Documents/pico-sdk/src/rp2_common/pico_stdio/stdio.c.obj
                0x100042c0                __wrap_printf
 .text.stdio_uart_out_chars
                0x100042d8       0x6c CMakeFiles/pico_sdvx.dir/C_/Users/ngadj/Documents/pico-sdk/src/rp2_common/pico_stdio_uart/stdio_uart.c.obj
 .text.stdio_uart_in_chars
                0x10004344       0x58 CMakeFiles/pico_sdvx.dir/C_/Users/ngadj/Documents/pico-sdk/src/rp2_common/pico_stdio_uart/stdio_uart.c.obj
                0x10004344                stdio_uart_in_chars
 .text.stdio_uart_init_full
                0x1000439c       0x3c CMakeFiles/pico_sdvx.dir/C_/Users/ngadj/Documents/pico-sdk/src/rp2_common/pico_stdio_uart/stdio_uart.c.obj
                0x1000439c                stdio_uart_init_full
 .text.stdio_uart_init
                0x100043d8       0x28 CMakeFiles/pico_sdvx.dir/C_/Users/ngadj/Documents/pico-sdk/src/rp2_common/pico_stdio_uart/stdio_uart.c.obj
                0x100043d8                stdio_uart_init
 .text.hw_endpoint_get_by_addr
                0x10004400       0x1c CMakeFiles/pico_sdvx.dir/C_/Users/ngadj/Documents/pico-sdk/lib/tinyusb/src/portable/raspberrypi/rp2040/dcd_rp2040.c.obj
 .text.reset_ep0
                0x1000441c       0x2c CMakeFiles/pico_sdvx.dir/C_/Users/ngadj/Documents/pico-sdk/lib/tinyusb/src/portable/raspberrypi/rp2040/dcd_rp2040.c.obj
 .text._hw_endpoint_alloc
                0x10004448       0x7c CMakeFiles/pico_sdvx.dir/C_/Users/ngadj/Documents/pico-sdk/lib/tinyusb/src/portable/raspberrypi/rp2040/dcd_rp2040.c.obj
 .text._hw_endpoint_init
                0x100044c4       0xbc CMakeFiles/pico_sdvx.dir/C_/Users/ngadj/Documents/pico-sdk/lib/tinyusb/src/portable/raspberrypi/rp2040/dcd_rp2040.c.obj
 .text.hw_endpoint_init
                0x10004580       0x18 CMakeFiles/pico_sdvx.dir/C_/Users/ngadj/Documents/pico-sdk/lib/tinyusb/src/portable/raspberrypi/rp2040/dcd_rp2040.c.obj
 .text.hw_handle_buff_status
                0x10004598       0xb8 CMakeFiles/pico_sdvx.dir/C_/Users/ngadj/Documents/pico-sdk/lib/tinyusb/src/portable/raspberrypi/rp2040/dcd_rp2040.c.obj
 .text.dcd_rp2040_irq
                0x10004650       0x8c CMakeFiles/pico_sdvx.dir/C_/Users/ngadj/Documents/pico-sdk/lib/tinyusb/src/portable/raspberrypi/rp2040/dcd_rp2040.c.obj
 .text.hw_endpoint_xfer
                0x100046dc       0x18 CMakeFiles/pico_sdvx.dir/C_/Users/ngadj/Documents/pico-sdk/lib/tinyusb/src/portable/raspberrypi/rp2040/dcd_rp2040.c.obj
 .text.ep0_0len_status
                0x100046f4       0x14 CMakeFiles/pico_sdvx.dir/C_/Users/ngadj/Documents/pico-sdk/lib/tinyusb/src/portable/raspberrypi/rp2040/dcd_rp2040.c.obj
 .text._hw_endpoint_stall
                0x10004708       0x54 CMakeFiles/pico_sdvx.dir/C_/Users/ngadj/Documents/pico-sdk/lib/tinyusb/src/portable/raspberrypi/rp2040/dcd_rp2040.c.obj
 .text.hw_endpoint_stall
                0x1000475c        0xc CMakeFiles/pico_sdvx.dir/C_/Users/ngadj/Documents/pico-sdk/lib/tinyusb/src/portable/raspberrypi/rp2040/dcd_rp2040.c.obj
 .text._hw_endpoint_clear_stall
                0x10004768       0x34 CMakeFiles/pico_sdvx.dir/C_/Users/ngadj/Documents/pico-sdk/lib/tinyusb/src/portable/raspberrypi/rp2040/dcd_rp2040.c.obj
 .text.hw_endpoint_clear_stall
                0x1000479c        0xc CMakeFiles/pico_sdvx.dir/C_/Users/ngadj/Documents/pico-sdk/lib/tinyusb/src/portable/raspberrypi/rp2040/dcd_rp2040.c.obj
 .text.dcd_int_enable
                0x100047a8       0x2c CMakeFiles/pico_sdvx.dir/C_/Users/ngadj/Documents/pico-sdk/lib/tinyusb/src/portable/raspberrypi/rp2040/dcd_rp2040.c.obj
                0x100047a8                dcd_int_enable
 .text.dcd_set_address
                0x100047d4       0x30 CMakeFiles/pico_sdvx.dir/C_/Users/ngadj/Documents/pico-sdk/lib/tinyusb/src/portable/raspberrypi/rp2040/dcd_rp2040.c.obj
                0x100047d4                dcd_set_address
 .text.dcd_connect
                0x10004804       0x30 CMakeFiles/pico_sdvx.dir/C_/Users/ngadj/Documents/pico-sdk/lib/tinyusb/src/portable/raspberrypi/rp2040/dcd_rp2040.c.obj
                0x10004804                dcd_connect
 .text.dcd_init
                0x10004834       0x90 CMakeFiles/pico_sdvx.dir/C_/Users/ngadj/Documents/pico-sdk/lib/tinyusb/src/portable/raspberrypi/rp2040/dcd_rp2040.c.obj
                0x10004834                dcd_init
 .text.dcd_edpt0_status_complete
                0x100048c4       0x44 CMakeFiles/pico_sdvx.dir/C_/Users/ngadj/Documents/pico-sdk/lib/tinyusb/src/portable/raspberrypi/rp2040/dcd_rp2040.c.obj
                0x100048c4                dcd_edpt0_status_complete
 .text.dcd_edpt_open
                0x10004908       0x40 CMakeFiles/pico_sdvx.dir/C_/Users/ngadj/Documents/pico-sdk/lib/tinyusb/src/portable/raspberrypi/rp2040/dcd_rp2040.c.obj
                0x10004908                dcd_edpt_open
 .text.dcd_edpt_xfer
                0x10004948       0x34 CMakeFiles/pico_sdvx.dir/C_/Users/ngadj/Documents/pico-sdk/lib/tinyusb/src/portable/raspberrypi/rp2040/dcd_rp2040.c.obj
                0x10004948                dcd_edpt_xfer
 .text.dcd_edpt_stall
                0x1000497c       0x28 CMakeFiles/pico_sdvx.dir/C_/Users/ngadj/Documents/pico-sdk/lib/tinyusb/src/portable/raspberrypi/rp2040/dcd_rp2040.c.obj
                0x1000497c                dcd_edpt_stall
 .text.dcd_edpt_clear_stall
                0x100049a4       0x28 CMakeFiles/pico_sdvx.dir/C_/Users/ngadj/Documents/pico-sdk/lib/tinyusb/src/portable/raspberrypi/rp2040/dcd_rp2040.c.obj
                0x100049a4                dcd_edpt_clear_stall
 .text.rp2040_usb_init
                0x100049cc       0x50 CMakeFiles/pico_sdvx.dir/C_/Users/ngadj/Documents/pico-sdk/lib/tinyusb/src/portable/raspberrypi/rp2040/rp2040_usb.c.obj
                0x100049cc                rp2040_usb_init
 .text.hw_endpoint_reset_transfer
                0x10004a1c       0x14 CMakeFiles/pico_sdvx.dir/C_/Users/ngadj/Documents/pico-sdk/lib/tinyusb/src/portable/raspberrypi/rp2040/rp2040_usb.c.obj
                0x10004a1c                hw_endpoint_reset_transfer
 .text._hw_endpoint_buffer_control_update32
                0x10004a30       0x54 CMakeFiles/pico_sdvx.dir/C_/Users/ngadj/Documents/pico-sdk/lib/tinyusb/src/portable/raspberrypi/rp2040/rp2040_usb.c.obj
                0x10004a30                _hw_endpoint_buffer_control_update32
 .text._hw_endpoint_start_next_buffer
                0x10004a84       0x5a CMakeFiles/pico_sdvx.dir/C_/Users/ngadj/Documents/pico-sdk/lib/tinyusb/src/portable/raspberrypi/rp2040/rp2040_usb.c.obj
                0x10004a84                _hw_endpoint_start_next_buffer
 .text._hw_endpoint_xfer_start
                0x10004ade       0x46 CMakeFiles/pico_sdvx.dir/C_/Users/ngadj/Documents/pico-sdk/lib/tinyusb/src/portable/raspberrypi/rp2040/rp2040_usb.c.obj
                0x10004ade                _hw_endpoint_xfer_start
 .text._hw_endpoint_xfer_sync
                0x10004b24       0x74 CMakeFiles/pico_sdvx.dir/C_/Users/ngadj/Documents/pico-sdk/lib/tinyusb/src/portable/raspberrypi/rp2040/rp2040_usb.c.obj
                0x10004b24                _hw_endpoint_xfer_sync
 .text._hw_endpoint_xfer_continue
                0x10004b98       0x58 CMakeFiles/pico_sdvx.dir/C_/Users/ngadj/Documents/pico-sdk/lib/tinyusb/src/portable/raspberrypi/rp2040/rp2040_usb.c.obj
                0x10004b98                _hw_endpoint_xfer_continue
 .text._hw_endpoint_xfer
                0x10004bf0       0x34 CMakeFiles/pico_sdvx.dir/C_/Users/ngadj/Documents/pico-sdk/lib/tinyusb/src/portable/raspberrypi/rp2040/rp2040_usb.c.obj
                0x10004bf0                _hw_endpoint_xfer
 .text.mark_interface_endpoint
                0x10004c24       0x2a CMakeFiles/pico_sdvx.dir/C_/Users/ngadj/Documents/pico-sdk/lib/tinyusb/src/device/usbd.c.obj
 *fill*         0x10004c4e        0x2 
 .text.usbd_reset
                0x10004c50       0x88 CMakeFiles/pico_sdvx.dir/C_/Users/ngadj/Documents/pico-sdk/lib/tinyusb/src/device/usbd.c.obj
 .text.invoke_class_control
                0x10004cd8       0x18 CMakeFiles/pico_sdvx.dir/C_/Users/ngadj/Documents/pico-sdk/lib/tinyusb/src/device/usbd.c.obj
 .text.process_set_config
                0x10004cf0      0x1d0 CMakeFiles/pico_sdvx.dir/C_/Users/ngadj/Documents/pico-sdk/lib/tinyusb/src/device/usbd.c.obj
 .text.process_get_descriptor
                0x10004ec0       0xf4 CMakeFiles/pico_sdvx.dir/C_/Users/ngadj/Documents/pico-sdk/lib/tinyusb/src/device/usbd.c.obj
 .text.tud_mounted
                0x10004fb4       0x10 CMakeFiles/pico_sdvx.dir/C_/Users/ngadj/Documents/pico-sdk/lib/tinyusb/src/device/usbd.c.obj
                0x10004fb4                tud_mounted
 .text.tud_suspended
                0x10004fc4       0x10 CMakeFiles/pico_sdvx.dir/C_/Users/ngadj/Documents/pico-sdk/lib/tinyusb/src/device/usbd.c.obj
                0x10004fc4                tud_suspended
 .text.tud_init
                0x10004fd4       0xb8 CMakeFiles/pico_sdvx.dir/C_/Users/ngadj/Documents/pico-sdk/lib/tinyusb/src/device/usbd.c.obj
                0x10004fd4                tud_init
 .text.dcd_event_handler
                0x1000508c      0x1c4 CMakeFiles/pico_sdvx.dir/C_/Users/ngadj/Documents/pico-sdk/lib/tinyusb/src/device/usbd.c.obj
                0x1000508c                dcd_event_handler
 .text.dcd_event_bus_signal
                0x10005250       0x26 CMakeFiles/pico_sdvx.dir/C_/Users/ngadj/Documents/pico-sdk/lib/tinyusb/src/device/usbd.c.obj
                0x10005250                dcd_event_bus_signal
 .text.dcd_event_setup_received
                0x10005276       0x34 CMakeFiles/pico_sdvx.dir/C_/Users/ngadj/Documents/pico-sdk/lib/tinyusb/src/device/usbd.c.obj
                0x10005276                dcd_event_setup_received
 .text.dcd_event_xfer_complete
                0x100052aa       0x44 CMakeFiles/pico_sdvx.dir/C_/Users/ngadj/Documents/pico-sdk/lib/tinyusb/src/device/usbd.c.obj
                0x100052aa                dcd_event_xfer_complete
 .text.usbd_edpt_open
                0x100052ee        0x8 CMakeFiles/pico_sdvx.dir/C_/Users/ngadj/Documents/pico-sdk/lib/tinyusb/src/device/usbd.c.obj
                0x100052ee                usbd_edpt_open
 *fill*         0x100052f6        0x2 
 .text.usbd_open_edpt_pair
                0x100052f8       0x8c CMakeFiles/pico_sdvx.dir/C_/Users/ngadj/Documents/pico-sdk/lib/tinyusb/src/device/usbd.c.obj
                0x100052f8                usbd_open_edpt_pair
 .text.usbd_edpt_claim
                0x10005384       0x8c CMakeFiles/pico_sdvx.dir/C_/Users/ngadj/Documents/pico-sdk/lib/tinyusb/src/device/usbd.c.obj
                0x10005384                usbd_edpt_claim
 .text.usbd_edpt_xfer
                0x10005410       0x80 CMakeFiles/pico_sdvx.dir/C_/Users/ngadj/Documents/pico-sdk/lib/tinyusb/src/device/usbd.c.obj
                0x10005410                usbd_edpt_xfer
 .text.usbd_edpt_busy
                0x10005490       0x1c CMakeFiles/pico_sdvx.dir/C_/Users/ngadj/Documents/pico-sdk/lib/tinyusb/src/device/usbd.c.obj
                0x10005490                usbd_edpt_busy
 .text.usbd_edpt_stall
                0x100054ac       0x2c CMakeFiles/pico_sdvx.dir/C_/Users/ngadj/Documents/pico-sdk/lib/tinyusb/src/device/usbd.c.obj
                0x100054ac                usbd_edpt_stall
 .text.usbd_edpt_clear_stall
                0x100054d8       0x2c CMakeFiles/pico_sdvx.dir/C_/Users/ngadj/Documents/pico-sdk/lib/tinyusb/src/device/usbd.c.obj
                0x100054d8                usbd_edpt_clear_stall
 .text.usbd_edpt_stalled
                0x10005504       0x1c CMakeFiles/pico_sdvx.dir/C_/Users/ngadj/Documents/pico-sdk/lib/tinyusb/src/device/usbd.c.obj
                0x10005504                usbd_edpt_stalled
 .text.process_control_request
                0x10005520      0x37c CMakeFiles/pico_sdvx.dir/C_/Users/ngadj/Documents/pico-sdk/lib/tinyusb/src/device/usbd.c.obj
 .text.tud_task
                0x1000589c      0x204 CMakeFiles/pico_sdvx.dir/C_/Users/ngadj/Documents/pico-sdk/lib/tinyusb/src/device/usbd.c.obj
                0x1000589c                tud_task
 .text._data_stage_xact
                0x10005aa0       0x58 CMakeFiles/pico_sdvx.dir/C_/Users/ngadj/Documents/pico-sdk/lib/tinyusb/src/device/usbd_control.c.obj
 .text.tud_control_status
                0x10005af8       0x38 CMakeFiles/pico_sdvx.dir/C_/Users/ngadj/Documents/pico-sdk/lib/tinyusb/src/device/usbd_control.c.obj
                0x10005af8                tud_control_status
 .text.tud_control_xfer
                0x10005b30       0xa8 CMakeFiles/pico_sdvx.dir/C_/Users/ngadj/Documents/pico-sdk/lib/tinyusb/src/device/usbd_control.c.obj
                0x10005b30                tud_control_xfer
 .text.usbd_control_reset
                0x10005bd8       0x14 CMakeFiles/pico_sdvx.dir/C_/Users/ngadj/Documents/pico-sdk/lib/tinyusb/src/device/usbd_control.c.obj
                0x10005bd8                usbd_control_reset
 .text.usbd_control_set_complete_callback
                0x10005bec        0xc CMakeFiles/pico_sdvx.dir/C_/Users/ngadj/Documents/pico-sdk/lib/tinyusb/src/device/usbd_control.c.obj
                0x10005bec                usbd_control_set_complete_callback
 .text.usbd_control_set_request
                0x10005bf8       0x1c CMakeFiles/pico_sdvx.dir/C_/Users/ngadj/Documents/pico-sdk/lib/tinyusb/src/device/usbd_control.c.obj
                0x10005bf8                usbd_control_set_request
 .text.usbd_control_xfer_cb
                0x10005c14       0xe8 CMakeFiles/pico_sdvx.dir/C_/Users/ngadj/Documents/pico-sdk/lib/tinyusb/src/device/usbd_control.c.obj
                0x10005c14                usbd_control_xfer_cb
 .text.tud_hid_n_ready
                0x10005cfc       0x50 CMakeFiles/pico_sdvx.dir/C_/Users/ngadj/Documents/pico-sdk/lib/tinyusb/src/class/hid/hid_device.c.obj
                0x10005cfc                tud_hid_n_ready
 .text.tud_hid_n_report
                0x10005d4c       0x84 CMakeFiles/pico_sdvx.dir/C_/Users/ngadj/Documents/pico-sdk/lib/tinyusb/src/class/hid/hid_device.c.obj
                0x10005d4c                tud_hid_n_report
 .text.tud_hid_n_keyboard_report
                0x10005dd0       0x36 CMakeFiles/pico_sdvx.dir/C_/Users/ngadj/Documents/pico-sdk/lib/tinyusb/src/class/hid/hid_device.c.obj
                0x10005dd0                tud_hid_n_keyboard_report
 *fill*         0x10005e06        0x2 
 .text.hidd_reset
                0x10005e08       0x14 CMakeFiles/pico_sdvx.dir/C_/Users/ngadj/Documents/pico-sdk/lib/tinyusb/src/class/hid/hid_device.c.obj
                0x10005e08                hidd_reset
 .text.hidd_init
                0x10005e1c        0xa CMakeFiles/pico_sdvx.dir/C_/Users/ngadj/Documents/pico-sdk/lib/tinyusb/src/class/hid/hid_device.c.obj
                0x10005e1c                hidd_init
 *fill*         0x10005e26        0x2 
 .text.hidd_open
                0x10005e28      0x100 CMakeFiles/pico_sdvx.dir/C_/Users/ngadj/Documents/pico-sdk/lib/tinyusb/src/class/hid/hid_device.c.obj
                0x10005e28                hidd_open
 .text.hidd_control_request
                0x10005f28      0x1d0 CMakeFiles/pico_sdvx.dir/C_/Users/ngadj/Documents/pico-sdk/lib/tinyusb/src/class/hid/hid_device.c.obj
                0x10005f28                hidd_control_request
 .text.hidd_control_complete
                0x100060f8       0x64 CMakeFiles/pico_sdvx.dir/C_/Users/ngadj/Documents/pico-sdk/lib/tinyusb/src/class/hid/hid_device.c.obj
                0x100060f8                hidd_control_complete
 .text.hidd_xfer_cb
                0x1000615c       0x5c CMakeFiles/pico_sdvx.dir/C_/Users/ngadj/Documents/pico-sdk/lib/tinyusb/src/class/hid/hid_device.c.obj
                0x1000615c                hidd_xfer_cb
 .text.tusb_init
                0x100061b8       0x38 CMakeFiles/pico_sdvx.dir/C_/Users/ngadj/Documents/pico-sdk/lib/tinyusb/src/tusb.c.obj
                0x100061b8                tusb_init
 .text.tusb_inited
                0x100061f0        0xc CMakeFiles/pico_sdvx.dir/C_/Users/ngadj/Documents/pico-sdk/lib/tinyusb/src/tusb.c.obj
                0x100061f0                tusb_inited
 .text.advance_pointer
                0x100061fc       0x1e CMakeFiles/pico_sdvx.dir/C_/Users/ngadj/Documents/pico-sdk/lib/tinyusb/src/common/tusb_fifo.c.obj
 .text.backward_pointer
                0x1000621a       0x1a CMakeFiles/pico_sdvx.dir/C_/Users/ngadj/Documents/pico-sdk/lib/tinyusb/src/common/tusb_fifo.c.obj
 .text.get_relative_pointer
                0x10006234       0x16 CMakeFiles/pico_sdvx.dir/C_/Users/ngadj/Documents/pico-sdk/lib/tinyusb/src/common/tusb_fifo.c.obj
 .text.tu_fifo_lock
                0x1000624a       0x12 CMakeFiles/pico_sdvx.dir/C_/Users/ngadj/Documents/pico-sdk/lib/tinyusb/src/common/tusb_fifo.c.obj
 .text.tu_fifo_unlock
                0x1000625c        0xe CMakeFiles/pico_sdvx.dir/C_/Users/ngadj/Documents/pico-sdk/lib/tinyusb/src/common/tusb_fifo.c.obj
 .text._tu_fifo_peek_at
                0x1000626a       0x66 CMakeFiles/pico_sdvx.dir/C_/Users/ngadj/Documents/pico-sdk/lib/tinyusb/src/common/tusb_fifo.c.obj
 .text.tu_fifo_read
                0x100062d0       0x3a CMakeFiles/pico_sdvx.dir/C_/Users/ngadj/Documents/pico-sdk/lib/tinyusb/src/common/tusb_fifo.c.obj
                0x100062d0                tu_fifo_read
 .text.tu_fifo_write
                0x1000630a       0x5c CMakeFiles/pico_sdvx.dir/C_/Users/ngadj/Documents/pico-sdk/lib/tinyusb/src/common/tusb_fifo.c.obj
                0x1000630a                tu_fifo_write
 .text.tu_fifo_clear
                0x10006366       0x18 CMakeFiles/pico_sdvx.dir/C_/Users/ngadj/Documents/pico-sdk/lib/tinyusb/src/common/tusb_fifo.c.obj
                0x10006366                tu_fifo_clear
 .text.board_init
                0x1000637e       0x18 CMakeFiles/pico_sdvx.dir/C_/Users/ngadj/Documents/pico-sdk/lib/tinyusb/hw/bsp/raspberry_pi_pico/board_raspberry_pi_pico.c.obj
                0x1000637e                board_init
 *fill*         0x10006396        0x2 
 .text.calloc   0x10006398       0x18 c:/progra~2/gnuarm~1/102020~1/bin/../lib/gcc/arm-none-eabi/10.2.1/../../../../arm-none-eabi/lib/thumb/v6-m/nofp\libg.a(lib_a-calloc.o)
                0x10006398                calloc
 .text._calloc_r
                0x100063b0       0x5c c:/progra~2/gnuarm~1/102020~1/bin/../lib/gcc/arm-none-eabi/10.2.1/../../../../arm-none-eabi/lib/thumb/v6-m/nofp\libg.a(lib_a-callocr.o)
                0x100063b0                _calloc_r
 .text.malloc   0x1000640c       0x14 c:/progra~2/gnuarm~1/102020~1/bin/../lib/gcc/arm-none-eabi/10.2.1/../../../../arm-none-eabi/lib/thumb/v6-m/nofp\libg.a(lib_a-malloc.o)
                0x1000640c                malloc
 .text._malloc_r
                0x10006420      0x580 c:/progra~2/gnuarm~1/102020~1/bin/../lib/gcc/arm-none-eabi/10.2.1/../../../../arm-none-eabi/lib/thumb/v6-m/nofp\libg.a(lib_a-mallocr.o)
                0x10006420                _malloc_r
 .text.__malloc_lock
                0x100069a0       0x10 c:/progra~2/gnuarm~1/102020~1/bin/../lib/gcc/arm-none-eabi/10.2.1/../../../../arm-none-eabi/lib/thumb/v6-m/nofp\libg.a(lib_a-mlock.o)
                0x100069a0                __malloc_lock
 .text.__malloc_unlock
                0x100069b0       0x10 c:/progra~2/gnuarm~1/102020~1/bin/../lib/gcc/arm-none-eabi/10.2.1/../../../../arm-none-eabi/lib/thumb/v6-m/nofp\libg.a(lib_a-mlock.o)
                0x100069b0                __malloc_unlock
 .text._sbrk_r  0x100069c0       0x24 c:/progra~2/gnuarm~1/102020~1/bin/../lib/gcc/arm-none-eabi/10.2.1/../../../../arm-none-eabi/lib/thumb/v6-m/nofp\libg.a(lib_a-sbrkr.o)
                0x100069c0                _sbrk_r
 .text.strlen   0x100069e4       0x5c c:/progra~2/gnuarm~1/102020~1/bin/../lib/gcc/arm-none-eabi/10.2.1/../../../../arm-none-eabi/lib/thumb/v6-m/nofp\libg.a(lib_a-strlen-stub.o)
                0x100069e4                strlen
 .text._malloc_trim_r
                0x10006a40       0x9c c:/progra~2/gnuarm~1/102020~1/bin/../lib/gcc/arm-none-eabi/10.2.1/../../../../arm-none-eabi/lib/thumb/v6-m/nofp\libg.a(lib_a-freer.o)
                0x10006a40                _malloc_trim_r
 .text._free_r  0x10006adc      0x1c4 c:/progra~2/gnuarm~1/102020~1/bin/../lib/gcc/arm-none-eabi/10.2.1/../../../../arm-none-eabi/lib/thumb/v6-m/nofp\libg.a(lib_a-freer.o)
                0x10006adc                _free_r
 .text.__retarget_lock_acquire_recursive
                0x10006ca0        0x4 c:/progra~2/gnuarm~1/102020~1/bin/../lib/gcc/arm-none-eabi/10.2.1/../../../../arm-none-eabi/lib/thumb/v6-m/nofp\libg.a(lib_a-lock.o)
                0x10006ca0                __retarget_lock_acquire_recursive
 .text.__retarget_lock_release_recursive
                0x10006ca4        0x4 c:/progra~2/gnuarm~1/102020~1/bin/../lib/gcc/arm-none-eabi/10.2.1/../../../../arm-none-eabi/lib/thumb/v6-m/nofp\libg.a(lib_a-lock.o)
                0x10006ca4                __retarget_lock_release_recursive
 *(.fini)
 .fini          0x10006ca8        0x4 c:/progra~2/gnuarm~1/102020~1/bin/../lib/gcc/arm-none-eabi/10.2.1/thumb/v6-m/nofp/crti.o
                0x10006ca8                _fini
 *fill*         0x10006cac        0x4 
 .fini.__stub   0x10006cb0       0x60 linker stubs
 *crtbegin.o(.ctors)
 *crtbegin?.o(.ctors)
 *(EXCLUDE_FILE(*crtend.o *crtend?.o) .ctors)
 *(SORT_BY_NAME(.ctors.*))
 *(.ctors)
 *crtbegin.o(.dtors)
 *crtbegin?.o(.dtors)
 *(EXCLUDE_FILE(*crtend.o *crtend?.o) .dtors)
 *(SORT_BY_NAME(.dtors.*))
 *(.dtors)
 *(.eh_frame*)
 .eh_frame      0x10006d10        0x0 c:/progra~2/gnuarm~1/102020~1/bin/../lib/gcc/arm-none-eabi/10.2.1/thumb/v6-m/nofp/crtbegin.o
                0x10006d10                . = ALIGN (0x4)

.glue_7         0x10006d10        0x0
 .glue_7        0x10006d10        0x0 linker stubs

.glue_7t        0x10006d10        0x0
 .glue_7t       0x10006d10        0x0 linker stubs

.vfp11_veneer   0x10006d10        0x0
 .vfp11_veneer  0x10006d10        0x0 linker stubs

.v4_bx          0x10006d10        0x0
 .v4_bx         0x10006d10        0x0 linker stubs

.iplt           0x10006d10        0x0
 .iplt          0x10006d10        0x0 c:/progra~2/gnuarm~1/102020~1/bin/../lib/gcc/arm-none-eabi/10.2.1/thumb/v6-m/nofp/crtbegin.o

.rodata         0x10006d10     0x1470
 *(EXCLUDE_FILE(*libm.a: *libc.a:*lib_a-mem*.o *libgcc.a:) .rodata*)
 .rodata.swGPIO
                0x10006d10        0x7 CMakeFiles/pico_sdvx.dir/pico_sdvx.c.obj
                0x10006d10                swGPIO
 *fill*         0x10006d17        0x1 
 .rodata.swKeycode
                0x10006d18        0x7 CMakeFiles/pico_sdvx.dir/pico_sdvx.c.obj
                0x10006d18                swKeycode
 *fill*         0x10006d1f        0x1 
 .rodata.str1.4
                0x10006d20       0x1f CMakeFiles/pico_sdvx.dir/usb_descriptors.c.obj
 *fill*         0x10006d3f        0x1 
 .rodata.__compound_literal.0
                0x10006d40        0x2 CMakeFiles/pico_sdvx.dir/usb_descriptors.c.obj
 *fill*         0x10006d42        0x2 
 .rodata.desc_configuration
                0x10006d44       0x22 CMakeFiles/pico_sdvx.dir/usb_descriptors.c.obj
                0x10006d44                desc_configuration
 *fill*         0x10006d66        0x2 
 .rodata.desc_device
                0x10006d68       0x12 CMakeFiles/pico_sdvx.dir/usb_descriptors.c.obj
                0x10006d68                desc_device
 *fill*         0x10006d7a        0x2 
 .rodata.desc_hid_report
                0x10006d7c       0x90 CMakeFiles/pico_sdvx.dir/usb_descriptors.c.obj
                0x10006d7c                desc_hid_report
 .rodata.spin_lock_claim_unused.str1.4
                0x10006e0c       0x1b CMakeFiles/pico_sdvx.dir/C_/Users/ngadj/Documents/pico-sdk/src/rp2_common/hardware_sync/sync.c.obj
 *fill*         0x10006e27        0x1 
 .rodata.alarm_pool_dump_key.str1.4
                0x10006e28       0x73 CMakeFiles/pico_sdvx.dir/C_/Users/ngadj/Documents/pico-sdk/src/common/pico_time/time.c.obj
 *fill*         0x10006e9b        0x1 
 .rodata.ph_add_child_node.str1.4
                0x10006e9c       0x9e CMakeFiles/pico_sdvx.dir/C_/Users/ngadj/Documents/pico-sdk/src/common/pico_time/time.c.obj
 *fill*         0x10006f3a        0x2 
 .rodata.add_alarm_under_lock.str1.4
                0x10006f3c       0x27 CMakeFiles/pico_sdvx.dir/C_/Users/ngadj/Documents/pico-sdk/src/common/pico_time/time.c.obj
 *fill*         0x10006f63        0x1 
 .rodata.alarm_pool_alarm_callback.str1.4
                0x10006f64       0x7d CMakeFiles/pico_sdvx.dir/C_/Users/ngadj/Documents/pico-sdk/src/common/pico_time/time.c.obj
 *fill*         0x10006fe1        0x3 
 .rodata.alarm_pool_get_default.str1.4
                0x10006fe4       0x13 CMakeFiles/pico_sdvx.dir/C_/Users/ngadj/Documents/pico-sdk/src/common/pico_time/time.c.obj
 *fill*         0x10006ff7        0x1 
 .rodata.alarm_pool_cancel_alarm.str1.4
                0x10006ff8       0x27 CMakeFiles/pico_sdvx.dir/C_/Users/ngadj/Documents/pico-sdk/src/common/pico_time/time.c.obj
 *fill*         0x1000701f        0x1 
 .rodata.__func__.0
                0x10007020       0x18 CMakeFiles/pico_sdvx.dir/C_/Users/ngadj/Documents/pico-sdk/src/common/pico_time/time.c.obj
 .rodata.__func__.10
                0x10007038       0x17 CMakeFiles/pico_sdvx.dir/C_/Users/ngadj/Documents/pico-sdk/src/common/pico_time/time.c.obj
 *fill*         0x1000704f        0x1 
 .rodata.__func__.2
                0x10007050       0x12 CMakeFiles/pico_sdvx.dir/C_/Users/ngadj/Documents/pico-sdk/src/common/pico_time/time.c.obj
 *fill*         0x10007062        0x2 
 .rodata.__func__.3
                0x10007064       0x14 CMakeFiles/pico_sdvx.dir/C_/Users/ngadj/Documents/pico-sdk/src/common/pico_time/time.c.obj
 .rodata.__func__.4
                0x10007078       0x12 CMakeFiles/pico_sdvx.dir/C_/Users/ngadj/Documents/pico-sdk/src/common/pico_time/time.c.obj
 *fill*         0x1000708a        0x2 
 .rodata.__func__.5
                0x1000708c        0xa CMakeFiles/pico_sdvx.dir/C_/Users/ngadj/Documents/pico-sdk/src/common/pico_time/time.c.obj
 *fill*         0x10007096        0x2 
 .rodata.__func__.6
                0x10007098        0xc CMakeFiles/pico_sdvx.dir/C_/Users/ngadj/Documents/pico-sdk/src/common/pico_time/time.c.obj
 .rodata.__func__.7
                0x100070a4       0x15 CMakeFiles/pico_sdvx.dir/C_/Users/ngadj/Documents/pico-sdk/src/common/pico_time/time.c.obj
 *fill*         0x100070b9        0x3 
 .rodata.__func__.8
                0x100070bc       0x1a CMakeFiles/pico_sdvx.dir/C_/Users/ngadj/Documents/pico-sdk/src/common/pico_time/time.c.obj
 *fill*         0x100070d6        0x2 
 .rodata.__func__.9
                0x100070d8        0xa CMakeFiles/pico_sdvx.dir/C_/Users/ngadj/Documents/pico-sdk/src/common/pico_time/time.c.obj
 *fill*         0x100070e2        0x2 
 .rodata.hardware_alarm_claim.str1.4
                0x100070e4       0x22 CMakeFiles/pico_sdvx.dir/C_/Users/ngadj/Documents/pico-sdk/src/rp2_common/hardware_timer/timer.c.obj
 *fill*         0x10007106        0x2 
 .rodata.hardware_alarm_set_target.str1.4
                0x10007108       0x6c CMakeFiles/pico_sdvx.dir/C_/Users/ngadj/Documents/pico-sdk/src/rp2_common/hardware_timer/timer.c.obj
 .rodata.__func__.0
                0x10007174       0x1a CMakeFiles/pico_sdvx.dir/C_/Users/ngadj/Documents/pico-sdk/src/rp2_common/hardware_timer/timer.c.obj
 *fill*         0x1000718e        0x2 
 .rodata.lock_init.str1.4
                0x10007190       0x6f CMakeFiles/pico_sdvx.dir/C_/Users/ngadj/Documents/pico-sdk/src/common/pico_sync/lock_core.c.obj
 *fill*         0x100071ff        0x1 
 .rodata.__func__.0
                0x10007200        0xa CMakeFiles/pico_sdvx.dir/C_/Users/ngadj/Documents/pico-sdk/src/common/pico_sync/lock_core.c.obj
 *fill*         0x1000720a        0x2 
 .rodata.str1.4
                0x1000720c       0x64 CMakeFiles/pico_sdvx.dir/C_/Users/ngadj/Documents/pico-sdk/src/common/pico_sync/mutex.c.obj
 .rodata.__func__.0
                0x10007270        0xb CMakeFiles/pico_sdvx.dir/C_/Users/ngadj/Documents/pico-sdk/src/common/pico_sync/mutex.c.obj
 *fill*         0x1000727b        0x1 
 .rodata.__func__.1
                0x1000727c       0x18 CMakeFiles/pico_sdvx.dir/C_/Users/ngadj/Documents/pico-sdk/src/common/pico_sync/mutex.c.obj
 .rodata.__func__.2
                0x10007294       0x15 CMakeFiles/pico_sdvx.dir/C_/Users/ngadj/Documents/pico-sdk/src/common/pico_sync/mutex.c.obj
 .rodata.ph_add_child_node.str1.4
                0x100072a9       0x9e CMakeFiles/pico_sdvx.dir/C_/Users/ngadj/Documents/pico-sdk/src/common/pico_util/pheap.c.obj
 *fill*         0x100072a9        0x3 
 .rodata.ph_remove_any_head.str1.4
                0x100072ac       0x94 CMakeFiles/pico_sdvx.dir/C_/Users/ngadj/Documents/pico-sdk/src/common/pico_util/pheap.c.obj
 .rodata.ph_delete.str1.4
                0x10007340       0x26 CMakeFiles/pico_sdvx.dir/C_/Users/ngadj/Documents/pico-sdk/src/common/pico_util/pheap.c.obj
 *fill*         0x10007366        0x2 
 .rodata.__func__.0
                0x10007368        0xa CMakeFiles/pico_sdvx.dir/C_/Users/ngadj/Documents/pico-sdk/src/common/pico_util/pheap.c.obj
 *fill*         0x10007372        0x2 
 .rodata.__func__.1
                0x10007374       0x13 CMakeFiles/pico_sdvx.dir/C_/Users/ngadj/Documents/pico-sdk/src/common/pico_util/pheap.c.obj
 *fill*         0x10007387        0x1 
 .rodata.__func__.2
                0x10007388       0x12 CMakeFiles/pico_sdvx.dir/C_/Users/ngadj/Documents/pico-sdk/src/common/pico_util/pheap.c.obj
 *fill*         0x1000739a        0x2 
 .rodata.__func__.3
                0x1000739c        0xc CMakeFiles/pico_sdvx.dir/C_/Users/ngadj/Documents/pico-sdk/src/common/pico_util/pheap.c.obj
 .rodata.__assert_func.str1.4
                0x100073a8       0x3f CMakeFiles/pico_sdvx.dir/C_/Users/ngadj/Documents/pico-sdk/src/rp2_common/pico_runtime/runtime.c.obj
                                 0x43 (size before relaxing)
 *fill*         0x100073e7        0x1 
 .rodata.panic.str1.4
                0x100073e8       0x12 CMakeFiles/pico_sdvx.dir/C_/Users/ngadj/Documents/pico-sdk/src/rp2_common/pico_runtime/runtime.c.obj
 *fill*         0x100073fa        0x2 
 .rodata.clock_configure.str1.4
                0x100073fc       0x5e CMakeFiles/pico_sdvx.dir/C_/Users/ngadj/Documents/pico-sdk/src/rp2_common/hardware_clocks/clocks.c.obj
 *fill*         0x1000745a        0x2 
 .rodata.__func__.1
                0x1000745c       0x10 CMakeFiles/pico_sdvx.dir/C_/Users/ngadj/Documents/pico-sdk/src/rp2_common/hardware_clocks/clocks.c.obj
 .rodata.pll_init.str1.4
                0x1000746c       0xdf CMakeFiles/pico_sdvx.dir/C_/Users/ngadj/Documents/pico-sdk/src/rp2_common/hardware_pll/pll.c.obj
 *fill*         0x1000754b        0x1 
 .rodata.__func__.0
                0x1000754c        0x9 CMakeFiles/pico_sdvx.dir/C_/Users/ngadj/Documents/pico-sdk/src/rp2_common/hardware_pll/pll.c.obj
 *fill*         0x10007555        0x3 
 .rodata.make_branch.str1.4
                0x10007558       0x54 CMakeFiles/pico_sdvx.dir/C_/Users/ngadj/Documents/pico-sdk/src/rp2_common/hardware_irq/irq.c.obj
 .rodata.irq_set_exclusive_handler.str1.4
                0x100075ac       0x36 CMakeFiles/pico_sdvx.dir/C_/Users/ngadj/Documents/pico-sdk/src/rp2_common/hardware_irq/irq.c.obj
 *fill*         0x100075e2        0x2 
 .rodata.irq_add_shared_handler.str1.4
                0x100075e4       0xd9 CMakeFiles/pico_sdvx.dir/C_/Users/ngadj/Documents/pico-sdk/src/rp2_common/hardware_irq/irq.c.obj
 *fill*         0x100076bd        0x3 
 .rodata.irq_remove_handler.str1.4
                0x100076c0       0x2a CMakeFiles/pico_sdvx.dir/C_/Users/ngadj/Documents/pico-sdk/src/rp2_common/hardware_irq/irq.c.obj
 *fill*         0x100076ea        0x2 
 .rodata.irq_add_tail_to_free_list.str1.4
                0x100076ec       0x32 CMakeFiles/pico_sdvx.dir/C_/Users/ngadj/Documents/pico-sdk/src/rp2_common/hardware_irq/irq.c.obj
                                 0x3a (size before relaxing)
 *fill*         0x1000771e        0x2 
 .rodata.__func__.0
                0x10007720       0x1a CMakeFiles/pico_sdvx.dir/C_/Users/ngadj/Documents/pico-sdk/src/rp2_common/hardware_irq/irq.c.obj
 *fill*         0x1000773a        0x2 
 .rodata.__func__.1
                0x1000773c       0x17 CMakeFiles/pico_sdvx.dir/C_/Users/ngadj/Documents/pico-sdk/src/rp2_common/hardware_irq/irq.c.obj
 *fill*         0x10007753        0x1 
 .rodata.__func__.2
                0x10007754       0x13 CMakeFiles/pico_sdvx.dir/C_/Users/ngadj/Documents/pico-sdk/src/rp2_common/hardware_irq/irq.c.obj
 *fill*         0x10007767        0x1 
 .rodata.__func__.3
                0x10007768        0xc CMakeFiles/pico_sdvx.dir/C_/Users/ngadj/Documents/pico-sdk/src/rp2_common/hardware_irq/irq.c.obj
 .rodata.__func__.4
                0x10007774        0xf CMakeFiles/pico_sdvx.dir/C_/Users/ngadj/Documents/pico-sdk/src/rp2_common/hardware_irq/irq.c.obj
 *fill*         0x10007783        0x1 
 .rodata.__func__.6
                0x10007784       0x1a CMakeFiles/pico_sdvx.dir/C_/Users/ngadj/Documents/pico-sdk/src/rp2_common/hardware_irq/irq.c.obj
 *fill*         0x1000779e        0x2 
 .rodata._ftoa.str1.4
                0x100077a0       0x15 CMakeFiles/pico_sdvx.dir/C_/Users/ngadj/Documents/pico-sdk/src/rp2_common/pico_printf/printf.c.obj
 *fill*         0x100077b5        0x3 
 .rodata._vsnprintf
                0x100077b8      0x1e0 CMakeFiles/pico_sdvx.dir/C_/Users/ngadj/Documents/pico-sdk/src/rp2_common/pico_printf/printf.c.obj
 .rodata.pow10.0
                0x10007998       0x50 CMakeFiles/pico_sdvx.dir/C_/Users/ngadj/Documents/pico-sdk/src/rp2_common/pico_printf/printf.c.obj
 .rodata.__aeabi_double_init.str1.4
                0x100079e8       0xaf CMakeFiles/pico_sdvx.dir/C_/Users/ngadj/Documents/pico-sdk/src/rp2_common/pico_double/double_init_rom.c.obj
 *fill*         0x10007a97        0x1 
 .rodata.__func__.0
                0x10007a98       0x14 CMakeFiles/pico_sdvx.dir/C_/Users/ngadj/Documents/pico-sdk/src/rp2_common/pico_double/double_init_rom.c.obj
 .rodata.__aeabi_float_init.str1.4
                0x10007aac       0x81 CMakeFiles/pico_sdvx.dir/C_/Users/ngadj/Documents/pico-sdk/src/rp2_common/pico_float/float_init_rom.c.obj
                                 0x85 (size before relaxing)
 *fill*         0x10007b2d        0x3 
 .rodata.__func__.0
                0x10007b30       0x13 CMakeFiles/pico_sdvx.dir/C_/Users/ngadj/Documents/pico-sdk/src/rp2_common/pico_float/float_init_rom.c.obj
 *fill*         0x10007b43        0x1 
 .rodata.str1.4
                0x10007b44       0x30 CMakeFiles/pico_sdvx.dir/C_/Users/ngadj/Documents/pico-sdk/src/rp2_common/pico_standard_link/binary_info.c.obj
 .rodata.__bi_40
                0x10007b74        0xc CMakeFiles/pico_sdvx.dir/C_/Users/ngadj/Documents/pico-sdk/src/rp2_common/pico_standard_link/binary_info.c.obj
 .rodata.__bi_71
                0x10007b80        0xc CMakeFiles/pico_sdvx.dir/C_/Users/ngadj/Documents/pico-sdk/src/rp2_common/pico_standard_link/binary_info.c.obj
 .rodata.crlf_str.1
                0x10007b8c        0x2 CMakeFiles/pico_sdvx.dir/C_/Users/ngadj/Documents/pico-sdk/src/rp2_common/pico_stdio/stdio.c.obj
 *fill*         0x10007b8e        0x2 
 .rodata.str1.4
                0x10007b90       0x2c CMakeFiles/pico_sdvx.dir/C_/Users/ngadj/Documents/pico-sdk/src/rp2_common/pico_stdio_uart/stdio_uart.c.obj
 .rodata.__bi_27.4
                0x10007bbc        0xc CMakeFiles/pico_sdvx.dir/C_/Users/ngadj/Documents/pico-sdk/src/rp2_common/pico_stdio_uart/stdio_uart.c.obj
 .rodata.__bi_28.5
                0x10007bc8        0x8 CMakeFiles/pico_sdvx.dir/C_/Users/ngadj/Documents/pico-sdk/src/rp2_common/pico_stdio_uart/stdio_uart.c.obj
 .rodata._hw_endpoint_alloc.str1.4
                0x10007bd0       0xbd CMakeFiles/pico_sdvx.dir/C_/Users/ngadj/Documents/pico-sdk/lib/tinyusb/src/portable/raspberrypi/rp2040/dcd_rp2040.c.obj
 *fill*         0x10007c8d        0x3 
 .rodata._hw_endpoint_init.str1.4
                0x10007c90       0x28 CMakeFiles/pico_sdvx.dir/C_/Users/ngadj/Documents/pico-sdk/lib/tinyusb/src/portable/raspberrypi/rp2040/dcd_rp2040.c.obj
 .rodata.hw_handle_buff_status.str1.4
                0x10007cb8        0xb CMakeFiles/pico_sdvx.dir/C_/Users/ngadj/Documents/pico-sdk/lib/tinyusb/src/portable/raspberrypi/rp2040/dcd_rp2040.c.obj
 *fill*         0x10007cc3        0x1 
 .rodata.dcd_rp2040_irq.str1.4
                0x10007cc4       0x14 CMakeFiles/pico_sdvx.dir/C_/Users/ngadj/Documents/pico-sdk/lib/tinyusb/src/portable/raspberrypi/rp2040/dcd_rp2040.c.obj
 .rodata._hw_endpoint_stall.str1.4
                0x10007cd8        0xd CMakeFiles/pico_sdvx.dir/C_/Users/ngadj/Documents/pico-sdk/lib/tinyusb/src/portable/raspberrypi/rp2040/dcd_rp2040.c.obj
 *fill*         0x10007ce5        0x3 
 .rodata.dcd_int_enable.str1.4
                0x10007ce8        0xc CMakeFiles/pico_sdvx.dir/C_/Users/ngadj/Documents/pico-sdk/lib/tinyusb/src/portable/raspberrypi/rp2040/dcd_rp2040.c.obj
 .rodata.__func__.0
                0x10007cf4       0x15 CMakeFiles/pico_sdvx.dir/C_/Users/ngadj/Documents/pico-sdk/lib/tinyusb/src/portable/raspberrypi/rp2040/dcd_rp2040.c.obj
 *fill*         0x10007d09        0x3 
 .rodata.__func__.1
                0x10007d0c       0x13 CMakeFiles/pico_sdvx.dir/C_/Users/ngadj/Documents/pico-sdk/lib/tinyusb/src/portable/raspberrypi/rp2040/dcd_rp2040.c.obj
 *fill*         0x10007d1f        0x1 
 .rodata.__func__.10
                0x10007d20        0xf CMakeFiles/pico_sdvx.dir/C_/Users/ngadj/Documents/pico-sdk/lib/tinyusb/src/portable/raspberrypi/rp2040/dcd_rp2040.c.obj
 *fill*         0x10007d2f        0x1 
 .rodata.__func__.11
                0x10007d30       0x13 CMakeFiles/pico_sdvx.dir/C_/Users/ngadj/Documents/pico-sdk/lib/tinyusb/src/portable/raspberrypi/rp2040/dcd_rp2040.c.obj
 *fill*         0x10007d43        0x1 
 .rodata.__func__.12
                0x10007d44       0x16 CMakeFiles/pico_sdvx.dir/C_/Users/ngadj/Documents/pico-sdk/lib/tinyusb/src/portable/raspberrypi/rp2040/dcd_rp2040.c.obj
 *fill*         0x10007d5a        0x2 
 .rodata.__func__.13
                0x10007d5c        0x9 CMakeFiles/pico_sdvx.dir/C_/Users/ngadj/Documents/pico-sdk/lib/tinyusb/src/portable/raspberrypi/rp2040/dcd_rp2040.c.obj
 *fill*         0x10007d65        0x3 
 .rodata.__func__.2
                0x10007d68        0xf CMakeFiles/pico_sdvx.dir/C_/Users/ngadj/Documents/pico-sdk/lib/tinyusb/src/portable/raspberrypi/rp2040/dcd_rp2040.c.obj
 *fill*         0x10007d77        0x1 
 .rodata.__func__.3
                0x10007d78        0xe CMakeFiles/pico_sdvx.dir/C_/Users/ngadj/Documents/pico-sdk/lib/tinyusb/src/portable/raspberrypi/rp2040/dcd_rp2040.c.obj
 *fill*         0x10007d86        0x2 
 .rodata.__func__.4
                0x10007d88        0xe CMakeFiles/pico_sdvx.dir/C_/Users/ngadj/Documents/pico-sdk/lib/tinyusb/src/portable/raspberrypi/rp2040/dcd_rp2040.c.obj
 *fill*         0x10007d96        0x2 
 .rodata.__func__.5
                0x10007d98       0x1a CMakeFiles/pico_sdvx.dir/C_/Users/ngadj/Documents/pico-sdk/lib/tinyusb/src/portable/raspberrypi/rp2040/dcd_rp2040.c.obj
 *fill*         0x10007db2        0x2 
 .rodata.__func__.6
                0x10007db4        0xc CMakeFiles/pico_sdvx.dir/C_/Users/ngadj/Documents/pico-sdk/lib/tinyusb/src/portable/raspberrypi/rp2040/dcd_rp2040.c.obj
 .rodata.__func__.8
                0x10007dc0       0x10 CMakeFiles/pico_sdvx.dir/C_/Users/ngadj/Documents/pico-sdk/lib/tinyusb/src/portable/raspberrypi/rp2040/dcd_rp2040.c.obj
 .rodata._hw_endpoint_buffer_control_update32.str1.4
                0x10007dd0       0x1f CMakeFiles/pico_sdvx.dir/C_/Users/ngadj/Documents/pico-sdk/lib/tinyusb/src/portable/raspberrypi/rp2040/rp2040_usb.c.obj
 *fill*         0x10007def        0x1 
 .rodata._hw_endpoint_xfer_sync.str1.4
                0x10007df0       0x99 CMakeFiles/pico_sdvx.dir/C_/Users/ngadj/Documents/pico-sdk/lib/tinyusb/src/portable/raspberrypi/rp2040/rp2040_usb.c.obj
 *fill*         0x10007e89        0x3 
 .rodata._hw_endpoint_xfer_continue.str1.4
                0x10007e8c       0x50 CMakeFiles/pico_sdvx.dir/C_/Users/ngadj/Documents/pico-sdk/lib/tinyusb/src/portable/raspberrypi/rp2040/rp2040_usb.c.obj
 .rodata._hw_endpoint_xfer.str1.4
                0x10007edc        0xf CMakeFiles/pico_sdvx.dir/C_/Users/ngadj/Documents/pico-sdk/lib/tinyusb/src/portable/raspberrypi/rp2040/rp2040_usb.c.obj
 .rodata.str1.4
                0x10007eeb        0xf CMakeFiles/pico_sdvx.dir/C_/Users/ngadj/Documents/pico-sdk/lib/tinyusb/src/portable/raspberrypi/rp2040/rp2040_usb.c.obj
                                  0x7 (size before relaxing)
 *fill*         0x10007eeb        0x1 
 .rodata.__func__.0
                0x10007eec       0x12 CMakeFiles/pico_sdvx.dir/C_/Users/ngadj/Documents/pico-sdk/lib/tinyusb/src/portable/raspberrypi/rp2040/rp2040_usb.c.obj
 *fill*         0x10007efe        0x2 
 .rodata.__func__.1
                0x10007f00       0x17 CMakeFiles/pico_sdvx.dir/C_/Users/ngadj/Documents/pico-sdk/lib/tinyusb/src/portable/raspberrypi/rp2040/rp2040_usb.c.obj
 *fill*         0x10007f17        0x1 
 .rodata.process_set_config.str1.4
                0x10007f18       0x17 CMakeFiles/pico_sdvx.dir/C_/Users/ngadj/Documents/pico-sdk/lib/tinyusb/src/device/usbd.c.obj
 *fill*         0x10007f2f        0x1 
 .rodata.process_get_descriptor
                0x10007f30       0x40 CMakeFiles/pico_sdvx.dir/C_/Users/ngadj/Documents/pico-sdk/lib/tinyusb/src/device/usbd.c.obj
 .rodata.dcd_event_handler.str1.4
                0x10007f70       0x53 CMakeFiles/pico_sdvx.dir/C_/Users/ngadj/Documents/pico-sdk/lib/tinyusb/src/device/usbd.c.obj
 *fill*         0x10007fc3        0x1 
 .rodata.process_control_request
                0x10007fc4       0x28 CMakeFiles/pico_sdvx.dir/C_/Users/ngadj/Documents/pico-sdk/lib/tinyusb/src/device/usbd.c.obj
 .rodata.tud_task
                0x10007fec       0x24 CMakeFiles/pico_sdvx.dir/C_/Users/ngadj/Documents/pico-sdk/lib/tinyusb/src/device/usbd.c.obj
 .rodata.__func__.1
                0x10008010        0xf CMakeFiles/pico_sdvx.dir/C_/Users/ngadj/Documents/pico-sdk/lib/tinyusb/src/device/usbd.c.obj
 *fill*         0x1000801f        0x1 
 .rodata.__func__.2
                0x10008020       0x14 CMakeFiles/pico_sdvx.dir/C_/Users/ngadj/Documents/pico-sdk/lib/tinyusb/src/device/usbd.c.obj
 .rodata.__func__.3
                0x10008034       0x10 CMakeFiles/pico_sdvx.dir/C_/Users/ngadj/Documents/pico-sdk/lib/tinyusb/src/device/usbd.c.obj
 .rodata.__func__.4
                0x10008044       0x17 CMakeFiles/pico_sdvx.dir/C_/Users/ngadj/Documents/pico-sdk/lib/tinyusb/src/device/usbd.c.obj
 *fill*         0x1000805b        0x1 
 .rodata.__func__.5
                0x1000805c       0x13 CMakeFiles/pico_sdvx.dir/C_/Users/ngadj/Documents/pico-sdk/lib/tinyusb/src/device/usbd.c.obj
 *fill*         0x1000806f        0x1 
 .rodata.__func__.6
                0x10008070       0x18 CMakeFiles/pico_sdvx.dir/C_/Users/ngadj/Documents/pico-sdk/lib/tinyusb/src/device/usbd.c.obj
 .rodata.__func__.7
                0x10008088       0x13 CMakeFiles/pico_sdvx.dir/C_/Users/ngadj/Documents/pico-sdk/lib/tinyusb/src/device/usbd.c.obj
 *fill*         0x1000809b        0x1 
 .rodata.__func__.8
                0x1000809c        0x9 CMakeFiles/pico_sdvx.dir/C_/Users/ngadj/Documents/pico-sdk/lib/tinyusb/src/device/usbd.c.obj
 *fill*         0x100080a5        0x3 
 .rodata._usbd_driver
                0x100080a8       0x1c CMakeFiles/pico_sdvx.dir/C_/Users/ngadj/Documents/pico-sdk/lib/tinyusb/src/device/usbd.c.obj
 .rodata.tud_control_xfer.str1.4
                0x100080c4       0x17 CMakeFiles/pico_sdvx.dir/C_/Users/ngadj/Documents/pico-sdk/lib/tinyusb/src/device/usbd_control.c.obj
 .rodata.__func__.0
                0x100080c4       0x15 CMakeFiles/pico_sdvx.dir/C_/Users/ngadj/Documents/pico-sdk/lib/tinyusb/src/device/usbd_control.c.obj
 *fill*         0x100080d9        0x3 
 .rodata.__func__.1
                0x100080dc       0x11 CMakeFiles/pico_sdvx.dir/C_/Users/ngadj/Documents/pico-sdk/lib/tinyusb/src/device/usbd_control.c.obj
 *fill*         0x100080ed        0x3 
 .rodata.hidd_open.str1.4
                0x100080f0       0x11 CMakeFiles/pico_sdvx.dir/C_/Users/ngadj/Documents/pico-sdk/lib/tinyusb/src/class/hid/hid_device.c.obj
                                 0x29 (size before relaxing)
 *fill*         0x10008101        0x3 
 .rodata.hidd_control_request
                0x10008104       0x30 CMakeFiles/pico_sdvx.dir/C_/Users/ngadj/Documents/pico-sdk/lib/tinyusb/src/class/hid/hid_device.c.obj
 .rodata.__PRETTY_FUNCTION__.2
                0x10008134        0xa CMakeFiles/pico_sdvx.dir/C_/Users/ngadj/Documents/pico-sdk/lib/tinyusb/src/class/hid/hid_device.c.obj
 *fill*         0x1000813e        0x2 
 .rodata.__func__.0
                0x10008140        0xd CMakeFiles/pico_sdvx.dir/C_/Users/ngadj/Documents/pico-sdk/lib/tinyusb/src/class/hid/hid_device.c.obj
 *fill*         0x1000814d        0x3 
 .rodata.__func__.1
                0x10008150       0x15 CMakeFiles/pico_sdvx.dir/C_/Users/ngadj/Documents/pico-sdk/lib/tinyusb/src/class/hid/hid_device.c.obj
 *fill*         0x10008165        0x3 
 .rodata.__func__.3
                0x10008168        0xa CMakeFiles/pico_sdvx.dir/C_/Users/ngadj/Documents/pico-sdk/lib/tinyusb/src/class/hid/hid_device.c.obj
 .rodata.tusb_init.str1.4
                0x10008172       0x17 CMakeFiles/pico_sdvx.dir/C_/Users/ngadj/Documents/pico-sdk/lib/tinyusb/src/tusb.c.obj
 *fill*         0x10008172        0x2 
 .rodata.__func__.0
                0x10008174        0xa CMakeFiles/pico_sdvx.dir/C_/Users/ngadj/Documents/pico-sdk/lib/tinyusb/src/tusb.c.obj
                0x10008180                . = ALIGN (0x4)
 *fill*         0x1000817e        0x2 
 *(SORT_BY_ALIGNMENT(SORT_BY_NAME(.flashdata*)))
                0x10008180                . = ALIGN (0x4)

.rel.dyn        0x10008180        0x0
 .rel.iplt      0x10008180        0x0 c:/progra~2/gnuarm~1/102020~1/bin/../lib/gcc/arm-none-eabi/10.2.1/thumb/v6-m/nofp/crtbegin.o

.ARM.extab
 *(.ARM.extab* .gnu.linkonce.armextab.*)
                0x10008180                __exidx_start = .

.ARM.exidx
 *(.ARM.exidx* .gnu.linkonce.armexidx.*)
                0x10008180                __exidx_end = .
                0x10008180                . = ALIGN (0x4)
                0x10008180                __binary_info_start = .

.binary_info    0x10008180       0x20
 *(.binary_info.keep.*)
 .binary_info.keep.__bi_ptr18
                0x10008180        0x4 CMakeFiles/pico_sdvx.dir/C_/Users/ngadj/Documents/pico-sdk/src/rp2_common/pico_standard_link/binary_info.c.obj
 .binary_info.keep.__bi_ptr26
                0x10008184        0x4 CMakeFiles/pico_sdvx.dir/C_/Users/ngadj/Documents/pico-sdk/src/rp2_common/pico_standard_link/binary_info.c.obj
 .binary_info.keep.__bi_ptr34
                0x10008188        0x4 CMakeFiles/pico_sdvx.dir/C_/Users/ngadj/Documents/pico-sdk/src/rp2_common/pico_standard_link/binary_info.c.obj
 .binary_info.keep.__bi_ptr40
                0x1000818c        0x4 CMakeFiles/pico_sdvx.dir/C_/Users/ngadj/Documents/pico-sdk/src/rp2_common/pico_standard_link/binary_info.c.obj
 .binary_info.keep.__bi_ptr46
                0x10008190        0x4 CMakeFiles/pico_sdvx.dir/C_/Users/ngadj/Documents/pico-sdk/src/rp2_common/pico_standard_link/binary_info.c.obj
 .binary_info.keep.__bi_ptr71
                0x10008194        0x4 CMakeFiles/pico_sdvx.dir/C_/Users/ngadj/Documents/pico-sdk/src/rp2_common/pico_standard_link/binary_info.c.obj
 *(.binary_info.*)
 .binary_info.__bi_ptr27
                0x10008198        0x4 CMakeFiles/pico_sdvx.dir/C_/Users/ngadj/Documents/pico-sdk/src/rp2_common/pico_stdio_uart/stdio_uart.c.obj
 .binary_info.__bi_ptr28
                0x1000819c        0x4 CMakeFiles/pico_sdvx.dir/C_/Users/ngadj/Documents/pico-sdk/src/rp2_common/pico_stdio_uart/stdio_uart.c.obj
                0x100081a0                __binary_info_end = .
                0x100081a0                . = ALIGN (0x4)
                0x100081a0                __etext = .

.ram_vector_table
                0x20000000       0xc0
 *(.ram_vector_table)
 .ram_vector_table
                0x20000000       0xc0 CMakeFiles/pico_sdvx.dir/C_/Users/ngadj/Documents/pico-sdk/src/rp2_common/pico_runtime/runtime.c.obj
                0x20000000                ram_vector_table

.data           0x200000c0      0xb14 load address 0x100081a0
                0x200000c0                __data_start__ = .
 *(vtable)
 *(.time_critical*)
 .time_critical.mutex_enter_blocking
                0x200000c0       0x64 CMakeFiles/pico_sdvx.dir/C_/Users/ngadj/Documents/pico-sdk/src/common/pico_sync/mutex.c.obj
                0x200000c0                mutex_enter_blocking
 .time_critical.mutex_try_enter
                0x20000124       0x44 CMakeFiles/pico_sdvx.dir/C_/Users/ngadj/Documents/pico-sdk/src/common/pico_sync/mutex.c.obj
                0x20000124                mutex_try_enter
 .time_critical.mutex_enter_block_until
                0x20000168       0x78 CMakeFiles/pico_sdvx.dir/C_/Users/ngadj/Documents/pico-sdk/src/common/pico_sync/mutex.c.obj
                0x20000168                mutex_enter_block_until
 .time_critical.mutex_enter_timeout_ms
                0x200001e0       0x4a CMakeFiles/pico_sdvx.dir/C_/Users/ngadj/Documents/pico-sdk/src/common/pico_sync/mutex.c.obj
                0x200001e0                mutex_enter_timeout_ms
 *fill*         0x2000022a        0x2 
 .time_critical.mutex_exit
                0x2000022c       0x4c CMakeFiles/pico_sdvx.dir/C_/Users/ngadj/Documents/pico-sdk/src/common/pico_sync/mutex.c.obj
                0x2000022c                mutex_exit
 *(.text*)
 .text          0x20000278        0x4 c:/progra~2/gnuarm~1/102020~1/bin/../lib/gcc/arm-none-eabi/10.2.1/thumb/v6-m/nofp\libgcc.a(_dvmd_tls.o)
                0x20000278                __aeabi_idiv0
                0x20000278                __aeabi_ldiv0
 *fill*         0x2000027c        0x4 
 .text.__stub   0x20000280       0x40 linker stubs
                0x200002c0                . = ALIGN (0x4)
 *(.rodata*)
                0x200002c0                . = ALIGN (0x4)
 *(.data*)
 .data.string_desc_arr
                0x200002c0       0x10 CMakeFiles/pico_sdvx.dir/usb_descriptors.c.obj
                0x200002c0                string_desc_arr
 .data.striped_spin_lock_num
                0x200002d0        0x1 CMakeFiles/pico_sdvx.dir/C_/Users/ngadj/Documents/pico-sdk/src/rp2_common/hardware_sync/sync.c.obj
 *fill*         0x200002d1        0x3 
 .data          0x200002d4       0x48 CMakeFiles/pico_sdvx.dir/C_/Users/ngadj/Documents/pico-sdk/src/rp2_common/hardware_irq/irq_handler_chain.S.obj
                0x200002d4                irq_handler_chain_slots
                0x20000304                irq_handler_chain_first_slot
                0x2000030e                irq_handler_chain_remove_tail
 *fill*         0x2000031c        0x4 
 .data.aeabi_bits_funcs
                0x20000320       0x10 CMakeFiles/pico_sdvx.dir/C_/Users/ngadj/Documents/pico-sdk/src/rp2_common/pico_bit_ops/bit_ops_aeabi.S.obj
                0x20000320                aeabi_bits_funcs
                0x20000330                aeabi_bits_funcs_end
 .data.aeabi_mem_funcs
                0x20000330       0x10 CMakeFiles/pico_sdvx.dir/C_/Users/ngadj/Documents/pico-sdk/src/rp2_common/pico_mem_ops/mem_ops_aeabi.S.obj
                0x20000330                aeabi_mem_funcs
                0x20000340                aeabi_mem_funcs_end
 .data.stdio_uart
                0x20000340       0x14 CMakeFiles/pico_sdvx.dir/C_/Users/ngadj/Documents/pico-sdk/src/rp2_common/pico_stdio_uart/stdio_uart.c.obj
                0x20000340                stdio_uart
 .data.ep_dir_string
                0x20000354        0x8 CMakeFiles/pico_sdvx.dir/C_/Users/ngadj/Documents/pico-sdk/lib/tinyusb/src/portable/raspberrypi/rp2040/rp2040_usb.c.obj
                0x20000354                ep_dir_string
 .data._usbd_qdef
                0x2000035c       0x20 CMakeFiles/pico_sdvx.dir/C_/Users/ngadj/Documents/pico-sdk/lib/tinyusb/src/device/usbd.c.obj
                0x2000035c                _usbd_qdef
 .data._impure_ptr
                0x2000037c        0x4 c:/progra~2/gnuarm~1/102020~1/bin/../lib/gcc/arm-none-eabi/10.2.1/../../../../arm-none-eabi/lib/thumb/v6-m/nofp\libg.a(lib_a-impure.o)
                0x2000037c                _impure_ptr
 .data.impure_data
                0x20000380      0x428 c:/progra~2/gnuarm~1/102020~1/bin/../lib/gcc/arm-none-eabi/10.2.1/../../../../arm-none-eabi/lib/thumb/v6-m/nofp\libg.a(lib_a-impure.o)
 .data.__malloc_av_
                0x200007a8      0x408 c:/progra~2/gnuarm~1/102020~1/bin/../lib/gcc/arm-none-eabi/10.2.1/../../../../arm-none-eabi/lib/thumb/v6-m/nofp\libg.a(lib_a-mallocr.o)
                0x200007a8                __malloc_av_
 .data.__malloc_sbrk_base
                0x20000bb0        0x4 c:/progra~2/gnuarm~1/102020~1/bin/../lib/gcc/arm-none-eabi/10.2.1/../../../../arm-none-eabi/lib/thumb/v6-m/nofp\libg.a(lib_a-mallocr.o)
                0x20000bb0                __malloc_sbrk_base
 .data.__malloc_trim_threshold
                0x20000bb4        0x4 c:/progra~2/gnuarm~1/102020~1/bin/../lib/gcc/arm-none-eabi/10.2.1/../../../../arm-none-eabi/lib/thumb/v6-m/nofp\libg.a(lib_a-mallocr.o)
                0x20000bb4                __malloc_trim_threshold
                0x20000bb8                . = ALIGN (0x4)
 *(.after_data.*)
                0x20000bb8                . = ALIGN (0x4)
                0x20000bb8                PROVIDE (__mutex_array_start = .)
 *(SORT_BY_NAME(.mutex_array.*))
 *(.mutex_array)
 .mutex_array   0x20000bb8        0x8 CMakeFiles/pico_sdvx.dir/C_/Users/ngadj/Documents/pico-sdk/src/rp2_common/pico_stdio/stdio.c.obj
                0x20000bc0                PROVIDE (__mutex_array_end = .)
                0x20000bc0                . = ALIGN (0x4)
                0x20000bc0                PROVIDE (__preinit_array_start = .)
 *(SORT_BY_NAME(.preinit_array.*))
 .preinit_array.00001
                0x20000bc0        0x4 CMakeFiles/pico_sdvx.dir/C_/Users/ngadj/Documents/pico-sdk/src/rp2_common/pico_mem_ops/mem_ops_aeabi.S.obj
 .preinit_array.00010
                0x20000bc4        0x4 CMakeFiles/pico_sdvx.dir/C_/Users/ngadj/Documents/pico-sdk/src/rp2_common/pico_bit_ops/bit_ops_aeabi.S.obj
 .preinit_array.00020
                0x20000bc8        0x4 CMakeFiles/pico_sdvx.dir/C_/Users/ngadj/Documents/pico-sdk/src/rp2_common/pico_double/double_aeabi.S.obj
 .preinit_array.00020
                0x20000bcc        0x4 CMakeFiles/pico_sdvx.dir/C_/Users/ngadj/Documents/pico-sdk/src/rp2_common/pico_float/float_aeabi.S.obj
 *(.preinit_array)
                0x20000bd0                PROVIDE (__preinit_array_end = .)
                0x20000bd0                . = ALIGN (0x4)
                0x20000bd0                PROVIDE (__init_array_start = .)
 *(SORT_BY_NAME(.init_array.*))
 *(.init_array)
 .init_array    0x20000bd0        0x4 c:/progra~2/gnuarm~1/102020~1/bin/../lib/gcc/arm-none-eabi/10.2.1/thumb/v6-m/nofp/crtbegin.o
                0x20000bd4                PROVIDE (__init_array_end = .)
                0x20000bd4                . = ALIGN (0x4)
                [!provide]                PROVIDE (__fini_array_start = .)
 *(SORT_BY_NAME(.fini_array.*))
 *(.fini_array)
                [!provide]                PROVIDE (__fini_array_end = .)
 *(.jcr)
                0x20000bd4                . = ALIGN (0x4)
                0x20000bd4                __data_end__ = .

.igot.plt       0x20000bd4        0x0 load address 0x10008cb4
 .igot.plt      0x20000bd4        0x0 c:/progra~2/gnuarm~1/102020~1/bin/../lib/gcc/arm-none-eabi/10.2.1/thumb/v6-m/nofp/crtbegin.o

.uninitialized_data
                0x20000bd4        0x0 load address 0x10008cb4
                0x20000bd4                . = ALIGN (0x4)
 *(.uninitialized_data*)

.scratch_x      0x20040000        0x0 load address 0x10008cb4
                0x20040000                __scratch_x_start__ = .
 *(.scratch_x.*)
                0x20040000                . = ALIGN (0x4)
                0x20040000                __scratch_x_end__ = .
                0x10008cb4                __scratch_x_source__ = LOADADDR (.scratch_x)

.scratch_y      0x20041000        0x0 load address 0x10008cb4
                0x20041000                __scratch_y_start__ = .
 *(.scratch_y.*)
                0x20041000                . = ALIGN (0x4)
                0x20041000                __scratch_y_end__ = .
                0x10008cb4                __scratch_y_source__ = LOADADDR (.scratch_y)

.bss            0x20000bd4      0xb2c
                0x20000bd4                . = ALIGN (0x4)
                0x20000bd4                __bss_start__ = .
 *(SORT_BY_ALIGNMENT(SORT_BY_NAME(.bss*)))
 .bss           0x20000bd4       0x1c c:/progra~2/gnuarm~1/102020~1/bin/../lib/gcc/arm-none-eabi/10.2.1/thumb/v6-m/nofp/crtbegin.o
 .bss.__lock___malloc_recursive_mutex
                0x20000bf0        0x1 c:/progra~2/gnuarm~1/102020~1/bin/../lib/gcc/arm-none-eabi/10.2.1/../../../../arm-none-eabi/lib/thumb/v6-m/nofp\libg.a(lib_a-lock.o)
                0x20000bf0                __lock___malloc_recursive_mutex
 *fill*         0x20000bf1        0x3 
 .bss.__malloc_current_mallinfo
                0x20000bf4       0x28 c:/progra~2/gnuarm~1/102020~1/bin/../lib/gcc/arm-none-eabi/10.2.1/../../../../arm-none-eabi/lib/thumb/v6-m/nofp\libg.a(lib_a-mallocr.o)
                0x20000bf4                __malloc_current_mallinfo
 .bss.__malloc_max_sbrked_mem
                0x20000c1c        0x4 c:/progra~2/gnuarm~1/102020~1/bin/../lib/gcc/arm-none-eabi/10.2.1/../../../../arm-none-eabi/lib/thumb/v6-m/nofp\libg.a(lib_a-mallocr.o)
                0x20000c1c                __malloc_max_sbrked_mem
 .bss.__malloc_max_total_mem
                0x20000c20        0x4 c:/progra~2/gnuarm~1/102020~1/bin/../lib/gcc/arm-none-eabi/10.2.1/../../../../arm-none-eabi/lib/thumb/v6-m/nofp\libg.a(lib_a-mallocr.o)
                0x20000c20                __malloc_max_total_mem
 .bss.__malloc_top_pad
                0x20000c24        0x4 c:/progra~2/gnuarm~1/102020~1/bin/../lib/gcc/arm-none-eabi/10.2.1/../../../../arm-none-eabi/lib/thumb/v6-m/nofp\libg.a(lib_a-mallocr.o)
                0x20000c24                __malloc_top_pad
 .bss._app_driver
                0x20000c28        0x4 CMakeFiles/pico_sdvx.dir/C_/Users/ngadj/Documents/pico-sdk/lib/tinyusb/src/device/usbd.c.obj
 .bss._ctrl_xfer
                0x20000c2c       0x14 CMakeFiles/pico_sdvx.dir/C_/Users/ngadj/Documents/pico-sdk/lib/tinyusb/src/device/usbd_control.c.obj
 .bss._desc_str
                0x20000c40       0x40 CMakeFiles/pico_sdvx.dir/usb_descriptors.c.obj
 .bss._hidd_itf
                0x20000c80       0x2c CMakeFiles/pico_sdvx.dir/C_/Users/ngadj/Documents/pico-sdk/lib/tinyusb/src/class/hid/hid_device.c.obj
 .bss._ubsd_mutexdef
                0x20000cac        0x8 CMakeFiles/pico_sdvx.dir/C_/Users/ngadj/Documents/pico-sdk/lib/tinyusb/src/device/usbd.c.obj
 .bss._usbd_ctrl_buf