Archive member included to satisfy reference by file (symbol)

c:/progra~2/gnuarm~1/102020~1/bin/../lib/gcc/arm-none-eabi/10.2.1/thumb/v6-m/nofp\libgcc.a(_dvmd_tls.o)
                              CMakeFiles/pico_sdvx.dir/C_/Users/ngadj/Documents/pico-sdk/src/rp2_common/pico_divider/divider.S.obj (__aeabi_idiv0)
c:/progra~2/gnuarm~1/102020~1/bin/../lib/gcc/arm-none-eabi/10.2.1/../../../../arm-none-eabi/lib/thumb/v6-m/nofp\libg.a(lib_a-calloc.o)
                              CMakeFiles/pico_sdvx.dir/C_/Users/ngadj/Documents/pico-sdk/src/rp2_common/pico_malloc/pico_malloc.c.obj (calloc)
c:/progra~2/gnuarm~1/102020~1/bin/../lib/gcc/arm-none-eabi/10.2.1/../../../../arm-none-eabi/lib/thumb/v6-m/nofp\libg.a(lib_a-callocr.o)
                              c:/progra~2/gnuarm~1/102020~1/bin/../lib/gcc/arm-none-eabi/10.2.1/../../../../arm-none-eabi/lib/thumb/v6-m/nofp\libg.a(lib_a-calloc.o) (_calloc_r)
c:/progra~2/gnuarm~1/102020~1/bin/../lib/gcc/arm-none-eabi/10.2.1/../../../../arm-none-eabi/lib/thumb/v6-m/nofp\libg.a(lib_a-ctype_.o)
                              CMakeFiles/pico_sdvx.dir/C_/Users/ngadj/Documents/pico-sdk/lib/tinyusb/src/tusb.c.obj (_ctype_)
c:/progra~2/gnuarm~1/102020~1/bin/../lib/gcc/arm-none-eabi/10.2.1/../../../../arm-none-eabi/lib/thumb/v6-m/nofp\libg.a(lib_a-impure.o)
                              c:/progra~2/gnuarm~1/102020~1/bin/../lib/gcc/arm-none-eabi/10.2.1/../../../../arm-none-eabi/lib/thumb/v6-m/nofp\libg.a(lib_a-calloc.o) (_impure_ptr)
c:/progra~2/gnuarm~1/102020~1/bin/../lib/gcc/arm-none-eabi/10.2.1/../../../../arm-none-eabi/lib/thumb/v6-m/nofp\libg.a(lib_a-init.o)
                              c:/progra~2/gnuarm~1/102020~1/bin/../lib/gcc/arm-none-eabi/10.2.1/../../../../arm-none-eabi/lib/thumb/v6-m/nofp/crt0.o (__libc_init_array)
c:/progra~2/gnuarm~1/102020~1/bin/../lib/gcc/arm-none-eabi/10.2.1/../../../../arm-none-eabi/lib/thumb/v6-m/nofp\libg.a(lib_a-malloc.o)
                              CMakeFiles/pico_sdvx.dir/C_/Users/ngadj/Documents/pico-sdk/src/rp2_common/pico_malloc/pico_malloc.c.obj (malloc)
c:/progra~2/gnuarm~1/102020~1/bin/../lib/gcc/arm-none-eabi/10.2.1/../../../../arm-none-eabi/lib/thumb/v6-m/nofp\libg.a(lib_a-mallocr.o)
                              c:/progra~2/gnuarm~1/102020~1/bin/../lib/gcc/arm-none-eabi/10.2.1/../../../../arm-none-eabi/lib/thumb/v6-m/nofp\libg.a(lib_a-callocr.o) (_malloc_r)
c:/progra~2/gnuarm~1/102020~1/bin/../lib/gcc/arm-none-eabi/10.2.1/../../../../arm-none-eabi/lib/thumb/v6-m/nofp\libg.a(lib_a-mlock.o)
                              c:/progra~2/gnuarm~1/102020~1/bin/../lib/gcc/arm-none-eabi/10.2.1/../../../../arm-none-eabi/lib/thumb/v6-m/nofp\libg.a(lib_a-mallocr.o) (__malloc_lock)
c:/progra~2/gnuarm~1/102020~1/bin/../lib/gcc/arm-none-eabi/10.2.1/../../../../arm-none-eabi/lib/thumb/v6-m/nofp\libg.a(lib_a-sbrkr.o)
                              c:/progra~2/gnuarm~1/102020~1/bin/../lib/gcc/arm-none-eabi/10.2.1/../../../../arm-none-eabi/lib/thumb/v6-m/nofp\libg.a(lib_a-mallocr.o) (_sbrk_r)
c:/progra~2/gnuarm~1/102020~1/bin/../lib/gcc/arm-none-eabi/10.2.1/../../../../arm-none-eabi/lib/thumb/v6-m/nofp\libg.a(lib_a-strlen-stub.o)
                              CMakeFiles/pico_sdvx.dir/usb_descriptors.c.obj (strlen)
c:/progra~2/gnuarm~1/102020~1/bin/../lib/gcc/arm-none-eabi/10.2.1/../../../../arm-none-eabi/lib/thumb/v6-m/nofp\libg.a(lib_a-freer.o)
                              c:/progra~2/gnuarm~1/102020~1/bin/../lib/gcc/arm-none-eabi/10.2.1/../../../../arm-none-eabi/lib/thumb/v6-m/nofp\libg.a(lib_a-malloc.o) (_free_r)
c:/progra~2/gnuarm~1/102020~1/bin/../lib/gcc/arm-none-eabi/10.2.1/../../../../arm-none-eabi/lib/thumb/v6-m/nofp\libg.a(lib_a-lock.o)
                              c:/progra~2/gnuarm~1/102020~1/bin/../lib/gcc/arm-none-eabi/10.2.1/../../../../arm-none-eabi/lib/thumb/v6-m/nofp\libg.a(lib_a-mlock.o) (__retarget_lock_acquire_recursive)
c:/progra~2/gnuarm~1/102020~1/bin/../lib/gcc/arm-none-eabi/10.2.1/../../../../arm-none-eabi/lib/thumb/v6-m/nofp\libg.a(lib_a-reent.o)
                              c:/progra~2/gnuarm~1/102020~1/bin/../lib/gcc/arm-none-eabi/10.2.1/../../../../arm-none-eabi/lib/thumb/v6-m/nofp\libg.a(lib_a-sbrkr.o) (errno)

Discarded input sections

 .text          0x00000000        0x0 c:/progra~2/gnuarm~1/102020~1/bin/../lib/gcc/arm-none-eabi/10.2.1/thumb/v6-m/nofp/crti.o
 .data          0x00000000        0x0 c:/progra~2/gnuarm~1/102020~1/bin/../lib/gcc/arm-none-eabi/10.2.1/thumb/v6-m/nofp/crti.o
 .bss           0x00000000        0x0 c:/progra~2/gnuarm~1/102020~1/bin/../lib/gcc/arm-none-eabi/10.2.1/thumb/v6-m/nofp/crti.o
 .data          0x00000000        0x4 c:/progra~2/gnuarm~1/102020~1/bin/../lib/gcc/arm-none-eabi/10.2.1/thumb/v6-m/nofp/crtbegin.o
 .rodata        0x00000000       0x24 c:/progra~2/gnuarm~1/102020~1/bin/../lib/gcc/arm-none-eabi/10.2.1/thumb/v6-m/nofp/crtbegin.o
[...]
Memory Configuration

Name             Origin             Length             Attributes
FLASH            0x10000000         0x00200000         xr
RAM              0x20000000         0x00040000         xrw
SCRATCH_X        0x20040000         0x00001000         xrw
SCRATCH_Y        0x20041000         0x00001000         xrw
*default*        0x00000000         0xffffffff

Linker script and memory map

LOAD c:/progra~2/gnuarm~1/102020~1/bin/../lib/gcc/arm-none-eabi/10.2.1/thumb/v6-m/nofp/crti.o
LOAD c:/progra~2/gnuarm~1/102020~1/bin/../lib/gcc/arm-none-eabi/10.2.1/thumb/v6-m/nofp/crtbegin.o
LOAD c:/progra~2/gnuarm~1/102020~1/bin/../lib/gcc/arm-none-eabi/10.2.1/../../../../arm-none-eabi/lib/thumb/v6-m/nofp/crt0.o

.flash_begin    0x10000000        0x0
                0x10000000                __flash_binary_start = .

.boot2          0x10000000      0x100
                0x10000000                __boot2_start__ = .
 *(.boot2)
 .boot2         0x10000000      0x100 C:\Users\ngadj\AppData\Local\Temp\ccqStFG2.o
                0x10000100                __boot2_end__ = .
                0x00000001                ASSERT (((__boot2_end__ - __boot2_start__) == 0x100), ERROR: Pico second stage bootloader must be 256 bytes in size)

.text           0x10000100     0x6f98
                0x10000100                __logical_binary_start = .
 *(.vectors)
 .vectors       0x10000100       0xd4 CMakeFiles/pico_sdvx.dir/C_/Users/ngadj/Documents/pico-sdk/src/rp2_common/pico_standard_link/crt0.S.obj
                0x10000100                __vectors
                0x100001c0                isr_invalid
                0x100001c2                isr_nmi
                0x100001c4                isr_hardfault
                0x100001c6                isr_svcall
                0x100001c8                isr_pendsv
                0x100001ca                isr_systick
                0x100001cc                isr_irq11
                0x100001cc                isr_irq5
                0x100001cc                isr_irq23
                0x100001cc                isr_irq18
                0x100001cc                isr_irq31
                0x100001cc                isr_irq28
                0x100001cc                isr_irq19
                0x100001cc                isr_irq0
                0x100001cc                isr_irq6
                0x100001cc                isr_irq27
                0x100001cc                isr_irq12
                0x100001cc                isr_irq22
                0x100001cc                isr_irq13
                0x100001cc                isr_irq17
                0x100001cc                isr_irq14
                0x100001cc                isr_irq2
                0x100001cc                isr_irq10
                0x100001cc                isr_irq8
                0x100001cc                isr_irq24
                0x100001cc                isr_irq1
                0x100001cc                isr_irq7
                0x100001cc                isr_irq21
                0x100001cc                isr_irq20
                0x100001cc                isr_irq15
                0x100001cc                isr_irq25
                0x100001cc                __unhandled_user_irq
                0x100001cc                isr_irq4
                0x100001cc                isr_irq16
                0x100001cc                isr_irq29
                0x100001cc                isr_irq26
                0x100001cc                isr_irq3
                0x100001cc                isr_irq30
                0x100001cc                isr_irq9
                0x100001d2                unhandled_user_irq_num_in_r0
 *(.binary_info_header)
 .binary_info_header
                0x100001d4       0x14 CMakeFiles/pico_sdvx.dir/C_/Users/ngadj/Documents/pico-sdk/src/rp2_common/pico_standard_link/crt0.S.obj
                0x100001e8                __binary_info_header_end = .
 *(.reset)
 .reset         0x100001e8       0xa8 CMakeFiles/pico_sdvx.dir/C_/Users/ngadj/Documents/pico-sdk/src/rp2_common/pico_standard_link/crt0.S.obj
                0x100001e8                _entry_point
                0x10000266                __get_current_exception
 .reset         0x10000290       0x30 CMakeFiles/pico_sdvx.dir/C_/Users/ngadj/Documents/pico-sdk/src/rp2_common/pico_standard_link/binary_info.c.obj
 *(.init)
 .init          0x100002c0        0x4 c:/progra~2/gnuarm~1/102020~1/bin/../lib/gcc/arm-none-eabi/10.2.1/thumb/v6-m/nofp/crti.o
                0x100002c0                _init
 *(EXCLUDE_FILE(*libm.a: *libc.a:*lib_a-mem*.o *libgcc.a:) .text*)
 .text          0x100002c4       0x48 c:/progra~2/gnuarm~1/102020~1/bin/../lib/gcc/arm-none-eabi/10.2.1/thumb/v6-m/nofp/crtbegin.o
 .text.gpio_enc_callback
                0x1000030c       0xe4 CMakeFiles/pico_sdvx.dir/pico_sdvx.c.obj
                0x1000030c                gpio_enc_callback
 .text.init     0x100003f0      0x118 CMakeFiles/pico_sdvx.dir/pico_sdvx.c.obj
                0x100003f0                init
 .text.key_mode
                0x10000508      0x12c CMakeFiles/pico_sdvx.dir/pico_sdvx.c.obj
                0x10000508                key_mode
 .text.main     0x10000634       0x18 CMakeFiles/pico_sdvx.dir/pico_sdvx.c.obj
                0x10000634                main
 .text.tud_hid_get_report_cb
                0x1000064c        0x4 CMakeFiles/pico_sdvx.dir/pico_sdvx.c.obj
                0x1000064c                tud_hid_get_report_cb
 .text.tud_hid_set_report_cb
                0x10000650        0x2 CMakeFiles/pico_sdvx.dir/pico_sdvx.c.obj
                0x10000650                tud_hid_set_report_cb
 *fill*         0x10000652        0x2 
 .text.tud_descriptor_device_cb
                0x10000654        0x8 CMakeFiles/pico_sdvx.dir/usb_descriptors.c.obj
                0x10000654                tud_descriptor_device_cb
 .text.tud_hid_descriptor_report_cb
                0x1000065c        0x8 CMakeFiles/pico_sdvx.dir/usb_descriptors.c.obj
                0x1000065c                tud_hid_descriptor_report_cb
 .text.tud_descriptor_configuration_cb
                0x10000664        0x8 CMakeFiles/pico_sdvx.dir/usb_descriptors.c.obj
                0x10000664                tud_descriptor_configuration_cb
 .text.tud_descriptor_string_cb
                0x1000066c       0x60 CMakeFiles/pico_sdvx.dir/usb_descriptors.c.obj
                0x1000066c                tud_descriptor_string_cb
 .text.setup_default_uart
                0x100006cc        0x8 CMakeFiles/pico_sdvx.dir/C_/Users/ngadj/Documents/pico-sdk/src/rp2_common/pico_stdlib/stdlib.c.obj
                0x100006cc                setup_default_uart
 .text.gpio_set_function
                0x100006d4       0x30 CMakeFiles/pico_sdvx.dir/C_/Users/ngadj/Documents/pico-sdk/src/rp2_common/hardware_gpio/gpio.c.obj
                0x100006d4                gpio_set_function
 .text.gpio_set_pulls
                0x10000704       0x34 CMakeFiles/pico_sdvx.dir/C_/Users/ngadj/Documents/pico-sdk/src/rp2_common/hardware_gpio/gpio.c.obj
                0x10000704                gpio_set_pulls
 .text.gpio_acknowledge_irq
                0x10000738       0x18 CMakeFiles/pico_sdvx.dir/C_/Users/ngadj/Documents/pico-sdk/src/rp2_common/hardware_gpio/gpio.c.obj
                0x10000738                gpio_acknowledge_irq
 .text._gpio_set_irq_enabled
                0x10000750       0x34 CMakeFiles/pico_sdvx.dir/C_/Users/ngadj/Documents/pico-sdk/src/rp2_common/hardware_gpio/gpio.c.obj
 .text.gpio_set_irq_enabled
                0x10000784       0x20 CMakeFiles/pico_sdvx.dir/C_/Users/ngadj/Documents/pico-sdk/src/rp2_common/hardware_gpio/gpio.c.obj
                0x10000784                gpio_set_irq_enabled
 .text.gpio_set_irq_enabled_with_callback
                0x100007a4       0x30 CMakeFiles/pico_sdvx.dir/C_/Users/ngadj/Documents/pico-sdk/src/rp2_common/hardware_gpio/gpio.c.obj
                0x100007a4                gpio_set_irq_enabled_with_callback
 .text.gpio_irq_handler
                0x100007d4       0x68 CMakeFiles/pico_sdvx.dir/C_/Users/ngadj/Documents/pico-sdk/src/rp2_common/hardware_gpio/gpio.c.obj
 .text.gpio_init
                0x1000083c       0x16 CMakeFiles/pico_sdvx.dir/C_/Users/ngadj/Documents/pico-sdk/src/rp2_common/hardware_gpio/gpio.c.obj
                0x1000083c                gpio_init
 *fill*         0x10000852        0x2 
 .text.hw_claim_lock
                0x10000854       0x18 CMakeFiles/pico_sdvx.dir/C_/Users/ngadj/Documents/pico-sdk/src/rp2_common/hardware_claim/claim.c.obj
                0x10000854                hw_claim_lock
 .text.hw_claim_unlock
                0x1000086c       0x14 CMakeFiles/pico_sdvx.dir/C_/Users/ngadj/Documents/pico-sdk/src/rp2_common/hardware_claim/claim.c.obj
                0x1000086c                hw_claim_unlock
 .text.hw_claim_or_assert
                0x10000880       0x34 CMakeFiles/pico_sdvx.dir/C_/Users/ngadj/Documents/pico-sdk/src/rp2_common/hardware_claim/claim.c.obj
                0x10000880                hw_claim_or_assert
 .text.hw_claim_unused_from_range
                0x100008b4       0x56 CMakeFiles/pico_sdvx.dir/C_/Users/ngadj/Documents/pico-sdk/src/rp2_common/hardware_claim/claim.c.obj
                0x100008b4                hw_claim_unused_from_range
 *fill*         0x1000090a        0x2 
 .text.spin_locks_reset
                0x1000090c       0x20 CMakeFiles/pico_sdvx.dir/C_/Users/ngadj/Documents/pico-sdk/src/rp2_common/hardware_sync/sync.c.obj
                0x1000090c                spin_locks_reset
 .text.next_striped_spin_lock_num
                0x1000092c       0x1c CMakeFiles/pico_sdvx.dir/C_/Users/ngadj/Documents/pico-sdk/src/rp2_common/hardware_sync/sync.c.obj
                0x1000092c                next_striped_spin_lock_num
 .text.spin_lock_claim_unused
                0x10000948       0x20 CMakeFiles/pico_sdvx.dir/C_/Users/ngadj/Documents/pico-sdk/src/rp2_common/hardware_sync/sync.c.obj
                0x10000948                spin_lock_claim_unused
 .text.running_on_fpga
                0x10000968       0x14 CMakeFiles/pico_sdvx.dir/C_/Users/ngadj/Documents/pico-sdk/src/rp2_common/pico_platform/platform.c.obj
                0x10000968                running_on_fpga
 .text.uart_set_baudrate
                0x1000097c       0x64 CMakeFiles/pico_sdvx.dir/C_/Users/ngadj/Documents/pico-sdk/src/rp2_common/hardware_uart/uart.c.obj
                0x1000097c                uart_set_baudrate
 .text.uart_set_translate_crlf
                0x100009e0       0x28 CMakeFiles/pico_sdvx.dir/C_/Users/ngadj/Documents/pico-sdk/src/rp2_common/hardware_uart/uart.c.obj
                0x100009e0                uart_set_translate_crlf
 .text.uart_init
                0x10000a08       0x80 CMakeFiles/pico_sdvx.dir/C_/Users/ngadj/Documents/pico-sdk/src/rp2_common/hardware_uart/uart.c.obj
                0x10000a08                uart_init
 .text.sev_callback
                0x10000a88        0x8 CMakeFiles/pico_sdvx.dir/C_/Users/ngadj/Documents/pico-sdk/src/common/pico_time/time.c.obj
 .text.timer_pool_entry_comparator
                0x10000a90       0x7c CMakeFiles/pico_sdvx.dir/C_/Users/ngadj/Documents/pico-sdk/src/common/pico_time/time.c.obj
                0x10000a90                timer_pool_entry_comparator
 .text.ph_add_child_node
                0x10000b0c       0xa4 CMakeFiles/pico_sdvx.dir/C_/Users/ngadj/Documents/pico-sdk/src/common/pico_time/time.c.obj
 .text.ph_merge_nodes
                0x10000bb0       0x3e CMakeFiles/pico_sdvx.dir/C_/Users/ngadj/Documents/pico-sdk/src/common/pico_time/time.c.obj
 *fill*         0x10000bee        0x2 
 .text.add_alarm_under_lock
                0x10000bf0      0x178 CMakeFiles/pico_sdvx.dir/C_/Users/ngadj/Documents/pico-sdk/src/common/pico_time/time.c.obj
 .text.alarm_pool_alarm_callback
                0x10000d68      0x2e4 CMakeFiles/pico_sdvx.dir/C_/Users/ngadj/Documents/pico-sdk/src/common/pico_time/time.c.obj
 .text.alarm_pool_get_default
                0x1000104c       0x28 CMakeFiles/pico_sdvx.dir/C_/Users/ngadj/Documents/pico-sdk/src/common/pico_time/time.c.obj
                0x1000104c                alarm_pool_get_default
 .text.alarm_pool_create
                0x10001074       0x6c CMakeFiles/pico_sdvx.dir/C_/Users/ngadj/Documents/pico-sdk/src/common/pico_time/time.c.obj
                0x10001074                alarm_pool_create
 .text.alarm_pool_init_default
                0x100010e0       0x20 CMakeFiles/pico_sdvx.dir/C_/Users/ngadj/Documents/pico-sdk/src/common/pico_time/time.c.obj
                0x100010e0                alarm_pool_init_default
 .text.alarm_pool_add_alarm_at
                0x10001100      0x128 CMakeFiles/pico_sdvx.dir/C_/Users/ngadj/Documents/pico-sdk/src/common/pico_time/time.c.obj
                0x10001100                alarm_pool_add_alarm_at
 .text.alarm_pool_cancel_alarm
                0x10001228       0xec CMakeFiles/pico_sdvx.dir/C_/Users/ngadj/Documents/pico-sdk/src/common/pico_time/time.c.obj
                0x10001228                alarm_pool_cancel_alarm
 .text.best_effort_wfe_or_timeout
                0x10001314       0x80 CMakeFiles/pico_sdvx.dir/C_/Users/ngadj/Documents/pico-sdk/src/common/pico_time/time.c.obj
                0x10001314                best_effort_wfe_or_timeout
 .text.hardware_alarm_irq_handler
                0x10001394       0x8c CMakeFiles/pico_sdvx.dir/C_/Users/ngadj/Documents/pico-sdk/src/rp2_common/hardware_timer/timer.c.obj
 .text.hardware_alarm_claim
                0x10001420       0x18 CMakeFiles/pico_sdvx.dir/C_/Users/ngadj/Documents/pico-sdk/src/rp2_common/hardware_timer/timer.c.obj
                0x10001420                hardware_alarm_claim
 .text.time_us_64
                0x10001438       0x18 CMakeFiles/pico_sdvx.dir/C_/Users/ngadj/Documents/pico-sdk/src/rp2_common/hardware_timer/timer.c.obj
                0x10001438                time_us_64
 .text.hardware_alarm_set_callback
                0x10001450       0x90 CMakeFiles/pico_sdvx.dir/C_/Users/ngadj/Documents/pico-sdk/src/rp2_common/hardware_timer/timer.c.obj
                0x10001450                hardware_alarm_set_callback
 .text.hardware_alarm_set_target
                0x100014e0       0xd0 CMakeFiles/pico_sdvx.dir/C_/Users/ngadj/Documents/pico-sdk/src/rp2_common/hardware_timer/timer.c.obj
                0x100014e0                hardware_alarm_set_target
 .text.hardware_alarm_cancel
                0x100015b0       0x40 CMakeFiles/pico_sdvx.dir/C_/Users/ngadj/Documents/pico-sdk/src/rp2_common/hardware_timer/timer.c.obj
                0x100015b0                hardware_alarm_cancel
 .text.lock_init
                0x100015f0       0x30 CMakeFiles/pico_sdvx.dir/C_/Users/ngadj/Documents/pico-sdk/src/common/pico_sync/lock_core.c.obj
                0x100015f0                lock_init
 .text.mutex_init
                0x10001620       0x1a CMakeFiles/pico_sdvx.dir/C_/Users/ngadj/Documents/pico-sdk/src/common/pico_sync/mutex.c.obj
                0x10001620                mutex_init
 .text.critical_section_init_with_lock_num
                0x1000163a        0xc CMakeFiles/pico_sdvx.dir/C_/Users/ngadj/Documents/pico-sdk/src/common/pico_sync/critical_section.c.obj
                0x1000163a                critical_section_init_with_lock_num
 .text.critical_section_init
                0x10001646       0x14 CMakeFiles/pico_sdvx.dir/C_/Users/ngadj/Documents/pico-sdk/src/common/pico_sync/critical_section.c.obj
                0x10001646                critical_section_init
 *fill*         0x1000165a        0x2 
 .text.ph_add_child_node
                0x1000165c       0xa4 CMakeFiles/pico_sdvx.dir/C_/Users/ngadj/Documents/pico-sdk/src/common/pico_util/pheap.c.obj
 .text.ph_merge_nodes
                0x10001700       0x3e CMakeFiles/pico_sdvx.dir/C_/Users/ngadj/Documents/pico-sdk/src/common/pico_util/pheap.c.obj
 *fill*         0x1000173e        0x2 
 .text.ph_clear
                0x10001740       0x74 CMakeFiles/pico_sdvx.dir/C_/Users/ngadj/Documents/pico-sdk/src/common/pico_util/pheap.c.obj
                0x10001740                ph_clear
 .text.ph_create
                0x100017b4       0x2c CMakeFiles/pico_sdvx.dir/C_/Users/ngadj/Documents/pico-sdk/src/common/pico_util/pheap.c.obj
                0x100017b4                ph_create
 .text.ph_merge_two_pass
                0x100017e0       0xa8 CMakeFiles/pico_sdvx.dir/C_/Users/ngadj/Documents/pico-sdk/src/common/pico_util/pheap.c.obj
                0x100017e0                ph_merge_two_pass
 .text.ph_remove_any_head
                0x10001888      0x108 CMakeFiles/pico_sdvx.dir/C_/Users/ngadj/Documents/pico-sdk/src/common/pico_util/pheap.c.obj
 .text.ph_remove_head_reserve
                0x10001990       0x14 CMakeFiles/pico_sdvx.dir/C_/Users/ngadj/Documents/pico-sdk/src/common/pico_util/pheap.c.obj
                0x10001990                ph_remove_head_reserve
 .text.ph_delete
                0x100019a4       0xf8 CMakeFiles/pico_sdvx.dir/C_/Users/ngadj/Documents/pico-sdk/src/common/pico_util/pheap.c.obj
                0x100019a4                ph_delete
 .text.runtime_init
                0x10001a9c       0xcc CMakeFiles/pico_sdvx.dir/C_/Users/ngadj/Documents/pico-sdk/src/rp2_common/pico_runtime/runtime.c.obj
                0x10001a9c                runtime_init
 .text._exit    0x10001b68        0x4 CMakeFiles/pico_sdvx.dir/C_/Users/ngadj/Documents/pico-sdk/src/rp2_common/pico_runtime/runtime.c.obj
                0x10001b68                _exit
 .text._sbrk    0x10001b6c       0x38 CMakeFiles/pico_sdvx.dir/C_/Users/ngadj/Documents/pico-sdk/src/rp2_common/pico_runtime/runtime.c.obj
                0x10001b6c                _sbrk
 .text.exit     0x10001ba4        0x6 CMakeFiles/pico_sdvx.dir/C_/Users/ngadj/Documents/pico-sdk/src/rp2_common/pico_runtime/runtime.c.obj
                0x10001ba4                exit
 *fill*         0x10001baa        0x2 
 .text.__assert_func
                0x10001bac       0x3c CMakeFiles/pico_sdvx.dir/C_/Users/ngadj/Documents/pico-sdk/src/rp2_common/pico_runtime/runtime.c.obj
                0x10001bac                __assert_func
 .text.panic    0x10001be8       0x30 CMakeFiles/pico_sdvx.dir/C_/Users/ngadj/Documents/pico-sdk/src/rp2_common/pico_runtime/runtime.c.obj
                0x10001be8                panic
 .text.clock_configure
                0x10001c18       0xe8 CMakeFiles/pico_sdvx.dir/C_/Users/ngadj/Documents/pico-sdk/src/rp2_common/hardware_clocks/clocks.c.obj
                0x10001c18                clock_configure
 .text.clocks_init
                0x10001d00      0x124 CMakeFiles/pico_sdvx.dir/C_/Users/ngadj/Documents/pico-sdk/src/rp2_common/hardware_clocks/clocks.c.obj
                0x10001d00                clocks_init
 .text.clock_get_hz
                0x10001e24        0xc CMakeFiles/pico_sdvx.dir/C_/Users/ngadj/Documents/pico-sdk/src/rp2_common/hardware_clocks/clocks.c.obj
                0x10001e24                clock_get_hz
 .text.watchdog_start_tick
                0x10001e30       0x10 CMakeFiles/pico_sdvx.dir/C_/Users/ngadj/Documents/pico-sdk/src/rp2_common/hardware_watchdog/watchdog.c.obj
                0x10001e30                watchdog_start_tick
 .text.xosc_init
                0x10001e40       0x28 CMakeFiles/pico_sdvx.dir/C_/Users/ngadj/Documents/pico-sdk/src/rp2_common/hardware_xosc/xosc.c.obj
                0x10001e40                xosc_init
 .text.pll_init
                0x10001e68       0xd4 CMakeFiles/pico_sdvx.dir/C_/Users/ngadj/Documents/pico-sdk/src/rp2_common/hardware_pll/pll.c.obj
                0x10001e68                pll_init
 .text.set_raw_irq_handler_and_unlock
                0x10001f3c       0x28 CMakeFiles/pico_sdvx.dir/C_/Users/ngadj/Documents/pico-sdk/src/rp2_common/hardware_irq/irq.c.obj
 .text.make_branch
                0x10001f64       0x34 CMakeFiles/pico_sdvx.dir/C_/Users/ngadj/Documents/pico-sdk/src/rp2_common/hardware_irq/irq.c.obj
 .text.insert_branch_and_link
                0x10001f98       0x40 CMakeFiles/pico_sdvx.dir/C_/Users/ngadj/Documents/pico-sdk/src/rp2_common/hardware_irq/irq.c.obj
 .text.irq_is_enabled
                0x10001fd8       0x18 CMakeFiles/pico_sdvx.dir/C_/Users/ngadj/Documents/pico-sdk/src/rp2_common/hardware_irq/irq.c.obj
                0x10001fd8                irq_is_enabled
 .text.irq_set_mask_enabled
                0x10001ff0       0x20 CMakeFiles/pico_sdvx.dir/C_/Users/ngadj/Documents/pico-sdk/src/rp2_common/hardware_irq/irq.c.obj
                0x10001ff0                irq_set_mask_enabled
 .text.irq_set_enabled
                0x10002010        0xe CMakeFiles/pico_sdvx.dir/C_/Users/ngadj/Documents/pico-sdk/src/rp2_common/hardware_irq/irq.c.obj
                0x10002010                irq_set_enabled
 *fill*         0x1000201e        0x2 
 .text.irq_get_vtable_handler
                0x10002020       0x10 CMakeFiles/pico_sdvx.dir/C_/Users/ngadj/Documents/pico-sdk/src/rp2_common/hardware_irq/irq.c.obj
                0x10002020                irq_get_vtable_handler
 .text.irq_set_exclusive_handler
                0x10002030       0x54 CMakeFiles/pico_sdvx.dir/C_/Users/ngadj/Documents/pico-sdk/src/rp2_common/hardware_irq/irq.c.obj
                0x10002030                irq_set_exclusive_handler
 .text.irq_remove_handler
                0x10002084      0x1b4 CMakeFiles/pico_sdvx.dir/C_/Users/ngadj/Documents/pico-sdk/src/rp2_common/hardware_irq/irq.c.obj
                0x10002084                irq_remove_handler
 .text.irq_set_priority
                0x10002238       0x28 CMakeFiles/pico_sdvx.dir/C_/Users/ngadj/Documents/pico-sdk/src/rp2_common/hardware_irq/irq.c.obj
                0x10002238                irq_set_priority
 .text.irq_add_tail_to_free_list
                0x10002260       0xf8 CMakeFiles/pico_sdvx.dir/C_/Users/ngadj/Documents/pico-sdk/src/rp2_common/hardware_irq/irq.c.obj
                0x10002260                irq_add_tail_to_free_list
 .text.irq_init_priorities
                0x10002358       0x16 CMakeFiles/pico_sdvx.dir/C_/Users/ngadj/Documents/pico-sdk/src/rp2_common/hardware_irq/irq.c.obj
                0x10002358                irq_init_priorities
 .text._out_null
                0x1000236e        0x2 CMakeFiles/pico_sdvx.dir/C_/Users/ngadj/Documents/pico-sdk/src/rp2_common/pico_printf/printf.c.obj
 .text._out_fct
                0x10002370        0xe CMakeFiles/pico_sdvx.dir/C_/Users/ngadj/Documents/pico-sdk/src/rp2_common/pico_printf/printf.c.obj
 .text._atoi    0x1000237e       0x24 CMakeFiles/pico_sdvx.dir/C_/Users/ngadj/Documents/pico-sdk/src/rp2_common/pico_printf/printf.c.obj
 .text._out_rev
                0x100023a2       0xae CMakeFiles/pico_sdvx.dir/C_/Users/ngadj/Documents/pico-sdk/src/rp2_common/pico_printf/printf.c.obj
 .text._ntoa_format
                0x10002450      0x112 CMakeFiles/pico_sdvx.dir/C_/Users/ngadj/Documents/pico-sdk/src/rp2_common/pico_printf/printf.c.obj
 .text._ntoa_long
                0x10002562       0xbc CMakeFiles/pico_sdvx.dir/C_/Users/ngadj/Documents/pico-sdk/src/rp2_common/pico_printf/printf.c.obj
 .text._ntoa_long_long
                0x1000261e       0xe2 CMakeFiles/pico_sdvx.dir/C_/Users/ngadj/Documents/pico-sdk/src/rp2_common/pico_printf/printf.c.obj
 .text._etoa    0x10002700      0x404 CMakeFiles/pico_sdvx.dir/C_/Users/ngadj/Documents/pico-sdk/src/rp2_common/pico_printf/printf.c.obj
 .text._ftoa    0x10002b04      0x354 CMakeFiles/pico_sdvx.dir/C_/Users/ngadj/Documents/pico-sdk/src/rp2_common/pico_printf/printf.c.obj
 .text._vsnprintf
                0x10002e58      0x624 CMakeFiles/pico_sdvx.dir/C_/Users/ngadj/Documents/pico-sdk/src/rp2_common/pico_printf/printf.c.obj
 .text.vfctprintf
                0x1000347c       0x20 CMakeFiles/pico_sdvx.dir/C_/Users/ngadj/Documents/pico-sdk/src/rp2_common/pico_printf/printf.c.obj
                0x1000347c                vfctprintf
 .text          0x1000349c       0x10 CMakeFiles/pico_sdvx.dir/C_/Users/ngadj/Documents/pico-sdk/src/rp2_common/pico_bit_ops/bit_ops_aeabi.S.obj
 .text.rom_func_lookup
                0x100034ac       0x10 CMakeFiles/pico_sdvx.dir/C_/Users/ngadj/Documents/pico-sdk/src/rp2_common/pico_bootrom/bootrom.c.obj
                0x100034ac                rom_func_lookup
 .text.rom_data_lookup
                0x100034bc       0x10 CMakeFiles/pico_sdvx.dir/C_/Users/ngadj/Documents/pico-sdk/src/rp2_common/pico_bootrom/bootrom.c.obj
                0x100034bc                rom_data_lookup
 .text.rom_funcs_lookup
                0x100034cc       0x36 CMakeFiles/pico_sdvx.dir/C_/Users/ngadj/Documents/pico-sdk/src/rp2_common/pico_bootrom/bootrom.c.obj
                0x100034cc                rom_funcs_lookup
 *fill*         0x10003502        0x2 
 .text.__wrap___aeabi_idiv
                0x10003504       0x58 CMakeFiles/pico_sdvx.dir/C_/Users/ngadj/Documents/pico-sdk/src/rp2_common/pico_divider/divider.S.obj
                0x10003504                __wrap___aeabi_idivmod
                0x10003504                divmod_s32s32
                0x10003504                div_s32s32
                0x10003504                __wrap___aeabi_idiv
                0x1000350c                divmod_s32s32_unsafe
                0x10003538                divmod_s32s32_savestate
 .text.__wrap___aeabi_uidiv
                0x1000355c       0x54 CMakeFiles/pico_sdvx.dir/C_/Users/ngadj/Documents/pico-sdk/src/rp2_common/pico_divider/divider.S.obj
                0x1000355c                __wrap___aeabi_uidiv
                0x1000355c                __wrap___aeabi_uidivmod
                0x1000355c                div_u32u32
                0x1000355c                divmod_u32u32
                0x10003564                divmod_u32u32_unsafe
                0x1000358c                divmod_u32u32_savestate
 .text.__wrap___aeabi_ldiv
                0x100035b0      0x430 CMakeFiles/pico_sdvx.dir/C_/Users/ngadj/Documents/pico-sdk/src/rp2_common/pico_divider/divider.S.obj
                0x100035b0                div_s64s64
                0x100035b0                divmod_s64s64
                0x100035b0                __wrap___aeabi_ldivmod
                0x100035e8                divmod_u64u64
                0x100035e8                div_u64u64
                0x100035e8                __wrap___aeabi_uldivmod
                0x100035f8                divmod_u64u64_savestate
                0x10003620                divmod_s64s64_unsafe
                0x100036a8                divmod_u64u64_unsafe
 .text.__wrap___aeabi_darithmetic
                0x100039e0       0x54 CMakeFiles/pico_sdvx.dir/C_/Users/ngadj/Documents/pico-sdk/src/rp2_common/pico_double/double_aeabi.S.obj
                0x100039e0                __wrap___aeabi_drsub
                0x100039e6                __wrap___aeabi_dsub
                0x100039f8                __wrap___aeabi_dadd
                0x10003a0a                __wrap___aeabi_ddiv
                0x10003a1c                __wrap___aeabi_dmul
 .text.__wrap___aeabi_cdcmple
                0x10003a34       0x6c CMakeFiles/pico_sdvx.dir/C_/Users/ngadj/Documents/pico-sdk/src/rp2_common/pico_double/double_aeabi.S.obj
                0x10003a34                __wrap___aeabi_cdrcmple
                0x10003a44                __wrap___aeabi_cdcmpeq
                0x10003a44                __wrap___aeabi_cdcmple
 .text.__wrap___aeabi_dcmplt
                0x10003aa0        0xc CMakeFiles/pico_sdvx.dir/C_/Users/ngadj/Documents/pico-sdk/src/rp2_common/pico_double/double_aeabi.S.obj
                0x10003aa0                __wrap___aeabi_dcmplt
 .text.__wrap___aeabi_dcmple
                0x10003aac       0x10 CMakeFiles/pico_sdvx.dir/C_/Users/ngadj/Documents/pico-sdk/src/rp2_common/pico_double/double_aeabi.S.obj
                0x10003aac                __wrap___aeabi_dcmple
 .text.__wrap___aeabi_dcmpge
                0x10003abc       0x10 CMakeFiles/pico_sdvx.dir/C_/Users/ngadj/Documents/pico-sdk/src/rp2_common/pico_double/double_aeabi.S.obj
                0x10003abc                __wrap___aeabi_dcmpge
 .text.__wrap___aeabi_dcmpgt
                0x10003acc        0xa CMakeFiles/pico_sdvx.dir/C_/Users/ngadj/Documents/pico-sdk/src/rp2_common/pico_double/double_aeabi.S.obj
                0x10003acc                __wrap___aeabi_dcmpgt
 .text.__wrap___aeabi_dcmpun
                0x10003ad6       0x1c CMakeFiles/pico_sdvx.dir/C_/Users/ngadj/Documents/pico-sdk/src/rp2_common/pico_double/double_aeabi.S.obj
                0x10003ad6                __wrap___aeabi_dcmpun
 *fill*         0x10003af2        0x2 
 .text.__wrap___aeabi_i2d
                0x10003af4       0x38 CMakeFiles/pico_sdvx.dir/C_/Users/ngadj/Documents/pico-sdk/src/rp2_common/pico_double/double_aeabi.S.obj
                0x10003af4                __wrap___aeabi_ui2d
                0x10003afc                __wrap___aeabi_i2d
 .text.__wrap___aeabi_d2iz
                0x10003b2c       0x48 CMakeFiles/pico_sdvx.dir/C_/Users/ngadj/Documents/pico-sdk/src/rp2_common/pico_double/double_aeabi.S.obj
                0x10003b2c                double2int_z
                0x10003b2c                __wrap___aeabi_d2iz
 .text.__wrap___aeabi_d2uiz
                0x10003b74       0x18 CMakeFiles/pico_sdvx.dir/C_/Users/ngadj/Documents/pico-sdk/src/rp2_common/pico_double/double_aeabi.S.obj
                0x10003b74                __wrap___aeabi_d2uiz
                0x10003b74                double2uint
 .text.__aeabi_double_init
                0x10003b8c       0xb8 CMakeFiles/pico_sdvx.dir/C_/Users/ngadj/Documents/pico-sdk/src/rp2_common/pico_double/double_init_rom.c.obj
                0x10003b8c                __aeabi_double_init
 .text.double_table_shim_on_use_helper
                0x10003c44       0x34 CMakeFiles/pico_sdvx.dir/C_/Users/ngadj/Documents/pico-sdk/src/rp2_common/pico_double/double_v1_rom_shim.S.obj
                0x10003c44                double_table_shim_on_use_helper
 .text.__wrap___aeabi_dsub
                0x10003c78       0x10 CMakeFiles/pico_sdvx.dir/C_/Users/ngadj/Documents/pico-sdk/src/rp2_common/pico_double/double_v1_rom_shim.S.obj
                0x10003c78                drsub_shim
                0x10003c7e                dsub_shim
 .text.dadd_shim
                0x10003c88      0x15c CMakeFiles/pico_sdvx.dir/C_/Users/ngadj/Documents/pico-sdk/src/rp2_common/pico_double/double_v1_rom_shim.S.obj
                0x10003c88                dadd_shim
 .text.dmul_shim
                0x10003de4      0x15c CMakeFiles/pico_sdvx.dir/C_/Users/ngadj/Documents/pico-sdk/src/rp2_common/pico_double/double_v1_rom_shim.S.obj
                0x10003de4                dmul_shim
 .text.ddiv_shim
                0x10003f40      0x1b0 CMakeFiles/pico_sdvx.dir/C_/Users/ngadj/Documents/pico-sdk/src/rp2_common/pico_double/double_v1_rom_shim.S.obj
                0x10003f40                ddiv_shim
 .text.dcordic_rot_step
                0x100040f0       0x7c CMakeFiles/pico_sdvx.dir/C_/Users/ngadj/Documents/pico-sdk/src/rp2_common/pico_double/double_v1_rom_shim.S.obj
                0x100040f0                dcordic_rot_step
 .text.double2uint_shim
                0x1000416c        0xe CMakeFiles/pico_sdvx.dir/C_/Users/ngadj/Documents/pico-sdk/src/rp2_common/pico_double/double_v1_rom_shim.S.obj
                0x1000416c                double2uint_shim
                0x1000416e                double2ufix_shim
 *fill*         0x1000417a        0x2 
 .text.double2uint64_shim
                0x1000417c       0x6c CMakeFiles/pico_sdvx.dir/C_/Users/ngadj/Documents/pico-sdk/src/rp2_common/pico_double/double_v1_rom_shim.S.obj
                0x1000417c                double2uint64_shim
                0x1000417e                double2ufix64_shim
                0x10004198                d2fix_a
 .text.dunpacks
                0x100041e8       0x3c CMakeFiles/pico_sdvx.dir/C_/Users/ngadj/Documents/pico-sdk/src/rp2_common/pico_double/double_v1_rom_shim.S.obj
                0x100041e8                dunpacks
 .text.__aeabi_lmul
                0x10004224       0x32 CMakeFiles/pico_sdvx.dir/C_/Users/ngadj/Documents/pico-sdk/src/rp2_common/pico_int64_ops/pico_int64_ops_aeabi.S.obj
                0x10004224                __wrap___aeabi_lmul
 *fill*         0x10004256        0x2 
 .text.__aeabi_float_init
                0x10004258       0xfc CMakeFiles/pico_sdvx.dir/C_/Users/ngadj/Documents/pico-sdk/src/rp2_common/pico_float/float_init_rom.c.obj
                0x10004258                __aeabi_float_init
 .text.float_table_shim_on_use_helper
                0x10004354       0x34 CMakeFiles/pico_sdvx.dir/C_/Users/ngadj/Documents/pico-sdk/src/rp2_common/pico_float/float_v1_rom_shim.S.obj
                0x10004354                float_table_shim_on_use_helper
 .text.__wrap_malloc
                0x10004388        0x8 CMakeFiles/pico_sdvx.dir/C_/Users/ngadj/Documents/pico-sdk/src/rp2_common/pico_malloc/pico_malloc.c.obj
                0x10004388                __wrap_malloc
 .text.__wrap_calloc
                0x10004390        0x8 CMakeFiles/pico_sdvx.dir/C_/Users/ngadj/Documents/pico-sdk/src/rp2_common/pico_malloc/pico_malloc.c.obj
                0x10004390                __wrap_calloc
 .text          0x10004398       0x10 CMakeFiles/pico_sdvx.dir/C_/Users/ngadj/Documents/pico-sdk/src/rp2_common/pico_mem_ops/mem_ops_aeabi.S.obj
                0x10004398                __aeabi_mem_init
 .text.memset   0x100043a8        0xc CMakeFiles/pico_sdvx.dir/C_/Users/ngadj/Documents/pico-sdk/src/rp2_common/pico_mem_ops/mem_ops_aeabi.S.obj
                0x100043a8                __wrap_memset
 .text.memcpy   0x100043b4        0xc CMakeFiles/pico_sdvx.dir/C_/Users/ngadj/Documents/pico-sdk/src/rp2_common/pico_mem_ops/mem_ops_aeabi.S.obj
                0x100043b4                __wrap_memcpy
                0x100043b4                __wrap___aeabi_memcpy
 .text.stdio_out_chars_crlf
                0x100043c0       0x80 CMakeFiles/pico_sdvx.dir/C_/Users/ngadj/Documents/pico-sdk/src/rp2_common/pico_stdio/stdio.c.obj
 .text.stdio_stack_buffer_flush
                0x10004440       0x44 CMakeFiles/pico_sdvx.dir/C_/Users/ngadj/Documents/pico-sdk/src/rp2_common/pico_stdio/stdio.c.obj
 .text.stdio_buffered_printer
                0x10004484       0x20 CMakeFiles/pico_sdvx.dir/C_/Users/ngadj/Documents/pico-sdk/src/rp2_common/pico_stdio/stdio.c.obj
 .text.stdout_serialize_begin
                0x100044a4       0x2c CMakeFiles/pico_sdvx.dir/C_/Users/ngadj/Documents/pico-sdk/src/rp2_common/pico_stdio/stdio.c.obj
                0x100044a4                stdout_serialize_begin
 .text.stdout_serialize_end
                0x100044d0       0x10 CMakeFiles/pico_sdvx.dir/C_/Users/ngadj/Documents/pico-sdk/src/rp2_common/pico_stdio/stdio.c.obj
                0x100044d0                stdout_serialize_end
 .text.stdio_put_string
                0x100044e0       0x84 CMakeFiles/pico_sdvx.dir/C_/Users/ngadj/Documents/pico-sdk/src/rp2_common/pico_stdio/stdio.c.obj
 .text.stdio_set_driver_enabled
                0x10004564       0x38 CMakeFiles/pico_sdvx.dir/C_/Users/ngadj/Documents/pico-sdk/src/rp2_common/pico_stdio/stdio.c.obj
                0x10004564                stdio_set_driver_enabled
 .text.stdio_flush
                0x1000459c       0x20 CMakeFiles/pico_sdvx.dir/C_/Users/ngadj/Documents/pico-sdk/src/rp2_common/pico_stdio/stdio.c.obj
                0x1000459c                stdio_flush
 .text.__wrap_puts
                0x100045bc       0x1c CMakeFiles/pico_sdvx.dir/C_/Users/ngadj/Documents/pico-sdk/src/rp2_common/pico_stdio/stdio.c.obj
                0x100045bc                __wrap_puts
 .text.__wrap_vprintf
                0x100045d8       0x44 CMakeFiles/pico_sdvx.dir/C_/Users/ngadj/Documents/pico-sdk/src/rp2_common/pico_stdio/stdio.c.obj
                0x100045d8                __wrap_vprintf
 .text.__wrap_printf
                0x1000461c       0x18 CMakeFiles/pico_sdvx.dir/C_/Users/ngadj/Documents/pico-sdk/src/rp2_common/pico_stdio/stdio.c.obj
                0x1000461c                __wrap_printf
 .text.stdio_uart_out_chars
                0x10004634       0x6c CMakeFiles/pico_sdvx.dir/C_/Users/ngadj/Documents/pico-sdk/src/rp2_common/pico_stdio_uart/stdio_uart.c.obj
 .text.stdio_uart_in_chars
                0x100046a0       0x58 CMakeFiles/pico_sdvx.dir/C_/Users/ngadj/Documents/pico-sdk/src/rp2_common/pico_stdio_uart/stdio_uart.c.obj
                0x100046a0                stdio_uart_in_chars
 .text.stdio_uart_init_full
                0x100046f8       0x3c CMakeFiles/pico_sdvx.dir/C_/Users/ngadj/Documents/pico-sdk/src/rp2_common/pico_stdio_uart/stdio_uart.c.obj
                0x100046f8                stdio_uart_init_full
 .text.stdio_uart_init
                0x10004734       0x28 CMakeFiles/pico_sdvx.dir/C_/Users/ngadj/Documents/pico-sdk/src/rp2_common/pico_stdio_uart/stdio_uart.c.obj
                0x10004734                stdio_uart_init
 .text.hw_endpoint_get_by_addr
                0x1000475c       0x1c CMakeFiles/pico_sdvx.dir/C_/Users/ngadj/Documents/pico-sdk/lib/tinyusb/src/portable/raspberrypi/rp2040/dcd_rp2040.c.obj
 .text.reset_ep0
                0x10004778       0x2c CMakeFiles/pico_sdvx.dir/C_/Users/ngadj/Documents/pico-sdk/lib/tinyusb/src/portable/raspberrypi/rp2040/dcd_rp2040.c.obj
 .text._hw_endpoint_alloc
                0x100047a4       0x7c CMakeFiles/pico_sdvx.dir/C_/Users/ngadj/Documents/pico-sdk/lib/tinyusb/src/portable/raspberrypi/rp2040/dcd_rp2040.c.obj
 .text._hw_endpoint_init
                0x10004820       0xbc CMakeFiles/pico_sdvx.dir/C_/Users/ngadj/Documents/pico-sdk/lib/tinyusb/src/portable/raspberrypi/rp2040/dcd_rp2040.c.obj
 .text.hw_endpoint_init
                0x100048dc       0x18 CMakeFiles/pico_sdvx.dir/C_/Users/ngadj/Documents/pico-sdk/lib/tinyusb/src/portable/raspberrypi/rp2040/dcd_rp2040.c.obj
 .text.hw_handle_buff_status
                0x100048f4       0xb8 CMakeFiles/pico_sdvx.dir/C_/Users/ngadj/Documents/pico-sdk/lib/tinyusb/src/portable/raspberrypi/rp2040/dcd_rp2040.c.obj
 .text.dcd_rp2040_irq
                0x100049ac       0x8c CMakeFiles/pico_sdvx.dir/C_/Users/ngadj/Documents/pico-sdk/lib/tinyusb/src/portable/raspberrypi/rp2040/dcd_rp2040.c.obj
 .text.hw_endpoint_xfer
                0x10004a38       0x18 CMakeFiles/pico_sdvx.dir/C_/Users/ngadj/Documents/pico-sdk/lib/tinyusb/src/portable/raspberrypi/rp2040/dcd_rp2040.c.obj
 .text.ep0_0len_status
                0x10004a50       0x14 CMakeFiles/pico_sdvx.dir/C_/Users/ngadj/Documents/pico-sdk/lib/tinyusb/src/portable/raspberrypi/rp2040/dcd_rp2040.c.obj
 .text._hw_endpoint_stall
                0x10004a64       0x54 CMakeFiles/pico_sdvx.dir/C_/Users/ngadj/Documents/pico-sdk/lib/tinyusb/src/portable/raspberrypi/rp2040/dcd_rp2040.c.obj
 .text.hw_endpoint_stall
                0x10004ab8        0xc CMakeFiles/pico_sdvx.dir/C_/Users/ngadj/Documents/pico-sdk/lib/tinyusb/src/portable/raspberrypi/rp2040/dcd_rp2040.c.obj
 .text._hw_endpoint_clear_stall
                0x10004ac4       0x34 CMakeFiles/pico_sdvx.dir/C_/Users/ngadj/Documents/pico-sdk/lib/tinyusb/src/portable/raspberrypi/rp2040/dcd_rp2040.c.obj
 .text.hw_endpoint_clear_stall
                0x10004af8        0xc CMakeFiles/pico_sdvx.dir/C_/Users/ngadj/Documents/pico-sdk/lib/tinyusb/src/portable/raspberrypi/rp2040/dcd_rp2040.c.obj
 .text.dcd_int_enable
                0x10004b04       0x2c CMakeFiles/pico_sdvx.dir/C_/Users/ngadj/Documents/pico-sdk/lib/tinyusb/src/portable/raspberrypi/rp2040/dcd_rp2040.c.obj
                0x10004b04                dcd_int_enable
 .text.dcd_set_address
                0x10004b30       0x30 CMakeFiles/pico_sdvx.dir/C_/Users/ngadj/Documents/pico-sdk/lib/tinyusb/src/portable/raspberrypi/rp2040/dcd_rp2040.c.obj
                0x10004b30                dcd_set_address
 .text.dcd_connect
                0x10004b60       0x30 CMakeFiles/pico_sdvx.dir/C_/Users/ngadj/Documents/pico-sdk/lib/tinyusb/src/portable/raspberrypi/rp2040/dcd_rp2040.c.obj
                0x10004b60                dcd_connect
 .text.dcd_init
                0x10004b90       0x90 CMakeFiles/pico_sdvx.dir/C_/Users/ngadj/Documents/pico-sdk/lib/tinyusb/src/portable/raspberrypi/rp2040/dcd_rp2040.c.obj
                0x10004b90                dcd_init
 .text.dcd_edpt0_status_complete
                0x10004c20       0x44 CMakeFiles/pico_sdvx.dir/C_/Users/ngadj/Documents/pico-sdk/lib/tinyusb/src/portable/raspberrypi/rp2040/dcd_rp2040.c.obj
                0x10004c20                dcd_edpt0_status_complete
 .text.dcd_edpt_open
                0x10004c64       0x40 CMakeFiles/pico_sdvx.dir/C_/Users/ngadj/Documents/pico-sdk/lib/tinyusb/src/portable/raspberrypi/rp2040/dcd_rp2040.c.obj
                0x10004c64                dcd_edpt_open
 .text.dcd_edpt_xfer
                0x10004ca4       0x34 CMakeFiles/pico_sdvx.dir/C_/Users/ngadj/Documents/pico-sdk/lib/tinyusb/src/portable/raspberrypi/rp2040/dcd_rp2040.c.obj
                0x10004ca4                dcd_edpt_xfer
 .text.dcd_edpt_stall
                0x10004cd8       0x28 CMakeFiles/pico_sdvx.dir/C_/Users/ngadj/Documents/pico-sdk/lib/tinyusb/src/portable/raspberrypi/rp2040/dcd_rp2040.c.obj
                0x10004cd8                dcd_edpt_stall
 .text.dcd_edpt_clear_stall
                0x10004d00       0x28 CMakeFiles/pico_sdvx.dir/C_/Users/ngadj/Documents/pico-sdk/lib/tinyusb/src/portable/raspberrypi/rp2040/dcd_rp2040.c.obj
                0x10004d00                dcd_edpt_clear_stall
 .text.rp2040_usb_init
                0x10004d28       0x50 CMakeFiles/pico_sdvx.dir/C_/Users/ngadj/Documents/pico-sdk/lib/tinyusb/src/portable/raspberrypi/rp2040/rp2040_usb.c.obj
                0x10004d28                rp2040_usb_init
 .text.hw_endpoint_reset_transfer
                0x10004d78       0x14 CMakeFiles/pico_sdvx.dir/C_/Users/ngadj/Documents/pico-sdk/lib/tinyusb/src/portable/raspberrypi/rp2040/rp2040_usb.c.obj
                0x10004d78                hw_endpoint_reset_transfer
 .text._hw_endpoint_buffer_control_update32
                0x10004d8c       0x54 CMakeFiles/pico_sdvx.dir/C_/Users/ngadj/Documents/pico-sdk/lib/tinyusb/src/portable/raspberrypi/rp2040/rp2040_usb.c.obj
                0x10004d8c                _hw_endpoint_buffer_control_update32
 .text._hw_endpoint_start_next_buffer
                0x10004de0       0x5a CMakeFiles/pico_sdvx.dir/C_/Users/ngadj/Documents/pico-sdk/lib/tinyusb/src/portable/raspberrypi/rp2040/rp2040_usb.c.obj
                0x10004de0                _hw_endpoint_start_next_buffer
 .text._hw_endpoint_xfer_start
                0x10004e3a       0x46 CMakeFiles/pico_sdvx.dir/C_/Users/ngadj/Documents/pico-sdk/lib/tinyusb/src/portable/raspberrypi/rp2040/rp2040_usb.c.obj
                0x10004e3a                _hw_endpoint_xfer_start
 .text._hw_endpoint_xfer_sync
                0x10004e80       0x74 CMakeFiles/pico_sdvx.dir/C_/Users/ngadj/Documents/pico-sdk/lib/tinyusb/src/portable/raspberrypi/rp2040/rp2040_usb.c.obj
                0x10004e80                _hw_endpoint_xfer_sync
 .text._hw_endpoint_xfer_continue
                0x10004ef4       0x58 CMakeFiles/pico_sdvx.dir/C_/Users/ngadj/Documents/pico-sdk/lib/tinyusb/src/portable/raspberrypi/rp2040/rp2040_usb.c.obj
                0x10004ef4                _hw_endpoint_xfer_continue
 .text._hw_endpoint_xfer
                0x10004f4c       0x34 CMakeFiles/pico_sdvx.dir/C_/Users/ngadj/Documents/pico-sdk/lib/tinyusb/src/portable/raspberrypi/rp2040/rp2040_usb.c.obj
                0x10004f4c                _hw_endpoint_xfer
 .text.mark_interface_endpoint
                0x10004f80       0x2a CMakeFiles/pico_sdvx.dir/C_/Users/ngadj/Documents/pico-sdk/lib/tinyusb/src/device/usbd.c.obj
 *fill*         0x10004faa        0x2 
 .text.usbd_reset
                0x10004fac       0x88 CMakeFiles/pico_sdvx.dir/C_/Users/ngadj/Documents/pico-sdk/lib/tinyusb/src/device/usbd.c.obj
 .text.invoke_class_control
                0x10005034       0x18 CMakeFiles/pico_sdvx.dir/C_/Users/ngadj/Documents/pico-sdk/lib/tinyusb/src/device/usbd.c.obj
 .text.process_set_config
                0x1000504c      0x1d0 CMakeFiles/pico_sdvx.dir/C_/Users/ngadj/Documents/pico-sdk/lib/tinyusb/src/device/usbd.c.obj
 .text.process_get_descriptor
                0x1000521c       0xf4 CMakeFiles/pico_sdvx.dir/C_/Users/ngadj/Documents/pico-sdk/lib/tinyusb/src/device/usbd.c.obj
 .text.tud_mounted
                0x10005310       0x10 CMakeFiles/pico_sdvx.dir/C_/Users/ngadj/Documents/pico-sdk/lib/tinyusb/src/device/usbd.c.obj
                0x10005310                tud_mounted
 .text.tud_suspended
                0x10005320       0x10 CMakeFiles/pico_sdvx.dir/C_/Users/ngadj/Documents/pico-sdk/lib/tinyusb/src/device/usbd.c.obj
                0x10005320                tud_suspended
 .text.tud_init
                0x10005330       0xb8 CMakeFiles/pico_sdvx.dir/C_/Users/ngadj/Documents/pico-sdk/lib/tinyusb/src/device/usbd.c.obj
                0x10005330                tud_init
 .text.dcd_event_handler
                0x100053e8      0x1c4 CMakeFiles/pico_sdvx.dir/C_/Users/ngadj/Documents/pico-sdk/lib/tinyusb/src/device/usbd.c.obj
                0x100053e8                dcd_event_handler
 .text.dcd_event_bus_signal
                0x100055ac       0x26 CMakeFiles/pico_sdvx.dir/C_/Users/ngadj/Documents/pico-sdk/lib/tinyusb/src/device/usbd.c.obj
                0x100055ac                dcd_event_bus_signal
 .text.dcd_event_setup_received
                0x100055d2       0x34 CMakeFiles/pico_sdvx.dir/C_/Users/ngadj/Documents/pico-sdk/lib/tinyusb/src/device/usbd.c.obj
                0x100055d2                dcd_event_setup_received
 .text.dcd_event_xfer_complete
                0x10005606       0x44 CMakeFiles/pico_sdvx.dir/C_/Users/ngadj/Documents/pico-sdk/lib/tinyusb/src/device/usbd.c.obj
                0x10005606                dcd_event_xfer_complete
 .text.usbd_edpt_open
                0x1000564a        0x8 CMakeFiles/pico_sdvx.dir/C_/Users/ngadj/Documents/pico-sdk/lib/tinyusb/src/device/usbd.c.obj
                0x1000564a                usbd_edpt_open
 *fill*         0x10005652        0x2 
 .text.usbd_open_edpt_pair
                0x10005654       0x8c CMakeFiles/pico_sdvx.dir/C_/Users/ngadj/Documents/pico-sdk/lib/tinyusb/src/device/usbd.c.obj
                0x10005654                usbd_open_edpt_pair
 .text.usbd_edpt_claim
                0x100056e0       0x8c CMakeFiles/pico_sdvx.dir/C_/Users/ngadj/Documents/pico-sdk/lib/tinyusb/src/device/usbd.c.obj
                0x100056e0                usbd_edpt_claim
 .text.usbd_edpt_xfer
                0x1000576c       0x80 CMakeFiles/pico_sdvx.dir/C_/Users/ngadj/Documents/pico-sdk/lib/tinyusb/src/device/usbd.c.obj
                0x1000576c                usbd_edpt_xfer
 .text.usbd_edpt_busy
                0x100057ec       0x1c CMakeFiles/pico_sdvx.dir/C_/Users/ngadj/Documents/pico-sdk/lib/tinyusb/src/device/usbd.c.obj
                0x100057ec                usbd_edpt_busy
 .text.usbd_edpt_stall
                0x10005808       0x2c CMakeFiles/pico_sdvx.dir/C_/Users/ngadj/Documents/pico-sdk/lib/tinyusb/src/device/usbd.c.obj
                0x10005808                usbd_edpt_stall
 .text.usbd_edpt_clear_stall
                0x10005834       0x2c CMakeFiles/pico_sdvx.dir/C_/Users/ngadj/Documents/pico-sdk/lib/tinyusb/src/device/usbd.c.obj
                0x10005834                usbd_edpt_clear_stall
 .text.usbd_edpt_stalled
                0x10005860       0x1c CMakeFiles/pico_sdvx.dir/C_/Users/ngadj/Documents/pico-sdk/lib/tinyusb/src/device/usbd.c.obj
                0x10005860                usbd_edpt_stalled
 .text.process_control_request
                0x1000587c      0x37c CMakeFiles/pico_sdvx.dir/C_/Users/ngadj/Documents/pico-sdk/lib/tinyusb/src/device/usbd.c.obj
 .text.tud_task
                0x10005bf8      0x204 CMakeFiles/pico_sdvx.dir/C_/Users/ngadj/Documents/pico-sdk/lib/tinyusb/src/device/usbd.c.obj
                0x10005bf8                tud_task
 .text._data_stage_xact
                0x10005dfc       0x58 CMakeFiles/pico_sdvx.dir/C_/Users/ngadj/Documents/pico-sdk/lib/tinyusb/src/device/usbd_control.c.obj
 .text.tud_control_status
                0x10005e54       0x38 CMakeFiles/pico_sdvx.dir/C_/Users/ngadj/Documents/pico-sdk/lib/tinyusb/src/device/usbd_control.c.obj
                0x10005e54                tud_control_status
 .text.tud_control_xfer
                0x10005e8c       0xa8 CMakeFiles/pico_sdvx.dir/C_/Users/ngadj/Documents/pico-sdk/lib/tinyusb/src/device/usbd_control.c.obj
                0x10005e8c                tud_control_xfer
 .text.usbd_control_reset
                0x10005f34       0x14 CMakeFiles/pico_sdvx.dir/C_/Users/ngadj/Documents/pico-sdk/lib/tinyusb/src/device/usbd_control.c.obj
                0x10005f34                usbd_control_reset
 .text.usbd_control_set_complete_callback
                0x10005f48        0xc CMakeFiles/pico_sdvx.dir/C_/Users/ngadj/Documents/pico-sdk/lib/tinyusb/src/device/usbd_control.c.obj
                0x10005f48                usbd_control_set_complete_callback
 .text.usbd_control_set_request
                0x10005f54       0x1c CMakeFiles/pico_sdvx.dir/C_/Users/ngadj/Documents/pico-sdk/lib/tinyusb/src/device/usbd_control.c.obj
                0x10005f54                usbd_control_set_request
 .text.usbd_control_xfer_cb
                0x10005f70       0xe8 CMakeFiles/pico_sdvx.dir/C_/Users/ngadj/Documents/pico-sdk/lib/tinyusb/src/device/usbd_control.c.obj
                0x10005f70                usbd_control_xfer_cb
 .text.tud_hid_n_ready
                0x10006058       0x50 CMakeFiles/pico_sdvx.dir/C_/Users/ngadj/Documents/pico-sdk/lib/tinyusb/src/class/hid/hid_device.c.obj
                0x10006058                tud_hid_n_ready
 .text.tud_hid_n_report
                0x100060a8       0x84 CMakeFiles/pico_sdvx.dir/C_/Users/ngadj/Documents/pico-sdk/lib/tinyusb/src/class/hid/hid_device.c.obj
                0x100060a8                tud_hid_n_report
 .text.tud_hid_n_keyboard_report
                0x1000612c       0x36 CMakeFiles/pico_sdvx.dir/C_/Users/ngadj/Documents/pico-sdk/lib/tinyusb/src/class/hid/hid_device.c.obj
                0x1000612c                tud_hid_n_keyboard_report
 .text.tud_hid_n_mouse_report
                0x10006162       0x2e CMakeFiles/pico_sdvx.dir/C_/Users/ngadj/Documents/pico-sdk/lib/tinyusb/src/class/hid/hid_device.c.obj
                0x10006162                tud_hid_n_mouse_report
 .text.hidd_reset
                0x10006190       0x14 CMakeFiles/pico_sdvx.dir/C_/Users/ngadj/Documents/pico-sdk/lib/tinyusb/src/class/hid/hid_device.c.obj
                0x10006190                hidd_reset
 .text.hidd_init
                0x100061a4        0xa CMakeFiles/pico_sdvx.dir/C_/Users/ngadj/Documents/pico-sdk/lib/tinyusb/src/class/hid/hid_device.c.obj
                0x100061a4                hidd_init
 *fill*         0x100061ae        0x2 
 .text.hidd_open
                0x100061b0      0x100 CMakeFiles/pico_sdvx.dir/C_/Users/ngadj/Documents/pico-sdk/lib/tinyusb/src/class/hid/hid_device.c.obj
                0x100061b0                hidd_open
 .text.hidd_control_request
                0x100062b0      0x1d0 CMakeFiles/pico_sdvx.dir/C_/Users/ngadj/Documents/pico-sdk/lib/tinyusb/src/class/hid/hid_device.c.obj
                0x100062b0                hidd_control_request
 .text.hidd_control_complete
                0x10006480       0x64 CMakeFiles/pico_sdvx.dir/C_/Users/ngadj/Documents/pico-sdk/lib/tinyusb/src/class/hid/hid_device.c.obj
                0x10006480                hidd_control_complete
 .text.hidd_xfer_cb
                0x100064e4       0x5c CMakeFiles/pico_sdvx.dir/C_/Users/ngadj/Documents/pico-sdk/lib/tinyusb/src/class/hid/hid_device.c.obj
                0x100064e4                hidd_xfer_cb
 .text.tusb_init
                0x10006540       0x38 CMakeFiles/pico_sdvx.dir/C_/Users/ngadj/Documents/pico-sdk/lib/tinyusb/src/tusb.c.obj
                0x10006540                tusb_init
 .text.tusb_inited
                0x10006578        0xc CMakeFiles/pico_sdvx.dir/C_/Users/ngadj/Documents/pico-sdk/lib/tinyusb/src/tusb.c.obj
                0x10006578                tusb_inited
 .text.advance_pointer
                0x10006584       0x1e CMakeFiles/pico_sdvx.dir/C_/Users/ngadj/Documents/pico-sdk/lib/tinyusb/src/common/tusb_fifo.c.obj
 .text.backward_pointer
                0x100065a2       0x1a CMakeFiles/pico_sdvx.dir/C_/Users/ngadj/Documents/pico-sdk/lib/tinyusb/src/common/tusb_fifo.c.obj
 .text.get_relative_pointer
                0x100065bc       0x16 CMakeFiles/pico_sdvx.dir/C_/Users/ngadj/Documents/pico-sdk/lib/tinyusb/src/common/tusb_fifo.c.obj
 .text.tu_fifo_lock
                0x100065d2       0x12 CMakeFiles/pico_sdvx.dir/C_/Users/ngadj/Documents/pico-sdk/lib/tinyusb/src/common/tusb_fifo.c.obj
 .text.tu_fifo_unlock
                0x100065e4        0xe CMakeFiles/pico_sdvx.dir/C_/Users/ngadj/Documents/pico-sdk/lib/tinyusb/src/common/tusb_fifo.c.obj
 .text._tu_fifo_peek_at
                0x100065f2       0x66 CMakeFiles/pico_sdvx.dir/C_/Users/ngadj/Documents/pico-sdk/lib/tinyusb/src/common/tusb_fifo.c.obj
 .text.tu_fifo_read
                0x10006658       0x3a CMakeFiles/pico_sdvx.dir/C_/Users/ngadj/Documents/pico-sdk/lib/tinyusb/src/common/tusb_fifo.c.obj
                0x10006658                tu_fifo_read
 .text.tu_fifo_write
                0x10006692       0x5c CMakeFiles/pico_sdvx.dir/C_/Users/ngadj/Documents/pico-sdk/lib/tinyusb/src/common/tusb_fifo.c.obj
                0x10006692                tu_fifo_write
 .text.tu_fifo_clear
                0x100066ee       0x18 CMakeFiles/pico_sdvx.dir/C_/Users/ngadj/Documents/pico-sdk/lib/tinyusb/src/common/tusb_fifo.c.obj
                0x100066ee                tu_fifo_clear
 .text.board_init
                0x10006706       0x18 CMakeFiles/pico_sdvx.dir/C_/Users/ngadj/Documents/pico-sdk/lib/tinyusb/hw/bsp/raspberry_pi_pico/board_raspberry_pi_pico.c.obj
                0x10006706                board_init
 *fill*         0x1000671e        0x2 
 .text.calloc   0x10006720       0x18 c:/progra~2/gnuarm~1/102020~1/bin/../lib/gcc/arm-none-eabi/10.2.1/../../../../arm-none-eabi/lib/thumb/v6-m/nofp\libg.a(lib_a-calloc.o)
                0x10006720                calloc
 .text._calloc_r
                0x10006738       0x5c c:/progra~2/gnuarm~1/102020~1/bin/../lib/gcc/arm-none-eabi/10.2.1/../../../../arm-none-eabi/lib/thumb/v6-m/nofp\libg.a(lib_a-callocr.o)
                0x10006738                _calloc_r
 .text.malloc   0x10006794       0x14 c:/progra~2/gnuarm~1/102020~1/bin/../lib/gcc/arm-none-eabi/10.2.1/../../../../arm-none-eabi/lib/thumb/v6-m/nofp\libg.a(lib_a-malloc.o)
                0x10006794                malloc
 .text._malloc_r
                0x100067a8      0x580 c:/progra~2/gnuarm~1/102020~1/bin/../lib/gcc/arm-none-eabi/10.2.1/../../../../arm-none-eabi/lib/thumb/v6-m/nofp\libg.a(lib_a-mallocr.o)
                0x100067a8                _malloc_r
 .text.__malloc_lock
                0x10006d28       0x10 c:/progra~2/gnuarm~1/102020~1/bin/../lib/gcc/arm-none-eabi/10.2.1/../../../../arm-none-eabi/lib/thumb/v6-m/nofp\libg.a(lib_a-mlock.o)
                0x10006d28                __malloc_lock
 .text.__malloc_unlock
                0x10006d38       0x10 c:/progra~2/gnuarm~1/102020~1/bin/../lib/gcc/arm-none-eabi/10.2.1/../../../../arm-none-eabi/lib/thumb/v6-m/nofp\libg.a(lib_a-mlock.o)
                0x10006d38                __malloc_unlock
 .text._sbrk_r  0x10006d48       0x24 c:/progra~2/gnuarm~1/102020~1/bin/../lib/gcc/arm-none-eabi/10.2.1/../../../../arm-none-eabi/lib/thumb/v6-m/nofp\libg.a(lib_a-sbrkr.o)
                0x10006d48                _sbrk_r
 .text.strlen   0x10006d6c       0x5c c:/progra~2/gnuarm~1/102020~1/bin/../lib/gcc/arm-none-eabi/10.2.1/../../../../arm-none-eabi/lib/thumb/v6-m/nofp\libg.a(lib_a-strlen-stub.o)
                0x10006d6c                strlen
 .text._malloc_trim_r
                0x10006dc8       0x9c c:/progra~2/gnuarm~1/102020~1/bin/../lib/gcc/arm-none-eabi/10.2.1/../../../../arm-none-eabi/lib/thumb/v6-m/nofp\libg.a(lib_a-freer.o)
                0x10006dc8                _malloc_trim_r
 .text._free_r  0x10006e64      0x1c4 c:/progra~2/gnuarm~1/102020~1/bin/../lib/gcc/arm-none-eabi/10.2.1/../../../../arm-none-eabi/lib/thumb/v6-m/nofp\libg.a(lib_a-freer.o)
                0x10006e64                _free_r
 .text.__retarget_lock_acquire_recursive
                0x10007028        0x4 c:/progra~2/gnuarm~1/102020~1/bin/../lib/gcc/arm-none-eabi/10.2.1/../../../../arm-none-eabi/lib/thumb/v6-m/nofp\libg.a(lib_a-lock.o)
                0x10007028                __retarget_lock_acquire_recursive
 .text.__retarget_lock_release_recursive
                0x1000702c        0x4 c:/progra~2/gnuarm~1/102020~1/bin/../lib/gcc/arm-none-eabi/10.2.1/../../../../arm-none-eabi/lib/thumb/v6-m/nofp\libg.a(lib_a-lock.o)
                0x1000702c                __retarget_lock_release_recursive
 *(.fini)
 .fini          0x10007030        0x4 c:/progra~2/gnuarm~1/102020~1/bin/../lib/gcc/arm-none-eabi/10.2.1/thumb/v6-m/nofp/crti.o
                0x10007030                _fini
 *fill*         0x10007034        0x4 
 .fini.__stub   0x10007038       0x60 linker stubs
 *crtbegin.o(.ctors)
 *crtbegin?.o(.ctors)
 *(EXCLUDE_FILE(*crtend.o *crtend?.o) .ctors)
 *(SORT_BY_NAME(.ctors.*))
 *(.ctors)
 *crtbegin.o(.dtors)
 *crtbegin?.o(.dtors)
 *(EXCLUDE_FILE(*crtend.o *crtend?.o) .dtors)
 *(SORT_BY_NAME(.dtors.*))
 *(.dtors)
 *(.eh_frame*)
 .eh_frame      0x10007098        0x0 c:/progra~2/gnuarm~1/102020~1/bin/../lib/gcc/arm-none-eabi/10.2.1/thumb/v6-m/nofp/crtbegin.o
                0x10007098                . = ALIGN (0x4)

.glue_7         0x10007098        0x0
 .glue_7        0x10007098        0x0 linker stubs

.glue_7t        0x10007098        0x0
 .glue_7t       0x10007098        0x0 linker stubs

.vfp11_veneer   0x10007098        0x0
 .vfp11_veneer  0x10007098        0x0 linker stubs

.v4_bx          0x10007098        0x0
 .v4_bx         0x10007098        0x0 linker stubs

.iplt           0x10007098        0x0
 .iplt          0x10007098        0x0 c:/progra~2/gnuarm~1/102020~1/bin/../lib/gcc/arm-none-eabi/10.2.1/thumb/v6-m/nofp/crtbegin.o

.rodata         0x10007098     0x1500
 *(EXCLUDE_FILE(*libm.a: *libc.a:*lib_a-mem*.o *libgcc.a:) .rodata*)
 .rodata.gpio_enc_callback
                0x10007098       0x80 CMakeFiles/pico_sdvx.dir/pico_sdvx.c.obj
 .rodata.LED_GPIO
                0x10007118        0x7 CMakeFiles/pico_sdvx.dir/pico_sdvx.c.obj
                0x10007118                LED_GPIO
 *fill*         0x1000711f        0x1 
 .rodata.L_ENC_GPIO
                0x10007120        0x2 CMakeFiles/pico_sdvx.dir/pico_sdvx.c.obj
                0x10007120                L_ENC_GPIO
 *fill*         0x10007122        0x2 
 .rodata.R_ENC_GPIO
                0x10007124        0x2 CMakeFiles/pico_sdvx.dir/pico_sdvx.c.obj
                0x10007124                R_ENC_GPIO
 *fill*         0x10007126        0x2 
 .rodata.SW_GPIO
                0x10007128        0x7 CMakeFiles/pico_sdvx.dir/pico_sdvx.c.obj
                0x10007128                SW_GPIO
 *fill*         0x1000712f        0x1 
 .rodata.SW_KEYCODE
                0x10007130        0x7 CMakeFiles/pico_sdvx.dir/pico_sdvx.c.obj
                0x10007130                SW_KEYCODE
 *fill*         0x10007137        0x1 
 .rodata.str1.4
                0x10007138       0x1f CMakeFiles/pico_sdvx.dir/usb_descriptors.c.obj
 *fill*         0x10007157        0x1 
 .rodata.__compound_literal.0
                0x10007158        0x2 CMakeFiles/pico_sdvx.dir/usb_descriptors.c.obj
 *fill*         0x1000715a        0x2 
 .rodata.desc_configuration
                0x1000715c       0x22 CMakeFiles/pico_sdvx.dir/usb_descriptors.c.obj
                0x1000715c                desc_configuration
 *fill*         0x1000717e        0x2 
 .rodata.desc_device
                0x10007180       0x12 CMakeFiles/pico_sdvx.dir/usb_descriptors.c.obj
                0x10007180                desc_device
 *fill*         0x10007192        0x2 
 .rodata.desc_hid_report
                0x10007194       0x90 CMakeFiles/pico_sdvx.dir/usb_descriptors.c.obj
                0x10007194                desc_hid_report
 .rodata.spin_lock_claim_unused.str1.4
                0x10007224       0x1b CMakeFiles/pico_sdvx.dir/C_/Users/ngadj/Documents/pico-sdk/src/rp2_common/hardware_sync/sync.c.obj
 *fill*         0x1000723f        0x1 
 .rodata.alarm_pool_dump_key.str1.4
                0x10007240       0x73 CMakeFiles/pico_sdvx.dir/C_/Users/ngadj/Documents/pico-sdk/src/common/pico_time/time.c.obj
 *fill*         0x100072b3        0x1 
 .rodata.ph_add_child_node.str1.4
                0x100072b4       0x9e CMakeFiles/pico_sdvx.dir/C_/Users/ngadj/Documents/pico-sdk/src/common/pico_time/time.c.obj
 *fill*         0x10007352        0x2 
 .rodata.add_alarm_under_lock.str1.4
                0x10007354       0x27 CMakeFiles/pico_sdvx.dir/C_/Users/ngadj/Documents/pico-sdk/src/common/pico_time/time.c.obj
 *fill*         0x1000737b        0x1 
 .rodata.alarm_pool_alarm_callback.str1.4
                0x1000737c       0x7d CMakeFiles/pico_sdvx.dir/C_/Users/ngadj/Documents/pico-sdk/src/common/pico_time/time.c.obj
 *fill*         0x100073f9        0x3 
 .rodata.alarm_pool_get_default.str1.4
                0x100073fc       0x13 CMakeFiles/pico_sdvx.dir/C_/Users/ngadj/Documents/pico-sdk/src/common/pico_time/time.c.obj
 *fill*         0x1000740f        0x1 
 .rodata.alarm_pool_cancel_alarm.str1.4
                0x10007410       0x27 CMakeFiles/pico_sdvx.dir/C_/Users/ngadj/Documents/pico-sdk/src/common/pico_time/time.c.obj
 *fill*         0x10007437        0x1 
 .rodata.__func__.0
                0x10007438       0x18 CMakeFiles/pico_sdvx.dir/C_/Users/ngadj/Documents/pico-sdk/src/common/pico_time/time.c.obj
 .rodata.__func__.10
                0x10007450       0x17 CMakeFiles/pico_sdvx.dir/C_/Users/ngadj/Documents/pico-sdk/src/common/pico_time/time.c.obj
 *fill*         0x10007467        0x1 
 .rodata.__func__.2
                0x10007468       0x12 CMakeFiles/pico_sdvx.dir/C_/Users/ngadj/Documents/pico-sdk/src/common/pico_time/time.c.obj
 *fill*         0x1000747a        0x2 
 .rodata.__func__.3
                0x1000747c       0x14 CMakeFiles/pico_sdvx.dir/C_/Users/ngadj/Documents/pico-sdk/src/common/pico_time/time.c.obj
 .rodata.__func__.4
                0x10007490       0x12 CMakeFiles/pico_sdvx.dir/C_/Users/ngadj/Documents/pico-sdk/src/common/pico_time/time.c.obj
 *fill*         0x100074a2        0x2 
 .rodata.__func__.5
                0x100074a4        0xa CMakeFiles/pico_sdvx.dir/C_/Users/ngadj/Documents/pico-sdk/src/common/pico_time/time.c.obj
 *fill*         0x100074ae        0x2 
 .rodata.__func__.6
                0x100074b0        0xc CMakeFiles/pico_sdvx.dir/C_/Users/ngadj/Documents/pico-sdk/src/common/pico_time/time.c.obj
 .rodata.__func__.7
                0x100074bc       0x15 CMakeFiles/pico_sdvx.dir/C_/Users/ngadj/Documents/pico-sdk/src/common/pico_time/time.c.obj
 *fill*         0x100074d1        0x3 
 .rodata.__func__.8
                0x100074d4       0x1a CMakeFiles/pico_sdvx.dir/C_/Users/ngadj/Documents/pico-sdk/src/common/pico_time/time.c.obj
 *fill*         0x100074ee        0x2 
 .rodata.__func__.9
                0x100074f0        0xa CMakeFiles/pico_sdvx.dir/C_/Users/ngadj/Documents/pico-sdk/src/common/pico_time/time.c.obj
 *fill*         0x100074fa        0x2 
 .rodata.hardware_alarm_claim.str1.4
                0x100074fc       0x22 CMakeFiles/pico_sdvx.dir/C_/Users/ngadj/Documents/pico-sdk/src/rp2_common/hardware_timer/timer.c.obj
 *fill*         0x1000751e        0x2 
 .rodata.hardware_alarm_set_target.str1.4
                0x10007520       0x6c CMakeFiles/pico_sdvx.dir/C_/Users/ngadj/Documents/pico-sdk/src/rp2_common/hardware_timer/timer.c.obj
 .rodata.__func__.0
                0x1000758c       0x1a CMakeFiles/pico_sdvx.dir/C_/Users/ngadj/Documents/pico-sdk/src/rp2_common/hardware_timer/timer.c.obj
 *fill*         0x100075a6        0x2 
 .rodata.lock_init.str1.4
                0x100075a8       0x6f CMakeFiles/pico_sdvx.dir/C_/Users/ngadj/Documents/pico-sdk/src/common/pico_sync/lock_core.c.obj
 *fill*         0x10007617        0x1 
 .rodata.__func__.0
                0x10007618        0xa CMakeFiles/pico_sdvx.dir/C_/Users/ngadj/Documents/pico-sdk/src/common/pico_sync/lock_core.c.obj
 *fill*         0x10007622        0x2 
 .rodata.str1.4
                0x10007624       0x64 CMakeFiles/pico_sdvx.dir/C_/Users/ngadj/Documents/pico-sdk/src/common/pico_sync/mutex.c.obj
 .rodata.__func__.0
                0x10007688        0xb CMakeFiles/pico_sdvx.dir/C_/Users/ngadj/Documents/pico-sdk/src/common/pico_sync/mutex.c.obj
 *fill*         0x10007693        0x1 
 .rodata.__func__.1
                0x10007694       0x18 CMakeFiles/pico_sdvx.dir/C_/Users/ngadj/Documents/pico-sdk/src/common/pico_sync/mutex.c.obj
 .rodata.__func__.2
                0x100076ac       0x15 CMakeFiles/pico_sdvx.dir/C_/Users/ngadj/Documents/pico-sdk/src/common/pico_sync/mutex.c.obj
 .rodata.ph_add_child_node.str1.4
                0x100076c1       0x9e CMakeFiles/pico_sdvx.dir/C_/Users/ngadj/Documents/pico-sdk/src/common/pico_util/pheap.c.obj
 *fill*         0x100076c1        0x3 
 .rodata.ph_remove_any_head.str1.4
                0x100076c4       0x94 CMakeFiles/pico_sdvx.dir/C_/Users/ngadj/Documents/pico-sdk/src/common/pico_util/pheap.c.obj
 .rodata.ph_delete.str1.4
                0x10007758       0x26 CMakeFiles/pico_sdvx.dir/C_/Users/ngadj/Documents/pico-sdk/src/common/pico_util/pheap.c.obj
 *fill*         0x1000777e        0x2 
 .rodata.__func__.0
                0x10007780        0xa CMakeFiles/pico_sdvx.dir/C_/Users/ngadj/Documents/pico-sdk/src/common/pico_util/pheap.c.obj
 *fill*         0x1000778a        0x2 
 .rodata.__func__.1
                0x1000778c       0x13 CMakeFiles/pico_sdvx.dir/C_/Users/ngadj/Documents/pico-sdk/src/common/pico_util/pheap.c.obj
 *fill*         0x1000779f        0x1 
 .rodata.__func__.2
                0x100077a0       0x12 CMakeFiles/pico_sdvx.dir/C_/Users/ngadj/Documents/pico-sdk/src/common/pico_util/pheap.c.obj
 *fill*         0x100077b2        0x2 
 .rodata.__func__.3
                0x100077b4        0xc CMakeFiles/pico_sdvx.dir/C_/Users/ngadj/Documents/pico-sdk/src/common/pico_util/pheap.c.obj
 .rodata.__assert_func.str1.4
                0x100077c0       0x3f CMakeFiles/pico_sdvx.dir/C_/Users/ngadj/Documents/pico-sdk/src/rp2_common/pico_runtime/runtime.c.obj
                                 0x43 (size before relaxing)
 *fill*         0x100077ff        0x1 
 .rodata.panic.str1.4
                0x10007800       0x12 CMakeFiles/pico_sdvx.dir/C_/Users/ngadj/Documents/pico-sdk/src/rp2_common/pico_runtime/runtime.c.obj
 *fill*         0x10007812        0x2 
 .rodata.clock_configure.str1.4
                0x10007814       0x5e CMakeFiles/pico_sdvx.dir/C_/Users/ngadj/Documents/pico-sdk/src/rp2_common/hardware_clocks/clocks.c.obj
 *fill*         0x10007872        0x2 
 .rodata.__func__.1
                0x10007874       0x10 CMakeFiles/pico_sdvx.dir/C_/Users/ngadj/Documents/pico-sdk/src/rp2_common/hardware_clocks/clocks.c.obj
 .rodata.pll_init.str1.4
                0x10007884       0xdf CMakeFiles/pico_sdvx.dir/C_/Users/ngadj/Documents/pico-sdk/src/rp2_common/hardware_pll/pll.c.obj
 *fill*         0x10007963        0x1 
 .rodata.__func__.0
                0x10007964        0x9 CMakeFiles/pico_sdvx.dir/C_/Users/ngadj/Documents/pico-sdk/src/rp2_common/hardware_pll/pll.c.obj
 *fill*         0x1000796d        0x3 
 .rodata.make_branch.str1.4
                0x10007970       0x54 CMakeFiles/pico_sdvx.dir/C_/Users/ngadj/Documents/pico-sdk/src/rp2_common/hardware_irq/irq.c.obj
 .rodata.irq_set_exclusive_handler.str1.4
                0x100079c4       0x36 CMakeFiles/pico_sdvx.dir/C_/Users/ngadj/Documents/pico-sdk/src/rp2_common/hardware_irq/irq.c.obj
 *fill*         0x100079fa        0x2 
 .rodata.irq_add_shared_handler.str1.4
                0x100079fc       0xd9 CMakeFiles/pico_sdvx.dir/C_/Users/ngadj/Documents/pico-sdk/src/rp2_common/hardware_irq/irq.c.obj
 *fill*         0x10007ad5        0x3 
 .rodata.irq_remove_handler.str1.4
                0x10007ad8       0x2a CMakeFiles/pico_sdvx.dir/C_/Users/ngadj/Documents/pico-sdk/src/rp2_common/hardware_irq/irq.c.obj
 *fill*         0x10007b02        0x2 
 .rodata.irq_add_tail_to_free_list.str1.4
                0x10007b04       0x32 CMakeFiles/pico_sdvx.dir/C_/Users/ngadj/Documents/pico-sdk/src/rp2_common/hardware_irq/irq.c.obj
                                 0x3a (size before relaxing)
 *fill*         0x10007b36        0x2 
 .rodata.__func__.0
                0x10007b38       0x1a CMakeFiles/pico_sdvx.dir/C_/Users/ngadj/Documents/pico-sdk/src/rp2_common/hardware_irq/irq.c.obj
 *fill*         0x10007b52        0x2 
 .rodata.__func__.1
                0x10007b54       0x17 CMakeFiles/pico_sdvx.dir/C_/Users/ngadj/Documents/pico-sdk/src/rp2_common/hardware_irq/irq.c.obj
 *fill*         0x10007b6b        0x1 
 .rodata.__func__.2
                0x10007b6c       0x13 CMakeFiles/pico_sdvx.dir/C_/Users/ngadj/Documents/pico-sdk/src/rp2_common/hardware_irq/irq.c.obj
 *fill*         0x10007b7f        0x1 
 .rodata.__func__.3
                0x10007b80        0xc CMakeFiles/pico_sdvx.dir/C_/Users/ngadj/Documents/pico-sdk/src/rp2_common/hardware_irq/irq.c.obj
 .rodata.__func__.4
                0x10007b8c        0xf CMakeFiles/pico_sdvx.dir/C_/Users/ngadj/Documents/pico-sdk/src/rp2_common/hardware_irq/irq.c.obj
 *fill*         0x10007b9b        0x1 
 .rodata.__func__.6
                0x10007b9c       0x1a CMakeFiles/pico_sdvx.dir/C_/Users/ngadj/Documents/pico-sdk/src/rp2_common/hardware_irq/irq.c.obj
 *fill*         0x10007bb6        0x2 
 .rodata._ftoa.str1.4
                0x10007bb8       0x15 CMakeFiles/pico_sdvx.dir/C_/Users/ngadj/Documents/pico-sdk/src/rp2_common/pico_printf/printf.c.obj
 *fill*         0x10007bcd        0x3 
 .rodata._vsnprintf
                0x10007bd0      0x1e0 CMakeFiles/pico_sdvx.dir/C_/Users/ngadj/Documents/pico-sdk/src/rp2_common/pico_printf/printf.c.obj
 .rodata.pow10.0
                0x10007db0       0x50 CMakeFiles/pico_sdvx.dir/C_/Users/ngadj/Documents/pico-sdk/src/rp2_common/pico_printf/printf.c.obj
 .rodata.__aeabi_double_init.str1.4
                0x10007e00       0xaf CMakeFiles/pico_sdvx.dir/C_/Users/ngadj/Documents/pico-sdk/src/rp2_common/pico_double/double_init_rom.c.obj
 *fill*         0x10007eaf        0x1 
 .rodata.__func__.0
                0x10007eb0       0x14 CMakeFiles/pico_sdvx.dir/C_/Users/ngadj/Documents/pico-sdk/src/rp2_common/pico_double/double_init_rom.c.obj
 .rodata.__aeabi_float_init.str1.4
                0x10007ec4       0x81 CMakeFiles/pico_sdvx.dir/C_/Users/ngadj/Documents/pico-sdk/src/rp2_common/pico_float/float_init_rom.c.obj
                                 0x85 (size before relaxing)
 *fill*         0x10007f45        0x3 
 .rodata.__func__.0
                0x10007f48       0x13 CMakeFiles/pico_sdvx.dir/C_/Users/ngadj/Documents/pico-sdk/src/rp2_common/pico_float/float_init_rom.c.obj
 *fill*         0x10007f5b        0x1 
 .rodata.str1.4
                0x10007f5c       0x30 CMakeFiles/pico_sdvx.dir/C_/Users/ngadj/Documents/pico-sdk/src/rp2_common/pico_standard_link/binary_info.c.obj
 .rodata.__bi_40
                0x10007f8c        0xc CMakeFiles/pico_sdvx.dir/C_/Users/ngadj/Documents/pico-sdk/src/rp2_common/pico_standard_link/binary_info.c.obj
 .rodata.__bi_71
                0x10007f98        0xc CMakeFiles/pico_sdvx.dir/C_/Users/ngadj/Documents/pico-sdk/src/rp2_common/pico_standard_link/binary_info.c.obj
 .rodata.crlf_str.1
                0x10007fa4        0x2 CMakeFiles/pico_sdvx.dir/C_/Users/ngadj/Documents/pico-sdk/src/rp2_common/pico_stdio/stdio.c.obj
 *fill*         0x10007fa6        0x2 
 .rodata.str1.4
                0x10007fa8       0x2c CMakeFiles/pico_sdvx.dir/C_/Users/ngadj/Documents/pico-sdk/src/rp2_common/pico_stdio_uart/stdio_uart.c.obj
 .rodata.__bi_27.4
                0x10007fd4        0xc CMakeFiles/pico_sdvx.dir/C_/Users/ngadj/Documents/pico-sdk/src/rp2_common/pico_stdio_uart/stdio_uart.c.obj
 .rodata.__bi_28.5
                0x10007fe0        0x8 CMakeFiles/pico_sdvx.dir/C_/Users/ngadj/Documents/pico-sdk/src/rp2_common/pico_stdio_uart/stdio_uart.c.obj
 .rodata._hw_endpoint_alloc.str1.4
                0x10007fe8       0xbd CMakeFiles/pico_sdvx.dir/C_/Users/ngadj/Documents/pico-sdk/lib/tinyusb/src/portable/raspberrypi/rp2040/dcd_rp2040.c.obj
 *fill*         0x100080a5        0x3 
 .rodata._hw_endpoint_init.str1.4
                0x100080a8       0x28 CMakeFiles/pico_sdvx.dir/C_/Users/ngadj/Documents/pico-sdk/lib/tinyusb/src/portable/raspberrypi/rp2040/dcd_rp2040.c.obj
 .rodata.hw_handle_buff_status.str1.4
                0x100080d0        0xb CMakeFiles/pico_sdvx.dir/C_/Users/ngadj/Documents/pico-sdk/lib/tinyusb/src/portable/raspberrypi/rp2040/dcd_rp2040.c.obj
 *fill*         0x100080db        0x1 
 .rodata.dcd_rp2040_irq.str1.4
                0x100080dc       0x14 CMakeFiles/pico_sdvx.dir/C_/Users/ngadj/Documents/pico-sdk/lib/tinyusb/src/portable/raspberrypi/rp2040/dcd_rp2040.c.obj
 .rodata._hw_endpoint_stall.str1.4
                0x100080f0        0xd CMakeFiles/pico_sdvx.dir/C_/Users/ngadj/Documents/pico-sdk/lib/tinyusb/src/portable/raspberrypi/rp2040/dcd_rp2040.c.obj
 *fill*         0x100080fd        0x3 
 .rodata.dcd_int_enable.str1.4
                0x10008100        0xc CMakeFiles/pico_sdvx.dir/C_/Users/ngadj/Documents/pico-sdk/lib/tinyusb/src/portable/raspberrypi/rp2040/dcd_rp2040.c.obj
 .rodata.__func__.0
                0x1000810c       0x15 CMakeFiles/pico_sdvx.dir/C_/Users/ngadj/Documents/pico-sdk/lib/tinyusb/src/portable/raspberrypi/rp2040/dcd_rp2040.c.obj
 *fill*         0x10008121        0x3 
 .rodata.__func__.1
                0x10008124       0x13 CMakeFiles/pico_sdvx.dir/C_/Users/ngadj/Documents/pico-sdk/lib/tinyusb/src/portable/raspberrypi/rp2040/dcd_rp2040.c.obj
 *fill*         0x10008137        0x1 
 .rodata.__func__.10
                0x10008138        0xf CMakeFiles/pico_sdvx.dir/C_/Users/ngadj/Documents/pico-sdk/lib/tinyusb/src/portable/raspberrypi/rp2040/dcd_rp2040.c.obj
 *fill*         0x10008147        0x1 
 .rodata.__func__.11
                0x10008148       0x13 CMakeFiles/pico_sdvx.dir/C_/Users/ngadj/Documents/pico-sdk/lib/tinyusb/src/portable/raspberrypi/rp2040/dcd_rp2040.c.obj
 *fill*         0x1000815b        0x1 
 .rodata.__func__.12
                0x1000815c       0x16 CMakeFiles/pico_sdvx.dir/C_/Users/ngadj/Documents/pico-sdk/lib/tinyusb/src/portable/raspberrypi/rp2040/dcd_rp2040.c.obj
 *fill*         0x10008172        0x2 
 .rodata.__func__.13
                0x10008174        0x9 CMakeFiles/pico_sdvx.dir/C_/Users/ngadj/Documents/pico-sdk/lib/tinyusb/src/portable/raspberrypi/rp2040/dcd_rp2040.c.obj
 *fill*         0x1000817d        0x3 
 .rodata.__func__.2
                0x10008180        0xf CMakeFiles/pico_sdvx.dir/C_/Users/ngadj/Documents/pico-sdk/lib/tinyusb/src/portable/raspberrypi/rp2040/dcd_rp2040.c.obj
 *fill*         0x1000818f        0x1 
 .rodata.__func__.3
                0x10008190        0xe CMakeFiles/pico_sdvx.dir/C_/Users/ngadj/Documents/pico-sdk/lib/tinyusb/src/portable/raspberrypi/rp2040/dcd_rp2040.c.obj
 *fill*         0x1000819e        0x2 
 .rodata.__func__.4
                0x100081a0        0xe CMakeFiles/pico_sdvx.dir/C_/Users/ngadj/Documents/pico-sdk/lib/tinyusb/src/portable/raspberrypi/rp2040/dcd_rp2040.c.obj
 *fill*         0x100081ae        0x2 
 .rodata.__func__.5
                0x100081b0       0x1a CMakeFiles/pico_sdvx.dir/C_/Users/ngadj/Documents/pico-sdk/lib/tinyusb/src/portable/raspberrypi/rp2040/dcd_rp2040.c.obj
 *fill*         0x100081ca        0x2 
 .rodata.__func__.6
                0x100081cc        0xc CMakeFiles/pico_sdvx.dir/C_/Users/ngadj/Documents/pico-sdk/lib/tinyusb/src/portable/raspberrypi/rp2040/dcd_rp2040.c.obj
 .rodata.__func__.8
                0x100081d8       0x10 CMakeFiles/pico_sdvx.dir/C_/Users/ngadj/Documents/pico-sdk/lib/tinyusb/src/portable/raspberrypi/rp2040/dcd_rp2040.c.obj
 .rodata._hw_endpoint_buffer_control_update32.str1.4
                0x100081e8       0x1f CMakeFiles/pico_sdvx.dir/C_/Users/ngadj/Documents/pico-sdk/lib/tinyusb/src/portable/raspberrypi/rp2040/rp2040_usb.c.obj
 *fill*         0x10008207        0x1 
 .rodata._hw_endpoint_xfer_sync.str1.4
                0x10008208       0x99 CMakeFiles/pico_sdvx.dir/C_/Users/ngadj/Documents/pico-sdk/lib/tinyusb/src/portable/raspberrypi/rp2040/rp2040_usb.c.obj
 *fill*         0x100082a1        0x3 
 .rodata._hw_endpoint_xfer_continue.str1.4
                0x100082a4       0x50 CMakeFiles/pico_sdvx.dir/C_/Users/ngadj/Documents/pico-sdk/lib/tinyusb/src/portable/raspberrypi/rp2040/rp2040_usb.c.obj
 .rodata._hw_endpoint_xfer.str1.4
                0x100082f4        0xf CMakeFiles/pico_sdvx.dir/C_/Users/ngadj/Documents/pico-sdk/lib/tinyusb/src/portable/raspberrypi/rp2040/rp2040_usb.c.obj
 .rodata.str1.4
                0x10008303        0xf CMakeFiles/pico_sdvx.dir/C_/Users/ngadj/Documents/pico-sdk/lib/tinyusb/src/portable/raspberrypi/rp2040/rp2040_usb.c.obj
                                  0x7 (size before relaxing)
 *fill*         0x10008303        0x1 
 .rodata.__func__.0
                0x10008304       0x12 CMakeFiles/pico_sdvx.dir/C_/Users/ngadj/Documents/pico-sdk/lib/tinyusb/src/portable/raspberrypi/rp2040/rp2040_usb.c.obj
 *fill*         0x10008316        0x2 
 .rodata.__func__.1
                0x10008318       0x17 CMakeFiles/pico_sdvx.dir/C_/Users/ngadj/Documents/pico-sdk/lib/tinyusb/src/portable/raspberrypi/rp2040/rp2040_usb.c.obj
 *fill*         0x1000832f        0x1 
 .rodata.process_set_config.str1.4
                0x10008330       0x17 CMakeFiles/pico_sdvx.dir/C_/Users/ngadj/Documents/pico-sdk/lib/tinyusb/src/device/usbd.c.obj
 *fill*         0x10008347        0x1 
 .rodata.process_get_descriptor
                0x10008348       0x40 CMakeFiles/pico_sdvx.dir/C_/Users/ngadj/Documents/pico-sdk/lib/tinyusb/src/device/usbd.c.obj
 .rodata.dcd_event_handler.str1.4
                0x10008388       0x53 CMakeFiles/pico_sdvx.dir/C_/Users/ngadj/Documents/pico-sdk/lib/tinyusb/src/device/usbd.c.obj
 *fill*         0x100083db        0x1 
 .rodata.process_control_request
                0x100083dc       0x28 CMakeFiles/pico_sdvx.dir/C_/Users/ngadj/Documents/pico-sdk/lib/tinyusb/src/device/usbd.c.obj
 .rodata.tud_task
                0x10008404       0x24 CMakeFiles/pico_sdvx.dir/C_/Users/ngadj/Documents/pico-sdk/lib/tinyusb/src/device/usbd.c.obj
 .rodata.__func__.1
                0x10008428        0xf CMakeFiles/pico_sdvx.dir/C_/Users/ngadj/Documents/pico-sdk/lib/tinyusb/src/device/usbd.c.obj
 *fill*         0x10008437        0x1 
 .rodata.__func__.2
                0x10008438       0x14 CMakeFiles/pico_sdvx.dir/C_/Users/ngadj/Documents/pico-sdk/lib/tinyusb/src/device/usbd.c.obj
 .rodata.__func__.3
                0x1000844c       0x10 CMakeFiles/pico_sdvx.dir/C_/Users/ngadj/Documents/pico-sdk/lib/tinyusb/src/device/usbd.c.obj
 .rodata.__func__.4
                0x1000845c       0x17 CMakeFiles/pico_sdvx.dir/C_/Users/ngadj/Documents/pico-sdk/lib/tinyusb/src/device/usbd.c.obj
 *fill*         0x10008473        0x1 
 .rodata.__func__.5
                0x10008474       0x13 CMakeFiles/pico_sdvx.dir/C_/Users/ngadj/Documents/pico-sdk/lib/tinyusb/src/device/usbd.c.obj
 *fill*         0x10008487        0x1 
 .rodata.__func__.6
                0x10008488       0x18 CMakeFiles/pico_sdvx.dir/C_/Users/ngadj/Documents/pico-sdk/lib/tinyusb/src/device/usbd.c.obj
 .rodata.__func__.7
                0x100084a0       0x13 CMakeFiles/pico_sdvx.dir/C_/Users/ngadj/Documents/pico-sdk/lib/tinyusb/src/device/usbd.c.obj
 *fill*         0x100084b3        0x1 
 .rodata.__func__.8
                0x100084b4        0x9 CMakeFiles/pico_sdvx.dir/C_/Users/ngadj/Documents/pico-sdk/lib/tinyusb/src/device/usbd.c.obj
 *fill*         0x100084bd        0x3 
 .rodata._usbd_driver
                0x100084c0       0x1c CMakeFiles/pico_sdvx.dir/C_/Users/ngadj/Documents/pico-sdk/lib/tinyusb/src/device/usbd.c.obj
 .rodata.tud_control_xfer.str1.4
                0x100084dc       0x17 CMakeFiles/pico_sdvx.dir/C_/Users/ngadj/Documents/pico-sdk/lib/tinyusb/src/device/usbd_control.c.obj
 .rodata.__func__.0
                0x100084dc       0x15 CMakeFiles/pico_sdvx.dir/C_/Users/ngadj/Documents/pico-sdk/lib/tinyusb/src/device/usbd_control.c.obj
 *fill*         0x100084f1        0x3 
 .rodata.__func__.1
                0x100084f4       0x11 CMakeFiles/pico_sdvx.dir/C_/Users/ngadj/Documents/pico-sdk/lib/tinyusb/src/device/usbd_control.c.obj
 *fill*         0x10008505        0x3 
 .rodata.hidd_open.str1.4
                0x10008508       0x11 CMakeFiles/pico_sdvx.dir/C_/Users/ngadj/Documents/pico-sdk/lib/tinyusb/src/class/hid/hid_device.c.obj
                                 0x29 (size before relaxing)
 *fill*         0x10008519        0x3 
 .rodata.hidd_control_request
                0x1000851c       0x30 CMakeFiles/pico_sdvx.dir/C_/Users/ngadj/Documents/pico-sdk/lib/tinyusb/src/class/hid/hid_device.c.obj
 .rodata.__PRETTY_FUNCTION__.2
                0x1000854c        0xa CMakeFiles/pico_sdvx.dir/C_/Users/ngadj/Documents/pico-sdk/lib/tinyusb/src/class/hid/hid_device.c.obj
 *fill*         0x10008556        0x2 
 .rodata.__func__.0
                0x10008558        0xd CMakeFiles/pico_sdvx.dir/C_/Users/ngadj/Documents/pico-sdk/lib/tinyusb/src/class/hid/hid_device.c.obj
 *fill*         0x10008565        0x3 
 .rodata.__func__.1
                0x10008568       0x15 CMakeFiles/pico_sdvx.dir/C_/Users/ngadj/Documents/pico-sdk/lib/tinyusb/src/class/hid/hid_device.c.obj
 *fill*         0x1000857d        0x3 
 .rodata.__func__.3
                0x10008580        0xa CMakeFiles/pico_sdvx.dir/C_/Users/ngadj/Documents/pico-sdk/lib/tinyusb/src/class/hid/hid_device.c.obj
 .rodata.tusb_init.str1.4
                0x1000858a       0x17 CMakeFiles/pico_sdvx.dir/C_/Users/ngadj/Documents/pico-sdk/lib/tinyusb/src/tusb.c.obj
 *fill*         0x1000858a        0x2 
 .rodata.__func__.0
                0x1000858c        0xa CMakeFiles/pico_sdvx.dir/C_/Users/ngadj/Documents/pico-sdk/lib/tinyusb/src/tusb.c.obj
                0x10008598                . = ALIGN (0x4)
 *fill*         0x10008596        0x2 
 *(SORT_BY_ALIGNMENT(SORT_BY_NAME(.flashdata*)))
                0x10008598                . = ALIGN (0x4)

.rel.dyn        0x10008598        0x0
 .rel.iplt      0x10008598        0x0 c:/progra~2/gnuarm~1/102020~1/bin/../lib/gcc/arm-none-eabi/10.2.1/thumb/v6-m/nofp/crtbegin.o

.ARM.extab
 *(.ARM.extab* .gnu.linkonce.armextab.*)
                0x10008598                __exidx_start = .

.ARM.exidx
 *(.ARM.exidx* .gnu.linkonce.armexidx.*)
                0x10008598                __exidx_end = .
                0x10008598                . = ALIGN (0x4)
                0x10008598                __binary_info_start = .

.binary_info    0x10008598       0x20
 *(.binary_info.keep.*)
 .binary_info.keep.__bi_ptr18
                0x10008598        0x4 CMakeFiles/pico_sdvx.dir/C_/Users/ngadj/Documents/pico-sdk/src/rp2_common/pico_standard_link/binary_info.c.obj
 .binary_info.keep.__bi_ptr26
                0x1000859c        0x4 CMakeFiles/pico_sdvx.dir/C_/Users/ngadj/Documents/pico-sdk/src/rp2_common/pico_standard_link/binary_info.c.obj
 .binary_info.keep.__bi_ptr34
                0x100085a0        0x4 CMakeFiles/pico_sdvx.dir/C_/Users/ngadj/Documents/pico-sdk/src/rp2_common/pico_standard_link/binary_info.c.obj
 .binary_info.keep.__bi_ptr40
                0x100085a4        0x4 CMakeFiles/pico_sdvx.dir/C_/Users/ngadj/Documents/pico-sdk/src/rp2_common/pico_standard_link/binary_info.c.obj
 .binary_info.keep.__bi_ptr46
                0x100085a8        0x4 CMakeFiles/pico_sdvx.dir/C_/Users/ngadj/Documents/pico-sdk/src/rp2_common/pico_standard_link/binary_info.c.obj
 .binary_info.keep.__bi_ptr71
                0x100085ac        0x4 CMakeFiles/pico_sdvx.dir/C_/Users/ngadj/Documents/pico-sdk/src/rp2_common/pico_standard_link/binary_info.c.obj
 *(.binary_info.*)
 .binary_info.__bi_ptr27
                0x100085b0        0x4 CMakeFiles/pico_sdvx.dir/C_/Users/ngadj/Documents/pico-sdk/src/rp2_common/pico_stdio_uart/stdio_uart.c.obj
 .binary_info.__bi_ptr28
                0x100085b4        0x4 CMakeFiles/pico_sdvx.dir/C_/Users/ngadj/Documents/pico-sdk/src/rp2_common/pico_stdio_uart/stdio_uart.c.obj
                0x100085b8                __binary_info_end = .
                0x100085b8                . = ALIGN (0x4)
                0x100085b8                __etext = .

.ram_vector_table
                0x20000000       0xc0
 *(.ram_vector_table)
 .ram_vector_table
                0x20000000       0xc0 CMakeFiles/pico_sdvx.dir/C_/Users/ngadj/Documents/pico-sdk/src/rp2_common/pico_runtime/runtime.c.obj
                0x20000000                ram_vector_table

.data           0x200000c0      0xb14 load address 0x100085b8
                0x200000c0                __data_start__ = .
 *(vtable)
 *(.time_critical*)
 .time_critical.mutex_enter_blocking
                0x200000c0       0x64 CMakeFiles/pico_sdvx.dir/C_/Users/ngadj/Documents/pico-sdk/src/common/pico_sync/mutex.c.obj
                0x200000c0                mutex_enter_blocking
 .time_critical.mutex_try_enter
                0x20000124       0x44 CMakeFiles/pico_sdvx.dir/C_/Users/ngadj/Documents/pico-sdk/src/common/pico_sync/mutex.c.obj
                0x20000124                mutex_try_enter
 .time_critical.mutex_enter_block_until
                0x20000168       0x78 CMakeFiles/pico_sdvx.dir/C_/Users/ngadj/Documents/pico-sdk/src/common/pico_sync/mutex.c.obj
                0x20000168                mutex_enter_block_until
 .time_critical.mutex_enter_timeout_ms
                0x200001e0       0x4a CMakeFiles/pico_sdvx.dir/C_/Users/ngadj/Documents/pico-sdk/src/common/pico_sync/mutex.c.obj
                0x200001e0                mutex_enter_timeout_ms
 *fill*         0x2000022a        0x2 
 .time_critical.mutex_exit
                0x2000022c       0x4c CMakeFiles/pico_sdvx.dir/C_/Users/ngadj/Documents/pico-sdk/src/common/pico_sync/mutex.c.obj
                0x2000022c                mutex_exit
 *(.text*)
 .text          0x20000278        0x4 c:/progra~2/gnuarm~1/102020~1/bin/../lib/gcc/arm-none-eabi/10.2.1/thumb/v6-m/nofp\libgcc.a(_dvmd_tls.o)
                0x20000278                __aeabi_idiv0
                0x20000278                __aeabi_ldiv0
 *fill*         0x2000027c        0x4 
 .text.__stub   0x20000280       0x40 linker stubs
                0x200002c0                . = ALIGN (0x4)
 *(.rodata*)
                0x200002c0                . = ALIGN (0x4)
 *(.data*)
 .data.string_desc_arr
                0x200002c0       0x10 CMakeFiles/pico_sdvx.dir/usb_descriptors.c.obj
                0x200002c0                string_desc_arr
 .data.striped_spin_lock_num
                0x200002d0        0x1 CMakeFiles/pico_sdvx.dir/C_/Users/ngadj/Documents/pico-sdk/src/rp2_common/hardware_sync/sync.c.obj
 *fill*         0x200002d1        0x3 
 .data          0x200002d4       0x48 CMakeFiles/pico_sdvx.dir/C_/Users/ngadj/Documents/pico-sdk/src/rp2_common/hardware_irq/irq_handler_chain.S.obj
                0x200002d4                irq_handler_chain_slots
                0x20000304                irq_handler_chain_first_slot
                0x2000030e                irq_handler_chain_remove_tail
 *fill*         0x2000031c        0x4 
 .data.aeabi_bits_funcs
                0x20000320       0x10 CMakeFiles/pico_sdvx.dir/C_/Users/ngadj/Documents/pico-sdk/src/rp2_common/pico_bit_ops/bit_ops_aeabi.S.obj
                0x20000320                aeabi_bits_funcs
                0x20000330                aeabi_bits_funcs_end
 .data.aeabi_mem_funcs
                0x20000330       0x10 CMakeFiles/pico_sdvx.dir/C_/Users/ngadj/Documents/pico-sdk/src/rp2_common/pico_mem_ops/mem_ops_aeabi.S.obj
                0x20000330                aeabi_mem_funcs
                0x20000340                aeabi_mem_funcs_end
 .data.stdio_uart
                0x20000340       0x14 CMakeFiles/pico_sdvx.dir/C_/Users/ngadj/Documents/pico-sdk/src/rp2_common/pico_stdio_uart/stdio_uart.c.obj
                0x20000340                stdio_uart
 .data.ep_dir_string
                0x20000354        0x8 CMakeFiles/pico_sdvx.dir/C_/Users/ngadj/Documents/pico-sdk/lib/tinyusb/src/portable/raspberrypi/rp2040/rp2040_usb.c.obj
                0x20000354                ep_dir_string
 .data._usbd_qdef
                0x2000035c       0x20 CMakeFiles/pico_sdvx.dir/C_/Users/ngadj/Documents/pico-sdk/lib/tinyusb/src/device/usbd.c.obj
                0x2000035c                _usbd_qdef
 .data._impure_ptr
                0x2000037c        0x4 c:/progra~2/gnuarm~1/102020~1/bin/../lib/gcc/arm-none-eabi/10.2.1/../../../../arm-none-eabi/lib/thumb/v6-m/nofp\libg.a(lib_a-impure.o)
                0x2000037c                _impure_ptr
 .data.impure_data
                0x20000380      0x428 c:/progra~2/gnuarm~1/102020~1/bin/../lib/gcc/arm-none-eabi/10.2.1/../../../../arm-none-eabi/lib/thumb/v6-m/nofp\libg.a(lib_a-impure.o)
 .data.__malloc_av_
                0x200007a8      0x408 c:/progra~2/gnuarm~1/102020~1/bin/../lib/gcc/arm-none-eabi/10.2.1/../../../../arm-none-eabi/lib/thumb/v6-m/nofp\libg.a(lib_a-mallocr.o)
                0x200007a8                __malloc_av_
 .data.__malloc_sbrk_base
                0x20000bb0        0x4 c:/progra~2/gnuarm~1/102020~1/bin/../lib/gcc/arm-none-eabi/10.2.1/../../../../arm-none-eabi/lib/thumb/v6-m/nofp\libg.a(lib_a-mallocr.o)
                0x20000bb0                __malloc_sbrk_base
 .data.__malloc_trim_threshold
                0x20000bb4        0x4 c:/progra~2/gnuarm~1/102020~1/bin/../lib/gcc/arm-none-eabi/10.2.1/../../../../arm-none-eabi/lib/thumb/v6-m/nofp\libg.a(lib_a-mallocr.o)
                0x20000bb4                __malloc_trim_threshold
                0x20000bb8                . = ALIGN (0x4)
 *(.after_data.*)
                0x20000bb8                . = ALIGN (0x4)
                0x20000bb8                PROVIDE (__mutex_array_start = .)
 *(SORT_BY_NAME(.mutex_array.*))
 *(.mutex_array)
 .mutex_array   0x20000bb8        0x8 CMakeFiles/pico_sdvx.dir/C_/Users/ngadj/Documents/pico-sdk/src/rp2_common/pico_stdio/stdio.c.obj
                0x20000bc0                PROVIDE (__mutex_array_end = .)
                0x20000bc0                . = ALIGN (0x4)
                0x20000bc0                PROVIDE (__preinit_array_start = .)
 *(SORT_BY_NAME(.preinit_array.*))
 .preinit_array.00001
                0x20000bc0        0x4 CMakeFiles/pico_sdvx.dir/C_/Users/ngadj/Documents/pico-sdk/src/rp2_common/pico_mem_ops/mem_ops_aeabi.S.obj
 .preinit_array.00010
                0x20000bc4        0x4 CMakeFiles/pico_sdvx.dir/C_/Users/ngadj/Documents/pico-sdk/src/rp2_common/pico_bit_ops/bit_ops_aeabi.S.obj
 .preinit_array.00020
                0x20000bc8        0x4 CMakeFiles/pico_sdvx.dir/C_/Users/ngadj/Documents/pico-sdk/src/rp2_common/pico_double/double_aeabi.S.obj
 .preinit_array.00020
                0x20000bcc        0x4 CMakeFiles/pico_sdvx.dir/C_/Users/ngadj/Documents/pico-sdk/src/rp2_common/pico_float/float_aeabi.S.obj
 *(.preinit_array)
                0x20000bd0                PROVIDE (__preinit_array_end = .)
                0x20000bd0                . = ALIGN (0x4)
                0x20000bd0                PROVIDE (__init_array_start = .)
 *(SORT_BY_NAME(.init_array.*))
 *(.init_array)
 .init_array    0x20000bd0        0x4 c:/progra~2/gnuarm~1/102020~1/bin/../lib/gcc/arm-none-eabi/10.2.1/thumb/v6-m/nofp/crtbegin.o
                0x20000bd4                PROVIDE (__init_array_end = .)
                0x20000bd4                . = ALIGN (0x4)
                [!provide]                PROVIDE (__fini_array_start = .)
 *(SORT_BY_NAME(.fini_array.*))
 *(.fini_array)
                [!provide]                PROVIDE (__fini_array_end = .)
 *(.jcr)
                0x20000bd4                . = ALIGN (0x4)
                0x20000bd4                __data_end__ = .

.igot.plt       0x20000bd4        0x0 load address 0x100090cc
 .igot.plt      0x20000bd4        0x0 c:/progra~2/gnuarm~1/102020~1/bin/../lib/gcc/arm-none-eabi/10.2.1/thumb/v6-m/nofp/crtbegin.o

.uninitialized_data
                0x20000bd4        0x0 load address 0x100090cc
                0x20000bd4                . = ALIGN (0x4)
 *(.uninitialized_data*)

.scratch_x      0x20040000        0x0 load address 0x100090cc
                0x20040000                __scratch_x_start__ = .
 *(.scratch_x.*)
                0x20040000                . = ALIGN (0x4)
                0x20040000                __scratch_x_end__ = .
                0x100090cc                __scratch_x_source__ = LOADADDR (.scratch_x)

.scratch_y      0x20041000        0x0 load address 0x100090cc
                0x20041000                __scratch_y_start__ = .
 *(.scratch_y.*)
                0x20041000                . = ALIGN (0x4)
                0x20041000                __scratch_y_end__ = .
                0x100090cc                __scratch_y_source__ = LOADADDR (.scratch_y)

.bss            0x20000bd4      0xb40
                0x20000bd4                . = ALIGN (0x4)
                0x20000bd4                __bss_start__ = .
 *(SORT_BY_ALIGNMENT(SORT_BY_NAME(.bss*)))
 .bss           0x20000bd4       0x1c c:/progra~2/gnuarm~1/102020~1/bin/../lib/gcc/arm-none-eabi/10.2.1/thumb/v6-m/nofp/crtbegin.o
 .bss.__lock___malloc_recursive_mutex